\BOOKMARK [1][-]{section.1}{\376\377\000R\000e\000a\000d\000e\000r\000\040\000C\000o\000n\000t\000r\000a\000c\000t\000\040\000a\000n\000d\000\040\000S\000c\000o\000p\000e}{}% 1
\BOOKMARK [2][-]{subsection.1.1}{\376\377\000P\000u\000r\000p\000o\000s\000e}{section.1}% 2
\BOOKMARK [2][-]{subsection.1.2}{\376\377\000L\000a\000y\000e\000r\000\040\000A\000r\000c\000h\000i\000t\000e\000c\000t\000u\000r\000e}{section.1}% 3
\BOOKMARK [2][-]{subsection.1.3}{\376\377\000F\000i\000r\000e\000w\000a\000l\000l\000\040\000D\000e\000c\000l\000a\000r\000a\000t\000i\000o\000n}{section.1}% 4
\BOOKMARK [2][-]{subsection.1.4}{\376\377\000H\000a\000s\000h\000\040\000L\000o\000c\000k\000\040\000S\000t\000a\000t\000e\000m\000e\000n\000t}{section.1}% 5
\BOOKMARK [1][-]{section.2}{\376\377\000T\000h\000e\000\040\000\040\000I\000m\000p\000o\000r\000t\000\040\000C\000o\000n\000t\000r\000a\000c\000t}{}% 6
\BOOKMARK [2][-]{subsection.2.1}{\376\377\000S\000y\000m\000b\000o\000l\000\040\000D\000e\000f\000i\000n\000i\000t\000i\000o\000n}{section.2}% 7
\BOOKMARK [2][-]{subsection.2.2}{\376\377\000A\000l\000l\000o\000w\000e\000d\000\040\000D\000o\000m\000a\000i\000n}{section.2}% 8
\BOOKMARK [2][-]{subsection.2.3}{\376\377\000U\000n\000c\000e\000r\000t\000a\000i\000n\000t\000y\000\040\000E\000n\000v\000e\000l\000o\000p\000e}{section.2}% 9
\BOOKMARK [2][-]{subsection.2.4}{\376\377\000P\000r\000o\000v\000e\000n\000a\000n\000c\000e\000\040\000P\000o\000i\000n\000t\000e\000r}{section.2}% 10
\BOOKMARK [1][-]{section.3}{\376\377\000I\000n\000t\000e\000r\000f\000a\000c\000e\000\040\000S\000p\000e\000c\000i\000f\000i\000c\000a\000t\000i\000o\000n\000\040\000\050\000A\000-\000A\000P\000I\000\051}{}% 11
\BOOKMARK [2][-]{subsection.3.1}{\376\377\000A\000-\000A\000P\000I\0001\000:\000\040\000C\000o\000s\000m\000o\000l\000o\000g\000y\000\040\000P\000r\000o\000v\000i\000d\000e\000s\000\040}{section.3}% 12
\BOOKMARK [2][-]{subsection.3.2}{\376\377\000A\000-\000A\000P\000I\0002\000:\000\040\000B\000L\000O\000C\000K\000-\0000\0000\0004\000\040\000C\000o\000n\000s\000u\000m\000e\000s\000\040}{section.3}% 13
\BOOKMARK [2][-]{subsection.3.3}{\376\377\000A\000-\000A\000P\000I\0003\000:\000\040\000C\000l\000o\000s\000u\000r\000e\000\040\000P\000r\000o\000p\000a\000g\000a\000t\000i\000o\000n}{section.3}% 14
\BOOKMARK [1][-]{section.4}{\376\377\000C\000l\000o\000s\000u\000r\000e\000\040\000B\000o\000x\000e\000s\000:\000\040\000B\000L\000O\000C\000K\000-\0000\0000\0004\000\040\000O\000u\000t\000p\000u\000t\000s\000\040\000a\000s\000\040\000F\000u\000n\000c\000t\000i\000o\000n\000s\000\040\000o\000f\000\040}{}% 15
\BOOKMARK [2][-]{subsection.4.1}{\376\377\000B\000O\000X\000-\0002\000:\000\040\000S\000t\000r\000o\000n\000g\000\040\000C\000o\000u\000p\000l\000i\000n\000g\000\040\0003\000\050\000*\000\051}{section.4}% 16
\BOOKMARK [2][-]{subsection.4.2}{\376\377\000S\000t\000r\000u\000c\000t\000u\000r\000a\000l\000\040\000C\000o\000n\000s\000t\000a\000n\000t\000\040\000C\000X}{section.4}% 17
\BOOKMARK [2][-]{subsection.4.3}{\376\377\000B\000O\000X\000-\0003\000:\000\040\000P\000S\000\040\000B\000r\000e\000a\000k\000i\000n\000g\000\040\000S\000c\000a\000l\000e\000\040\000M\000X}{section.4}% 18
\BOOKMARK [2][-]{subsection.4.4}{\376\377\000B\000O\000X\000-\0004\000:\000\040\000L\000e\000p\000t\000o\000q\000u\000a\000r\000k\000\040\000C\000o\000u\000p\000l\000i\000n\000g\000\040\000g\000X}{section.4}% 19
\BOOKMARK [2][-]{subsection.4.5}{\376\377\000B\000O\000X\000-\0005\000:\000\040\000P\000r\000o\000t\000o\000n\000\040\000L\000i\000f\000e\000t\000i\000m\000e\000\040\000p}{section.4}% 20
\BOOKMARK [1][-]{section.5}{\376\377\000C\000l\000o\000s\000u\000r\000e\000\040\000S\000u\000m\000m\000a\000r\000y\000\040\000B\000o\000x}{}% 21
\BOOKMARK [2][-]{subsection.5.1}{\376\377\000S\000c\000a\000l\000i\000n\000g\000\040\000E\000x\000p\000o\000n\000e\000n\000t\000\040\000S\000u\000m\000m\000a\000r\000y}{section.5}% 22
\BOOKMARK [1][-]{section.6}{\376\377\000C\000l\000o\000s\000u\000r\000e\000\040\000M\000a\000p\000\040\000D\000i\000a\000g\000r\000a\000m}{}% 23
\BOOKMARK [2][-]{subsection.6.1}{\376\377\000D\000e\000p\000e\000n\000d\000e\000n\000c\000y\000\040\000G\000r\000a\000p\000h}{section.6}% 24
\BOOKMARK [2][-]{subsection.6.2}{\376\377\000C\000l\000o\000s\000u\000r\000e\000\040\000M\000a\000p\000\040\000T\000a\000b\000l\000e}{section.6}% 25
\BOOKMARK [1][-]{section.7}{\376\377\000C\000o\000n\000d\000i\000t\000i\000o\000n\000a\000l\000\040\000C\000l\000o\000s\000u\000r\000e\000\040\000P\000r\000o\000t\000o\000c\000o\000l}{}% 26
\BOOKMARK [2][-]{subsection.7.1}{\376\377\000M\000o\000d\000e\000\040\000D\000e\000t\000e\000c\000t\000i\000o\000n}{section.7}% 27
\BOOKMARK [2][-]{subsection.7.2}{\376\377\000T\000e\000m\000p\000l\000a\000t\000e\000\040\000P\000l\000a\000c\000e\000h\000o\000l\000d\000e\000r}{section.7}% 28
\BOOKMARK [2][-]{subsection.7.3}{\376\377\000P\000l\000u\000g\000-\000I\000n\000\040\000S\000l\000o\000t}{section.7}% 29
\BOOKMARK [1][-]{section.8}{\376\377\000U\000n\000c\000e\000r\000t\000a\000i\000n\000t\000y\000\040\000P\000r\000o\000p\000a\000g\000a\000t\000i\000o\000n}{}% 30
\BOOKMARK [2][-]{subsection.8.1}{\376\377\000L\000i\000n\000e\000a\000r\000\040\000P\000r\000o\000p\000a\000g\000a\000t\000i\000o\000n}{section.8}% 31
\BOOKMARK [2][-]{subsection.8.2}{\376\377\000S\000e\000n\000s\000i\000t\000i\000v\000i\000t\000y\000\040\000M\000a\000t\000r\000i\000x}{section.8}% 32
\BOOKMARK [1][-]{section.9}{\376\377\000C\000o\000n\000s\000i\000s\000t\000e\000n\000c\000y\000\040\000T\000h\000e\000o\000r\000e\000m\000s}{}% 33
\BOOKMARK [2][-]{subsection.9.1}{\376\377\000C\000h\000a\000i\000n\000\040\000C\000o\000n\000s\000i\000s\000t\000e\000n\000c\000y}{section.9}% 34
\BOOKMARK [2][-]{subsection.9.2}{\376\377\000D\000i\000m\000e\000n\000s\000i\000o\000n\000a\000l\000\040\000A\000n\000a\000l\000y\000s\000i\000s}{section.9}% 35
\BOOKMARK [2][-]{subsection.9.3}{\376\377\000N\000o\000-\000B\000a\000c\000k\000f\000l\000o\000w\000\040\000T\000h\000e\000o\000r\000e\000m}{section.9}% 36
\BOOKMARK [1][-]{section.10}{\376\377\000H\000a\000s\000h\000\040\000L\000o\000c\000k\000\040\000E\000n\000f\000o\000r\000c\000e\000m\000e\000n\000t}{}% 37
\BOOKMARK [2][-]{subsection.10.1}{\376\377\000P\000a\000r\000e\000n\000t\000\040\000H\000a\000s\000h\000\040\000V\000e\000r\000i\000f\000i\000c\000a\000t\000i\000o\000n}{section.10}% 38
\BOOKMARK [2][-]{subsection.10.2}{\376\377\000S\000o\000T\000\040\000H\000a\000s\000h\000\040\000L\000o\000c\000k}{section.10}% 39
\BOOKMARK [1][-]{section.11}{\376\377\000S\000t\000r\000u\000c\000t\000u\000r\000a\000l\000\040\000C\000o\000n\000s\000t\000a\000n\000t\000s\000\040\000C\000a\000t\000a\000l\000o\000g}{}% 40
\BOOKMARK [2][-]{subsection.11.1}{\376\377\000D\000e\000r\000i\000v\000e\000d\000\040\000C\000o\000n\000s\000t\000a\000n\000t\000s}{section.11}% 41
\BOOKMARK [2][-]{subsection.11.2}{\376\377\000T\000e\000m\000p\000l\000a\000t\000e\000\040\000P\000a\000r\000a\000m\000e\000t\000e\000r\000s}{section.11}% 42
\BOOKMARK [1][-]{section.12}{\376\377\000V\000e\000r\000i\000f\000i\000c\000a\000t\000i\000o\000n\000\040\000C\000h\000e\000c\000k\000s}{}% 43
\BOOKMARK [2][-]{subsection.12.1}{\376\377\000F\000o\000r\000m\000u\000l\000a\000\040\000V\000e\000r\000i\000f\000i\000c\000a\000t\000i\000o\000n}{section.12}% 44
\BOOKMARK [2][-]{subsection.12.2}{\376\377\000S\000c\000a\000l\000i\000n\000g\000\040\000V\000e\000r\000i\000f\000i\000c\000a\000t\000i\000o\000n}{section.12}% 45
\BOOKMARK [2][-]{subsection.12.3}{\376\377\000C\000o\000n\000s\000i\000s\000t\000e\000n\000c\000y\000\040\000V\000e\000r\000i\000f\000i\000c\000a\000t\000i\000o\000n}{section.12}% 46
\BOOKMARK [1][-]{section.13}{\376\377\000O\000p\000e\000n\000\040\000S\000u\000r\000f\000a\000c\000e}{}% 47
\BOOKMARK [2][-]{subsection.13.1}{\376\377\000F\000r\000e\000e\000\040\000P\000a\000r\000a\000m\000e\000t\000e\000r\000s}{section.13}% 48
\BOOKMARK [2][-]{subsection.13.2}{\376\377\000C\000l\000o\000s\000u\000r\000e\000\040\000C\000o\000n\000d\000i\000t\000i\000o\000n}{section.13}% 49
\BOOKMARK [1][-]{section.14}{\376\377\000R\000e\000s\000u\000l\000t\000s\000\040\000S\000u\000m\000m\000a\000r\000y}{}% 50
\BOOKMARK [2][-]{subsection.14.1}{\376\377\000K\000e\000y\000\040\000A\000c\000h\000i\000e\000v\000e\000m\000e\000n\000t\000s}{section.14}% 51
\BOOKMARK [2][-]{subsection.14.2}{\376\377\000S\000t\000a\000t\000u\000s\000\040\000S\000u\000m\000m\000a\000r\000y}{section.14}% 52
\BOOKMARK [1][-]{appendix.A}{\376\377\000M\000a\000t\000h\000e\000m\000a\000t\000i\000c\000a\000l\000\040\000I\000d\000e\000n\000t\000i\000t\000i\000e\000s}{}% 53
\BOOKMARK [2][-]{subsection.A.1}{\376\377\000P\000o\000w\000e\000r\000\040\000I\000d\000e\000n\000t\000i\000t\000i\000e\000s}{appendix.A}% 54
\BOOKMARK [2][-]{subsection.A.2}{\376\377\000L\000o\000g\000a\000r\000i\000t\000h\000m\000i\000c\000\040\000D\000e\000r\000i\000v\000a\000t\000i\000v\000e\000s}{appendix.A}% 55
\BOOKMARK [1][-]{appendix.B}{\376\377\000A\000P\000I\000\040\000S\000c\000h\000e\000m\000a\000\040\000D\000e\000f\000i\000n\000i\000t\000i\000o\000n\000s}{}% 56
\BOOKMARK [2][-]{subsection.B.1}{\376\377\000J\000S\000O\000N\000\040\000S\000c\000h\000e\000m\000a\000\040\000f\000o\000r\000\040\000s\000i\000g\000m\000a\000\137\000t\000i\000l\000d\000e\000\137\000v\000a\000l\000u\000e\000.\000j\000s\000o\000n}{appendix.B}% 57
\BOOKMARK [2][-]{subsection.B.2}{\376\377\000E\000x\000a\000m\000p\000l\000e\000\040\000\050\000P\000l\000a\000c\000e\000h\000o\000l\000d\000e\000r\000\051}{appendix.B}% 58
\BOOKMARK [1][-]{appendix.C}{\376\377\000P\000r\000o\000o\000f\000\040\000o\000f\000\040\000S\000c\000a\000l\000i\000n\000g\000\040\000R\000e\000l\000a\000t\000i\000o\000n\000s}{}% 59
\BOOKMARK [2][-]{subsection.C.1}{\376\377\000P\000r\000o\000o\000f\000\040\000o\000f\000\040\000p\000\040\0004}{appendix.C}% 60
\BOOKMARK [2][-]{subsection.C.2}{\376\377\000P\000r\000o\000o\000f\000\040\000o\000f\000\040\000S\000e\000n\000s\000i\000t\000i\000v\000i\000t\000y\000\040\000I\000d\000e\000n\000t\000i\000t\000y}{appendix.C}% 61
\BOOKMARK [1][-]{appendix.D}{\376\377\000R\000e\000v\000i\000e\000w\000e\000r\000\040\000T\000r\000a\000p\000\040\000S\000u\000m\000m\000a\000r\000y}{}% 62
\BOOKMARK [1][-]{appendix.E}{\376\377\000E\000x\000t\000e\000n\000d\000e\000d\000\040\000D\000e\000r\000i\000v\000a\000t\000i\000o\000n\000\040\000D\000e\000t\000a\000i\000l\000s}{}% 63
\BOOKMARK [2][-]{subsection.E.1}{\376\377\000C\000o\000m\000p\000l\000e\000t\000e\000\040\000D\000e\000r\000i\000v\000a\000t\000i\000o\000n\000\040\000o\000f\000\040\0003\000\050\000*\000\051}{appendix.E}% 64
\BOOKMARK [2][-]{subsection.E.2}{\376\377\000C\000o\000m\000p\000l\000e\000t\000e\000\040\000D\000e\000r\000i\000v\000a\000t\000i\000o\000n\000\040\000o\000f\000\040\000M\000X\000\050\000\051}{appendix.E}% 65
\BOOKMARK [2][-]{subsection.E.3}{\376\377\000C\000o\000m\000p\000l\000e\000t\000e\000\040\000D\000e\000r\000i\000v\000a\000t\000i\000o\000n\000\040\000o\000f\000\040\000g\000X\000\050\000\051}{appendix.E}% 66
\BOOKMARK [2][-]{subsection.E.4}{\376\377\000C\000o\000m\000p\000l\000e\000t\000e\000\040\000D\000e\000r\000i\000v\000a\000t\000i\000o\000n\000\040\000o\000f\000\040\000p\000\050\000\051}{appendix.E}% 67
\BOOKMARK [1][-]{appendix.F}{\376\377\000I\000n\000t\000e\000r\000v\000a\000l\000\040\000P\000r\000o\000p\000a\000g\000a\000t\000i\000o\000n\000\040\000A\000n\000a\000l\000y\000s\000i\000s}{}% 68
\BOOKMARK [2][-]{subsection.F.1}{\376\377\000I\000n\000t\000e\000r\000v\000a\000l\000\040\000A\000r\000i\000t\000h\000m\000e\000t\000i\000c}{appendix.F}% 69
\BOOKMARK [2][-]{subsection.F.2}{\376\377\000R\000e\000l\000a\000t\000i\000v\000e\000\040\000U\000n\000c\000e\000r\000t\000a\000i\000n\000t\000i\000e\000s}{appendix.F}% 70
\BOOKMARK [1][-]{appendix.G}{\376\377\000C\000r\000o\000s\000s\000-\000V\000a\000l\000i\000d\000a\000t\000i\000o\000n\000\040\000C\000h\000e\000c\000k\000s}{}% 71
\BOOKMARK [2][-]{subsection.G.1}{\376\377\000D\000i\000m\000e\000n\000s\000i\000o\000n\000a\000l\000\040\000C\000o\000n\000s\000i\000s\000t\000e\000n\000c\000y}{appendix.G}% 72
\BOOKMARK [2][-]{subsection.G.2}{\376\377\000L\000i\000m\000i\000t\000i\000n\000g\000\040\000B\000e\000h\000a\000v\000i\000o\000r}{appendix.G}% 73
\BOOKMARK [1][-]{appendix.H}{\376\377\000N\000u\000m\000e\000r\000i\000c\000a\000l\000\040\000V\000e\000r\000i\000f\000i\000c\000a\000t\000i\000o\000n\000\040\000T\000a\000b\000l\000e\000s}{}% 74
\BOOKMARK [2][-]{subsection.H.1}{\376\377\000S\000c\000a\000l\000i\000n\000g\000\040\000V\000e\000r\000i\000f\000i\000c\000a\000t\000i\000o\000n}{appendix.H}% 75
\BOOKMARK [2][-]{subsection.H.2}{\376\377\000S\000e\000n\000s\000i\000t\000i\000v\000i\000t\000y\000\040\000V\000e\000r\000i\000f\000i\000c\000a\000t\000i\000o\000n}{appendix.H}% 76
\BOOKMARK [1][-]{appendix.I}{\376\377\000H\000a\000s\000h\000\040\000V\000e\000r\000i\000f\000i\000c\000a\000t\000i\000o\000n\000\040\000D\000e\000t\000a\000i\000l\000s}{}% 77
\BOOKMARK [2][-]{subsection.I.1}{\376\377\000F\000o\000r\000m\000u\000l\000a\000\040\000H\000a\000s\000h\000\040\000M\000a\000t\000c\000h\000i\000n\000g}{appendix.I}% 78
\BOOKMARK [2][-]{subsection.I.2}{\376\377\000C\000o\000n\000s\000t\000a\000n\000t\000\040\000V\000e\000r\000i\000f\000i\000c\000a\000t\000i\000o\000n}{appendix.I}% 79
\BOOKMARK [1][-]{appendix.J}{\376\377\000T\000e\000m\000p\000l\000a\000t\000e\000\040\000M\000o\000d\000e\000\040\000O\000p\000e\000r\000a\000t\000i\000o\000n\000s}{}% 80
\BOOKMARK [2][-]{subsection.J.1}{\376\377\000S\000y\000m\000b\000o\000l\000i\000c\000\040\000C\000o\000m\000p\000u\000t\000a\000t\000i\000o\000n\000\040\000R\000u\000l\000e\000s}{appendix.J}% 81
\BOOKMARK [2][-]{subsection.J.2}{\376\377\000T\000r\000a\000n\000s\000i\000t\000i\000o\000n\000\040\000t\000o\000\040\000N\000u\000m\000e\000r\000i\000c\000a\000l\000\040\000M\000o\000d\000e}{appendix.J}% 82
\BOOKMARK [1][-]{appendix.K}{\376\377\000R\000e\000v\000i\000e\000w\000e\000r\000\040\000T\000r\000a\000p\000\040\000D\000e\000t\000a\000i\000l\000s}{}% 83
\BOOKMARK [2][-]{subsection.K.1}{\376\377\000R\000T\000-\000v\0006\0007\000-\0000\0000\0001\000:\000\040\000C\000X\000\040\000S\000t\000r\000u\000c\000t\000u\000r\000a\000l\000\040\000O\000r\000i\000g\000i\000n}{appendix.K}% 84
\BOOKMARK [2][-]{subsection.K.2}{\376\377\000R\000T\000-\000v\0006\0007\000-\0000\0000\0002\000:\000\040\000T\000e\000m\000p\000l\000a\000t\000e\000\040\000v\000s\000.\000\040\000P\000o\000s\000t\000e\000r\000i\000o\000r}{appendix.K}% 85
\BOOKMARK [2][-]{subsection.K.3}{\376\377\000R\000T\000-\000v\0006\0007\000-\0000\0000\0003\000:\000\040\000Q\000u\000a\000r\000t\000i\000c\000\040\000S\000c\000a\000l\000i\000n\000g}{appendix.K}% 86
\BOOKMARK [2][-]{subsection.K.4}{\376\377\000R\000T\000-\000v\0006\0007\000-\0000\0001\0001\000:\000\040\000C\000l\000o\000s\000u\000r\000e\000\040\000M\000a\000p\000\040\000U\000n\000i\000q\000u\000e\000n\000e\000s\000s}{appendix.K}% 87
\BOOKMARK [2][-]{subsection.K.5}{\376\377\000R\000T\000-\000v\0006\0007\000-\0000\0001\0002\000:\000\040\000N\000o\000\040\000E\000x\000t\000e\000r\000n\000a\000l\000\040\000A\000n\000c\000h\000o\000r\000s}{appendix.K}% 88
