This is XeTeX, Version 3.141592653-2.6-0.999997 (TeX Live 2025) (preloaded format=xelatex 2026.1.12)  28 JAN 2026 18:49
entering extended mode
 restricted \write18 enabled.
 %&-line parsing enabled.
**BOOK_SECTION_M6_TOPOLOGICAL_MODEL.tex
(./BOOK_SECTION_M6_TOPOLOGICAL_MODEL.tex
LaTeX2e <2024-11-01> patch level 2
L3 programming layer <2025-01-18>
! Undefined control sequence.
l.8 \section
            {Topological Model for Nuclear Structure}
The control sequence at the end of the top line
of your error message was never \def'ed. If you have
misspelled it (e.g., `\hobx'), type `I' and the correct
spelling (e.g., `I\hbox'). Otherwise just continue,
and I'll forget about whatever was undefined.

 
Here is how much of TeX's memory you used:
 13 strings out of 473832
 362 string characters out of 5729481
 386380 words of memory out of 5000000
 23180 multiletter control sequences out of 15000+600000
 558837 words of font info for 36 fonts, out of 8000000 for 9000
 1348 hyphenation exceptions out of 8191
 11i,0n,13p,147b,8s stack positions out of 10000i,1000n,20000p,200000b,200000s
No pages of output.
