\BOOKMARK [1][-]{section.1}{\376\377\000T\000o\000p\000o\000l\000o\000g\000i\000c\000a\000l\000\040\000M\000o\000d\000e\000l\000\040\000f\000o\000r\000\040\000N\000u\000c\000l\000e\000a\000r\000\040\000S\000t\000r\000u\000c\000t\000u\000r\000e}{}% 1
\BOOKMARK [2][-]{subsection.1.1}{\376\377\000M\000o\000t\000i\000v\000a\000t\000i\000o\000n\000\040\000a\000n\000d\000\040\000O\000v\000e\000r\000v\000i\000e\000w}{section.1}% 2
\BOOKMARK [2][-]{subsection.1.2}{\376\377\000T\000h\000e\000\040\000M\0006\000\040\000S\000t\000r\000u\000c\000t\000u\000r\000e}{section.1}% 3
\BOOKMARK [3][-]{subsubsection.1.2.1}{\376\377\000D\000e\000f\000i\000n\000i\000t\000i\000o\000n}{subsection.1.2}% 4
\BOOKMARK [3][-]{subsubsection.1.2.2}{\376\377\000A\000l\000l\000o\000w\000e\000d\000\040\000C\000o\000o\000r\000d\000i\000n\000a\000t\000i\000o\000n\000\040\000N\000u\000m\000b\000e\000r\000s\000\040\040\024\000\040\000T\000h\000e\000o\000r\000e\000t\000i\000c\000a\000l\000\040\000A\000n\000a\000l\000y\000s\000i\000s\000\040\000[\000I\000]}{subsection.1.2}% 5
\BOOKMARK [3][-]{subsubsection.1.2.3}{\376\377\000N\000u\000c\000l\000e\000a\000r\000\040\000M\000a\000t\000t\000e\000r\000\040\000a\000n\000d\000\040\000t\000h\000e\000\040\000F\000o\000r\000b\000i\000d\000d\000e\000n\000\040\000n\000\040\000=\000\040\0004\0003\000\040\000[\000P\000]}{subsection.1.2}% 6
\BOOKMARK [2][-]{subsection.1.3}{\376\377\000T\000h\000e\000\040\000P\000i\000n\000n\000i\000n\000g\000\040\000H\000a\000m\000i\000l\000t\000o\000n\000i\000a\000n}{section.1}% 7
\BOOKMARK [3][-]{subsubsection.1.3.1}{\376\377\000S\000i\000n\000g\000l\000e\000-\000C\000e\000l\000l\000\040\000P\000o\000t\000e\000n\000t\000i\000a\000l}{subsection.1.3}% 8
\BOOKMARK [3][-]{subsubsection.1.3.2}{\376\377\000P\000i\000n\000n\000i\000n\000g\000\040\000T\000e\000r\000m}{subsection.1.3}% 9
\BOOKMARK [3][-]{subsubsection.1.3.3}{\376\377\000F\000u\000l\000l\000\040\000H\000a\000m\000i\000l\000t\000o\000n\000i\000a\000n}{subsection.1.3}% 10
\BOOKMARK [2][-]{subsection.1.4}{\376\377\000D\000e\000r\000i\000v\000a\000t\000i\000o\000n\000\040\000o\000f\000\040\000P\000i\000n\000n\000i\000n\000g\000\040\000C\000o\000n\000s\000t\000a\000n\000t\000\040\000K\000\040\000f\000r\000o\000m\000\040\000\040\000[\000D\000c\000/\000I\000]}{section.1}% 11
\BOOKMARK [3][-]{subsubsection.1.4.1}{\376\377\000C\000o\000n\000t\000a\000c\000t\000\040\000G\000e\000o\000m\000e\000t\000r\000y}{subsection.1.4}% 12
\BOOKMARK [3][-]{subsubsection.1.4.2}{\376\377\000M\000i\000s\000m\000a\000t\000c\000h\000\040\000E\000n\000e\000r\000g\000y}{subsection.1.4}% 13
\BOOKMARK [3][-]{subsubsection.1.4.3}{\376\377\000T\000h\000e\000\040\000G\000e\000o\000m\000e\000t\000r\000i\000c\000\040\000F\000a\000c\000t\000o\000r\000\040\000f\000\040\000[\000I\000]}{subsection.1.4}% 14
\BOOKMARK [3][-]{subsubsection.1.4.4}{\376\377\000N\000u\000m\000e\000r\000i\000c\000a\000l\000\040\000E\000v\000a\000l\000u\000a\000t\000i\000o\000n}{subsection.1.4}% 15
\BOOKMARK [3][-]{subsubsection.1.4.5}{\376\377\000P\000h\000e\000n\000o\000m\000e\000n\000o\000l\000o\000g\000i\000c\000a\000l\000\040\000C\000h\000e\000c\000k}{subsection.1.4}% 16
\BOOKMARK [2][-]{subsection.1.5}{\376\377\000A\000p\000p\000l\000i\000c\000a\000t\000i\000o\000n\000\040\0001\000:\000\040\000N\000e\000u\000t\000r\000o\000n\000\040\000L\000i\000f\000e\000t\000i\000m\000e}{section.1}% 17
\BOOKMARK [3][-]{subsubsection.1.5.1}{\376\377\000F\000r\000e\000e\000\040\000N\000e\000u\000t\000r\000o\000n\000\040\000\050\000N\000o\000\040\000N\000e\000i\000g\000h\000b\000o\000r\000s\000\051}{subsection.1.5}% 18
\BOOKMARK [3][-]{subsubsection.1.5.2}{\376\377\000B\000o\000u\000n\000d\000\040\000N\000e\000u\000t\000r\000o\000n\000\040\000\050\0006\000\040\000N\000e\000i\000g\000h\000b\000o\000r\000s\000\051}{subsection.1.5}% 19
\BOOKMARK [2][-]{subsection.1.6}{\376\377\000A\000p\000p\000l\000i\000c\000a\000t\000i\000o\000n\000\040\0002\000:\000\040\000D\000e\000u\000t\000e\000r\000i\000u\000m\000\040\000B\000i\000n\000d\000i\000n\000g\000\040\000E\000n\000e\000r\000g\000y}{section.1}% 20
\BOOKMARK [3][-]{subsubsection.1.6.1}{\376\377\000B\000e\000f\000o\000r\000e\000\040\000B\000i\000n\000d\000i\000n\000g}{subsection.1.6}% 21
\BOOKMARK [3][-]{subsubsection.1.6.2}{\376\377\000A\000f\000t\000e\000r\000\040\000B\000i\000n\000d\000i\000n\000g}{subsection.1.6}% 22
\BOOKMARK [2][-]{subsection.1.7}{\376\377\000A\000p\000p\000l\000i\000c\000a\000t\000i\000o\000n\000\040\0003\000:\000\040\000H\000e\000-\0004\000\040\000B\000i\000n\000d\000i\000n\000g\000\040\000E\000n\000e\000r\000g\000y}{section.1}% 23
\BOOKMARK [3][-]{subsubsection.1.7.1}{\376\377\000G\000e\000o\000m\000e\000t\000r\000y\000:\000\040\000T\000h\000e\000\040\000T\000e\000t\000r\000a\000h\000e\000d\000r\000o\000n}{subsection.1.7}% 24
\BOOKMARK [3][-]{subsubsection.1.7.2}{\376\377\000E\000n\000e\000r\000g\000y\000\040\000C\000o\000n\000t\000r\000i\000b\000u\000t\000i\000o\000n\000s}{subsection.1.7}% 25
\BOOKMARK [3][-]{subsubsection.1.7.3}{\376\377\000T\000o\000t\000a\000l\000\040\000B\000i\000n\000d\000i\000n\000g\000\040\000E\000n\000e\000r\000g\000y}{subsection.1.7}% 26
\BOOKMARK [3][-]{subsubsection.1.7.4}{\376\377\000W\000h\000y\000\040\000H\000e\000-\0004\000\040\000i\000s\000\040\000S\000p\000e\000c\000i\000a\000l}{subsection.1.7}% 27
\BOOKMARK [2][-]{subsection.1.8}{\376\377\000A\000p\000p\000l\000i\000c\000a\000t\000i\000o\000n\000\040\0004\000:\000\040\000L\000i\000-\0006\000\040\000\050\000C\000l\000u\000s\000t\000e\000r\000\040\000S\000t\000r\000u\000c\000t\000u\000r\000e\000\051}{section.1}% 28
\BOOKMARK [3][-]{subsubsection.1.8.1}{\376\377\000G\000e\000o\000m\000e\000t\000r\000y}{subsection.1.8}% 29
\BOOKMARK [3][-]{subsubsection.1.8.2}{\376\377\000B\000i\000n\000d\000i\000n\000g\000\040\000E\000n\000e\000r\000g\000y}{subsection.1.8}% 30
\BOOKMARK [2][-]{subsection.1.9}{\376\377\000A\000p\000p\000l\000i\000c\000a\000t\000i\000o\000n\000\040\0005\000:\000\040\000B\000e\000-\0008\000\040\000I\000n\000s\000t\000a\000b\000i\000l\000i\000t\000y\000\040\000\050\000C\000r\000i\000t\000i\000c\000a\000l\000\040\000T\000e\000s\000t\000\051}{section.1}% 31
\BOOKMARK [3][-]{subsubsection.1.9.1}{\376\377\000O\000b\000s\000e\000r\000v\000e\000d\000\040\000D\000a\000t\000a}{subsection.1.9}% 32
\BOOKMARK [3][-]{subsubsection.1.9.2}{\376\377\000M\0006\000\040\000A\000n\000a\000l\000y\000s\000i\000s}{subsection.1.9}% 33
\BOOKMARK [3][-]{subsubsection.1.9.3}{\376\377\000E\000n\000e\000r\000g\000y\000\040\000C\000o\000m\000p\000a\000r\000i\000s\000o\000n}{subsection.1.9}% 34
\BOOKMARK [3][-]{subsubsection.1.9.4}{\376\377\000W\000h\000y\000\040\000B\000e\000-\0008\000\040\000L\000o\000s\000e\000s}{subsection.1.9}% 35
\BOOKMARK [2][-]{subsection.1.10}{\376\377\000S\000u\000m\000m\000a\000r\000y\000\040\000o\000f\000\040\000R\000e\000s\000u\000l\000t\000s}{section.1}% 36
\BOOKMARK [2][-]{subsection.1.11}{\376\377\000T\000o\000p\000o\000l\000o\000g\000i\000c\000a\000l\000\040\000F\000r\000u\000s\000t\000r\000a\000t\000i\000o\000n\000\040\000a\000n\000d\000\040\000N\000u\000c\000l\000e\000a\000r\000\040\000H\000a\000l\000f\000-\000L\000i\000v\000e\000s\000\040\000[\000I\000]}{section.1}% 37
\BOOKMARK [3][-]{subsubsection.1.11.1}{\376\377\000T\000h\000e\000\040\000S\000t\000a\000n\000d\000a\000r\000d\000\040\000G\000e\000i\000g\000e\000r\000-\000N\000u\000t\000t\000a\000l\000l\000\040\000L\000a\000w}{subsection.1.11}% 38
\BOOKMARK [3][-]{subsubsection.1.11.2}{\376\377\000F\000r\000u\000s\000t\000r\000a\000t\000i\000o\000n\000-\000C\000o\000r\000r\000e\000c\000t\000e\000d\000\040\000G\000e\000i\000g\000e\000r\000-\000N\000u\000t\000t\000a\000l\000l\000\040\000L\000a\000w}{subsection.1.11}% 39
\BOOKMARK [3][-]{subsubsection.1.11.3}{\376\377\000P\000h\000y\000s\000i\000c\000a\000l\000\040\000I\000n\000t\000e\000r\000p\000r\000e\000t\000a\000t\000i\000o\000n}{subsection.1.11}% 40
\BOOKMARK [3][-]{subsubsection.1.11.4}{\376\377\000V\000a\000l\000i\000d\000a\000t\000i\000o\000n\000:\000\040\000C\000o\000m\000p\000a\000r\000i\000s\000o\000n\000\040\000w\000i\000t\000h\000\040\000E\000x\000p\000e\000r\000i\000m\000e\000n\000t}{subsection.1.11}% 41
\BOOKMARK [3][-]{subsubsection.1.11.5}{\376\377\000P\000r\000e\000d\000i\000c\000t\000i\000o\000n\000s\000\040\000f\000o\000r\000\040\000S\000u\000p\000e\000r\000h\000e\000a\000v\000y\000\040\000E\000l\000e\000m\000e\000n\000t\000s}{subsection.1.11}% 42
\BOOKMARK [3][-]{subsubsection.1.11.6}{\376\377\000E\000p\000i\000s\000t\000e\000m\000o\000l\000o\000g\000i\000c\000a\000l\000\040\000S\000t\000a\000t\000u\000s}{subsection.1.11}% 43
\BOOKMARK [2][-]{subsection.1.12}{\376\377\000P\000h\000y\000s\000i\000c\000a\000l\000\040\000P\000i\000c\000t\000u\000r\000e}{section.1}% 44
\BOOKMARK [2][-]{subsection.1.13}{\376\377\000T\000h\000e\000\040\000T\000e\000t\000r\000a\000h\000e\000d\000r\000o\000n\000\040\000a\000s\000\040\000F\000u\000n\000d\000a\000m\000e\000n\000t\000a\000l\000\040\000U\000n\000i\000t}{section.1}% 45
\BOOKMARK [2][-]{subsection.1.14}{\376\377\000O\000p\000e\000n\000\040\000Q\000u\000e\000s\000t\000i\000o\000n\000s}{section.1}% 46
\BOOKMARK [2][-]{subsection.1.15}{\376\377\000E\000p\000i\000s\000t\000e\000m\000o\000l\000o\000g\000i\000c\000a\000l\000\040\000S\000t\000a\000t\000u\000s}{section.1}% 47
\BOOKMARK [2][-]{subsection.1.16}{\376\377\000F\000i\000n\000a\000l\000\040\000A\000s\000s\000e\000s\000s\000m\000e\000n\000t}{section.1}% 48
\BOOKMARK [2][-]{subsection.1.17}{\376\377\000M\000e\000t\000h\000o\000d\000o\000l\000o\000g\000i\000c\000a\000l\000\040\000N\000o\000t\000e\000s\000:\000\040\000H\000o\000w\000\040\000W\000e\000\040\000G\000o\000t\000\040\000H\000e\000r\000e}{section.1}% 49
\BOOKMARK [3][-]{subsubsection.1.17.1}{\376\377\000S\000t\000a\000r\000t\000i\000n\000g\000\040\000P\000o\000i\000n\000t}{subsection.1.17}% 50
\BOOKMARK [3][-]{subsubsection.1.17.2}{\376\377\000K\000e\000y\000\040\000I\000n\000s\000i\000g\000h\000t\000:\000\040\000T\000o\000p\000o\000l\000o\000g\000i\000c\000a\000l\000\040\000P\000i\000n\000n\000i\000n\000g}{subsection.1.17}% 51
\BOOKMARK [3][-]{subsubsection.1.17.3}{\376\377\000Q\000u\000a\000n\000t\000i\000f\000i\000c\000a\000t\000i\000o\000n\000\040\000v\000i\000a\000\040\000K}{subsection.1.17}% 52
\BOOKMARK [3][-]{subsubsection.1.17.4}{\376\377\000H\000e\000-\0004\000\040\000a\000n\000d\000\040\000t\000h\000e\000\040\000T\000e\000t\000r\000a\000h\000e\000d\000r\000o\000n}{subsection.1.17}% 53
\BOOKMARK [3][-]{subsubsection.1.17.5}{\376\377\000C\000r\000i\000t\000i\000c\000a\000l\000\040\000T\000e\000s\000t\000:\000\040\000B\000e\000-\0008}{subsection.1.17}% 54
\BOOKMARK [3][-]{subsubsection.1.17.6}{\376\377\000E\000m\000e\000r\000g\000e\000n\000c\000e\000\040\000o\000f\000\040\000-\000C\000l\000u\000s\000t\000e\000r\000i\000n\000g}{subsection.1.17}% 55
\BOOKMARK [3][-]{subsubsection.1.17.7}{\376\377\000L\000e\000s\000s\000o\000n\000s\000\040\000L\000e\000a\000r\000n\000e\000d}{subsection.1.17}% 56
