\BOOKMARK [1][-]{section.1}{\376\377\000T\000o\000p\000o\000l\000o\000g\000i\000c\000a\000l\000\040\000M\000o\000d\000e\000l\000\040\000f\000o\000r\000\040\000N\000u\000c\000l\000e\000a\000r\000\040\000S\000t\000r\000u\000c\000t\000u\000r\000e}{}% 1
\BOOKMARK [2][-]{subsection.1.1}{\376\377\000W\000h\000a\000t\000\040\000t\000h\000i\000s\000\040\000d\000o\000c\000u\000m\000e\000n\000t\000\040\000i\000s}{section.1}% 2
\BOOKMARK [2][-]{subsection.1.2}{\376\377\000E\000p\000i\000s\000t\000e\000m\000i\000c\000\040\000l\000e\000d\000g\000e\000r\000\040\000\050\000r\000e\000a\000d\000e\000r\000\040\000c\000o\000n\000t\000r\000a\000c\000t\000\051}{section.1}% 3
\BOOKMARK [2][-]{subsection.1.3}{\376\377\000S\000e\000c\000t\000i\000o\000n\000\040\000S\000t\000a\000t\000u\000s}{section.1}% 4
\BOOKMARK [2][-]{subsection.1.4}{\376\377\000M\000o\000t\000i\000v\000a\000t\000i\000o\000n\000\040\000a\000n\000d\000\040\000O\000v\000e\000r\000v\000i\000e\000w}{section.1}% 5
\BOOKMARK [2][-]{subsection.1.5}{\376\377\000T\000h\000e\000\040\000C\000o\000o\000r\000d\000i\000n\000a\000t\000i\000o\000n\000\040\000S\000t\000r\000u\000c\000t\000u\000r\000e}{section.1}% 6
\BOOKMARK [3][-]{subsubsection.1.5.1}{\376\377\000D\000e\000f\000i\000n\000i\000t\000i\000o\000n}{subsection.1.5}% 7
\BOOKMARK [3][-]{subsubsection.1.5.2}{\376\377\000A\000l\000l\000o\000w\000e\000d\000\040\000C\000o\000o\000r\000d\000i\000n\000a\000t\000i\000o\000n\000\040\000N\000u\000m\000b\000e\000r\000s\000\040\040\024\000\040\000T\000h\000e\000o\000r\000e\000t\000i\000c\000a\000l\000\040\000A\000n\000a\000l\000y\000s\000i\000s\000\040\000[\000I\000]}{subsection.1.5}% 8
\BOOKMARK [3][-]{subsubsection.1.5.3}{\376\377\000N\000u\000c\000l\000e\000a\000r\000\040\000M\000a\000t\000t\000e\000r\000\040\000a\000n\000d\000\040\000t\000h\000e\000\040\000F\000o\000r\000b\000i\000d\000d\000e\000n\000\040\000n\000\040\000=\000\040\0004\0003\000\040\000[\000P\000]}{subsection.1.5}% 9
\BOOKMARK [2][-]{subsection.1.6}{\376\377\000T\000h\000e\000\040\000P\000i\000n\000n\000i\000n\000g\000\040\000H\000a\000m\000i\000l\000t\000o\000n\000i\000a\000n}{section.1}% 10
\BOOKMARK [3][-]{subsubsection.1.6.1}{\376\377\000S\000i\000n\000g\000l\000e\000-\000C\000e\000l\000l\000\040\000P\000o\000t\000e\000n\000t\000i\000a\000l}{subsection.1.6}% 11
\BOOKMARK [3][-]{subsubsection.1.6.2}{\376\377\000P\000i\000n\000n\000i\000n\000g\000\040\000T\000e\000r\000m}{subsection.1.6}% 12
\BOOKMARK [3][-]{subsubsection.1.6.3}{\376\377\000F\000u\000l\000l\000\040\000H\000a\000m\000i\000l\000t\000o\000n\000i\000a\000n}{subsection.1.6}% 13
\BOOKMARK [2][-]{subsection.1.7}{\376\377\000D\000e\000r\000i\000v\000a\000t\000i\000o\000n\000\040\000o\000f\000\040\000P\000i\000n\000n\000i\000n\000g\000\040\000C\000o\000n\000s\000t\000a\000n\000t\000\040\000K\000\040\000f\000r\000o\000m\000\040\000\040\000[\000D\000c\000/\000I\000]}{section.1}% 14
\BOOKMARK [3][-]{subsubsection.1.7.1}{\376\377\000C\000o\000n\000t\000a\000c\000t\000\040\000G\000e\000o\000m\000e\000t\000r\000y}{subsection.1.7}% 15
\BOOKMARK [3][-]{subsubsection.1.7.2}{\376\377\000M\000i\000s\000m\000a\000t\000c\000h\000\040\000E\000n\000e\000r\000g\000y}{subsection.1.7}% 16
\BOOKMARK [3][-]{subsubsection.1.7.3}{\376\377\000T\000h\000e\000\040\000G\000e\000o\000m\000e\000t\000r\000i\000c\000\040\000F\000a\000c\000t\000o\000r\000\040\000f\000\040\000[\000I\000]}{subsection.1.7}% 17
\BOOKMARK [3][-]{subsubsection.1.7.4}{\376\377\000N\000u\000m\000e\000r\000i\000c\000a\000l\000\040\000E\000v\000a\000l\000u\000a\000t\000i\000o\000n}{subsection.1.7}% 18
\BOOKMARK [3][-]{subsubsection.1.7.5}{\376\377\000P\000h\000e\000n\000o\000m\000e\000n\000o\000l\000o\000g\000i\000c\000a\000l\000\040\000C\000h\000e\000c\000k}{subsection.1.7}% 19
\BOOKMARK [2][-]{subsection.1.8}{\376\377\000A\000p\000p\000l\000i\000c\000a\000t\000i\000o\000n\000\040\0001\000:\000\040\000N\000e\000u\000t\000r\000o\000n\000\040\000L\000i\000f\000e\000t\000i\000m\000e}{section.1}% 20
\BOOKMARK [3][-]{subsubsection.1.8.1}{\376\377\000F\000r\000e\000e\000\040\000N\000e\000u\000t\000r\000o\000n\000\040\000\050\000N\000o\000\040\000N\000e\000i\000g\000h\000b\000o\000r\000s\000\051}{subsection.1.8}% 21
\BOOKMARK [3][-]{subsubsection.1.8.2}{\376\377\000B\000o\000u\000n\000d\000\040\000N\000e\000u\000t\000r\000o\000n\000\040\000\050\0006\000\040\000N\000e\000i\000g\000h\000b\000o\000r\000s\000\051}{subsection.1.8}% 22
\BOOKMARK [2][-]{subsection.1.9}{\376\377\000A\000p\000p\000l\000i\000c\000a\000t\000i\000o\000n\000\040\0002\000:\000\040\000D\000e\000u\000t\000e\000r\000i\000u\000m\000\040\000B\000i\000n\000d\000i\000n\000g\000\040\000E\000n\000e\000r\000g\000y}{section.1}% 23
\BOOKMARK [3][-]{subsubsection.1.9.1}{\376\377\000B\000e\000f\000o\000r\000e\000\040\000B\000i\000n\000d\000i\000n\000g}{subsection.1.9}% 24
\BOOKMARK [3][-]{subsubsection.1.9.2}{\376\377\000A\000f\000t\000e\000r\000\040\000B\000i\000n\000d\000i\000n\000g}{subsection.1.9}% 25
\BOOKMARK [2][-]{subsection.1.10}{\376\377\000A\000p\000p\000l\000i\000c\000a\000t\000i\000o\000n\000\040\0003\000:\000\040\000H\000e\000-\0004\000\040\000B\000i\000n\000d\000i\000n\000g\000\040\000E\000n\000e\000r\000g\000y}{section.1}% 26
\BOOKMARK [3][-]{subsubsection.1.10.1}{\376\377\000G\000e\000o\000m\000e\000t\000r\000y\000:\000\040\000T\000h\000e\000\040\000T\000e\000t\000r\000a\000h\000e\000d\000r\000o\000n}{subsection.1.10}% 27
\BOOKMARK [3][-]{subsubsection.1.10.2}{\376\377\000E\000n\000e\000r\000g\000y\000\040\000C\000o\000n\000t\000r\000i\000b\000u\000t\000i\000o\000n\000s}{subsection.1.10}% 28
\BOOKMARK [3][-]{subsubsection.1.10.3}{\376\377\000T\000o\000t\000a\000l\000\040\000B\000i\000n\000d\000i\000n\000g\000\040\000E\000n\000e\000r\000g\000y}{subsection.1.10}% 29
\BOOKMARK [3][-]{subsubsection.1.10.4}{\376\377\000W\000h\000y\000\040\000H\000e\000-\0004\000\040\000i\000s\000\040\000S\000p\000e\000c\000i\000a\000l}{subsection.1.10}% 30
\BOOKMARK [2][-]{subsection.1.11}{\376\377\000A\000p\000p\000l\000i\000c\000a\000t\000i\000o\000n\000\040\0004\000:\000\040\000L\000i\000-\0006\000\040\000\050\000C\000l\000u\000s\000t\000e\000r\000\040\000S\000t\000r\000u\000c\000t\000u\000r\000e\000\051}{section.1}% 31
\BOOKMARK [3][-]{subsubsection.1.11.1}{\376\377\000G\000e\000o\000m\000e\000t\000r\000y}{subsection.1.11}% 32
\BOOKMARK [3][-]{subsubsection.1.11.2}{\376\377\000B\000i\000n\000d\000i\000n\000g\000\040\000E\000n\000e\000r\000g\000y}{subsection.1.11}% 33
\BOOKMARK [2][-]{subsection.1.12}{\376\377\000A\000p\000p\000l\000i\000c\000a\000t\000i\000o\000n\000\040\0005\000:\000\040\000B\000e\000-\0008\000\040\000I\000n\000s\000t\000a\000b\000i\000l\000i\000t\000y\000\040\000\050\000C\000r\000i\000t\000i\000c\000a\000l\000\040\000T\000e\000s\000t\000\051}{section.1}% 34
\BOOKMARK [3][-]{subsubsection.1.12.1}{\376\377\000O\000b\000s\000e\000r\000v\000e\000d\000\040\000D\000a\000t\000a}{subsection.1.12}% 35
\BOOKMARK [3][-]{subsubsection.1.12.2}{\376\377\000T\000o\000p\000o\000l\000o\000g\000i\000c\000a\000l\000\040\000A\000n\000a\000l\000y\000s\000i\000s}{subsection.1.12}% 36
\BOOKMARK [3][-]{subsubsection.1.12.3}{\376\377\000E\000n\000e\000r\000g\000y\000\040\000C\000o\000m\000p\000a\000r\000i\000s\000o\000n}{subsection.1.12}% 37
\BOOKMARK [3][-]{subsubsection.1.12.4}{\376\377\000W\000h\000y\000\040\000B\000e\000-\0008\000\040\000L\000o\000s\000e\000s}{subsection.1.12}% 38
\BOOKMARK [2][-]{subsection.1.13}{\376\377\000S\000u\000m\000m\000a\000r\000y\000\040\000o\000f\000\040\000R\000e\000s\000u\000l\000t\000s}{section.1}% 39
\BOOKMARK [2][-]{subsection.1.14}{\376\377\000T\000o\000p\000o\000l\000o\000g\000i\000c\000a\000l\000\040\000F\000r\000u\000s\000t\000r\000a\000t\000i\000o\000n\000\040\000a\000n\000d\000\040\000N\000u\000c\000l\000e\000a\000r\000\040\000H\000a\000l\000f\000-\000L\000i\000v\000e\000s\000\040\000[\000I\000]}{section.1}% 40
\BOOKMARK [3][-]{subsubsection.1.14.1}{\376\377\000T\000h\000e\000\040\000S\000t\000a\000n\000d\000a\000r\000d\000\040\000G\000e\000i\000g\000e\000r\000-\000N\000u\000t\000t\000a\000l\000l\000\040\000L\000a\000w}{subsection.1.14}% 41
\BOOKMARK [3][-]{subsubsection.1.14.2}{\376\377\000F\000r\000u\000s\000t\000r\000a\000t\000i\000o\000n\000-\000C\000o\000r\000r\000e\000c\000t\000e\000d\000\040\000G\000e\000i\000g\000e\000r\000-\000N\000u\000t\000t\000a\000l\000l\000\040\000L\000a\000w}{subsection.1.14}% 42
\BOOKMARK [3][-]{subsubsection.1.14.3}{\376\377\000P\000h\000y\000s\000i\000c\000a\000l\000\040\000I\000n\000t\000e\000r\000p\000r\000e\000t\000a\000t\000i\000o\000n}{subsection.1.14}% 43
\BOOKMARK [3][-]{subsubsection.1.14.4}{\376\377\000V\000a\000l\000i\000d\000a\000t\000i\000o\000n\000:\000\040\000C\000o\000m\000p\000a\000r\000i\000s\000o\000n\000\040\000w\000i\000t\000h\000\040\000E\000x\000p\000e\000r\000i\000m\000e\000n\000t}{subsection.1.14}% 44
\BOOKMARK [3][-]{subsubsection.1.14.5}{\376\377\000P\000r\000e\000d\000i\000c\000t\000i\000o\000n\000s\000\040\000f\000o\000r\000\040\000S\000u\000p\000e\000r\000h\000e\000a\000v\000y\000\040\000E\000l\000e\000m\000e\000n\000t\000s}{subsection.1.14}% 45
\BOOKMARK [3][-]{subsubsection.1.14.6}{\376\377\000V\0007\000.\0008\000\040\000M\0002\000:\000\040\000O\000u\000t\000-\000o\000f\000-\000S\000a\000m\000p\000l\000e\000\040\000S\000u\000p\000e\000r\000h\000e\000a\000v\000y\000\040\000V\000a\000l\000i\000d\000a\000t\000i\000o\000n\000\040\000[\000D\000e\000r\000]}{subsection.1.14}% 46
\BOOKMARK [3][-]{subsubsection.1.14.7}{\376\377\000P\000r\000e\000f\000a\000c\000t\000o\000r\000\040\000V\000a\000l\000i\000d\000a\000t\000i\000o\000n\000\040\000v\000i\000a\000\040\000C\000r\000o\000s\000s\000-\000V\000a\000l\000i\000d\000a\000t\000i\000o\000n\000\040\000[\000C\000a\000l\000]}{subsection.1.14}% 47
\BOOKMARK [3][-]{subsubsection.1.14.8}{\376\377\000E\000p\000i\000s\000t\000e\000m\000o\000l\000o\000g\000i\000c\000a\000l\000\040\000S\000t\000a\000t\000u\000s}{subsection.1.14}% 48
\BOOKMARK [2][-]{subsection.1.15}{\376\377\000C\000o\000o\000r\000d\000i\000n\000a\000t\000i\000o\000n\000\040\000D\000i\000s\000t\000a\000n\000c\000e\000\040\000A\000n\000a\000l\000y\000s\000i\000s\000:\000\040\000V\0007\000.\000x\000\040\000E\000m\000p\000i\000r\000i\000c\000a\000l\000\040\000A\000u\000d\000i\000t}{section.1}% 49
\BOOKMARK [3][-]{subsubsection.1.15.1}{\376\377\000T\000h\000e\000\040\000C\000o\000o\000r\000d\000i\000n\000a\000t\000i\000o\000n\000\040\000D\000i\000s\000t\000a\000n\000c\000e\000\040\000M\000e\000t\000r\000i\000c\000\040\000[\000D\000e\000r\000]}{subsection.1.15}% 50
\BOOKMARK [3][-]{subsubsection.1.15.2}{\376\377\000V\0007\000.\0004\000\040\000B\000a\000s\000e\000l\000i\000n\000e\000\040\000R\000e\000g\000r\000e\000s\000s\000i\000o\000n\000\040\000[\000D\000e\000r\000]}{subsection.1.15}% 51
\BOOKMARK [3][-]{subsubsection.1.15.3}{\376\377\000V\0007\000.\0005\000\040\000G\000e\000n\000e\000r\000a\000l\000i\000z\000a\000t\000i\000o\000n\000\040\000T\000e\000s\000t\000s\000\040\000[\000D\000e\000r\000]}{subsection.1.15}% 52
\BOOKMARK [3][-]{subsubsection.1.15.4}{\376\377\000V\0007\000.\0006\000.\0001\000\040\000S\000i\000g\000n\000\040\000R\000e\000s\000o\000l\000u\000t\000i\000o\000n\000:\000\040\000P\000r\000e\000f\000a\000c\000t\000o\000r\000\040\000v\000s\000\040\000B\000a\000r\000r\000i\000e\000r\000\040\000[\000D\000e\000r\000]}{subsection.1.15}% 53
\BOOKMARK [3][-]{subsubsection.1.15.5}{\376\377\000V\0007\000.\0007\000\040\000P\000r\000e\000f\000a\000c\000t\000o\000r\000\040\000M\000e\000c\000h\000a\000n\000i\000s\000m\000\040\000M\000o\000d\000e\000l\000\040\000[\000P\000]}{subsection.1.15}% 54
\BOOKMARK [3][-]{subsubsection.1.15.6}{\376\377\000V\0007\000.\0007\000\040\000C\000r\000y\000s\000t\000a\000l\000\040\000D\000e\000f\000e\000c\000t\000\040\000A\000n\000a\000l\000o\000g\000y\000\040\000[\000I\000]}{subsection.1.15}% 55
\BOOKMARK [3][-]{subsubsection.1.15.7}{\376\377\000V\0007\000.\0007\000\040\000F\000o\000r\000b\000i\000d\000d\000e\000n\000\040\000A\000l\000t\000e\000r\000n\000a\000t\000i\000v\000e\000s\000\040\000M\000a\000t\000r\000i\000x\000\040\000[\000P\000]}{subsection.1.15}% 56
\BOOKMARK [3][-]{subsubsection.1.15.8}{\376\377\000V\0007\000.\0008\000\040\000M\000e\000d\000i\000a\000t\000i\000o\000n\000\040\000A\000n\000a\000l\000y\000s\000i\000s\000:\000\040\000S\000t\000r\000u\000c\000t\000u\000r\000a\000l\000\040\000C\000o\000n\000t\000r\000o\000l\000s\000\040\000[\000D\000e\000r\000]}{subsection.1.15}% 57
\BOOKMARK [3][-]{subsubsection.1.15.9}{\376\377\000O\000p\000e\000n\000\040\000Q\000u\000e\000s\000t\000i\000o\000n\000s\000\040\000a\000n\000d\000\040\000F\000a\000l\000s\000i\000f\000i\000c\000a\000t\000i\000o\000n\000\040\000T\000e\000s\000t\000s\000\040\000[\000O\000p\000e\000n\000]}{subsection.1.15}% 58
\BOOKMARK [3][-]{subsubsection.1.15.10}{\376\377\000C\000o\000m\000p\000a\000r\000i\000s\000o\000n\000\040\000o\000f\000\040\000f\000\040\000a\000n\000d\000\040\000d\000\050\000n\000\051\000\040\000A\000p\000p\000r\000o\000a\000c\000h\000e\000s}{subsection.1.15}% 59
\BOOKMARK [2][-]{subsection.1.16}{\376\377\000P\000h\000y\000s\000i\000c\000a\000l\000\040\000P\000i\000c\000t\000u\000r\000e}{section.1}% 60
\BOOKMARK [2][-]{subsection.1.17}{\376\377\000T\000h\000e\000\040\000T\000e\000t\000r\000a\000h\000e\000d\000r\000o\000n\000\040\000a\000s\000\040\000F\000u\000n\000d\000a\000m\000e\000n\000t\000a\000l\000\040\000U\000n\000i\000t}{section.1}% 61
\BOOKMARK [2][-]{subsection.1.18}{\376\377\000O\000p\000e\000n\000\040\000Q\000u\000e\000s\000t\000i\000o\000n\000s}{section.1}% 62
\BOOKMARK [2][-]{subsection.1.19}{\376\377\000E\000p\000i\000s\000t\000e\000m\000o\000l\000o\000g\000i\000c\000a\000l\000\040\000S\000t\000a\000t\000u\000s}{section.1}% 63
\BOOKMARK [2][-]{subsection.1.20}{\376\377\000F\000i\000n\000a\000l\000\040\000A\000s\000s\000e\000s\000s\000m\000e\000n\000t}{section.1}% 64
\BOOKMARK [2][-]{subsection.1.21}{\376\377\000M\000e\000t\000h\000o\000d\000o\000l\000o\000g\000i\000c\000a\000l\000\040\000N\000o\000t\000e\000s\000:\000\040\000H\000o\000w\000\040\000W\000e\000\040\000G\000o\000t\000\040\000H\000e\000r\000e}{section.1}% 65
\BOOKMARK [3][-]{subsubsection.1.21.1}{\376\377\000S\000t\000a\000r\000t\000i\000n\000g\000\040\000P\000o\000i\000n\000t}{subsection.1.21}% 66
\BOOKMARK [3][-]{subsubsection.1.21.2}{\376\377\000K\000e\000y\000\040\000I\000n\000s\000i\000g\000h\000t\000:\000\040\000T\000o\000p\000o\000l\000o\000g\000i\000c\000a\000l\000\040\000P\000i\000n\000n\000i\000n\000g}{subsection.1.21}% 67
\BOOKMARK [3][-]{subsubsection.1.21.3}{\376\377\000Q\000u\000a\000n\000t\000i\000f\000i\000c\000a\000t\000i\000o\000n\000\040\000v\000i\000a\000\040\000K}{subsection.1.21}% 68
\BOOKMARK [3][-]{subsubsection.1.21.4}{\376\377\000H\000e\000-\0004\000\040\000a\000n\000d\000\040\000t\000h\000e\000\040\000T\000e\000t\000r\000a\000h\000e\000d\000r\000o\000n}{subsection.1.21}% 69
\BOOKMARK [3][-]{subsubsection.1.21.5}{\376\377\000C\000r\000i\000t\000i\000c\000a\000l\000\040\000T\000e\000s\000t\000:\000\040\000B\000e\000-\0008}{subsection.1.21}% 70
\BOOKMARK [3][-]{subsubsection.1.21.6}{\376\377\000E\000m\000e\000r\000g\000e\000n\000c\000e\000\040\000o\000f\000\040\000-\000C\000l\000u\000s\000t\000e\000r\000i\000n\000g}{subsection.1.21}% 71
\BOOKMARK [3][-]{subsubsection.1.21.7}{\376\377\000L\000e\000s\000s\000o\000n\000s\000\040\000L\000e\000a\000r\000n\000e\000d}{subsection.1.21}% 72
\BOOKMARK [2][-]{subsection.1.22}{\376\377\000S\000u\000m\000m\000a\000r\000y\000\040\000\050\000w\000h\000a\000t\000\040\000i\000s\000\040\000s\000o\000l\000i\000d\000\040\000v\000s\000.\000\040\000w\000h\000a\000t\000\040\000i\000s\000\040\000s\000t\000i\000l\000l\000\040\000a\000\040\000b\000e\000t\000\051}{section.1}% 73
\BOOKMARK [3][-]{subsubsection.1.22.1}{\376\377\000W\000h\000a\000t\000\040\000i\000s\000\040\000s\000o\000l\000i\000d}{subsection.1.22}% 74
\BOOKMARK [3][-]{subsubsection.1.22.2}{\376\377\000W\000h\000a\000t\000\040\000i\000s\000\040\000s\000t\000i\000l\000l\000\040\000a\000\040\000b\000e\000t}{subsection.1.22}% 75
\BOOKMARK [3][-]{subsubsection.1.22.3}{\376\377\000V\000e\000r\000d\000i\000c\000t}{subsection.1.22}% 76
\BOOKMARK [2][-]{subsection.1.23}{\376\377\000A\000p\000p\000e\000n\000d\000i\000x\000:\000\040\000F\000u\000l\000l\000\040\000A\000L\000P\000H\000A\0001\0000\0000\000\040\000D\000a\000t\000a\000s\000e\000t}{section.1}% 77
