\BOOKMARK [1][-]{section.1}{\376\377\000N\000e\000u\000t\000r\000o\000n\000\040\000L\000i\000f\000e\000t\000i\000m\000e\000\040\000f\000r\000o\000m\000\040\0005\000D\000\040\000T\000o\000p\000o\000l\000o\000g\000y}{}% 1
\BOOKMARK [2][-]{subsection.1.1}{\376\377\000I\000n\000t\000r\000o\000d\000u\000c\000t\000i\000o\000n\000:\000\040\000T\000h\000e\000\040\000P\000r\000o\000b\000l\000e\000m}{section.1}% 2
\BOOKMARK [2][-]{subsection.1.2}{\376\377\000T\000h\000e\000\040\000P\000h\000y\000s\000i\000c\000a\000l\000\040\000P\000i\000c\000t\000u\000r\000e}{section.1}% 3
\BOOKMARK [3][-]{subsubsection.1.2.1}{\376\377\000N\000e\000u\000t\000r\000o\000n\000\040\000a\000s\000\040\000T\000o\000p\000o\000l\000o\000g\000i\000c\000a\000l\000\040\000J\000u\000n\000c\000t\000i\000o\000n}{subsection.1.2}% 4
\BOOKMARK [3][-]{subsubsection.1.2.2}{\376\377\000B\000e\000t\000a\000\040\000D\000e\000c\000a\000y\000\040\000a\000s\000\040\000T\000o\000p\000o\000l\000o\000g\000i\000c\000a\000l\000\040\000T\000r\000a\000n\000s\000i\000t\000i\000o\000n}{subsection.1.2}% 5
\BOOKMARK [2][-]{subsection.1.3}{\376\377\000T\000h\000e\000\040\000I\000n\000s\000t\000a\000n\000t\000o\000n\000\040\000F\000o\000r\000m\000u\000l\000a}{section.1}% 6
\BOOKMARK [3][-]{subsubsection.1.3.1}{\376\377\000G\000e\000n\000e\000r\000a\000l\000\040\000F\000o\000r\000m}{subsection.1.3}% 7
\BOOKMARK [3][-]{subsubsection.1.3.2}{\376\377\000C\000o\000m\000p\000o\000n\000e\000n\000t\000\040\000A\000n\000a\000l\000y\000s\000i\000s}{subsection.1.3}% 8
\BOOKMARK [2][-]{subsection.1.4}{\376\377\000D\000e\000r\000i\000v\000a\000t\000i\000o\000n\000\040\000o\000f\000\040\000=\000\040\0002}{section.1}% 9
\BOOKMARK [3][-]{subsubsection.1.4.1}{\376\377\000T\000h\000e\000\040\000H\000o\000m\000o\000t\000o\000p\000y\000\040\000A\000r\000g\000u\000m\000e\000n\000t}{subsection.1.4}% 10
\BOOKMARK [3][-]{subsubsection.1.4.2}{\376\377\000S\000t\000a\000t\000u\000s}{subsection.1.4}% 11
\BOOKMARK [2][-]{subsection.1.5}{\376\377\000T\000h\000e\000\040\000G\000e\000o\000m\000e\000t\000r\000i\000c\000\040\000R\000a\000t\000i\000o\000\040\000L\0000\000/}{section.1}% 12
\BOOKMARK [3][-]{subsubsection.1.5.1}{\376\377\000T\000w\000o\000\040\000C\000a\000n\000d\000i\000d\000a\000t\000e\000\040\000V\000a\000l\000u\000e\000s}{subsection.1.5}% 13
\BOOKMARK [3][-]{subsubsection.1.5.2}{\376\377\000P\000h\000y\000s\000i\000c\000a\000l\000\040\000I\000n\000t\000e\000r\000p\000r\000e\000t\000a\000t\000i\000o\000n\000\040\000o\000f\000\040\000t\000h\000e\000\040\000T\000e\000n\000s\000i\000o\000n}{subsection.1.5}% 14
\BOOKMARK [3][-]{subsubsection.1.5.3}{\376\377\000O\000p\000e\000r\000a\000t\000i\000o\000n\000a\000l\000\040\000C\000h\000o\000i\000c\000e}{subsection.1.5}% 15
\BOOKMARK [2][-]{subsection.1.6}{\376\377\000T\000h\000e\000\040\000A\000t\000t\000e\000m\000p\000t\000\040\000F\000r\000e\000q\000u\000e\000n\000c\000y\000\040\0000}{section.1}% 16
\BOOKMARK [3][-]{subsubsection.1.6.1}{\376\377\000D\000i\000m\000e\000n\000s\000i\000o\000n\000a\000l\000\040\000E\000s\000t\000i\000m\000a\000t\000e}{subsection.1.6}% 17
\BOOKMARK [3][-]{subsubsection.1.6.2}{\376\377\000T\000h\000e\000\040\000M\000\040\000=\000\040\000m\000p\000\040\000A\000s\000s\000u\000m\000p\000t\000i\000o\000n}{subsection.1.6}% 18
\BOOKMARK [3][-]{subsubsection.1.6.3}{\376\377\000G\000e\000o\000m\000e\000t\000r\000i\000c\000\040\000F\000o\000r\000m\000u\000l\000a\000\040\000f\000o\000r\000\040\000m\000p}{subsection.1.6}% 19
\BOOKMARK [3][-]{subsubsection.1.6.4}{\376\377\000S\000t\000a\000t\000u\000s}{subsection.1.6}% 20
\BOOKMARK [2][-]{subsection.1.7}{\376\377\000N\000u\000m\000e\000r\000i\000c\000a\000l\000\040\000E\000v\000a\000l\000u\000a\000t\000i\000o\000n}{section.1}% 21
\BOOKMARK [2][-]{subsection.1.8}{\376\377\000C\000o\000n\000n\000e\000c\000t\000i\000o\000n\000\040\000t\000o\000\040\000C\000h\000a\000p\000t\000e\000r\000\040\0005\000:\000\040\000T\000h\000e\000\040\000P\000r\000o\000j\000e\000c\000t\000i\000o\000n\000\040\000P\000r\000i\000n\000c\000i\000p\000l\000e}{section.1}% 22
\BOOKMARK [3][-]{subsubsection.1.8.1}{\376\377\000E\000M\000\040\000P\000r\000o\000j\000e\000c\000t\000i\000o\000n\000\040\000\050\000R\000e\000v\000i\000e\000w\000\051}{subsection.1.8}% 23
\BOOKMARK [3][-]{subsubsection.1.8.2}{\376\377\000G\000e\000o\000m\000e\000t\000r\000i\000c\000\040\000P\000r\000o\000j\000e\000c\000t\000i\000o\000n}{subsection.1.8}% 24
\BOOKMARK [2][-]{subsection.1.9}{\376\377\000O\000p\000e\000n\000\040\000P\000r\000o\000b\000l\000e\000m\000s}{section.1}% 25
\BOOKMARK [2][-]{subsection.1.10}{\376\377\000C\000o\000m\000p\000a\000r\000i\000s\000o\000n\000\040\000w\000i\000t\000h\000\040\000S\000t\000a\000n\000d\000a\000r\000d\000\040\000M\000o\000d\000e\000l}{section.1}% 26
\BOOKMARK [3][-]{subsubsection.1.10.1}{\376\377\000S\000t\000a\000n\000d\000a\000r\000d\000\040\000M\000o\000d\000e\000l\000\040\000A\000p\000p\000r\000o\000a\000c\000h}{subsection.1.10}% 27
\BOOKMARK [3][-]{subsubsection.1.10.2}{\376\377\000E\000D\000C\000\040\000A\000p\000p\000r\000o\000a\000c\000h}{subsection.1.10}% 28
\BOOKMARK [3][-]{subsubsection.1.10.3}{\376\377\000I\000n\000t\000e\000r\000p\000r\000e\000t\000i\000v\000e\000\040\000D\000i\000f\000f\000e\000r\000e\000n\000c\000e}{subsection.1.10}% 29
\BOOKMARK [2][-]{subsection.1.11}{\376\377\000S\000u\000m\000m\000a\000r\000y\000\040\000a\000n\000d\000\040\000V\000e\000r\000d\000i\000c\000t}{section.1}% 30
\BOOKMARK [3][-]{subsubsection.1.11.1}{\376\377\000W\000h\000a\000t\000\040\000T\000h\000i\000s\000\040\000D\000e\000r\000i\000v\000a\000t\000i\000o\000n\000\040\000A\000c\000h\000i\000e\000v\000e\000s}{subsection.1.11}% 31
\BOOKMARK [3][-]{subsubsection.1.11.2}{\376\377\000W\000h\000a\000t\000\040\000T\000h\000i\000s\000\040\000D\000e\000r\000i\000v\000a\000t\000i\000o\000n\000\040\000D\000o\000e\000s\000\040\000N\000O\000T\000\040\000A\000c\000h\000i\000e\000v\000e}{subsection.1.11}% 32
\BOOKMARK [2][-]{subsection.1.12}{\376\377\000T\000h\000e\000\040\000P\000h\000y\000s\000i\000c\000a\000l\000\040\000S\000t\000o\000r\000y}{section.1}% 33
