\BOOKMARK [1][-]{section.1}{\376\377\000E\000p\000i\000s\000t\000e\000m\000i\000c\000\040\000l\000e\000d\000g\000e\000r\000\040\000\050\000r\000e\000a\000d\000e\000r\000\040\000c\000o\000n\000t\000r\000a\000c\000t\000\051}{}% 1
\BOOKMARK [1][-]{section.2}{\376\377\000M\000o\000t\000i\000v\000a\000t\000i\000o\000n\000:\000\040\000t\000h\000e\000\040\000n\000e\000u\000t\000r\000o\000n\000-\000i\000n\000-\000a\000-\000n\000u\000c\000l\000e\000u\000s\000\040\000p\000a\000r\000a\000d\000o\000x}{}% 2
\BOOKMARK [1][-]{section.3}{\376\377\000T\000h\000e\000\040\000t\000o\000p\000o\000l\000o\000g\000i\000c\000a\000l\000\040\000n\000u\000c\000l\000e\000a\000r\000\040\000s\000t\000r\000u\000c\000t\000u\000r\000e\000\040\000\050\000g\000r\000a\000p\000h\000\040\000p\000i\000c\000t\000u\000r\000e\000\051}{}% 3
\BOOKMARK [2][-]{subsection.3.1}{\376\377\000C\000o\000o\000r\000d\000i\000n\000a\000t\000i\000o\000n\000\040\000n\000u\000m\000b\000e\000r\000s\000\040\000a\000n\000d\000\040\000a\000l\000l\000o\000w\000e\000d\000\040\000f\000a\000c\000t\000o\000r\000i\000z\000a\000t\000i\000o\000n\000s}{section.3}% 4
\BOOKMARK [1][-]{section.4}{\376\377\000P\000i\000n\000n\000i\000n\000g\000\040\000H\000a\000m\000i\000l\000t\000o\000n\000i\000a\000n}{}% 5
\BOOKMARK [2][-]{subsection.4.1}{\376\377\000S\000i\000n\000g\000l\000e\000-\000c\000e\000l\000l\000\040\000p\000o\000t\000e\000n\000t\000i\000a\000l\000\040\000\050\000[\000I\000]\000\051}{section.4}% 6
\BOOKMARK [2][-]{subsection.4.2}{\376\377\000P\000i\000n\000n\000i\000n\000g\000\040\000t\000e\000r\000m\000\040\000\050\000[\000I\000]\000\051}{section.4}% 7
\BOOKMARK [2][-]{subsection.4.3}{\376\377\000F\000u\000l\000l\000\040\000H\000a\000m\000i\000l\000t\000o\000n\000i\000a\000n}{section.4}% 8
\BOOKMARK [1][-]{section.5}{\376\377\000D\000e\000r\000i\000v\000i\000n\000g\000\040\000t\000h\000e\000\040\000p\000i\000n\000n\000i\000n\000g\000\040\000c\000o\000n\000s\000t\000a\000n\000t\000\040\000K\000\040\000f\000r\000o\000m\000\040\000b\000r\000a\000n\000e\000\040\000t\000e\000n\000s\000i\000o\000n\000\040}{}% 9
\BOOKMARK [2][-]{subsection.5.1}{\376\377\000C\000o\000n\000t\000a\000c\000t\000\040\000g\000e\000o\000m\000e\000t\000r\000y\000\040\000\050\000[\000D\000c\000]\000\051}{section.5}% 10
\BOOKMARK [2][-]{subsection.5.2}{\376\377\000W\000h\000y\000\040\000o\000n\000l\000y\000\040\000a\000\040\000f\000r\000a\000c\000t\000i\000o\000n\000\040\000o\000f\000\040\000t\000h\000e\000\040\000c\000o\000n\000t\000a\000c\000t\000\040\000c\000o\000n\000t\000r\000i\000b\000u\000t\000e\000s\000\040\000\050\000[\000I\000]\000\051}{section.5}% 11
\BOOKMARK [2][-]{subsection.5.3}{\376\377\000P\000h\000e\000n\000o\000m\000e\000n\000o\000l\000o\000g\000i\000c\000a\000l\000\040\000c\000h\000e\000c\000k}{section.5}% 12
\BOOKMARK [1][-]{section.6}{\376\377\000A\000p\000p\000l\000i\000c\000a\000t\000i\000o\000n\000s\000\040\000t\000o\000\040\000l\000i\000g\000h\000t\000\040\000n\000u\000c\000l\000e\000i\000:\000\040\000`\000`\000t\000e\000s\000t\000s\000\040\000t\000h\000a\000t\000\040\000f\000o\000r\000c\000e\000\040\000t\000h\000e\000\040\000m\000o\000d\000e\000l\000\040\000t\000o\000\040\000b\000e\000h\000a\000v\000e\000'\000'}{}% 13
\BOOKMARK [2][-]{subsection.6.1}{\376\377\000A\000p\000p\000l\000i\000c\000a\000t\000i\000o\000n\000\040\0001\000:\000\040\000f\000r\000e\000e\000\040\000v\000s\000.\000\040\000b\000o\000u\000n\000d\000\040\000n\000e\000u\000t\000r\000o\000n}{section.6}% 14
\BOOKMARK [2][-]{subsection.6.2}{\376\377\000A\000p\000p\000l\000i\000c\000a\000t\000i\000o\000n\000\040\0002\000:\000\040\000d\000e\000u\000t\000e\000r\000i\000u\000m\000\040\000b\000i\000n\000d\000i\000n\000g\000\040\000e\000n\000e\000r\000g\000y}{section.6}% 15
\BOOKMARK [2][-]{subsection.6.3}{\376\377\000A\000p\000p\000l\000i\000c\000a\000t\000i\000o\000n\000\040\0003\000:\000\040\000H\000e\000-\0004\000\040\000a\000n\000d\000\040\000w\000h\000y\000\040\000t\000h\000e\000\040\000t\000e\000t\000r\000a\000h\000e\000d\000r\000o\000n\000\040\000m\000a\000t\000t\000e\000r\000s}{section.6}% 16
\BOOKMARK [2][-]{subsection.6.4}{\376\377\000A\000p\000p\000l\000i\000c\000a\000t\000i\000o\000n\000\040\0004\000:\000\040\000L\000i\000-\0006\000\040\000a\000s\000\040\000a\000\040\000c\000l\000u\000s\000t\000e\000r\000\040\000\050\000w\000h\000y\000\040\000`\000`\000b\000o\000o\000k\000\040\000s\000t\000y\000l\000e\000'\000'\000\040\000m\000a\000t\000t\000e\000r\000s\000\051}{section.6}% 17
\BOOKMARK [2][-]{subsection.6.5}{\376\377\000A\000p\000p\000l\000i\000c\000a\000t\000i\000o\000n\000\040\0005\000:\000\040\000B\000e\000-\0008\000\040\000i\000n\000s\000t\000a\000b\000i\000l\000i\000t\000y\000\040\000\050\000c\000r\000i\000t\000i\000c\000a\000l\000\040\000s\000i\000g\000n\000\040\000t\000e\000s\000t\000\051}{section.6}% 18
\BOOKMARK [1][-]{section.7}{\376\377\000F\000r\000o\000m\000\040\000l\000i\000g\000h\000t\000\040\000n\000u\000c\000l\000e\000i\000\040\000t\000o\000\040\000b\000u\000l\000k\000:\000\040\000t\000h\000e\000\040\000f\000o\000r\000b\000i\000d\000d\000e\000n\000\040\000o\000p\000t\000i\000m\000u\000m\000\040\000a\000n\000d\000\040\000g\000e\000o\000m\000e\000t\000r\000i\000c\000\040\000f\000r\000u\000s\000t\000r\000a\000t\000i\000o\000n}{}% 19
\BOOKMARK [1][-]{section.8}{\376\377\000F\000r\000u\000s\000t\000r\000a\000t\000i\000o\000n\000-\000c\000o\000r\000r\000e\000c\000t\000e\000d\000\040\000G\000e\000i\000g\000e\000r\040\023\000N\000u\000t\000t\000a\000l\000l\000\040\000l\000a\000w\000\040\000\050\000V\0007\000.\0008\000\040\000M\0002\000\040\000m\000o\000d\000e\000l\000\051}{}% 20
\BOOKMARK [2][-]{subsection.8.1}{\376\377\000B\000a\000s\000e\000l\000i\000n\000e\000:\000\040\000s\000t\000a\000n\000d\000a\000r\000d\000\040\000G\000e\000i\000g\000e\000r\040\023\000N\000u\000t\000t\000a\000l\000l\000\040\000\050\000[\000B\000L\000]\000\051}{section.8}% 21
\BOOKMARK [2][-]{subsection.8.2}{\376\377\000C\000o\000r\000r\000e\000c\000t\000i\000o\000n\000:\000\040\000d\000i\000r\000e\000c\000t\000\040\000c\000o\000o\000r\000d\000i\000n\000a\000t\000i\000o\000n\000\040\000d\000i\000s\000t\000a\000n\000c\000e\000\040\000p\000r\000o\000x\000y\000\040\000\050\000[\000I\000]\000/\000[\000C\000a\000l\000]\000\051}{section.8}% 22
\BOOKMARK [2][-]{subsection.8.3}{\376\377\000F\000i\000t\000t\000e\000d\000\040\000c\000o\000e\000f\000f\000i\000c\000i\000e\000n\000t\000s\000\040\000\050\000V\0007\000.\0008\000\040\000M\0002\000,\000\040\000r\000e\000f\000i\000t\000t\000e\000d\000\040\000w\000i\000t\000h\000\040\000p\000=\0006\000.\0001\000\051\000\040\000[\000C\000a\000l\000]}{section.8}% 23
\BOOKMARK [2][-]{subsection.8.4}{\376\377\000R\000e\000l\000a\000t\000i\000o\000n\000s\000h\000i\000p\000\040\000t\000o\000\040\000f\000\040\000\050\000i\000n\000t\000e\000r\000p\000r\000e\000t\000i\000v\000e\000\040\000m\000a\000p\000p\000i\000n\000g\000\051}{section.8}% 24
\BOOKMARK [2][-]{subsection.8.5}{\376\377\000W\000o\000r\000k\000e\000d\000\040\000e\000x\000a\000m\000p\000l\000e\000s\000:\000\040\000i\000c\000o\000n\000i\000c\000\040\000n\000u\000c\000l\000e\000i\000\040\000f\000r\000o\000m\000\040\000t\000h\000e\000\040\000A\000L\000P\000H\000A\0001\0000\0000\000\040\000d\000a\000t\000a\000s\000e\000t}{section.8}% 25
\BOOKMARK [2][-]{subsection.8.6}{\376\377\000V\0007\000.\0008\000\040\000M\0002\000\040\000p\000r\000e\000d\000i\000c\000t\000i\000o\000n\000s\000\040\000f\000o\000r\000\040\000h\000e\000a\000v\000y\000\040\000n\000u\000c\000l\000e\000i\000\040\000\050\000i\000n\000-\000s\000a\000m\000p\000l\000e\000\051}{section.8}% 26
\BOOKMARK [2][-]{subsection.8.7}{\376\377\000O\000u\000t\000-\000o\000f\000-\000s\000a\000m\000p\000l\000e\000\040\000v\000a\000l\000i\000d\000a\000t\000i\000o\000n\000:\000\040\000s\000u\000p\000e\000r\000h\000e\000a\000v\000y\000\040\000e\000l\000e\000m\000e\000n\000t\000s\000\040\000\050\000Z\000\040\0001\0001\0004\000\051}{section.8}% 27
\BOOKMARK [2][-]{subsection.8.8}{\376\377\000P\000r\000e\000f\000a\000c\000t\000o\000r\000\040\000v\000a\000l\000i\000d\000a\000t\000i\000o\000n\000\040\000\050\000[\000C\000a\000l\000]\000\051}{section.8}% 28
\BOOKMARK [2][-]{subsection.8.9}{\376\377\000V\0007\000.\000x\000\040\000E\000m\000p\000i\000r\000i\000c\000a\000l\000\040\000A\000u\000d\000i\000t\000:\000\040\000F\000u\000l\000l\000\040\000A\000n\000a\000l\000y\000s\000i\000s}{section.8}% 29
\BOOKMARK [3][-]{subsubsection.8.9.1}{\376\377\000V\0007\000.\0004\000\040\000B\000a\000s\000e\000l\000i\000n\000e\000\040\000R\000e\000g\000r\000e\000s\000s\000i\000o\000n\000\040\000[\000D\000c\000]}{subsection.8.9}% 30
\BOOKMARK [3][-]{subsubsection.8.9.2}{\376\377\000V\0007\000.\0005\000\040\000G\000e\000n\000e\000r\000a\000l\000i\000z\000a\000t\000i\000o\000n\000\040\000T\000e\000s\000t\000s\000\040\000[\000D\000c\000]}{subsection.8.9}% 31
\BOOKMARK [3][-]{subsubsection.8.9.3}{\376\377\000V\0007\000.\0006\000\040\000S\000i\000g\000n\000\040\000R\000e\000s\000o\000l\000u\000t\000i\000o\000n\000:\000\040\000P\000r\000e\000f\000a\000c\000t\000o\000r\000\040\000v\000s\000\040\000B\000a\000r\000r\000i\000e\000r\000\040\000[\000D\000c\000]}{subsection.8.9}% 32
\BOOKMARK [3][-]{subsubsection.8.9.4}{\376\377\000V\0007\000.\0007\000\040\000C\000r\000y\000s\000t\000a\000l\000\040\000D\000e\000f\000e\000c\000t\000\040\000A\000n\000a\000l\000o\000g\000y\000\040\000[\000I\000]}{subsection.8.9}% 33
\BOOKMARK [3][-]{subsubsection.8.9.5}{\376\377\000V\0007\000.\0008\000\040\000M\000e\000d\000i\000a\000t\000i\000o\000n\000\040\000A\000n\000a\000l\000y\000s\000i\000s\000\040\000[\000D\000c\000]}{subsection.8.9}% 34
\BOOKMARK [3][-]{subsubsection.8.9.6}{\376\377\000C\000o\000m\000p\000a\000r\000i\000s\000o\000n\000\040\000o\000f\000\040\000f\000\040\000a\000n\000d\000\040\000d\000\050\000n\000\051\000\040\000A\000p\000p\000r\000o\000a\000c\000h\000e\000s}{subsection.8.9}% 35
\BOOKMARK [1][-]{section.9}{\376\377\000P\000h\000y\000s\000i\000c\000a\000l\000\040\000p\000i\000c\000t\000u\000r\000e\000\040\000a\000n\000d\000\040\000t\000h\000e\000\040\000t\000e\000t\000r\000a\000h\000e\000d\000r\000o\000n}{}% 36
\BOOKMARK [2][-]{subsection.9.1}{\376\377\000S\000c\000h\000e\000m\000a\000t\000i\000c\000\040\000v\000i\000e\000w}{section.9}% 37
\BOOKMARK [2][-]{subsection.9.2}{\376\377\000T\000h\000e\000\040\000t\000e\000t\000r\000a\000h\000e\000d\000r\000o\000n\000\040\000a\000s\000\040\000f\000u\000n\000d\000a\000m\000e\000n\000t\000a\000l\000\040\000u\000n\000i\000t}{section.9}% 38
\BOOKMARK [1][-]{section.10}{\376\377\000O\000p\000e\000n\000\040\000q\000u\000e\000s\000t\000i\000o\000n\000s\000\040\000a\000n\000d\000\040\000s\000t\000a\000t\000u\000s\000\040\000t\000r\000a\000c\000k\000i\000n\000g}{}% 39
\BOOKMARK [1][-]{section.11}{\376\377\000E\000p\000i\000s\000t\000e\000m\000o\000l\000o\000g\000i\000c\000a\000l\000\040\000s\000t\000a\000t\000u\000s}{}% 40
\BOOKMARK [1][-]{section.12}{\376\377\000F\000i\000n\000a\000l\000\040\000a\000s\000s\000e\000s\000s\000m\000e\000n\000t}{}% 41
\BOOKMARK [1][-]{section.13}{\376\377\000M\000e\000t\000h\000o\000d\000o\000l\000o\000g\000i\000c\000a\000l\000\040\000n\000o\000t\000e\000s\000:\000\040\000h\000o\000w\000\040\000w\000e\000\040\000g\000o\000t\000\040\000h\000e\000r\000e}{}% 42
\BOOKMARK [2][-]{subsection.13.1}{\376\377\000S\000t\000a\000r\000t\000i\000n\000g\000\040\000p\000o\000i\000n\000t}{section.13}% 43
\BOOKMARK [2][-]{subsection.13.2}{\376\377\000K\000e\000y\000\040\000i\000n\000s\000i\000g\000h\000t\000:\000\040\000t\000o\000p\000o\000l\000o\000g\000i\000c\000a\000l\000\040\000p\000i\000n\000n\000i\000n\000g}{section.13}% 44
\BOOKMARK [2][-]{subsection.13.3}{\376\377\000Q\000u\000a\000n\000t\000i\000f\000i\000c\000a\000t\000i\000o\000n\000\040\000v\000i\000a\000\040\000K}{section.13}% 45
\BOOKMARK [2][-]{subsection.13.4}{\376\377\000H\000e\000-\0004\000\040\000a\000n\000d\000\040\000t\000h\000e\000\040\000t\000e\000t\000r\000a\000h\000e\000d\000r\000o\000n}{section.13}% 46
\BOOKMARK [2][-]{subsection.13.5}{\376\377\000C\000r\000i\000t\000i\000c\000a\000l\000\040\000t\000e\000s\000t\000:\000\040\000B\000e\000-\0008}{section.13}% 47
\BOOKMARK [2][-]{subsection.13.6}{\376\377\000L\000e\000s\000s\000o\000n\000s\000\040\000l\000e\000a\000r\000n\000e\000d}{section.13}% 48
\BOOKMARK [1][-]{section.14}{\376\377\000S\000u\000m\000m\000a\000r\000y\000\040\000\050\000w\000h\000a\000t\000\040\000i\000s\000\040\000s\000o\000l\000i\000d\000\040\000v\000s\000.\000\040\000w\000h\000a\000t\000\040\000i\000s\000\040\000s\000t\000i\000l\000l\000\040\000a\000\040\000b\000e\000t\000\051}{}% 49
\BOOKMARK [1][-]{appendix.A}{\376\377\000A\000p\000p\000e\000n\000d\000i\000x\000:\000\040\000F\000u\000l\000l\000\040\000A\000L\000P\000H\000A\0001\0000\0000\000\040\000d\000a\000t\000a\000s\000e\000t}{}% 50
