This is pdfTeX, Version 3.141592653-2.6-1.40.27 (TeX Live 2025) (preloaded format=pdflatex 2026.1.12)  3 FEB 2026 22:49
entering extended mode
 restricted \write18 enabled.
 %&-line parsing enabled.
**main.tex
(./main.tex
LaTeX2e <2024-11-01> patch level 2
L3 programming layer <2025-01-18>
(/usr/local/texlive/2025/texmf-dist/tex/latex/base/article.cls
Document Class: article 2024/06/29 v1.4n Standard LaTeX document class
(/usr/local/texlive/2025/texmf-dist/tex/latex/base/size11.clo
File: size11.clo 2024/06/29 v1.4n Standard LaTeX file (size option)
)
\c@part=\count196
\c@section=\count197
\c@subsection=\count198
\c@subsubsection=\count199
\c@paragraph=\count266
\c@subparagraph=\count267
\c@figure=\count268
\c@table=\count269
\abovecaptionskip=\skip49
\belowcaptionskip=\skip50
\bibindent=\dimen141
)
(/usr/local/texlive/2025/texmf-dist/tex/latex/base/inputenc.sty
Package: inputenc 2024/02/08 v1.3d Input encoding file
\inpenc@prehook=\toks17
\inpenc@posthook=\toks18
)
(/usr/local/texlive/2025/texmf-dist/tex/latex/base/fontenc.sty
Package: fontenc 2021/04/29 v2.0v Standard LaTeX package
)
(/usr/local/texlive/2025/texmf-dist/tex/latex/amsmath/amsmath.sty
Package: amsmath 2024/11/05 v2.17t AMS math features
\@mathmargin=\skip51

For additional information on amsmath, use the `?' option.
(/usr/local/texlive/2025/texmf-dist/tex/latex/amsmath/amstext.sty
Package: amstext 2021/08/26 v2.01 AMS text

(/usr/local/texlive/2025/texmf-dist/tex/latex/amsmath/amsgen.sty
File: amsgen.sty 1999/11/30 v2.0 generic functions
\@emptytoks=\toks19
\ex@=\dimen142
))
(/usr/local/texlive/2025/texmf-dist/tex/latex/amsmath/amsbsy.sty
Package: amsbsy 1999/11/29 v1.2d Bold Symbols
\pmbraise@=\dimen143
)
(/usr/local/texlive/2025/texmf-dist/tex/latex/amsmath/amsopn.sty
Package: amsopn 2022/04/08 v2.04 operator names
)
\inf@bad=\count270
LaTeX Info: Redefining \frac on input line 233.
\uproot@=\count271
\leftroot@=\count272
LaTeX Info: Redefining \overline on input line 398.
LaTeX Info: Redefining \colon on input line 409.
\classnum@=\count273
\DOTSCASE@=\count274
LaTeX Info: Redefining \ldots on input line 495.
LaTeX Info: Redefining \dots on input line 498.
LaTeX Info: Redefining \cdots on input line 619.
\Mathstrutbox@=\box52
\strutbox@=\box53
LaTeX Info: Redefining \big on input line 721.
LaTeX Info: Redefining \Big on input line 722.
LaTeX Info: Redefining \bigg on input line 723.
LaTeX Info: Redefining \Bigg on input line 724.
\big@size=\dimen144
LaTeX Font Info:    Redeclaring font encoding OML on input line 742.
LaTeX Font Info:    Redeclaring font encoding OMS on input line 743.
\macc@depth=\count275
LaTeX Info: Redefining \bmod on input line 904.
LaTeX Info: Redefining \pmod on input line 909.
LaTeX Info: Redefining \smash on input line 939.
LaTeX Info: Redefining \relbar on input line 969.
LaTeX Info: Redefining \Relbar on input line 970.
\c@MaxMatrixCols=\count276
\dotsspace@=\muskip17
\c@parentequation=\count277
\dspbrk@lvl=\count278
\tag@help=\toks20
\row@=\count279
\column@=\count280
\maxfields@=\count281
\andhelp@=\toks21
\eqnshift@=\dimen145
\alignsep@=\dimen146
\tagshift@=\dimen147
\tagwidth@=\dimen148
\totwidth@=\dimen149
\lineht@=\dimen150
\@envbody=\toks22
\multlinegap=\skip52
\multlinetaggap=\skip53
\mathdisplay@stack=\toks23
LaTeX Info: Redefining \[ on input line 2953.
LaTeX Info: Redefining \] on input line 2954.
)
(/usr/local/texlive/2025/texmf-dist/tex/latex/amsfonts/amssymb.sty
Package: amssymb 2013/01/14 v3.01 AMS font symbols

(/usr/local/texlive/2025/texmf-dist/tex/latex/amsfonts/amsfonts.sty
Package: amsfonts 2013/01/14 v3.01 Basic AMSFonts support
\symAMSa=\mathgroup4
\symAMSb=\mathgroup5
LaTeX Font Info:    Redeclaring math symbol \hbar on input line 98.
LaTeX Font Info:    Overwriting math alphabet `\mathfrak' in version `bold'
(Font)                  U/euf/m/n --> U/euf/b/n on input line 106.
))
(/usr/local/texlive/2025/texmf-dist/tex/latex/amscls/amsthm.sty
Package: amsthm 2020/05/29 v2.20.6
\thm@style=\toks24
\thm@bodyfont=\toks25
\thm@headfont=\toks26
\thm@notefont=\toks27
\thm@headpunct=\toks28
\thm@preskip=\skip54
\thm@postskip=\skip55
\thm@headsep=\skip56
\dth@everypar=\toks29
)
(/usr/local/texlive/2025/texmf-dist/tex/latex/mathtools/mathtools.sty
Package: mathtools 2024/10/04 v1.31 mathematical typesetting tools

(/usr/local/texlive/2025/texmf-dist/tex/latex/graphics/keyval.sty
Package: keyval 2022/05/29 v1.15 key=value parser (DPC)
\KV@toks@=\toks30
)
(/usr/local/texlive/2025/texmf-dist/tex/latex/tools/calc.sty
Package: calc 2023/07/08 v4.3 Infix arithmetic (KKT,FJ)
\calc@Acount=\count282
\calc@Bcount=\count283
\calc@Adimen=\dimen151
\calc@Bdimen=\dimen152
\calc@Askip=\skip57
\calc@Bskip=\skip58
LaTeX Info: Redefining \setlength on input line 80.
LaTeX Info: Redefining \addtolength on input line 81.
\calc@Ccount=\count284
\calc@Cskip=\skip59
)
(/usr/local/texlive/2025/texmf-dist/tex/latex/mathtools/mhsetup.sty
Package: mhsetup 2021/03/18 v1.4 programming setup (MH)
)
\g_MT_multlinerow_int=\count285
\l_MT_multwidth_dim=\dimen153
\origjot=\skip60
\l_MT_shortvdotswithinadjustabove_dim=\dimen154
\l_MT_shortvdotswithinadjustbelow_dim=\dimen155
\l_MT_above_intertext_sep=\dimen156
\l_MT_below_intertext_sep=\dimen157
\l_MT_above_shortintertext_sep=\dimen158
\l_MT_below_shortintertext_sep=\dimen159
\xmathstrut@box=\box54
\xmathstrut@dim=\dimen160
)
(/usr/local/texlive/2025/texmf-dist/tex/latex/geometry/geometry.sty
Package: geometry 2020/01/02 v5.9 Page Geometry

(/usr/local/texlive/2025/texmf-dist/tex/generic/iftex/ifvtex.sty
Package: ifvtex 2019/10/25 v1.7 ifvtex legacy package. Use iftex instead.

(/usr/local/texlive/2025/texmf-dist/tex/generic/iftex/iftex.sty
Package: iftex 2024/12/12 v1.0g TeX engine tests
))
\Gm@cnth=\count286
\Gm@cntv=\count287
\c@Gm@tempcnt=\count288
\Gm@bindingoffset=\dimen161
\Gm@wd@mp=\dimen162
\Gm@odd@mp=\dimen163
\Gm@even@mp=\dimen164
\Gm@layoutwidth=\dimen165
\Gm@layoutheight=\dimen166
\Gm@layouthoffset=\dimen167
\Gm@layoutvoffset=\dimen168
\Gm@dimlist=\toks31
)
(/usr/local/texlive/2025/texmf-dist/tex/latex/hyperref/hyperref.sty
Package: hyperref 2024-11-05 v7.01l Hypertext links for LaTeX

(/usr/local/texlive/2025/texmf-dist/tex/latex/kvsetkeys/kvsetkeys.sty
Package: kvsetkeys 2022-10-05 v1.19 Key value parser (HO)
)
(/usr/local/texlive/2025/texmf-dist/tex/generic/kvdefinekeys/kvdefinekeys.sty
Package: kvdefinekeys 2019-12-19 v1.6 Define keys (HO)
)
(/usr/local/texlive/2025/texmf-dist/tex/generic/pdfescape/pdfescape.sty
Package: pdfescape 2019/12/09 v1.15 Implements pdfTeX's escape features (HO)

(/usr/local/texlive/2025/texmf-dist/tex/generic/ltxcmds/ltxcmds.sty
Package: ltxcmds 2023-12-04 v1.26 LaTeX kernel commands for general use (HO)
)
(/usr/local/texlive/2025/texmf-dist/tex/generic/pdftexcmds/pdftexcmds.sty
Package: pdftexcmds 2020-06-27 v0.33 Utility functions of pdfTeX for LuaTeX (HO
)

(/usr/local/texlive/2025/texmf-dist/tex/generic/infwarerr/infwarerr.sty
Package: infwarerr 2019/12/03 v1.5 Providing info/warning/error messages (HO)
)
Package pdftexcmds Info: \pdf@primitive is available.
Package pdftexcmds Info: \pdf@ifprimitive is available.
Package pdftexcmds Info: \pdfdraftmode found.
))
(/usr/local/texlive/2025/texmf-dist/tex/latex/hycolor/hycolor.sty
Package: hycolor 2020-01-27 v1.10 Color options for hyperref/bookmark (HO)
)
(/usr/local/texlive/2025/texmf-dist/tex/latex/hyperref/nameref.sty
Package: nameref 2023-11-26 v2.56 Cross-referencing by name of section

(/usr/local/texlive/2025/texmf-dist/tex/latex/refcount/refcount.sty
Package: refcount 2019/12/15 v3.6 Data extraction from label references (HO)
)
(/usr/local/texlive/2025/texmf-dist/tex/generic/gettitlestring/gettitlestring.s
ty
Package: gettitlestring 2019/12/15 v1.6 Cleanup title references (HO)
 (/usr/local/texlive/2025/texmf-dist/tex/latex/kvoptions/kvoptions.sty
Package: kvoptions 2022-06-15 v3.15 Key value format for package options (HO)
))
\c@section@level=\count289
)
(/usr/local/texlive/2025/texmf-dist/tex/latex/etoolbox/etoolbox.sty
Package: etoolbox 2025/02/11 v2.5l e-TeX tools for LaTeX (JAW)
\etb@tempcnta=\count290
)
(/usr/local/texlive/2025/texmf-dist/tex/generic/stringenc/stringenc.sty
Package: stringenc 2019/11/29 v1.12 Convert strings between diff. encodings (HO
)
)
\@linkdim=\dimen169
\Hy@linkcounter=\count291
\Hy@pagecounter=\count292

(/usr/local/texlive/2025/texmf-dist/tex/latex/hyperref/pd1enc.def
File: pd1enc.def 2024-11-05 v7.01l Hyperref: PDFDocEncoding definition (HO)
Now handling font encoding PD1 ...
... no UTF-8 mapping file for font encoding PD1
)
(/usr/local/texlive/2025/texmf-dist/tex/generic/intcalc/intcalc.sty
Package: intcalc 2019/12/15 v1.3 Expandable calculations with integers (HO)
)
\Hy@SavedSpaceFactor=\count293

(/usr/local/texlive/2025/texmf-dist/tex/latex/hyperref/puenc.def
File: puenc.def 2024-11-05 v7.01l Hyperref: PDF Unicode definition (HO)
Now handling font encoding PU ...
... no UTF-8 mapping file for font encoding PU
)
Package hyperref Info: Hyper figures OFF on input line 4157.
Package hyperref Info: Link nesting OFF on input line 4162.
Package hyperref Info: Hyper index ON on input line 4165.
Package hyperref Info: Plain pages OFF on input line 4172.
Package hyperref Info: Backreferencing OFF on input line 4177.
Package hyperref Info: Implicit mode ON; LaTeX internals redefined.
Package hyperref Info: Bookmarks ON on input line 4424.
\c@Hy@tempcnt=\count294

(/usr/local/texlive/2025/texmf-dist/tex/latex/url/url.sty
\Urlmuskip=\muskip18
Package: url 2013/09/16  ver 3.4  Verb mode for urls, etc.
)
LaTeX Info: Redefining \url on input line 4763.
\XeTeXLinkMargin=\dimen170

(/usr/local/texlive/2025/texmf-dist/tex/generic/bitset/bitset.sty
Package: bitset 2019/12/09 v1.3 Handle bit-vector datatype (HO)

(/usr/local/texlive/2025/texmf-dist/tex/generic/bigintcalc/bigintcalc.sty
Package: bigintcalc 2019/12/15 v1.5 Expandable calculations on big integers (HO
)
))
\Fld@menulength=\count295
\Field@Width=\dimen171
\Fld@charsize=\dimen172
Package hyperref Info: Hyper figures OFF on input line 6042.
Package hyperref Info: Link nesting OFF on input line 6047.
Package hyperref Info: Hyper index ON on input line 6050.
Package hyperref Info: backreferencing OFF on input line 6057.
Package hyperref Info: Link coloring OFF on input line 6062.
Package hyperref Info: Link coloring with OCG OFF on input line 6067.
Package hyperref Info: PDF/A mode OFF on input line 6072.

(/usr/local/texlive/2025/texmf-dist/tex/latex/base/atbegshi-ltx.sty
Package: atbegshi-ltx 2021/01/10 v1.0c Emulation of the original atbegshi
package with kernel methods
)
\Hy@abspage=\count296
\c@Item=\count297
\c@Hfootnote=\count298
)
Package hyperref Info: Driver (autodetected): hpdftex.

(/usr/local/texlive/2025/texmf-dist/tex/latex/hyperref/hpdftex.def
File: hpdftex.def 2024-11-05 v7.01l Hyperref driver for pdfTeX

(/usr/local/texlive/2025/texmf-dist/tex/latex/base/atveryend-ltx.sty
Package: atveryend-ltx 2020/08/19 v1.0a Emulation of the original atveryend pac
kage
with kernel methods
)
\Fld@listcount=\count299
\c@bookmark@seq@number=\count300

(/usr/local/texlive/2025/texmf-dist/tex/latex/rerunfilecheck/rerunfilecheck.sty
Package: rerunfilecheck 2022-07-10 v1.10 Rerun checks for auxiliary files (HO)

(/usr/local/texlive/2025/texmf-dist/tex/generic/uniquecounter/uniquecounter.sty
Package: uniquecounter 2019/12/15 v1.4 Provide unlimited unique counter (HO)
)
Package uniquecounter Info: New unique counter `rerunfilecheck' on input line 2
85.
)
\Hy@SectionHShift=\skip61
) (/usr/local/texlive/2025/texmf-dist/tex/latex/cleveref/cleveref.sty
Package: cleveref 2018/03/27 v0.21.4 Intelligent cross-referencing
Package cleveref Info: `hyperref' support loaded on input line 2370.
LaTeX Info: Redefining \cref on input line 2370.
LaTeX Info: Redefining \Cref on input line 2370.
LaTeX Info: Redefining \crefrange on input line 2370.
LaTeX Info: Redefining \Crefrange on input line 2370.
LaTeX Info: Redefining \cpageref on input line 2370.
LaTeX Info: Redefining \Cpageref on input line 2370.
LaTeX Info: Redefining \cpagerefrange on input line 2370.
LaTeX Info: Redefining \Cpagerefrange on input line 2370.
LaTeX Info: Redefining \labelcref on input line 2370.
LaTeX Info: Redefining \labelcpageref on input line 2370.
Package cleveref Info: `amsthm' support loaded on input line 3026.
)
(/usr/local/texlive/2025/texmf-dist/tex/latex/booktabs/booktabs.sty
Package: booktabs 2020/01/12 v1.61803398 Publication quality tables
\heavyrulewidth=\dimen173
\lightrulewidth=\dimen174
\cmidrulewidth=\dimen175
\belowrulesep=\dimen176
\belowbottomsep=\dimen177
\aboverulesep=\dimen178
\abovetopsep=\dimen179
\cmidrulesep=\dimen180
\cmidrulekern=\dimen181
\defaultaddspace=\dimen182
\@cmidla=\count301
\@cmidlb=\count302
\@aboverulesep=\dimen183
\@belowrulesep=\dimen184
\@thisruleclass=\count303
\@lastruleclass=\count304
\@thisrulewidth=\dimen185
)
(/usr/local/texlive/2025/texmf-dist/tex/latex/tools/array.sty
Package: array 2024/10/17 v2.6g Tabular extension package (FMi)
\col@sep=\dimen186
\ar@mcellbox=\box55
\extrarowheight=\dimen187
\NC@list=\toks32
\extratabsurround=\skip62
\backup@length=\skip63
\ar@cellbox=\box56
)
(/usr/local/texlive/2025/texmf-dist/tex/latex/tools/longtable.sty
Package: longtable 2024-10-27 v4.22 Multi-page Table package (DPC)
\LTleft=\skip64
\LTright=\skip65
\LTpre=\skip66
\LTpost=\skip67
\LTchunksize=\count305
\LTcapwidth=\dimen188
\LT@head=\box57
\LT@firsthead=\box58
\LT@foot=\box59
\LT@lastfoot=\box60
\LT@gbox=\box61
\LT@cols=\count306
\LT@rows=\count307
\c@LT@tables=\count308
\c@LT@chunks=\count309
\LT@p@ftn=\toks33
)
(/usr/local/texlive/2025/texmf-dist/tex/latex/pgf/frontendlayer/tikz.sty
(/usr/local/texlive/2025/texmf-dist/tex/latex/pgf/basiclayer/pgf.sty
(/usr/local/texlive/2025/texmf-dist/tex/latex/pgf/utilities/pgfrcs.sty
(/usr/local/texlive/2025/texmf-dist/tex/generic/pgf/utilities/pgfutil-common.te
x
\pgfutil@everybye=\toks34
\pgfutil@tempdima=\dimen189
\pgfutil@tempdimb=\dimen190
)
(/usr/local/texlive/2025/texmf-dist/tex/generic/pgf/utilities/pgfutil-latex.def
\pgfutil@abb=\box62
) (/usr/local/texlive/2025/texmf-dist/tex/generic/pgf/utilities/pgfrcs.code.tex
(/usr/local/texlive/2025/texmf-dist/tex/generic/pgf/pgf.revision.tex)
Package: pgfrcs 2023-01-15 v3.1.10 (3.1.10)
))
Package: pgf 2023-01-15 v3.1.10 (3.1.10)

(/usr/local/texlive/2025/texmf-dist/tex/latex/pgf/basiclayer/pgfcore.sty
(/usr/local/texlive/2025/texmf-dist/tex/latex/graphics/graphicx.sty
Package: graphicx 2021/09/16 v1.2d Enhanced LaTeX Graphics (DPC,SPQR)

(/usr/local/texlive/2025/texmf-dist/tex/latex/graphics/graphics.sty
Package: graphics 2024/08/06 v1.4g Standard LaTeX Graphics (DPC,SPQR)

(/usr/local/texlive/2025/texmf-dist/tex/latex/graphics/trig.sty
Package: trig 2023/12/02 v1.11 sin cos tan (DPC)
)
(/usr/local/texlive/2025/texmf-dist/tex/latex/graphics-cfg/graphics.cfg
File: graphics.cfg 2016/06/04 v1.11 sample graphics configuration
)
Package graphics Info: Driver file: pdftex.def on input line 106.

(/usr/local/texlive/2025/texmf-dist/tex/latex/graphics-def/pdftex.def
File: pdftex.def 2024/04/13 v1.2c Graphics/color driver for pdftex
))
\Gin@req@height=\dimen191
\Gin@req@width=\dimen192
)
(/usr/local/texlive/2025/texmf-dist/tex/latex/pgf/systemlayer/pgfsys.sty
(/usr/local/texlive/2025/texmf-dist/tex/generic/pgf/systemlayer/pgfsys.code.tex
Package: pgfsys 2023-01-15 v3.1.10 (3.1.10)
(/usr/local/texlive/2025/texmf-dist/tex/generic/pgf/utilities/pgfkeys.code.tex
\pgfkeys@pathtoks=\toks35
\pgfkeys@temptoks=\toks36

(/usr/local/texlive/2025/texmf-dist/tex/generic/pgf/utilities/pgfkeyslibraryfil
tered.code.tex
\pgfkeys@tmptoks=\toks37
))
\pgf@x=\dimen193
\pgf@y=\dimen194
\pgf@xa=\dimen195
\pgf@ya=\dimen196
\pgf@xb=\dimen197
\pgf@yb=\dimen198
\pgf@xc=\dimen199
\pgf@yc=\dimen256
\pgf@xd=\dimen257
\pgf@yd=\dimen258
\w@pgf@writea=\write3
\r@pgf@reada=\read2
\c@pgf@counta=\count310
\c@pgf@countb=\count311
\c@pgf@countc=\count312
\c@pgf@countd=\count313
\t@pgf@toka=\toks38
\t@pgf@tokb=\toks39
\t@pgf@tokc=\toks40
\pgf@sys@id@count=\count314

(/usr/local/texlive/2025/texmf-dist/tex/generic/pgf/systemlayer/pgf.cfg
File: pgf.cfg 2023-01-15 v3.1.10 (3.1.10)
)
Driver file for pgf: pgfsys-pdftex.def

(/usr/local/texlive/2025/texmf-dist/tex/generic/pgf/systemlayer/pgfsys-pdftex.d
ef
File: pgfsys-pdftex.def 2023-01-15 v3.1.10 (3.1.10)

(/usr/local/texlive/2025/texmf-dist/tex/generic/pgf/systemlayer/pgfsys-common-p
df.def
File: pgfsys-common-pdf.def 2023-01-15 v3.1.10 (3.1.10)
)))
(/usr/local/texlive/2025/texmf-dist/tex/generic/pgf/systemlayer/pgfsyssoftpath.
code.tex
File: pgfsyssoftpath.code.tex 2023-01-15 v3.1.10 (3.1.10)
\pgfsyssoftpath@smallbuffer@items=\count315
\pgfsyssoftpath@bigbuffer@items=\count316
)
(/usr/local/texlive/2025/texmf-dist/tex/generic/pgf/systemlayer/pgfsysprotocol.
code.tex
File: pgfsysprotocol.code.tex 2023-01-15 v3.1.10 (3.1.10)
)) (/usr/local/texlive/2025/texmf-dist/tex/latex/xcolor/xcolor.sty
Package: xcolor 2024/09/29 v3.02 LaTeX color extensions (UK)

(/usr/local/texlive/2025/texmf-dist/tex/latex/graphics-cfg/color.cfg
File: color.cfg 2016/01/02 v1.6 sample color configuration
)
Package xcolor Info: Driver file: pdftex.def on input line 274.

(/usr/local/texlive/2025/texmf-dist/tex/latex/graphics/mathcolor.ltx)
Package xcolor Info: Model `cmy' substituted by `cmy0' on input line 1349.
Package xcolor Info: Model `hsb' substituted by `rgb' on input line 1353.
Package xcolor Info: Model `RGB' extended on input line 1365.
Package xcolor Info: Model `HTML' substituted by `rgb' on input line 1367.
Package xcolor Info: Model `Hsb' substituted by `hsb' on input line 1368.
Package xcolor Info: Model `tHsb' substituted by `hsb' on input line 1369.
Package xcolor Info: Model `HSB' substituted by `hsb' on input line 1370.
Package xcolor Info: Model `Gray' substituted by `gray' on input line 1371.
Package xcolor Info: Model `wave' substituted by `hsb' on input line 1372.
)
(/usr/local/texlive/2025/texmf-dist/tex/generic/pgf/basiclayer/pgfcore.code.tex
Package: pgfcore 2023-01-15 v3.1.10 (3.1.10)
(/usr/local/texlive/2025/texmf-dist/tex/generic/pgf/math/pgfmath.code.tex
(/usr/local/texlive/2025/texmf-dist/tex/generic/pgf/math/pgfmathutil.code.tex)
(/usr/local/texlive/2025/texmf-dist/tex/generic/pgf/math/pgfmathparser.code.tex
\pgfmath@dimen=\dimen259
\pgfmath@count=\count317
\pgfmath@box=\box63
\pgfmath@toks=\toks41
\pgfmath@stack@operand=\toks42
\pgfmath@stack@operation=\toks43
)
(/usr/local/texlive/2025/texmf-dist/tex/generic/pgf/math/pgfmathfunctions.code.
tex)
(/usr/local/texlive/2025/texmf-dist/tex/generic/pgf/math/pgfmathfunctions.basic
.code.tex)
(/usr/local/texlive/2025/texmf-dist/tex/generic/pgf/math/pgfmathfunctions.trigo
nometric.code.tex)
(/usr/local/texlive/2025/texmf-dist/tex/generic/pgf/math/pgfmathfunctions.rando
m.code.tex)
(/usr/local/texlive/2025/texmf-dist/tex/generic/pgf/math/pgfmathfunctions.compa
rison.code.tex)
(/usr/local/texlive/2025/texmf-dist/tex/generic/pgf/math/pgfmathfunctions.base.
code.tex)
(/usr/local/texlive/2025/texmf-dist/tex/generic/pgf/math/pgfmathfunctions.round
.code.tex)
(/usr/local/texlive/2025/texmf-dist/tex/generic/pgf/math/pgfmathfunctions.misc.
code.tex)
(/usr/local/texlive/2025/texmf-dist/tex/generic/pgf/math/pgfmathfunctions.integ
erarithmetics.code.tex)
(/usr/local/texlive/2025/texmf-dist/tex/generic/pgf/math/pgfmathcalc.code.tex)
(/usr/local/texlive/2025/texmf-dist/tex/generic/pgf/math/pgfmathfloat.code.tex
\c@pgfmathroundto@lastzeros=\count318
)) (/usr/local/texlive/2025/texmf-dist/tex/generic/pgf/math/pgfint.code.tex)
(/usr/local/texlive/2025/texmf-dist/tex/generic/pgf/basiclayer/pgfcorepoints.co
de.tex
File: pgfcorepoints.code.tex 2023-01-15 v3.1.10 (3.1.10)
\pgf@picminx=\dimen260
\pgf@picmaxx=\dimen261
\pgf@picminy=\dimen262
\pgf@picmaxy=\dimen263
\pgf@pathminx=\dimen264
\pgf@pathmaxx=\dimen265
\pgf@pathminy=\dimen266
\pgf@pathmaxy=\dimen267
\pgf@xx=\dimen268
\pgf@xy=\dimen269
\pgf@yx=\dimen270
\pgf@yy=\dimen271
\pgf@zx=\dimen272
\pgf@zy=\dimen273
)
(/usr/local/texlive/2025/texmf-dist/tex/generic/pgf/basiclayer/pgfcorepathconst
ruct.code.tex
File: pgfcorepathconstruct.code.tex 2023-01-15 v3.1.10 (3.1.10)
\pgf@path@lastx=\dimen274
\pgf@path@lasty=\dimen275
)
(/usr/local/texlive/2025/texmf-dist/tex/generic/pgf/basiclayer/pgfcorepathusage
.code.tex
File: pgfcorepathusage.code.tex 2023-01-15 v3.1.10 (3.1.10)
\pgf@shorten@end@additional=\dimen276
\pgf@shorten@start@additional=\dimen277
)
(/usr/local/texlive/2025/texmf-dist/tex/generic/pgf/basiclayer/pgfcorescopes.co
de.tex
File: pgfcorescopes.code.tex 2023-01-15 v3.1.10 (3.1.10)
\pgfpic=\box64
\pgf@hbox=\box65
\pgf@layerbox@main=\box66
\pgf@picture@serial@count=\count319
)
(/usr/local/texlive/2025/texmf-dist/tex/generic/pgf/basiclayer/pgfcoregraphicst
ate.code.tex
File: pgfcoregraphicstate.code.tex 2023-01-15 v3.1.10 (3.1.10)
\pgflinewidth=\dimen278
)
(/usr/local/texlive/2025/texmf-dist/tex/generic/pgf/basiclayer/pgfcoretransform
ations.code.tex
File: pgfcoretransformations.code.tex 2023-01-15 v3.1.10 (3.1.10)
\pgf@pt@x=\dimen279
\pgf@pt@y=\dimen280
\pgf@pt@temp=\dimen281
)
(/usr/local/texlive/2025/texmf-dist/tex/generic/pgf/basiclayer/pgfcorequick.cod
e.tex
File: pgfcorequick.code.tex 2023-01-15 v3.1.10 (3.1.10)
)
(/usr/local/texlive/2025/texmf-dist/tex/generic/pgf/basiclayer/pgfcoreobjects.c
ode.tex
File: pgfcoreobjects.code.tex 2023-01-15 v3.1.10 (3.1.10)
)
(/usr/local/texlive/2025/texmf-dist/tex/generic/pgf/basiclayer/pgfcorepathproce
ssing.code.tex
File: pgfcorepathprocessing.code.tex 2023-01-15 v3.1.10 (3.1.10)
)
(/usr/local/texlive/2025/texmf-dist/tex/generic/pgf/basiclayer/pgfcorearrows.co
de.tex
File: pgfcorearrows.code.tex 2023-01-15 v3.1.10 (3.1.10)
\pgfarrowsep=\dimen282
)
(/usr/local/texlive/2025/texmf-dist/tex/generic/pgf/basiclayer/pgfcoreshade.cod
e.tex
File: pgfcoreshade.code.tex 2023-01-15 v3.1.10 (3.1.10)
\pgf@max=\dimen283
\pgf@sys@shading@range@num=\count320
\pgf@shadingcount=\count321
)
(/usr/local/texlive/2025/texmf-dist/tex/generic/pgf/basiclayer/pgfcoreimage.cod
e.tex
File: pgfcoreimage.code.tex 2023-01-15 v3.1.10 (3.1.10)
)
(/usr/local/texlive/2025/texmf-dist/tex/generic/pgf/basiclayer/pgfcoreexternal.
code.tex
File: pgfcoreexternal.code.tex 2023-01-15 v3.1.10 (3.1.10)
\pgfexternal@startupbox=\box67
)
(/usr/local/texlive/2025/texmf-dist/tex/generic/pgf/basiclayer/pgfcorelayers.co
de.tex
File: pgfcorelayers.code.tex 2023-01-15 v3.1.10 (3.1.10)
)
(/usr/local/texlive/2025/texmf-dist/tex/generic/pgf/basiclayer/pgfcoretranspare
ncy.code.tex
File: pgfcoretransparency.code.tex 2023-01-15 v3.1.10 (3.1.10)
)
(/usr/local/texlive/2025/texmf-dist/tex/generic/pgf/basiclayer/pgfcorepatterns.
code.tex
File: pgfcorepatterns.code.tex 2023-01-15 v3.1.10 (3.1.10)
)
(/usr/local/texlive/2025/texmf-dist/tex/generic/pgf/basiclayer/pgfcorerdf.code.
tex
File: pgfcorerdf.code.tex 2023-01-15 v3.1.10 (3.1.10)
)))
(/usr/local/texlive/2025/texmf-dist/tex/generic/pgf/modules/pgfmoduleshapes.cod
e.tex
File: pgfmoduleshapes.code.tex 2023-01-15 v3.1.10 (3.1.10)
\pgfnodeparttextbox=\box68
)
(/usr/local/texlive/2025/texmf-dist/tex/generic/pgf/modules/pgfmoduleplot.code.
tex
File: pgfmoduleplot.code.tex 2023-01-15 v3.1.10 (3.1.10)
)
(/usr/local/texlive/2025/texmf-dist/tex/latex/pgf/compatibility/pgfcomp-version
-0-65.sty
Package: pgfcomp-version-0-65 2023-01-15 v3.1.10 (3.1.10)
\pgf@nodesepstart=\dimen284
\pgf@nodesepend=\dimen285
)
(/usr/local/texlive/2025/texmf-dist/tex/latex/pgf/compatibility/pgfcomp-version
-1-18.sty
Package: pgfcomp-version-1-18 2023-01-15 v3.1.10 (3.1.10)
))
(/usr/local/texlive/2025/texmf-dist/tex/latex/pgf/utilities/pgffor.sty
(/usr/local/texlive/2025/texmf-dist/tex/latex/pgf/utilities/pgfkeys.sty
(/usr/local/texlive/2025/texmf-dist/tex/generic/pgf/utilities/pgfkeys.code.tex)
) (/usr/local/texlive/2025/texmf-dist/tex/latex/pgf/math/pgfmath.sty
(/usr/local/texlive/2025/texmf-dist/tex/generic/pgf/math/pgfmath.code.tex))
(/usr/local/texlive/2025/texmf-dist/tex/generic/pgf/utilities/pgffor.code.tex
Package: pgffor 2023-01-15 v3.1.10 (3.1.10)
\pgffor@iter=\dimen286
\pgffor@skip=\dimen287
\pgffor@stack=\toks44
\pgffor@toks=\toks45
))
(/usr/local/texlive/2025/texmf-dist/tex/generic/pgf/frontendlayer/tikz/tikz.cod
e.tex
Package: tikz 2023-01-15 v3.1.10 (3.1.10)

(/usr/local/texlive/2025/texmf-dist/tex/generic/pgf/libraries/pgflibraryplothan
dlers.code.tex
File: pgflibraryplothandlers.code.tex 2023-01-15 v3.1.10 (3.1.10)
\pgf@plot@mark@count=\count322
\pgfplotmarksize=\dimen288
)
\tikz@lastx=\dimen289
\tikz@lasty=\dimen290
\tikz@lastxsaved=\dimen291
\tikz@lastysaved=\dimen292
\tikz@lastmovetox=\dimen293
\tikz@lastmovetoy=\dimen294
\tikzleveldistance=\dimen295
\tikzsiblingdistance=\dimen296
\tikz@figbox=\box69
\tikz@figbox@bg=\box70
\tikz@tempbox=\box71
\tikz@tempbox@bg=\box72
\tikztreelevel=\count323
\tikznumberofchildren=\count324
\tikznumberofcurrentchild=\count325
\tikz@fig@count=\count326

(/usr/local/texlive/2025/texmf-dist/tex/generic/pgf/modules/pgfmodulematrix.cod
e.tex
File: pgfmodulematrix.code.tex 2023-01-15 v3.1.10 (3.1.10)
\pgfmatrixcurrentrow=\count327
\pgfmatrixcurrentcolumn=\count328
\pgf@matrix@numberofcolumns=\count329
)
\tikz@expandcount=\count330

(/usr/local/texlive/2025/texmf-dist/tex/generic/pgf/frontendlayer/tikz/librarie
s/tikzlibrarytopaths.code.tex
File: tikzlibrarytopaths.code.tex 2023-01-15 v3.1.10 (3.1.10)
)))
(/usr/local/texlive/2025/texmf-dist/tex/generic/pgf/libraries/pgflibraryarrows.
meta.code.tex
File: pgflibraryarrows.meta.code.tex 2023-01-15 v3.1.10 (3.1.10)
\pgfarrowinset=\dimen297
\pgfarrowlength=\dimen298
\pgfarrowwidth=\dimen299
\pgfarrowlinewidth=\dimen300
)
(/usr/local/texlive/2025/texmf-dist/tex/generic/pgf/frontendlayer/tikz/librarie
s/tikzlibrarypositioning.code.tex
File: tikzlibrarypositioning.code.tex 2023-01-15 v3.1.10 (3.1.10)
)
(/usr/local/texlive/2025/texmf-dist/tex/generic/pgf/frontendlayer/tikz/librarie
s/tikzlibraryshapes.geometric.code.tex
File: tikzlibraryshapes.geometric.code.tex 2023-01-15 v3.1.10 (3.1.10)

(/usr/local/texlive/2025/texmf-dist/tex/generic/pgf/libraries/shapes/pgflibrary
shapes.geometric.code.tex
File: pgflibraryshapes.geometric.code.tex 2023-01-15 v3.1.10 (3.1.10)
))
(/usr/local/texlive/2025/texmf-dist/tex/generic/pgf/frontendlayer/tikz/librarie
s/tikzlibrarycalc.code.tex
File: tikzlibrarycalc.code.tex 2023-01-15 v3.1.10 (3.1.10)
)
(/usr/local/texlive/2025/texmf-dist/tex/generic/pgf/frontendlayer/tikz/librarie
s/tikzlibrarydecorations.pathreplacing.code.tex
(/usr/local/texlive/2025/texmf-dist/tex/generic/pgf/frontendlayer/tikz/librarie
s/tikzlibrarydecorations.code.tex
(/usr/local/texlive/2025/texmf-dist/tex/generic/pgf/modules/pgfmoduledecoration
s.code.tex
\pgfdecoratedcompleteddistance=\dimen301
\pgfdecoratedremainingdistance=\dimen302
\pgfdecoratedinputsegmentcompleteddistance=\dimen303
\pgfdecoratedinputsegmentremainingdistance=\dimen304
\pgf@decorate@distancetomove=\dimen305
\pgf@decorate@repeatstate=\count331
\pgfdecorationsegmentamplitude=\dimen306
\pgfdecorationsegmentlength=\dimen307
)
\tikz@lib@dec@box=\box73
)
(/usr/local/texlive/2025/texmf-dist/tex/generic/pgf/libraries/decorations/pgfli
brarydecorations.pathreplacing.code.tex))
(/usr/local/texlive/2025/texmf-dist/tex/latex/tcolorbox/tcolorbox.sty
Package: tcolorbox 2024/10/22 version 6.4.1 text color boxes

(/usr/local/texlive/2025/texmf-dist/tex/latex/tools/verbatim.sty
Package: verbatim 2024-01-22 v1.5x LaTeX2e package for verbatim enhancements
\every@verbatim=\toks46
\verbatim@line=\toks47
\verbatim@in@stream=\read3
)
(/usr/local/texlive/2025/texmf-dist/tex/latex/environ/environ.sty
Package: environ 2014/05/04 v0.3 A new way to define environments

(/usr/local/texlive/2025/texmf-dist/tex/latex/trimspaces/trimspaces.sty
Package: trimspaces 2009/09/17 v1.1 Trim spaces around a token list
))
\tcb@titlebox=\box74
\tcb@upperbox=\box75
\tcb@lowerbox=\box76
\tcb@phantombox=\box77
\c@tcbbreakpart=\count332
\c@tcblayer=\count333
\c@tcolorbox@number=\count334
\l__tcobox_tmpa_box=\box78
\l__tcobox_tmpa_dim=\dimen308
\tcb@temp=\box79
\tcb@temp=\box80
\tcb@temp=\box81
\tcb@temp=\box82
)
(/usr/local/texlive/2025/texmf-dist/tex/latex/tcolorbox/tcbtheorems.code.tex
Library (tcolorbox): 'tcbtheorems.code.tex' version '6.4.1'
) (/usr/local/texlive/2025/texmf-dist/tex/latex/tcolorbox/tcbskins.code.tex
Library (tcolorbox): 'tcbskins.code.tex' version '6.4.1'
(/usr/local/texlive/2025/texmf-dist/tex/latex/tikzfill/tikzfill.image.sty
Package: tikzfill.image 2023/08/08 v1.0.1 Image filling library for TikZ

(/usr/local/texlive/2025/texmf-dist/tex/latex/tikzfill/tikzfill-common.sty
Package: tikzfill-common 2023/08/08 v1.0.1 Auxiliary code for tikzfill
)
(/usr/local/texlive/2025/texmf-dist/tex/latex/tikzfill/tikzlibraryfill.image.co
de.tex
File: tikzlibraryfill.image.code.tex 2023/08/08 v1.0.1 Image filling library
\l__tikzfill_img_box=\box83
))
(/usr/local/texlive/2025/texmf-dist/tex/latex/tcolorbox/tcbskinsjigsaw.code.tex
Library (tcolorbox): 'tcbskinsjigsaw.code.tex' version '6.4.1'
))
(/usr/local/texlive/2025/texmf-dist/tex/latex/tcolorbox/tcbbreakable.code.tex
Library (tcolorbox): 'tcbbreakable.code.tex' version '6.4.1'
(/usr/local/texlive/2025/texmf-dist/tex/latex/pdfcol/pdfcol.sty
Package: pdfcol 2022-09-21 v1.7 Handle new color stacks for pdfTeX (HO)
)
Package pdfcol Info: New color stack `tcb@breakable' = 1 on input line 23.
\tcb@testbox=\box84
\tcb@totalupperbox=\box85
\tcb@totallowerbox=\box86
)
(/usr/local/texlive/2025/texmf-dist/tex/latex/enumitem/enumitem.sty
Package: enumitem 2025/02/06 v3.11 Customized lists
\labelindent=\skip68
\enit@outerparindent=\dimen309
\enit@toks=\toks48
\enit@inbox=\box87
\enit@count@id=\count335
\enitdp@description=\count336
)
Package hyperref Info: Option `colorlinks' set `true' on input line 26.
\c@theorem=\count337


! LaTeX Error: Command \openbox already defined.
               Or name \end... illegal, see p.192 of the manual.

See the LaTeX manual or LaTeX Companion for explanation.
Type  H <return>  for immediate help.
 ...                                              
                                                  
l.59 }
      
Your command was ignored.
Type  I <command> <return>  to replace it with another command,
or  <return>  to continue without it.

(/usr/local/texlive/2025/texmf-dist/tex/latex/l3backend/l3backend-pdftex.def
File: l3backend-pdftex.def 2024-05-08 L3 backend support: PDF output (pdfTeX)
\l__color_backend_stack_int=\count338
\l__pdf_internal_box=\box88
)
(./main.aux)
\openout1 = `main.aux'.

LaTeX Font Info:    Checking defaults for OML/cmm/m/it on input line 88.
LaTeX Font Info:    ... okay on input line 88.
LaTeX Font Info:    Checking defaults for OMS/cmsy/m/n on input line 88.
LaTeX Font Info:    ... okay on input line 88.
LaTeX Font Info:    Checking defaults for OT1/cmr/m/n on input line 88.
LaTeX Font Info:    ... okay on input line 88.
LaTeX Font Info:    Checking defaults for T1/cmr/m/n on input line 88.
LaTeX Font Info:    ... okay on input line 88.
LaTeX Font Info:    Checking defaults for TS1/cmr/m/n on input line 88.
LaTeX Font Info:    ... okay on input line 88.
LaTeX Font Info:    Checking defaults for OMX/cmex/m/n on input line 88.
LaTeX Font Info:    ... okay on input line 88.
LaTeX Font Info:    Checking defaults for U/cmr/m/n on input line 88.
LaTeX Font Info:    ... okay on input line 88.
LaTeX Font Info:    Checking defaults for PD1/pdf/m/n on input line 88.
LaTeX Font Info:    ... okay on input line 88.
LaTeX Font Info:    Checking defaults for PU/pdf/m/n on input line 88.
LaTeX Font Info:    ... okay on input line 88.

*geometry* driver: auto-detecting
*geometry* detected driver: pdftex
*geometry* verbose mode - [ preamble ] result:
* driver: pdftex
* paper: a4paper
* layout: <same size as paper>
* layoutoffset:(h,v)=(0.0pt,0.0pt)
* modes: 
* h-part:(L,W,R)=(72.26999pt, 452.9679pt, 72.26999pt)
* v-part:(T,H,B)=(72.26999pt, 700.50687pt, 72.26999pt)
* \paperwidth=597.50787pt
* \paperheight=845.04684pt
* \textwidth=452.9679pt
* \textheight=700.50687pt
* \oddsidemargin=0.0pt
* \evensidemargin=0.0pt
* \topmargin=-37.0pt
* \headheight=12.0pt
* \headsep=25.0pt
* \topskip=11.0pt
* \footskip=30.0pt
* \marginparwidth=50.0pt
* \marginparsep=10.0pt
* \columnsep=10.0pt
* \skip\footins=10.0pt plus 4.0pt minus 2.0pt
* \hoffset=0.0pt
* \voffset=0.0pt
* \mag=1000
* \@twocolumnfalse
* \@twosidefalse
* \@mparswitchfalse
* \@reversemarginfalse
* (1in=72.27pt=25.4mm, 1cm=28.453pt)

Package hyperref Info: Link coloring ON on input line 88.
(./main.out) (./main.out)
\@outlinefile=\write4
\openout4 = `main.out'.


(/usr/local/texlive/2025/texmf-dist/tex/context/base/mkii/supp-pdf.mkii
[Loading MPS to PDF converter (version 2006.09.02).]
\scratchcounter=\count339
\scratchdimen=\dimen310
\scratchbox=\box89
\nofMPsegments=\count340
\nofMParguments=\count341
\everyMPshowfont=\toks49
\MPscratchCnt=\count342
\MPscratchDim=\dimen311
\MPnumerator=\count343
\makeMPintoPDFobject=\count344
\everyMPtoPDFconversion=\toks50
) (/usr/local/texlive/2025/texmf-dist/tex/latex/epstopdf-pkg/epstopdf-base.sty
Package: epstopdf-base 2020-01-24 v2.11 Base part for package epstopdf
Package epstopdf-base Info: Redefining graphics rule for `.eps' on input line 4
85.

(/usr/local/texlive/2025/texmf-dist/tex/latex/latexconfig/epstopdf-sys.cfg
File: epstopdf-sys.cfg 2010/07/13 v1.3 Configuration of (r)epstopdf for TeX Liv
e
))
LaTeX Font Info:    Trying to load font information for U+msa on input line 91.


(/usr/local/texlive/2025/texmf-dist/tex/latex/amsfonts/umsa.fd
File: umsa.fd 2013/01/14 v3.01 AMS symbols A
)
LaTeX Font Info:    Trying to load font information for U+msb on input line 91.


(/usr/local/texlive/2025/texmf-dist/tex/latex/amsfonts/umsb.fd
File: umsb.fd 2013/01/14 v3.01 AMS symbols B
) (./main.toc

[1

{/usr/local/texlive/2025/texmf-var/fonts/map/pdftex/updmap/pdftex.map}{/usr/loc
al/texlive/2025/texmf-dist/fonts/enc/dvips/cm-super/cm-super-t1.enc}]

! LaTeX Error: Unicode character λ (U+03BB)
               not set up for use with LaTeX.

See the LaTeX manual or LaTeX Companion for explanation.
Type  H <return>  for immediate help.
 ...                                              
                                                  
l.31 ...on to λ-Pinning (v28)}{9}{subsection.5.5}
                                                  %
You may provide a definition with
\DeclareUnicodeCharacter 



[2]

[3])
\tf@toc=\write5
\openout5 = `main.toc'.



[4]

[5{/usr/local/texlive/2025/texmf-dist/fonts/enc/dvips/cm-super/cm-super-ts1.enc
}]

[6]

[7]

[8]

[9]

! LaTeX Error: Unicode character λ (U+03BB)
               not set up for use with LaTeX.

See the LaTeX manual or LaTeX Companion for explanation.
Type  H <return>  for immediate help.
 ...                                              
                                                  
l.493 \subsection{Relation to λ-Pinning (v28)}
                                               
You may provide a definition with
\DeclareUnicodeCharacter 



[10]

[11]
! Undefined control sequence.
\endtcolorbox ->\tcb@insert@after@part 
                                       \end {tcb@savebox}\tcb@draw@color@box...
l.628 \end{openbox}
                   
The control sequence at the end of the top line
of your error message was never \def'ed. If you have
misspelled it (e.g., `\hobx'), type `I' and the correct
spelling (e.g., `I\hbox'). Otherwise just continue,
and I'll forget about whatever was undefined.

! Too many }'s.
\endtcb@savebox ...efalse \color@endgroup \egroup 
                                                  \expandafter \@iiiparbox \...
l.628 \end{openbox}
                   
You've closed more groups than you opened.
Such booboos are generally harmless, so keep going.

! Undefined control sequence.
\endtcb@savebox ...pandafter \@iiiparbox \@mpargs 
                                                  {\unvbox \@tempboxa }
l.628 \end{openbox}
                   
The control sequence at the end of the top line
of your error message was never \def'ed. If you have
misspelled it (e.g., `\hobx'), type `I' and the correct
spelling (e.g., `I\hbox'). Otherwise just continue,
and I'll forget about whatever was undefined.

! Missing number, treated as zero.
<to be read again> 
                   \protect 
l.638 \begin
            {tikzpicture}[
A number should have been here; I inserted `0'.
(If you can't figure out why I needed to see a number,
look up `weird error' in the index to The TeXbook.)

! Illegal unit of measure (pt inserted).
<to be read again> 
                   \protect 
l.638 \begin
            {tikzpicture}[
Dimensions can be in units of em, ex, in, pt, pc,
cm, mm, dd, cc, nd, nc, bp, or sp; but yours is a new one!
I'll assume that you meant to say pt, for printer's points.
To recover gracefully from this error, it's best to
delete the erroneous units; e.g., type `2' to delete
two letters. (See Chapter 27 of The TeXbook.)


! Package calc Error: `\let ' invalid at this point.

See the calc package documentation for explanation.
Type  H <return>  for immediate help.
 ...                                              
                                                  
l.638 \begin
            {tikzpicture}[
I expected to see one of: + - * / )


Underfull \hbox (badness 10000) in paragraph at lines 638--638

 []

! Missing \endcsname inserted.
<to be read again> 
                   \scan_stop: 
l.638 \begin
            {tikzpicture}[
The control sequence marked <to be read again> should
not appear between \csname and \endcsname.

! Missing \endcsname inserted.
<to be read again> 
                   \scan_stop: 
l.638 \begin
            {tikzpicture}[
The control sequence marked <to be read again> should
not appear between \csname and \endcsname.


! LaTeX Error: Environment \@@par  undefined.

See the LaTeX manual or LaTeX Companion for explanation.
Type  H <return>  for immediate help.
 ...                                              
                                                  
l.638 \begin
            {tikzpicture}[
Your command was ignored.
Type  I <command> <return>  to replace it with another command,
or  <return>  to continue without it.

! Extra }, or forgotten \endgroup.
\@begin@tempboxa ...begingroup #2\color@endgroup }
                                                  \def \width {\wd \@tempbox...
l.638 \begin
            {tikzpicture}[
I've deleted a group-closing symbol because it seems to be
spurious, as in `$x}$'. But perhaps the } is legitimate and
you forgot something else, as in `\hbox{$x}'. In such cases
the way to recover is to insert both the forgotten and the
deleted material, e.g., by typing `I$}'.

Runaway argument?
{\@checkend {tcb@savebox}\endgroup \UseHook {env/tcb@savebox/after}\if@ignore \
ETC.
! Paragraph ended before \calc@assign@generic was complete.
<to be read again> 
                   \par 
l.638 \begin
            {tikzpicture}[
I suspect you've forgotten a `}', causing me to apply this
control sequence to too much text. How can we recover?
My plan is to forget the whole thing and hope for the best.


Overfull \hbox (46.44783pt too wide) in paragraph at lines 638--638
[]\T1/cmr/bx/n/14.4 BC
 []


Overfull \hbox (45.03151pt too wide) in paragraph at lines 638--638
\T1/cmr/bx/n/14.4 Se-
 []


Overfull \hbox (47.67087pt too wide) in paragraph at lines 638--638
\T1/cmr/bx/n/14.4 lec-
 []


Overfull \hbox (51.02782pt too wide) in paragraph at lines 638--638
\T1/cmr/bx/n/14.4 tion
 []


Overfull \hbox (80.20421pt too wide) in paragraph at lines 638--638
\T1/cmr/bx/n/14.4 Pipeline 
 []


Overfull \hbox (78.89735pt too wide) in paragraph at lines 638--638
[]\T1/cmr/bx/n/12 Pipeline
 []


Overfull \hbox (86.07614pt too wide) in paragraph at lines 638--638
\T1/cmr/bx/n/12 Overview 
 []


! LaTeX Error: Not in outer par mode.

See the LaTeX manual or LaTeX Companion for explanation.
Type  H <return>  for immediate help.
 ...                                              
                                                  
l.638 \begin
            {tikzpicture}[
You've lost some text.  Try typing  <return>  to proceed.
If that doesn't work, type  X <return>  to quit.

! Undefined control sequence.
\@xfloat ...@fltovf \fi \global \setbox \@currbox 
                                                  \color@vbox \normalcolor \...
l.638 \begin
            {tikzpicture}[
The control sequence at the end of the top line
of your error message was never \def'ed. If you have
misspelled it (e.g., `\hobx'), type `I' and the correct
spelling (e.g., `I\hbox'). Otherwise just continue,
and I'll forget about whatever was undefined.

! Missing number, treated as zero.
<to be read again> 
                   \vbox 
l.638 \begin
            {tikzpicture}[
A number should have been here; I inserted `0'.
(If you can't figure out why I needed to see a number,
look up `weird error' in the index to The TeXbook.)


LaTeX Warning: Unexpected alignment h on input line 638.


Overfull \hbox (60.19305pt too wide) in paragraph at lines 638--643
\T1/cmr/m/n/10.95 b[][]tikzpicture[
 []


Overfull \hbox (89.34705pt too wide) in paragraph at lines 638--643
\T1/cmr/m/n/10.95 stage/.style=draw,
 []


Overfull \hbox (38.71199pt too wide) in paragraph at lines 638--643
\T1/cmr/m/n/10.95 rounded
 []


Overfull \hbox (18.14896pt too wide) in paragraph at lines 638--643
\T1/cmr/m/n/10.95 cor-
 []


Overfull \hbox (22.44444pt too wide) in paragraph at lines 638--643
\T1/cmr/m/n/10.95 ners,
 []


Overfull \hbox (21.77573pt too wide) in paragraph at lines 638--643
\T1/cmr/m/n/10.95 min-
 []


Overfull \hbox (6.65663pt too wide) in paragraph at lines 638--643
\T1/cmr/m/n/10.95 i-
 []


Overfull \hbox (23.88756pt too wide) in paragraph at lines 638--643
\T1/cmr/m/n/10.95 mum
 []


Overfull \hbox (66.53613pt too wide) in paragraph at lines 638--643
\T1/cmr/m/n/10.95 width=4.5cm,
 []


Overfull \hbox (21.77573pt too wide) in paragraph at lines 638--643
\T1/cmr/m/n/10.95 min-
 []


Overfull \hbox (6.65663pt too wide) in paragraph at lines 638--643
\T1/cmr/m/n/10.95 i-
 []


Overfull \hbox (23.88756pt too wide) in paragraph at lines 638--643
\T1/cmr/m/n/10.95 mum
 []


Overfull \hbox (68.65553pt too wide) in paragraph at lines 638--643
\T1/cmr/m/n/10.95 height=1.2cm,
 []


Overfull \hbox (63.2154pt too wide) in paragraph at lines 638--643
\T1/cmr/m/n/10.95 align=center,
 []


Overfull \hbox (30.24574pt too wide) in paragraph at lines 638--643
\T1/cmr/m/n/10.95 font=,
 []


Overfull \hbox (69.32422pt too wide) in paragraph at lines 638--643
\T1/cmr/m/n/10.95 arrow/.style=-
 []


Overfull \hbox (104.6475pt too wide) in paragraph at lines 638--643
\T1/cmr/m/n/10.95 Stealth[length=3mm],
 []


Overfull \hbox (26.61896pt too wide) in paragraph at lines 638--643
\T1/cmr/m/n/10.95 thick,
 []


Overfull \hbox (12.10057pt too wide) in paragraph at lines 638--643
\T1/cmr/m/n/10.95 la-
 []


Overfull \hbox (82.7809pt too wide) in paragraph at lines 638--643
\T1/cmr/m/n/10.95 bel/.style=font=\T1/cmr/m/n/9 ,
 []


Overfull \hbox (39.82013pt too wide) in paragraph at lines 638--643
\T1/cmr/m/n/9 align=left
 []


Overfull \hbox (3.0261pt too wide) in paragraph at lines 638--643
\T1/cmr/m/n/10.95 ] 
 []

! Undefined control sequence.
l.645 \node
           [stage, fill=blue!10] (all) at (0, 6) {\textbf{Stage 0} \\ All BC...
The control sequence at the end of the top line
of your error message was never \def'ed. If you have
misspelled it (e.g., `\hobx'), type `I' and the correct
spelling (e.g., `I\hbox'). Otherwise just continue,
and I'll forget about whatever was undefined.

! Undefined control sequence.
l.646 \node
           [stage, fill=green!10] (var) at (0, 4.2) {\textbf{Stage 1: Variat...
The control sequence at the end of the top line
of your error message was never \def'ed. If you have
misspelled it (e.g., `\hobx'), type `I' and the correct
spelling (e.g., `I\hbox'). Otherwise just continue,
and I'll forget about whatever was undefined.

! Undefined control sequence.
l.647 \node
           [stage, fill=yellow!10] (sa) at (0, 2.4) {\textbf{Stage 2: Self-A...
The control sequence at the end of the top line
of your error message was never \def'ed. If you have
misspelled it (e.g., `\hobx'), type `I' and the correct
spelling (e.g., `I\hbox'). Otherwise just continue,
and I'll forget about whatever was undefined.

! Undefined control sequence.
l.648 \node
           [stage, fill=orange!10] (topo) at (0, 0.6) {\textbf{Stage 3: Topo...
The control sequence at the end of the top line
of your error message was never \def'ed. If you have
misspelled it (e.g., `\hobx'), type `I' and the correct
spelling (e.g., `I\hbox'). Otherwise just continue,
and I'll forget about whatever was undefined.

! Undefined control sequence.
l.649 \node
           [stage, fill=red!10] (vac) at (0, -1.2) {\textbf{Stage 4: Vacuum}...
The control sequence at the end of the top line
of your error message was never \def'ed. If you have
misspelled it (e.g., `\hobx'), type `I' and the correct
spelling (e.g., `I\hbox'). Otherwise just continue,
and I'll forget about whatever was undefined.


Overfull \hbox (30.31003pt too wide) in paragraph at lines 645--650
[]\T1/cmr/m/n/10.95 [stage,
 []


Overfull \hbox (57.47302pt too wide) in paragraph at lines 645--650
\T1/cmr/m/n/10.95 fill=blue!10]
 []


Overfull \hbox (19.96616pt too wide) in paragraph at lines 645--650
\T1/cmr/m/n/10.95 (all)
 []


Overfull \hbox (9.67896pt too wide) in paragraph at lines 645--650
\T1/cmr/m/n/10.95 at
 []


Overfull \hbox (12.70505pt too wide) in paragraph at lines 645--650
\T1/cmr/m/n/10.95 (0,
 []


Overfull \hbox (9.67896pt too wide) in paragraph at lines 645--650
\T1/cmr/m/n/10.95 6)
 []


Overfull \hbox (29.86964pt too wide) in paragraph at lines 645--650
\T1/cmr/bx/n/10.95 Stage
 []


Overfull \hbox (6.25487pt too wide) in paragraph at lines 645--650
\T1/cmr/bx/n/10.95 0 
 []


Overfull \hbox (14.21323pt too wide) in paragraph at lines 645--650
\T1/cmr/m/n/10.95 All
 []


Overfull \hbox (19.86641pt too wide) in paragraph at lines 645--650
\T1/cmr/m/n/10.95 BCs 
 []


Overfull \hbox (7.52507pt too wide) in paragraph at lines 645--650
\OMS/cmsy/m/n/10.95 B$
 []


Overfull \hbox (16.94003pt too wide) in paragraph at lines 645--650
\T1/cmr/m/n/10.95 (in-
 []


Overfull \hbox (9.68272pt too wide) in paragraph at lines 645--650
\T1/cmr/m/n/10.95 fi-
 []


Overfull \hbox (25.4101pt too wide) in paragraph at lines 645--650
\T1/cmr/m/n/10.95 nite);
 []


Overfull \hbox (30.31003pt too wide) in paragraph at lines 645--650
\T1/cmr/m/n/10.95 [stage,
 []


Overfull \hbox (62.91699pt too wide) in paragraph at lines 645--650
\T1/cmr/m/n/10.95 fill=green!10]
 []


Overfull \hbox (23.29068pt too wide) in paragraph at lines 645--650
\T1/cmr/m/n/10.95 (var)
 []


Overfull \hbox (9.67896pt too wide) in paragraph at lines 645--650
\T1/cmr/m/n/10.95 at
 []


Overfull \hbox (12.70505pt too wide) in paragraph at lines 645--650
\T1/cmr/m/n/10.95 (0,
 []


Overfull \hbox (18.14899pt too wide) in paragraph at lines 645--650
\T1/cmr/m/n/10.95 4.2)
 []


Overfull \hbox (29.86964pt too wide) in paragraph at lines 645--650
\T1/cmr/bx/n/10.95 Stage
 []


Overfull \hbox (9.7305pt too wide) in paragraph at lines 645--650
\T1/cmr/bx/n/10.95 1:
 []


Overfull \hbox (27.2512pt too wide) in paragraph at lines 645--650
\T1/cmr/bx/n/10.95 Vari-
 []


Overfull \hbox (10.25157pt too wide) in paragraph at lines 645--650
\T1/cmr/bx/n/10.95 a-
 []


Overfull \hbox (21.54541pt too wide) in paragraph at lines 645--650
\T1/cmr/bx/n/10.95 tion 
 []


Overfull \hbox (37.80234pt too wide) in paragraph at lines 645--650
\T1/cmr/m/n/10.95 Allowed
 []


Overfull \hbox (19.86641pt too wide) in paragraph at lines 645--650
\T1/cmr/m/n/10.95 BCs 
 []


Overfull \hbox (22.29172pt too wide) in paragraph at lines 645--650
\OMS/cmsy/m/n/10.95 B[]$\T1/cmr/m/n/10.95 ;
 []


Overfull \hbox (30.31003pt too wide) in paragraph at lines 645--650
\T1/cmr/m/n/10.95 [stage,
 []


Overfull \hbox (66.84973pt too wide) in paragraph at lines 645--650
\T1/cmr/m/n/10.95 fill=yellow!10]
 []


Overfull \hbox (18.20943pt too wide) in paragraph at lines 645--650
\T1/cmr/m/n/10.95 (sa)
 []


Overfull \hbox (9.67896pt too wide) in paragraph at lines 645--650
\T1/cmr/m/n/10.95 at
 []


Overfull \hbox (12.70505pt too wide) in paragraph at lines 645--650
\T1/cmr/m/n/10.95 (0,
 []


Overfull \hbox (18.14899pt too wide) in paragraph at lines 645--650
\T1/cmr/m/n/10.95 2.4)
 []


Overfull \hbox (29.86964pt too wide) in paragraph at lines 645--650
\T1/cmr/bx/n/10.95 Stage
 []


Overfull \hbox (9.7305pt too wide) in paragraph at lines 645--650
\T1/cmr/bx/n/10.95 2:
 []


Overfull \hbox (24.13748pt too wide) in paragraph at lines 645--650
\T1/cmr/bx/n/10.95 Self-
 []


Overfull \hbox (41.06595pt too wide) in paragraph at lines 645--650
\T1/cmr/bx/n/10.95 Adjoint 
 []


Overfull \hbox (14.20943pt too wide) in paragraph at lines 645--650
\T1/cmr/m/n/10.95 SA
 []


Overfull \hbox (21.47351pt too wide) in paragraph at lines 645--650
\T1/cmr/m/n/10.95 fam-
 []


Overfull \hbox (11.79834pt too wide) in paragraph at lines 645--650
\T1/cmr/m/n/10.95 ily 
 []


Overfull \hbox (30.33655pt too wide) in paragraph at lines 645--650
\OMS/cmsy/m/n/10.95 B[] []
 []


Overfull \hbox (25.68803pt too wide) in paragraph at lines 645--650
\OML/cmm/m/it/10.95 U\OT1/cmr/m/n/10.95 (2)$\T1/cmr/m/n/10.95 ;
 []


Overfull \hbox (30.31003pt too wide) in paragraph at lines 645--650
\T1/cmr/m/n/10.95 [stage,
 []


Overfull \hbox (68.96538pt too wide) in paragraph at lines 645--650
\T1/cmr/m/n/10.95 fill=orange!10]
 []


Overfull \hbox (29.94354pt too wide) in paragraph at lines 645--650
\T1/cmr/m/n/10.95 (topo)
 []


Overfull \hbox (9.67896pt too wide) in paragraph at lines 645--650
\T1/cmr/m/n/10.95 at
 []


Overfull \hbox (12.70505pt too wide) in paragraph at lines 645--650
\T1/cmr/m/n/10.95 (0,
 []


Overfull \hbox (18.14899pt too wide) in paragraph at lines 645--650
\T1/cmr/m/n/10.95 0.6)
 []


Overfull \hbox (29.86964pt too wide) in paragraph at lines 645--650
\T1/cmr/bx/n/10.95 Stage
 []


Overfull \hbox (9.7305pt too wide) in paragraph at lines 645--650
\T1/cmr/bx/n/10.95 3:
 []


Overfull \hbox (35.11066pt too wide) in paragraph at lines 645--650
\T1/cmr/bx/n/10.95 Topol-
 []


Overfull \hbox (19.2857pt too wide) in paragraph at lines 645--650
\T1/cmr/bx/n/10.95 ogy 
 []


Overfull \hbox (38.62367pt too wide) in paragraph at lines 645--650
\T1/cmr/m/n/10.95 Discrete
 []


Overfull \hbox (13.36996pt too wide) in paragraph at lines 645--650
\T1/cmr/m/n/10.95 set 
 []


Overfull \hbox (27.47795pt too wide) in paragraph at lines 645--650
\OMS/cmsy/m/n/10.95 B[]$\T1/cmr/m/n/10.95 ;
 []


Overfull \hbox (30.31003pt too wide) in paragraph at lines 645--650
\T1/cmr/m/n/10.95 [stage,
 []


Overfull \hbox (52.63356pt too wide) in paragraph at lines 645--650
\T1/cmr/m/n/10.95 fill=red!10]
 []


Overfull \hbox (23.89513pt too wide) in paragraph at lines 645--650
\T1/cmr/m/n/10.95 (vac)
 []


Overfull \hbox (9.67896pt too wide) in paragraph at lines 645--650
\T1/cmr/m/n/10.95 at
 []


Overfull \hbox (12.70505pt too wide) in paragraph at lines 645--650
\T1/cmr/m/n/10.95 (0,
 []


Overfull \hbox (3.63054pt too wide) in paragraph at lines 645--650
\T1/cmr/m/n/10.95 -
 []


Overfull \hbox (18.14899pt too wide) in paragraph at lines 645--650
\T1/cmr/m/n/10.95 1.2)
 []


Overfull \hbox (29.86964pt too wide) in paragraph at lines 645--650
\T1/cmr/bx/n/10.95 Stage
 []


Overfull \hbox (9.7305pt too wide) in paragraph at lines 645--650
\T1/cmr/bx/n/10.95 4:
 []


Overfull \hbox (24.21205pt too wide) in paragraph at lines 645--650
\T1/cmr/bx/n/10.95 Vac-
 []


Overfull \hbox (24.32307pt too wide) in paragraph at lines 645--650
\T1/cmr/bx/n/10.95 uum 
 []


Overfull \hbox (38.71582pt too wide) in paragraph at lines 645--650
\T1/cmr/m/n/10.95 Selected
 []


Overfull \hbox (15.57095pt too wide) in paragraph at lines 645--650
\T1/cmr/m/n/10.95 BC 
 []


Overfull \hbox (23.3471pt too wide) in paragraph at lines 645--650
[][]$\T1/cmr/m/n/10.95 ; 
 []

! Undefined control sequence.
l.652 \draw
           [arrow] (all) -- (var) node[midway, right, xshift=5pt, label] {bo...
The control sequence at the end of the top line
of your error message was never \def'ed. If you have
misspelled it (e.g., `\hobx'), type `I' and the correct
spelling (e.g., `I\hbox'). Otherwise just continue,
and I'll forget about whatever was undefined.

! Undefined control sequence.
l.653 \draw
           [arrow] (var) -- (sa) node[midway, right, xshift=5pt, label] {Gre...
The control sequence at the end of the top line
of your error message was never \def'ed. If you have
misspelled it (e.g., `\hobx'), type `I' and the correct
spelling (e.g., `I\hbox'). Otherwise just continue,
and I'll forget about whatever was undefined.

! Undefined control sequence.
l.654 \draw
           [arrow] (sa) -- (topo) node[midway, right, xshift=5pt, label] {wi...
The control sequence at the end of the top line
of your error message was never \def'ed. If you have
misspelled it (e.g., `\hobx'), type `I' and the correct
spelling (e.g., `I\hbox'). Otherwise just continue,
and I'll forget about whatever was undefined.

! Undefined control sequence.
l.655 \draw
           [arrow] (topo) -- (vac) node[midway, right, xshift=5pt, label] {$...
The control sequence at the end of the top line
of your error message was never \def'ed. If you have
misspelled it (e.g., `\hobx'), type `I' and the correct
spelling (e.g., `I\hbox'). Otherwise just continue,
and I'll forget about whatever was undefined.


Overfull \hbox (32.96964pt too wide) in paragraph at lines 652--656
[]\T1/cmr/m/n/10.95 [arrow]
 []


Overfull \hbox (19.96616pt too wide) in paragraph at lines 652--656
\T1/cmr/m/n/10.95 (all)
 []


Overfull \hbox (5.44394pt too wide) in paragraph at lines 652--656
\T1/cmr/m/n/10.95 --
 []


Overfull \hbox (23.29068pt too wide) in paragraph at lines 652--656
\T1/cmr/m/n/10.95 (var)
 []


Overfull \hbox (64.4205pt too wide) in paragraph at lines 652--656
\T1/cmr/m/n/10.95 node[midway,
 []


Overfull \hbox (25.7123pt too wide) in paragraph at lines 652--656
\T1/cmr/m/n/10.95 right,
 []


Overfull \hbox (53.8991pt too wide) in paragraph at lines 652--656
\T1/cmr/m/n/10.95 xshift=5pt,
 []


Overfull \hbox (12.10057pt too wide) in paragraph at lines 652--656
\T1/cmr/m/n/10.95 la-
 []


Overfull \hbox (17.2423pt too wide) in paragraph at lines 652--656
\T1/cmr/m/n/10.95 bel]
 []


Overfull \hbox (33.57025pt too wide) in paragraph at lines 652--656
\T1/cmr/m/n/10.95 bound-
 []


Overfull \hbox (15.42511pt too wide) in paragraph at lines 652--656
\T1/cmr/m/n/10.95 ary
 []


Overfull \hbox (22.38023pt too wide) in paragraph at lines 652--656
\T1/cmr/m/n/10.95 term
 []


Overfull \hbox (8.5167pt too wide) in paragraph at lines 652--656
\OT1/cmr/m/n/10.95 =
 []


Overfull \hbox (8.5011pt too wide) in paragraph at lines 652--656
\OT1/cmr/m/n/10.95 0$\T1/cmr/m/n/10.95 ;
 []


Overfull \hbox (16.33559pt too wide) in paragraph at lines 652--656
\T1/cmr/m/n/10.95 [ar-
 []


Overfull \hbox (20.26459pt too wide) in paragraph at lines 652--656
\T1/cmr/m/n/10.95 row]
 []


Overfull \hbox (23.29068pt too wide) in paragraph at lines 652--656
\T1/cmr/m/n/10.95 (var)
 []


Overfull \hbox (5.44394pt too wide) in paragraph at lines 652--656
\T1/cmr/m/n/10.95 --
 []


Overfull \hbox (18.20943pt too wide) in paragraph at lines 652--656
\T1/cmr/m/n/10.95 (sa)
 []


Overfull \hbox (64.4205pt too wide) in paragraph at lines 652--656
\T1/cmr/m/n/10.95 node[midway,
 []


Overfull \hbox (25.7123pt too wide) in paragraph at lines 652--656
\T1/cmr/m/n/10.95 right,
 []


Overfull \hbox (53.8991pt too wide) in paragraph at lines 652--656
\T1/cmr/m/n/10.95 xshift=5pt,
 []


Overfull \hbox (12.10057pt too wide) in paragraph at lines 652--656
\T1/cmr/m/n/10.95 la-
 []


Overfull \hbox (17.2423pt too wide) in paragraph at lines 652--656
\T1/cmr/m/n/10.95 bel]
 []


Overfull \hbox (35.82498pt too wide) in paragraph at lines 652--656
\T1/cmr/m/n/10.95 Green's
 []


Overfull \hbox (23.5929pt too wide) in paragraph at lines 652--656
\T1/cmr/m/n/10.95 iden-
 []


Overfull \hbox (19.96613pt too wide) in paragraph at lines 652--656
\T1/cmr/m/n/10.95 tity;
 []


Overfull \hbox (16.33559pt too wide) in paragraph at lines 652--656
\T1/cmr/m/n/10.95 [ar-
 []


Overfull \hbox (20.26459pt too wide) in paragraph at lines 652--656
\T1/cmr/m/n/10.95 row]
 []


Overfull \hbox (18.20943pt too wide) in paragraph at lines 652--656
\T1/cmr/m/n/10.95 (sa)
 []


Overfull \hbox (5.44394pt too wide) in paragraph at lines 652--656
\T1/cmr/m/n/10.95 --
 []


Overfull \hbox (29.94354pt too wide) in paragraph at lines 652--656
\T1/cmr/m/n/10.95 (topo)
 []


Overfull \hbox (64.4205pt too wide) in paragraph at lines 652--656
\T1/cmr/m/n/10.95 node[midway,
 []


Overfull \hbox (25.7123pt too wide) in paragraph at lines 652--656
\T1/cmr/m/n/10.95 right,
 []


Overfull \hbox (53.8991pt too wide) in paragraph at lines 652--656
\T1/cmr/m/n/10.95 xshift=5pt,
 []


Overfull \hbox (12.10057pt too wide) in paragraph at lines 652--656
\T1/cmr/m/n/10.95 la-
 []


Overfull \hbox (17.2423pt too wide) in paragraph at lines 652--656
\T1/cmr/m/n/10.95 bel]
 []


Overfull \hbox (26.61519pt too wide) in paragraph at lines 652--656
\T1/cmr/m/n/10.95 wind-
 []


Overfull \hbox (70.16667pt too wide) in paragraph at lines 652--656
\T1/cmr/m/n/10.95 ing/homotopy;
 []


Overfull \hbox (16.33559pt too wide) in paragraph at lines 652--656
\T1/cmr/m/n/10.95 [ar-
 []


Overfull \hbox (20.26459pt too wide) in paragraph at lines 652--656
\T1/cmr/m/n/10.95 row]
 []


Overfull \hbox (29.94354pt too wide) in paragraph at lines 652--656
\T1/cmr/m/n/10.95 (topo)
 []


Overfull \hbox (5.44394pt too wide) in paragraph at lines 652--656
\T1/cmr/m/n/10.95 --
 []


Overfull \hbox (23.89513pt too wide) in paragraph at lines 652--656
\T1/cmr/m/n/10.95 (vac)
 []


Overfull \hbox (64.4205pt too wide) in paragraph at lines 652--656
\T1/cmr/m/n/10.95 node[midway,
 []


Overfull \hbox (25.7123pt too wide) in paragraph at lines 652--656
\T1/cmr/m/n/10.95 right,
 []


Overfull \hbox (53.8991pt too wide) in paragraph at lines 652--656
\T1/cmr/m/n/10.95 xshift=5pt,
 []


Overfull \hbox (12.10057pt too wide) in paragraph at lines 652--656
\T1/cmr/m/n/10.95 la-
 []


Overfull \hbox (17.2423pt too wide) in paragraph at lines 652--656
\T1/cmr/m/n/10.95 bel]
 []


Overfull \hbox (41.41902pt too wide) in paragraph at lines 652--656
[] \OMS/cmsy/m/n/10.95 E[]$\T1/cmr/m/n/10.95 ; 
 []

! Undefined control sequence.
l.658 \node
           [right, label] at (3.5, 6) {N, D, R, mixed, ...};
The control sequence at the end of the top line
of your error message was never \def'ed. If you have
misspelled it (e.g., `\hobx'), type `I' and the correct
spelling (e.g., `I\hbox'). Otherwise just continue,
and I'll forget about whatever was undefined.

! Undefined control sequence.
l.659 \node
           [right, label] at (3.5, 4.2) {N, D, Robin allowed};
The control sequence at the end of the top line
of your error message was never \def'ed. If you have
misspelled it (e.g., `\hobx'), type `I' and the correct
spelling (e.g., `I\hbox'). Otherwise just continue,
and I'll forget about whatever was undefined.

! Undefined control sequence.
l.660 \node
           [right, label] at (3.5, 2.4) {$\theta_0, \theta_L \in [0, \pi]$};
The control sequence at the end of the top line
of your error message was never \def'ed. If you have
misspelled it (e.g., `\hobx'), type `I' and the correct
spelling (e.g., `I\hbox'). Otherwise just continue,
and I'll forget about whatever was undefined.

! Undefined control sequence.
l.661 \node
           [right, label] at (3.5, 0.6) {$\theta \in \pi\mathbb{Z}/n$};
The control sequence at the end of the top line
of your error message was never \def'ed. If you have
misspelled it (e.g., `\hobx'), type `I' and the correct
spelling (e.g., `I\hbox'). Otherwise just continue,
and I'll forget about whatever was undefined.

! Undefined control sequence.
l.662 \node
           [right, label] at (3.5, -1.2) {unique (generically)};
The control sequence at the end of the top line
of your error message was never \def'ed. If you have
misspelled it (e.g., `\hobx'), type `I' and the correct
spelling (e.g., `I\hbox'). Otherwise just continue,
and I'll forget about whatever was undefined.


Overfull \hbox (28.73839pt too wide) in paragraph at lines 658--663
[]\T1/cmr/m/n/10.95 [right,
 []


Overfull \hbox (12.10057pt too wide) in paragraph at lines 658--663
\T1/cmr/m/n/10.95 la-
 []


Overfull \hbox (17.2423pt too wide) in paragraph at lines 658--663
\T1/cmr/m/n/10.95 bel]
 []


Overfull \hbox (9.67896pt too wide) in paragraph at lines 658--663
\T1/cmr/m/n/10.95 at
 []


Overfull \hbox (21.17508pt too wide) in paragraph at lines 658--663
\T1/cmr/m/n/10.95 (3.5,
 []


Overfull \hbox (9.67896pt too wide) in paragraph at lines 658--663
\T1/cmr/m/n/10.95 6)
 []


Overfull \hbox (11.18713pt too wide) in paragraph at lines 658--663
\T1/cmr/m/n/10.95 N,
 []


Overfull \hbox (11.33974pt too wide) in paragraph at lines 658--663
\T1/cmr/m/n/10.95 D,
 []


Overfull \hbox (11.03749pt too wide) in paragraph at lines 658--663
\T1/cmr/m/n/10.95 R,
 []


Overfull \hbox (31.75693pt too wide) in paragraph at lines 658--663
\T1/cmr/m/n/10.95 mixed,
 []


Overfull \hbox (12.10437pt too wide) in paragraph at lines 658--663
\T1/cmr/m/n/10.95 ...;
 []


Overfull \hbox (28.73839pt too wide) in paragraph at lines 658--663
\T1/cmr/m/n/10.95 [right,
 []


Overfull \hbox (12.10057pt too wide) in paragraph at lines 658--663
\T1/cmr/m/n/10.95 la-
 []


Overfull \hbox (17.2423pt too wide) in paragraph at lines 658--663
\T1/cmr/m/n/10.95 bel]
 []


Overfull \hbox (9.67896pt too wide) in paragraph at lines 658--663
\T1/cmr/m/n/10.95 at
 []


Overfull \hbox (21.17508pt too wide) in paragraph at lines 658--663
\T1/cmr/m/n/10.95 (3.5,
 []


Overfull \hbox (18.14899pt too wide) in paragraph at lines 658--663
\T1/cmr/m/n/10.95 4.2)
 []


Overfull \hbox (11.18713pt too wide) in paragraph at lines 658--663
\T1/cmr/m/n/10.95 N,
 []


Overfull \hbox (11.33974pt too wide) in paragraph at lines 658--663
\T1/cmr/m/n/10.95 D,
 []


Overfull \hbox (28.5782pt too wide) in paragraph at lines 658--663
\T1/cmr/m/n/10.95 Robin
 []


Overfull \hbox (12.10057pt too wide) in paragraph at lines 658--663
\T1/cmr/m/n/10.95 al-
 []


Overfull \hbox (29.6413pt too wide) in paragraph at lines 658--663
\T1/cmr/m/n/10.95 lowed;
 []


Overfull \hbox (28.73839pt too wide) in paragraph at lines 658--663
\T1/cmr/m/n/10.95 [right,
 []


Overfull \hbox (12.10057pt too wide) in paragraph at lines 658--663
\T1/cmr/m/n/10.95 la-
 []


Overfull \hbox (17.2423pt too wide) in paragraph at lines 658--663
\T1/cmr/m/n/10.95 bel]
 []


Overfull \hbox (9.67896pt too wide) in paragraph at lines 658--663
\T1/cmr/m/n/10.95 at
 []


Overfull \hbox (21.17508pt too wide) in paragraph at lines 658--663
\T1/cmr/m/n/10.95 (3.5,
 []


Overfull \hbox (18.14899pt too wide) in paragraph at lines 658--663
\T1/cmr/m/n/10.95 2.4)
 []


Overfull \hbox (36.51979pt too wide) in paragraph at lines 658--663
\OML/cmm/m/it/10.95 ^^R[]; ^^R[] \OMS/cmsy/m/n/10.95 2
 []


Overfull \hbox (26.08574pt too wide) in paragraph at lines 658--663
\OT1/cmr/m/n/10.95 [0\OML/cmm/m/it/10.95 ; ^^Y\OT1/cmr/m/n/10.95 ]$\T1/cmr/m/n/
10.95 ;
 []


Overfull \hbox (28.73839pt too wide) in paragraph at lines 658--663
\T1/cmr/m/n/10.95 [right,
 []


Overfull \hbox (12.10057pt too wide) in paragraph at lines 658--663
\T1/cmr/m/n/10.95 la-
 []


Overfull \hbox (17.2423pt too wide) in paragraph at lines 658--663
\T1/cmr/m/n/10.95 bel]
 []


Overfull \hbox (9.67896pt too wide) in paragraph at lines 658--663
\T1/cmr/m/n/10.95 at
 []


Overfull \hbox (21.17508pt too wide) in paragraph at lines 658--663
\T1/cmr/m/n/10.95 (3.5,
 []


Overfull \hbox (18.14899pt too wide) in paragraph at lines 658--663
\T1/cmr/m/n/10.95 0.6)
 []


Overfull \hbox (15.78621pt too wide) in paragraph at lines 658--663
\OML/cmm/m/it/10.95 ^^R \OMS/cmsy/m/n/10.95 2
 []


Overfull \hbox (29.00835pt too wide) in paragraph at lines 658--663
\OML/cmm/m/it/10.95 ^^Y\U/msb/m/n/10.95 Z\OML/cmm/m/it/10.95 =n$\T1/cmr/m/n/10.
95 ;
 []


Overfull \hbox (28.73839pt too wide) in paragraph at lines 658--663
\T1/cmr/m/n/10.95 [right,
 []


Overfull \hbox (12.10057pt too wide) in paragraph at lines 658--663
\T1/cmr/m/n/10.95 la-
 []


Overfull \hbox (17.2423pt too wide) in paragraph at lines 658--663
\T1/cmr/m/n/10.95 bel]
 []


Overfull \hbox (9.67896pt too wide) in paragraph at lines 658--663
\T1/cmr/m/n/10.95 at
 []


Overfull \hbox (21.17508pt too wide) in paragraph at lines 658--663
\T1/cmr/m/n/10.95 (3.5,
 []


Overfull \hbox (3.63054pt too wide) in paragraph at lines 658--663
\T1/cmr/m/n/10.95 -
 []


Overfull \hbox (18.14899pt too wide) in paragraph at lines 658--663
\T1/cmr/m/n/10.95 1.2)
 []


Overfull \hbox (31.7569pt too wide) in paragraph at lines 658--663
\T1/cmr/m/n/10.95 unique
 []


Overfull \hbox (33.27188pt too wide) in paragraph at lines 658--663
\T1/cmr/m/n/10.95 (gener-
 []


Overfull \hbox (6.65663pt too wide) in paragraph at lines 658--663
\T1/cmr/m/n/10.95 i-
 []


Overfull \hbox (29.34285pt too wide) in paragraph at lines 658--663
\T1/cmr/m/n/10.95 cally); 
 []

! Undefined control sequence.
\endtikzpicture ...r@layerlist@globally \endscope 
                                                  \let \pgf@baseline =\pgf@s...
l.664 \end{tikzpicture}
                       
The control sequence at the end of the top line
of your error message was never \def'ed. If you have
misspelled it (e.g., `\hobx'), type `I' and the correct
spelling (e.g., `I\hbox'). Otherwise just continue,
and I'll forget about whatever was undefined.

! Missing } inserted.
<inserted text> 
                }
l.664 \end{tikzpicture}
                       
I've inserted something that you may have forgotten.
(See the <inserted text> above.)
With luck, this will get me unwedged. But if you
really didn't forget anything, try typing `2' now; then
my insertion and my current dilemma will both disappear.

! Extra }, or forgotten \endgroup.
\endpgfpicture ...globally \endgroup \hss \egroup 
                                                  \pgf@restore@layerlist@fro...
l.664 \end{tikzpicture}
                       
I've deleted a group-closing symbol because it seems to be
spurious, as in `$x}$'. But perhaps the } is legitimate and
you forgot something else, as in `\hbox{$x}'. In such cases
the way to recover is to insert both the forgotten and the
deleted material, e.g., by typing `I$}'.

! Missing } inserted.
<inserted text> 
                }
l.664 \end{tikzpicture}
                       
I've inserted something that you may have forgotten.
(See the <inserted text> above.)
With luck, this will get me unwedged. But if you
really didn't forget anything, try typing `2' now; then
my insertion and my current dilemma will both disappear.

! Infinite glue shrinkage found in a paragraph.
<inserted text> }
                 
l.664 \end{tikzpicture}
                       
The paragraph just ended includes some glue that has
infinite shrinkability, e.g., `\hskip 0pt minus 1fil'.
Such glue doesn't belong there---it allows a paragraph
of any length to fit on one line. But it's safe to proceed,
since the offensive shrinkability has been made finite.

! Too many }'s.
\endpgfpicture ...dpicture \endgroup \hss \egroup 
                                                  \pgfsys@typesetpicturebox ...
l.664 \end{tikzpicture}
                       
You've closed more groups than you opened.
Such booboos are generally harmless, so keep going.

! Extra \endgroup.
\endpgfpicture ...setpicturebox \pgfpic \endgroup 
                                                  
l.664 \end{tikzpicture}
                       
Things are pretty mixed up, but I think the worst is over.

! Extra \endgroup.
\endtikzpicture ...lobal \endpgfpicture \endgroup 
                                                  
l.664 \end{tikzpicture}
                       
Things are pretty mixed up, but I think the worst is over.


! LaTeX Error: \begin{document} ended by \end{tikzpicture}.

See the LaTeX manual or LaTeX Companion for explanation.
Type  H <return>  for immediate help.
 ...                                              
                                                  
l.664 \end{tikzpicture}
                       
Your command was ignored.
Type  I <command> <return>  to replace it with another command,
or  <return>  to continue without it.

! Extra \endgroup.
\end  ...end#1\endcsname \@checkend {#1}\endgroup 
                                                  \UseHook {env/#1/after}\if...
l.664 \end{tikzpicture}
                       
Things are pretty mixed up, but I think the worst is over.


! LaTeX Error: \caption outside float.

See the LaTeX manual or LaTeX Companion for explanation.
Type  H <return>  for immediate help.
 ...                                              
                                                  
l.665 \caption
              {BC Selection Pipeline: four hierarchical selectors.}
You're in trouble here.  Try typing  <return>  to proceed.
If that doesn't work, type  X <return>  to quit.

! Infinite glue shrinkage found in a paragraph.
<argument> ...hskip:D \c_zero_dim \fi: \tex_par:D 
                                                  \hook_use:n {para/after}\@...
l.667 \end{figure}
                  
The paragraph just ended includes some glue that has
infinite shrinkability, e.g., `\hskip 0pt minus 1fil'.
Such glue doesn't belong there---it allows a paragraph
of any length to fit on one line. But it's safe to proceed,
since the offensive shrinkability has been made finite.


Overfull \hbox (2.0261pt too wide) in paragraph at lines 638--667
[]\T1/cmr/m/n/10.95 ![] []
 []

! Too many }'s.
\@endfloatbox ...pagefalse \outer@nobreak \egroup 
                                                  \color@endbox 
l.667 \end{figure}
                  
You've closed more groups than you opened.
Such booboos are generally harmless, so keep going.

! Extra \endgroup.
\color@endgroup ->\endgraf \@endpefalse \endgroup 
                                                  
l.667 \end{figure}
                  
Things are pretty mixed up, but I think the worst is over.

! Too many }'s.
\color@endbox ->\color@endgroup \egroup 
                                        
l.667 \end{figure}
                  
You've closed more groups than you opened.
Such booboos are generally harmless, so keep going.


! LaTeX Error: \begin{document} ended by \end{figure}.

See the LaTeX manual or LaTeX Companion for explanation.
Type  H <return>  for immediate help.
 ...                                              
                                                  
l.667 \end{figure}
                  
Your command was ignored.
Type  I <command> <return>  to replace it with another command,
or  <return>  to continue without it.

! Extra \endgroup.
\end  ...end#1\endcsname \@checkend {#1}\endgroup 
                                                  \UseHook {env/#1/after}\if...
l.667 \end{figure}
                  
Things are pretty mixed up, but I think the worst is over.



[12]
LaTeX Font Info:    Trying to load font information for U+euf on input line 740
.
 (/usr/local/texlive/2025/texmf-dist/tex/latex/amsfonts/ueuf.fd
File: ueuf.fd 2013/01/14 v3.01 Euler Fraktur
)

[13]

[14]

Package hyperref Warning: Token not allowed in a PDF string (Unicode):
(hyperref)                removing `math shift' on input line 843.


Package hyperref Warning: Token not allowed in a PDF string (Unicode):
(hyperref)                removing `\leftrightarrow' on input line 843.


Package hyperref Warning: Token not allowed in a PDF string (Unicode):
(hyperref)                removing `math shift' on input line 843.



[15]

[16]

[17]

[18]

[19]

[20]

[21]

LaTeX Warning: `h' float specifier changed to `ht'.



[22]

[23]

Package hyperref Warning: Token not allowed in a PDF string (Unicode):
(hyperref)                removing `math shift' on input line 1530.


Package hyperref Warning: Token not allowed in a PDF string (Unicode):
(hyperref)                removing `subscript' on input line 1530.


Package hyperref Warning: Token not allowed in a PDF string (Unicode):
(hyperref)                removing `math shift' on input line 1530.


Package hyperref Warning: Token not allowed in a PDF string (Unicode):
(hyperref)                removing `math shift' on input line 1561.


Package hyperref Warning: Token not allowed in a PDF string (Unicode):
(hyperref)                removing `\to' on input line 1561.


Package hyperref Warning: Token not allowed in a PDF string (Unicode):
(hyperref)                removing `math shift' on input line 1561.



[24]

Package hyperref Warning: Token not allowed in a PDF string (Unicode):
(hyperref)                removing `math shift' on input line 1598.


Package hyperref Warning: Token not allowed in a PDF string (Unicode):
(hyperref)                removing `math shift' on input line 1598.



[25] (./main.aux)
 ***********
LaTeX2e <2024-11-01> patch level 2
L3 programming layer <2025-01-18>
 ***********


LaTeX Warning: Label(s) may have changed. Rerun to get cross-references right.

Package rerunfilecheck Info: File `main.out' has not changed.
(rerunfilecheck)             Checksum: 5E490058EE82D6DA7A2FB85DD52E8C07;22889.
 ) 
Here is how much of TeX's memory you used:
 29714 strings out of 473190
 598909 string characters out of 5715800
 1017402 words of memory out of 5000000
 52166 multiletter control sequences out of 15000+600000
 581624 words of font info for 91 fonts, out of 8000000 for 9000
 1141 hyphenation exceptions out of 8191
 102i,13n,107p,473b,679s stack positions out of 10000i,1000n,20000p,200000b,200000s

pdfTeX warning (dest): name{subsection.7.1} has been referenced but does not ex
ist, replaced by a fixed one

</usr/local/texlive/2025/texmf-dist/fonts/type1/public/amsfonts/cm/cmex10.pfb><
/usr/local/texlive/2025/texmf-dist/fonts/type1/public/amsfonts/cm/cmmi10.pfb></
usr/local/texlive/2025/texmf-dist/fonts/type1/public/amsfonts/cm/cmmi12.pfb></u
sr/local/texlive/2025/texmf-dist/fonts/type1/public/amsfonts/cm/cmmi6.pfb></usr
/local/texlive/2025/texmf-dist/fonts/type1/public/amsfonts/cm/cmmi7.pfb></usr/l
ocal/texlive/2025/texmf-dist/fonts/type1/public/amsfonts/cm/cmmi8.pfb></usr/loc
al/texlive/2025/texmf-dist/fonts/type1/public/amsfonts/cm/cmr10.pfb></usr/local
/texlive/2025/texmf-dist/fonts/type1/public/amsfonts/cm/cmr12.pfb></usr/local/t
exlive/2025/texmf-dist/fonts/type1/public/amsfonts/cm/cmr6.pfb></usr/local/texl
ive/2025/texmf-dist/fonts/type1/public/amsfonts/cm/cmr8.pfb></usr/local/texlive
/2025/texmf-dist/fonts/type1/public/amsfonts/cm/cmsy10.pfb></usr/local/texlive/
2025/texmf-dist/fonts/type1/public/amsfonts/cm/cmsy6.pfb></usr/local/texlive/20
25/texmf-dist/fonts/type1/public/amsfonts/cm/cmsy8.pfb></usr/local/texlive/2025
/texmf-dist/fonts/type1/public/amsfonts/euler/eufm10.pfb></usr/local/texlive/20
25/texmf-dist/fonts/type1/public/amsfonts/symbols/msam10.pfb></usr/local/texliv
e/2025/texmf-dist/fonts/type1/public/amsfonts/symbols/msbm10.pfb></usr/local/te
xlive/2025/texmf-dist/fonts/type1/public/cm-super/sfbx1000.pfb></usr/local/texl
ive/2025/texmf-dist/fonts/type1/public/cm-super/sfbx1095.pfb></usr/local/texliv
e/2025/texmf-dist/fonts/type1/public/cm-super/sfbx1200.pfb></usr/local/texlive/
2025/texmf-dist/fonts/type1/public/cm-super/sfbx1440.pfb></usr/local/texlive/20
25/texmf-dist/fonts/type1/public/cm-super/sfbx1728.pfb></usr/local/texlive/2025
/texmf-dist/fonts/type1/public/cm-super/sfrm0600.pfb></usr/local/texlive/2025/t
exmf-dist/fonts/type1/public/cm-super/sfrm0700.pfb></usr/local/texlive/2025/tex
mf-dist/fonts/type1/public/cm-super/sfrm0800.pfb></usr/local/texlive/2025/texmf
-dist/fonts/type1/public/cm-super/sfrm1000.pfb></usr/local/texlive/2025/texmf-d
ist/fonts/type1/public/cm-super/sfrm1095.pfb></usr/local/texlive/2025/texmf-dis
t/fonts/type1/public/cm-super/sfrm1200.pfb></usr/local/texlive/2025/texmf-dist/
fonts/type1/public/cm-super/sfti0800.pfb></usr/local/texlive/2025/texmf-dist/fo
nts/type1/public/cm-super/sfti1095.pfb>
Output written on main.pdf (25 pages, 544618 bytes).
PDF statistics:
 1205 PDF objects out of 1440 (max. 8388607)
 1107 compressed objects within 12 object streams
 345 named destinations out of 1000 (max. 500000)
 1069 words of extra memory for PDF output out of 10000 (max. 10000000)

