\BOOKMARK [1][-]{section.1}{\376\377\000E\000x\000e\000c\000u\000t\000i\000v\000e\000\040\000S\000u\000m\000m\000a\000r\000y}{}% 1
\BOOKMARK [2][-]{subsection.1.1}{\376\377\000M\000i\000s\000s\000i\000o\000n}{section.1}% 2
\BOOKMARK [2][-]{subsection.1.2}{\376\377\000I\000m\000p\000o\000r\000t\000s\000\040\000f\000r\000o\000m\000\040\000v\0005\0005}{section.1}% 3
\BOOKMARK [2][-]{subsection.1.3}{\376\377\000W\000h\000a\000t\000\040\000i\000s\000\040\000C\000l\000o\000s\000e\000d\000\040\000i\000n\000\040\000v\0005\0006}{section.1}% 4
\BOOKMARK [2][-]{subsection.1.4}{\376\377\000W\000h\000a\000t\000\040\000R\000e\000m\000a\000i\000n\000s\000\040\000O\000p\000e\000n}{section.1}% 5
\BOOKMARK [2][-]{subsection.1.5}{\376\377\000L\000a\000y\000e\000r\000\040\000A\000/\000B\000\040\000F\000i\000r\000e\000w\000a\000l\000l}{section.1}% 6
\BOOKMARK [1][-]{section.2}{\376\377\000P\000S\000\040\000U\000n\000i\000f\000i\000c\000a\000t\000i\000o\000n\000\040\000H\000o\000o\000k}{}% 7
\BOOKMARK [2][-]{subsection.2.1}{\376\377\000P\000S\000\040\000G\000a\000u\000g\000e\000\040\000S\000t\000r\000u\000c\000t\000u\000r\000e}{section.2}% 8
\BOOKMARK [2][-]{subsection.2.2}{\376\377\000T\000h\000e\000\040\000U\000n\000i\000f\000i\000c\000a\000t\000i\000o\000n\000\040\000P\000o\000s\000t\000u\000l\000a\000t\000e}{section.2}% 9
\BOOKMARK [2][-]{subsection.2.3}{\376\377\000R\000e\000l\000a\000t\000i\000o\000n\000\040\000t\000o\000\040\000B\000-\000L}{section.2}% 10
\BOOKMARK [2][-]{subsection.2.4}{\376\377\000U\000n\000i\000f\000i\000c\000a\000t\000i\000o\000n\000\040\000C\000o\000n\000s\000t\000r\000a\000i\000n\000t}{section.2}% 11
\BOOKMARK [2][-]{subsection.2.5}{\376\377\0004\000D\000\040\000C\000o\000u\000p\000l\000i\000n\000g\000\040\000R\000e\000l\000a\000t\000i\000o\000n\000s}{section.2}% 12
\BOOKMARK [2][-]{subsection.2.6}{\376\377\000U\000n\000i\000f\000i\000e\000d\000\040\000C\000o\000u\000p\000l\000i\000n\000g\000\040\000D\000e\000f\000i\000n\000i\000t\000i\000o\000n}{section.2}% 13
\BOOKMARK [2][-]{subsection.2.7}{\376\377\000W\000h\000e\000r\000e\000-\000U\000s\000e\000d\000:\000\040\000U\000n\000i\000f\000i\000c\000a\000t\000i\000o\000n\000\040\000H\000o\000o\000k}{section.2}% 14
\BOOKMARK [1][-]{section.3}{\376\377\000F\000i\000x\000i\000n\000g\000\040\000g\0005\000P\000S\000:\000\040\000T\000w\000o\000\040\000A\000d\000m\000i\000s\000s\000i\000b\000l\000e\000\040\000R\000o\000u\000t\000e\000s}{}% 15
\BOOKMARK [2][-]{subsection.3.1}{\376\377\000D\000i\000m\000e\000n\000s\000i\000o\000n\000a\000l\000\040\000A\000n\000a\000l\000y\000s\000i\000s}{section.3}% 16
\BOOKMARK [2][-]{subsection.3.2}{\376\377\000R\000o\000u\000t\000e\000\040\000A\000:\000\040\000T\000e\000n\000s\000i\000o\000n\000/\000P\000l\000a\000n\000c\000k\000\040\000R\000o\000u\000t\000e}{section.3}% 17
\BOOKMARK [2][-]{subsection.3.3}{\376\377\000R\000o\000u\000t\000e\000\040\000C\000:\000\040\000C\000u\000t\000o\000f\000f\000/\000S\000e\000l\000f\000-\000C\000o\000n\000s\000i\000s\000t\000e\000n\000c\000y\000\040\000R\000o\000u\000t\000e}{section.3}% 18
\BOOKMARK [2][-]{subsection.3.4}{\376\377\000R\000o\000u\000t\000e\000\040\000B\000:\000\040\000G\000U\000T\000\040\000M\000a\000t\000c\000h\000i\000n\000g\000\040\000\050\000C\000o\000n\000d\000i\000t\000i\000o\000n\000a\000l\000\051}{section.3}% 19
\BOOKMARK [2][-]{subsection.3.5}{\376\377\000R\000o\000u\000t\000e\000\040\000C\000o\000n\000s\000i\000s\000t\000e\000n\000c\000y\000\040\000C\000h\000e\000c\000k}{section.3}% 20
\BOOKMARK [2][-]{subsection.3.6}{\376\377\000R\000o\000u\000t\000e\000s\000\040\000S\000c\000o\000r\000e\000b\000o\000a\000r\000d}{section.3}% 21
\BOOKMARK [1][-]{section.4}{\376\377\0003\000\050\000*\000\051\000\040\000B\000a\000s\000e\000l\000i\000n\000e\000\040\000C\000l\000o\000s\000u\000r\000e}{}% 22
\BOOKMARK [2][-]{subsection.4.1}{\376\377\000B\000a\000s\000e\000l\000i\000n\000e\000\040\000E\000x\000p\000r\000e\000s\000s\000i\000o\000n\000\040\000\050\000Z\000e\000r\000o\000\040\000B\000r\000a\000n\000e\000\040\000T\000e\000r\000m\000s\000\051}{section.4}% 23
\BOOKMARK [2][-]{subsection.4.2}{\376\377\000R\000o\000u\000t\000e\000\040\000A\000\040\000E\000x\000p\000r\000e\000s\000s\000i\000o\000n}{section.4}% 24
\BOOKMARK [2][-]{subsection.4.3}{\376\377\000R\000o\000u\000t\000e\000\040\000C\000\040\000E\000x\000p\000r\000e\000s\000s\000i\000o\000n}{section.4}% 25
\BOOKMARK [2][-]{subsection.4.4}{\376\377\000R\000o\000u\000t\000e\000\040\000E\000q\000u\000i\000v\000a\000l\000e\000n\000c\000e\000\040\000U\000s\000i\000n\000g\000\040\000L\000\040\000f\000r\000o\000m\000\040\000E\000D\000C}{section.4}% 26
\BOOKMARK [2][-]{subsection.4.5}{\376\377\000M\000a\000t\000c\000h\000i\000n\000g\000\040\000C\000o\000n\000d\000i\000t\000i\000o\000n}{section.4}% 27
\BOOKMARK [2][-]{subsection.4.6}{\376\377\000C\000a\000n\000o\000n\000i\000c\000a\000l\000\040\000B\000a\000s\000e\000l\000i\000n\000e\000\040\000V\000a\000l\000u\000e}{section.4}% 28
\BOOKMARK [1][-]{section.5}{\376\377\000T\000w\000o\000-\000R\000o\000u\000t\000e\000\040\000V\000e\000r\000i\000f\000i\000c\000a\000t\000i\000o\000n\000\040\000\050\000T\0001\000\040\000=\000\040\000T\0002\000\051}{}% 29
\BOOKMARK [2][-]{subsection.5.1}{\376\377\000R\000o\000u\000t\000e\000\040\000T\0001\000:\000\040\000V\000i\000a\000\040\000g\040\204\000C\000\040\000M\000a\000t\000c\000h\000i\000n\000g}{section.5}% 30
\BOOKMARK [2][-]{subsection.5.2}{\376\377\000R\000o\000u\000t\000e\000\040\000T\0002\000:\000\040\000D\000i\000r\000e\000c\000t\000\040\0005\000D\041\222\0004\000D\000\040\000R\000e\000d\000u\000c\000t\000i\000o\000n}{section.5}% 31
\BOOKMARK [2][-]{subsection.5.3}{\376\377\000V\000e\000r\000i\000f\000i\000c\000a\000t\000i\000o\000n}{section.5}% 32
\BOOKMARK [2][-]{subsection.5.4}{\376\377\000C\000o\000n\000s\000i\000s\000t\000e\000n\000c\000y\000\040\000w\000i\000t\000h\000\040\000E\000D\000C\000\040\000L}{section.5}% 33
\BOOKMARK [1][-]{section.6}{\376\377\000B\000r\000a\000n\000e\000\040\000P\000e\000r\000t\000u\000r\000b\000a\000t\000i\000o\000n\000\040\000B\000o\000u\000n\000d\000s}{}% 34
\BOOKMARK [2][-]{subsection.6.1}{\376\377\000B\000r\000a\000n\000e\000\040\000K\000i\000n\000e\000t\000i\000c\000\040\000T\000e\000r\000m\000s}{section.6}% 35
\BOOKMARK [2][-]{subsection.6.2}{\376\377\000P\000e\000r\000t\000u\000r\000b\000a\000t\000i\000o\000n\000\040\000A\000n\000a\000l\000y\000s\000i\000s}{section.6}% 36
\BOOKMARK [2][-]{subsection.6.3}{\376\377\000R\000e\000l\000a\000t\000i\000v\000e\000\040\000P\000e\000r\000t\000u\000r\000b\000a\000t\000i\000o\000n}{section.6}% 37
\BOOKMARK [2][-]{subsection.6.4}{\376\377\000S\000m\000a\000l\000l\000n\000e\000s\000s\000\040\000A\000s\000s\000u\000m\000p\000t\000i\000o\000n}{section.6}% 38
\BOOKMARK [2][-]{subsection.6.5}{\376\377\000B\000o\000u\000n\000d\000e\000d\000\040\000P\000r\000e\000d\000i\000c\000t\000i\000o\000n}{section.6}% 39
\BOOKMARK [1][-]{section.7}{\376\377\000L\000o\000g\000\040\000H\000y\000g\000i\000e\000n\000e}{}% 40
\BOOKMARK [2][-]{subsection.7.1}{\376\377\000C\000l\000a\000s\000s\000i\000f\000i\000c\000a\000t\000i\000o\000n\000\040\000S\000c\000h\000e\000m\000e}{section.7}% 41
\BOOKMARK [2][-]{subsection.7.2}{\376\377\000U\000S\000E\000D\000\040\000L\000o\000g\000s}{section.7}% 42
\BOOKMARK [2][-]{subsection.7.3}{\376\377\000T\000E\000M\000P\000L\000A\000T\000E\000\040\000L\000o\000g\000s}{section.7}% 43
\BOOKMARK [2][-]{subsection.7.4}{\376\377\000E\000x\000p\000l\000i\000c\000i\000t\000\040\000D\000i\000m\000e\000n\000s\000i\000o\000n\000l\000e\000s\000s\000\040\000L\000o\000g\000s}{section.7}% 44
\BOOKMARK [2][-]{subsection.7.5}{\376\377\000U\000n\000i\000t\000\040\000I\000n\000v\000a\000r\000i\000a\000n\000c\000e\000\040\000S\000t\000r\000e\000s\000s\000\040\000T\000e\000s\000t}{section.7}% 45
\BOOKMARK [1][-]{section.8}{\376\377\000K\000K\000\040\000T\000h\000r\000e\000s\000h\000o\000l\000d\000\040\000P\000r\000o\000t\000o\000c\000o\000l}{}% 46
\BOOKMARK [2][-]{subsection.8.1}{\376\377\000K\000K\000\040\000S\000u\000m\000\040\000S\000t\000r\000u\000c\000t\000u\000r\000e}{section.8}% 47
\BOOKMARK [2][-]{subsection.8.2}{\376\377\000R\000e\000g\000u\000l\000a\000t\000o\000r\000\040\000D\000e\000f\000i\000n\000i\000t\000i\000o\000n}{section.8}% 48
\BOOKMARK [2][-]{subsection.8.3}{\376\377\000R\000e\000g\000u\000l\000a\000t\000o\000r\000\040\000I\000n\000v\000a\000r\000i\000a\000n\000c\000e}{section.8}% 49
\BOOKMARK [2][-]{subsection.8.4}{\376\377\000T\000h\000r\000e\000s\000h\000o\000l\000d\000\040\000A\000P\000I}{section.8}% 50
\BOOKMARK [1][-]{section.9}{\376\377\000O\000b\000s\000e\000r\000v\000a\000b\000l\000e\000\040\000I\000n\000t\000e\000r\000f\000a\000c\000e\000\040\000A\000P\000I}{}% 51
\BOOKMARK [2][-]{subsection.9.1}{\376\377\000A\000P\000I\000-\000C\0001\000:\000\040\000C\000a\000n\000o\000n\000i\000c\000a\000l\000\040\000S\000c\000a\000l\000e}{section.9}% 52
\BOOKMARK [2][-]{subsection.9.2}{\376\377\000A\000P\000I\000-\000C\0002\000:\000\040\0003\000\040\000a\000t\000\040\000R\000e\000f\000e\000r\000e\000n\000c\000e\000\040\000S\000c\000a\000l\000e}{section.9}% 53
\BOOKMARK [2][-]{subsection.9.3}{\376\377\000A\000P\000I\000-\000C\0003\000:\000\040\000R\000G\000\040\000C\000o\000n\000n\000e\000c\000t\000o\000r}{section.9}% 54
\BOOKMARK [2][-]{subsection.9.4}{\376\377\000A\000P\000I\000-\000C\0004\000:\000\040\000T\000h\000r\000e\000s\000h\000o\000l\000d\000\040\000H\000o\000o\000k\000s}{section.9}% 55
\BOOKMARK [2][-]{subsection.9.5}{\376\377\000A\000P\000I\000-\000C\0005\000:\000\040\000U\000n\000i\000f\000i\000e\000d\000\040\000C\000o\000u\000p\000l\000i\000n\000g}{section.9}% 56
\BOOKMARK [2][-]{subsection.9.6}{\376\377\000A\000P\000I\000-\000C\0006\000:\000\040\000L\000a\000y\000e\000r\000\040\000B\000\040\000A\000d\000a\000p\000t\000e\000r\000\040\000S\000t\000u\000b}{section.9}% 57
\BOOKMARK [2][-]{subsection.9.7}{\376\377\000A\000P\000I\000\040\000S\000u\000m\000m\000a\000r\000y\000\040\000T\000a\000b\000l\000e}{section.9}% 58
\BOOKMARK [1][-]{section.10}{\376\377\000L\000a\000y\000e\000r\000\040\000B\000\040\000Q\000u\000a\000r\000a\000n\000t\000i\000n\000e\000d\000\040\000A\000d\000a\000p\000t\000e\000r}{}% 59
\BOOKMARK [2][-]{subsection.10.1}{\376\377\000E\000x\000t\000e\000r\000n\000a\000l\000\040\000A\000n\000c\000h\000o\000r\000s\000\040\000\050\000N\000O\000T\000\040\000U\000S\000E\000D\000\051}{section.10}% 60
\BOOKMARK [2][-]{subsection.10.2}{\376\377\000L\000a\000y\000e\000r\000\040\000B\000\040\000A\000d\000a\000p\000t\000e\000r\000\040\000F\000u\000n\000c\000t\000i\000o\000n\000s}{section.10}% 61
\BOOKMARK [2][-]{subsection.10.3}{\376\377\000L\000a\000y\000e\000r\000\040\000B\000\040\000S\000c\000o\000p\000e}{section.10}% 62
\BOOKMARK [1][-]{section.11}{\376\377\000S\000e\000l\000e\000c\000t\000i\000o\000n\000\040\000R\000u\000l\000e\000s\000\040\000a\000n\000d\000\040\000H\000a\000r\000d\000\040\000R\000u\000l\000e\000s}{}% 63
\BOOKMARK [2][-]{subsection.11.1}{\376\377\000H\000a\000r\000d\000\040\000R\000u\000l\000e\000:\000\040\000P\000A\000S\000S\000\040\000>\000\040\000C\000O\000N\000D\000I\000T\000I\000O\000N\000A\000L}{section.11}% 64
\BOOKMARK [2][-]{subsection.11.2}{\376\377\000H\000a\000r\000d\000\040\000R\000u\000l\000e\000:\000\040\000N\000o\000\040\000F\000o\000r\000b\000i\000d\000d\000e\000n\000\040\000A\000n\000c\000h\000o\000r\000s}{section.11}% 65
\BOOKMARK [2][-]{subsection.11.3}{\376\377\000T\000i\000e\000-\000B\000r\000e\000a\000k\000e\000r\000\040\000R\000u\000l\000e\000s}{section.11}% 66
\BOOKMARK [1][-]{section.12}{\376\377\000B\000L\000O\000C\000K\000-\0000\0000\0004\000\040\000S\000t\000a\000t\000u\000s\000\040\000M\000a\000p}{}% 67
\BOOKMARK [1][-]{section.13}{\376\377\000H\000a\000s\000h\000\040\000C\000h\000a\000i\000n}{}% 68
\BOOKMARK [2][-]{subsection.13.1}{\376\377\000I\000n\000h\000e\000r\000i\000t\000e\000d\000\040\000C\000h\000a\000i\000n\000\040\000\050\000v\0004\0005\040\023\000v\0005\0005\000\051}{section.13}% 69
\BOOKMARK [2][-]{subsection.13.2}{\376\377\000v\0005\0006\000\040\000H\000a\000s\000h\000\040\000C\000o\000m\000p\000u\000t\000a\000t\000i\000o\000n}{section.13}% 70
\BOOKMARK [1][-]{section.14}{\376\377\000R\000e\000v\000i\000e\000w\000e\000r\000\040\000T\000r\000a\000p\000s}{}% 71
\BOOKMARK [1][-]{section.15}{\376\377\000C\000l\000o\000s\000i\000n\000g\000\040\000T\000h\000e\000o\000r\000e\000m}{}% 72
\BOOKMARK [1][-]{section.16}{\376\377\000E\000x\000t\000e\000n\000d\000e\000d\000\040\000D\000e\000r\000i\000v\000a\000t\000i\000o\000n\000s}{}% 73
\BOOKMARK [2][-]{subsection.16.1}{\376\377\0005\000D\000\040\000P\000l\000a\000n\000c\000k\000\040\000M\000a\000s\000s\000\040\000R\000e\000l\000a\000t\000i\000o\000n\000s}{section.16}% 74
\BOOKMARK [2][-]{subsection.16.2}{\376\377\000E\000D\000C\000\040\000L\000e\000n\000g\000t\000h\000\040\000S\000c\000a\000l\000e}{section.16}% 75
\BOOKMARK [2][-]{subsection.16.3}{\376\377\000C\000u\000t\000o\000f\000f\000\040\000S\000c\000a\000l\000e\000\040\000R\000e\000l\000a\000t\000i\000o\000n\000s}{section.16}% 76
\BOOKMARK [2][-]{subsection.16.4}{\376\377\000C\000o\000u\000p\000l\000i\000n\000g\000\040\000H\000i\000e\000r\000a\000r\000c\000h\000y}{section.16}% 77
\BOOKMARK [2][-]{subsection.16.5}{\376\377\000G\000a\000u\000g\000e\000\040\000C\000o\000u\000p\000l\000i\000n\000g\000\040\000U\000n\000i\000f\000i\000c\000a\000t\000i\000o\000n\000\040\000C\000h\000e\000c\000k}{section.16}% 78
\BOOKMARK [2][-]{subsection.16.6}{\376\377\000Z\000e\000r\000o\000-\000M\000o\000d\000e\000\040\000N\000o\000r\000m\000a\000l\000i\000z\000a\000t\000i\000o\000n}{section.16}% 79
\BOOKMARK [2][-]{subsection.16.7}{\376\377\000K\000K\000\040\000M\000o\000d\000e\000\040\000P\000r\000o\000f\000i\000l\000e\000s}{section.16}% 80
\BOOKMARK [2][-]{subsection.16.8}{\376\377\0005\000D\000\040\000G\000a\000u\000g\000e\000\040\000K\000i\000n\000e\000t\000i\000c\000\040\000T\000e\000r\000m\000\040\000D\000e\000c\000o\000m\000p\000o\000s\000i\000t\000i\000o\000n}{section.16}% 81
\BOOKMARK [2][-]{subsection.16.9}{\376\377\000T\000r\000a\000c\000e\000\040\000C\000o\000n\000v\000e\000n\000t\000i\000o\000n\000\040\000V\000e\000r\000i\000f\000i\000c\000a\000t\000i\000o\000n}{section.16}% 82
\BOOKMARK [2][-]{subsection.16.10}{\376\377\000E\000m\000b\000e\000d\000d\000i\000n\000g\000\040\000V\000e\000r\000i\000f\000i\000c\000a\000t\000i\000o\000n}{section.16}% 83
\BOOKMARK [2][-]{subsection.16.11}{\376\377\000C\000a\000s\000i\000m\000i\000r\000\040\000O\000p\000e\000r\000a\000t\000o\000r\000s}{section.16}% 84
\BOOKMARK [2][-]{subsection.16.12}{\376\377\000D\000y\000n\000k\000i\000n\000\040\000I\000n\000d\000e\000x}{section.16}% 85
\BOOKMARK [2][-]{subsection.16.13}{\376\377\000A\000n\000o\000m\000a\000l\000y\000\040\000C\000o\000e\000f\000f\000i\000c\000i\000e\000n\000t\000s}{section.16}% 86
\BOOKMARK [2][-]{subsection.16.14}{\376\377\000R\000u\000n\000n\000i\000n\000g\000\040\000C\000o\000u\000p\000l\000i\000n\000g\000\040\000F\000o\000r\000m\000u\000l\000a\000s}{section.16}% 87
\BOOKMARK [2][-]{subsection.16.15}{\376\377\000T\000h\000r\000e\000s\000h\000o\000l\000d\000\040\000C\000o\000r\000r\000e\000c\000t\000i\000o\000n\000s\000\040\000G\000e\000n\000e\000r\000a\000l\000\040\000F\000o\000r\000m}{section.16}% 88
\BOOKMARK [2][-]{subsection.16.16}{\376\377\000W\000e\000i\000e\000r\000s\000t\000r\000a\000s\000s\000\040\000P\000r\000o\000d\000u\000c\000t}{section.16}% 89
\BOOKMARK [2][-]{subsection.16.17}{\376\377\000D\000i\000m\000e\000n\000s\000i\000o\000n\000a\000l\000\040\000R\000e\000g\000u\000l\000a\000r\000i\000z\000a\000t\000i\000o\000n\000\040\000I\000d\000e\000n\000t\000i\000t\000i\000e\000s}{section.16}% 90
\BOOKMARK [2][-]{subsection.16.18}{\376\377\000H\000e\000a\000t\000\040\000K\000e\000r\000n\000e\000l\000\040\000E\000x\000p\000a\000n\000s\000i\000o\000n}{section.16}% 91
\BOOKMARK [2][-]{subsection.16.19}{\376\377\000Z\000e\000t\000a\000\040\000F\000u\000n\000c\000t\000i\000o\000n\000\040\000R\000e\000g\000u\000l\000a\000r\000i\000z\000a\000t\000i\000o\000n}{section.16}% 92
\BOOKMARK [1][-]{section.17}{\376\377\000D\000i\000m\000e\000n\000s\000i\000o\000n\000a\000l\000\040\000A\000n\000a\000l\000y\000s\000i\000s\000\040\000S\000u\000m\000m\000a\000r\000y}{}% 93
\BOOKMARK [1][-]{appendix.A}{\376\377\000S\000U\000\050\0004\000\051\000\040\000G\000e\000n\000e\000r\000a\000t\000o\000r\000\040\000M\000a\000t\000r\000i\000c\000e\000s}{}% 94
\BOOKMARK [1][-]{appendix.B}{\376\377\000R\000o\000u\000t\000e\000\040\000D\000e\000r\000i\000v\000a\000t\000i\000o\000n\000\040\000D\000e\000t\000a\000i\000l\000s}{}% 95
\BOOKMARK [2][-]{subsection.B.1}{\376\377\000R\000o\000u\000t\000e\000\040\000A\000\040\000F\000u\000l\000l\000\040\000D\000e\000r\000i\000v\000a\000t\000i\000o\000n}{appendix.B}% 96
\BOOKMARK [2][-]{subsection.B.2}{\376\377\000R\000o\000u\000t\000e\000\040\000C\000\040\000F\000u\000l\000l\000\040\000D\000e\000r\000i\000v\000a\000t\000i\000o\000n}{appendix.B}% 97
\BOOKMARK [2][-]{subsection.B.3}{\376\377\000R\000o\000u\000t\000e\000\040\000C\000o\000n\000s\000i\000s\000t\000e\000n\000c\000y\000\040\000F\000u\000l\000l}{appendix.B}% 98
\BOOKMARK [1][-]{appendix.C}{\376\377\000R\000e\000p\000r\000o\000d\000u\000c\000t\000i\000o\000n\000\040\000I\000n\000s\000t\000r\000u\000c\000t\000i\000o\000n\000s}{}% 99
\BOOKMARK [2][-]{subsection.C.1}{\376\377\000B\000u\000i\000l\000d\000\040\000C\000o\000m\000m\000a\000n\000d\000s}{appendix.C}% 100
\BOOKMARK [2][-]{subsection.C.2}{\376\377\000E\000x\000p\000e\000c\000t\000e\000d\000\040\000O\000u\000t\000p\000u\000t}{appendix.C}% 101
\BOOKMARK [2][-]{subsection.C.3}{\376\377\000H\000a\000s\000h\000\040\000V\000e\000r\000i\000f\000i\000c\000a\000t\000i\000o\000n}{appendix.C}% 102
\BOOKMARK [2][-]{subsection.C.4}{\376\377\000E\000x\000p\000o\000r\000t}{appendix.C}% 103
\BOOKMARK [1][-]{appendix.D}{\376\377\000A\000d\000d\000i\000t\000i\000o\000n\000a\000l\000\040\000C\000o\000n\000s\000i\000s\000t\000e\000n\000c\000y\000\040\000C\000h\000e\000c\000k\000s}{}% 104
\BOOKMARK [2][-]{subsection.D.1}{\376\377\0005\000D\000\040\000A\000c\000t\000i\000o\000n\000\040\000C\000o\000n\000s\000i\000s\000t\000e\000n\000c\000y}{appendix.D}% 105
\BOOKMARK [2][-]{subsection.D.2}{\376\377\000B\000r\000a\000n\000e\000-\000B\000u\000l\000k\000\040\000M\000a\000t\000c\000h\000i\000n\000g}{appendix.D}% 106
\BOOKMARK [2][-]{subsection.D.3}{\376\377\000Z\000e\000r\000o\000-\000M\000o\000d\000e\000\040\000G\000a\000u\000g\000e\000\040\000F\000i\000e\000l\000d}{appendix.D}% 107
\BOOKMARK [2][-]{subsection.D.4}{\376\377\000K\000K\000\040\000T\000o\000w\000e\000r\000\040\000S\000u\000m\000m\000a\000t\000i\000o\000n}{appendix.D}% 108
\BOOKMARK [2][-]{subsection.D.5}{\376\377\000T\000h\000r\000e\000s\000h\000o\000l\000d\000\040\000F\000u\000n\000c\000t\000i\000o\000n\000\040\000F\000o\000r\000m\000s}{appendix.D}% 109
\BOOKMARK [2][-]{subsection.D.6}{\376\377\000C\000o\000u\000p\000l\000i\000n\000g\000\040\000E\000v\000o\000l\000u\000t\000i\000o\000n\000\040\000S\000u\000m\000m\000a\000r\000y}{appendix.D}% 110
