\BOOKMARK [1][-]{section.1}{\376\377\000E\000p\000i\000s\000t\000e\000m\000i\000c\000\040\000L\000e\000d\000g\000e\000r}{}% 1
\BOOKMARK [2][-]{subsection.1.1}{\376\377\000E\000p\000i\000s\000t\000e\000m\000i\000c\000\040\000S\000u\000m\000m\000a\000r\000y}{section.1}% 2
\BOOKMARK [1][-]{section.2}{\376\377\000E\000x\000e\000c\000u\000t\000i\000v\000e\000\040\000S\000u\000m\000m\000a\000r\000y}{}% 3
\BOOKMARK [2][-]{subsection.2.1}{\376\377\000T\000h\000e\000\040\000F\000i\000v\000e\000\040\000C\000a\000n\000o\000n\000i\000c\000a\000l\000\040\000B\000o\000x\000e\000s}{section.2}% 4
\BOOKMARK [1][-]{section.3}{\376\377\000H\000a\000s\000h\000\040\000C\000h\000a\000i\000n\000\040\000a\000n\000d\000\040\000P\000r\000o\000v\000e\000n\000a\000n\000c\000e}{}% 5
\BOOKMARK [2][-]{subsection.3.1}{\376\377\000D\000e\000p\000e\000n\000d\000e\000n\000c\000y\000\040\000G\000r\000a\000p\000h}{section.3}% 6
\BOOKMARK [2][-]{subsection.3.2}{\376\377\000S\000o\000u\000r\000c\000e\000\040\000D\000o\000c\000u\000m\000e\000n\000t\000s}{section.3}% 7
\BOOKMARK [1][-]{section.4}{\376\377\000C\000o\000n\000s\000o\000l\000i\000d\000a\000t\000e\000d\000\040\000N\000o\000t\000a\000t\000i\000o\000n\000\040\000T\000a\000b\000l\000e}{}% 8
\BOOKMARK [1][-]{section.5}{\376\377\000C\000o\000l\000o\000r\000\040\000M\000a\000t\000c\000h\000i\000n\000g\000\040\000a\000t\000\040\000t\000h\000e\000\040\000R\000e\000f\000e\000r\000e\000n\000c\000e\000\040\000S\000c\000a\000l\000e}{}% 9
\BOOKMARK [2][-]{subsection.5.1}{\376\377\000G\000a\000u\000g\000e\000\040\000G\000r\000o\000u\000p\000\040\000E\000m\000b\000e\000d\000d\000i\000n\000g}{section.5}% 10
\BOOKMARK [2][-]{subsection.5.2}{\376\377\000G\000e\000n\000e\000r\000a\000t\000o\000r\000\040\000D\000e\000c\000o\000m\000p\000o\000s\000i\000t\000i\000o\000n}{section.5}% 11
\BOOKMARK [2][-]{subsection.5.3}{\376\377\000T\000r\000a\000c\000e\000\040\000N\000o\000r\000m\000a\000l\000i\000z\000a\000t\000i\000o\000n}{section.5}% 12
\BOOKMARK [2][-]{subsection.5.4}{\376\377\0005\000D\000\040\000G\000a\000u\000g\000e\000\040\000A\000c\000t\000i\000o\000n}{section.5}% 13
\BOOKMARK [2][-]{subsection.5.5}{\376\377\000B\000r\000a\000n\000e\000\040\000L\000o\000c\000a\000l\000i\000z\000e\000d\000\040\000T\000e\000r\000m\000s}{section.5}% 14
\BOOKMARK [2][-]{subsection.5.6}{\376\377\000M\000a\000t\000c\000h\000i\000n\000g\000\040\000T\000h\000e\000o\000r\000e\000m}{section.5}% 15
\BOOKMARK [2][-]{subsection.5.7}{\376\377\000B\000r\000a\000n\000e\000\040\000C\000o\000r\000r\000e\000c\000t\000i\000o\000n\000\040\000B\000o\000u\000n\000d}{section.5}% 16
\BOOKMARK [2][-]{subsection.5.8}{\376\377\000B\000O\000X\000-\0001\000\040\000S\000u\000m\000m\000a\000r\000y}{section.5}% 17
\BOOKMARK [1][-]{section.6}{\376\377\000S\000t\000r\000o\000n\000g\000\040\000C\000o\000u\000p\000l\000i\000n\000g\000\040\0003\000\050\000*\000\051}{}% 18
\BOOKMARK [2][-]{subsection.6.1}{\376\377\000E\000D\000C\000\040\000F\000i\000e\000l\000d\000\040\000E\000q\000u\000a\000t\000i\000o\000n\000s}{section.6}% 19
\BOOKMARK [2][-]{subsection.6.2}{\376\377\000P\000S\000\040\000t\000o\000\040\000Q\000C\000D\000\040\000M\000a\000t\000c\000h\000i\000n\000g}{section.6}% 20
\BOOKMARK [2][-]{subsection.6.3}{\376\377\000C\000o\000r\000r\000e\000c\000t\000i\000o\000n\000-\000B\000o\000u\000n\000d\000e\000d\000\040\000F\000o\000r\000m}{section.6}% 21
\BOOKMARK [2][-]{subsection.6.4}{\376\377\000E\000q\000u\000i\000v\000a\000l\000e\000n\000t\000\040\000F\000o\000r\000m\000s}{section.6}% 22
\BOOKMARK [2][-]{subsection.6.5}{\376\377\000P\000a\000r\000a\000m\000e\000t\000e\000r\000\040\000D\000o\000m\000a\000i\000n}{section.6}% 23
\BOOKMARK [2][-]{subsection.6.6}{\376\377\000B\000O\000X\000-\0002\000\040\000S\000u\000m\000m\000a\000r\000y}{section.6}% 24
\BOOKMARK [1][-]{section.7}{\376\377\000P\000S\000\040\000B\000r\000e\000a\000k\000i\000n\000g\000\040\000S\000c\000a\000l\000e\000\040\000M\000X\000\050\000\051}{}% 25
\BOOKMARK [2][-]{subsection.7.1}{\376\377\000S\000y\000m\000m\000e\000t\000r\000y\000\040\000B\000r\000e\000a\000k\000i\000n\000g\000\040\000P\000a\000t\000t\000e\000r\000n}{section.7}% 26
\BOOKMARK [2][-]{subsection.7.2}{\376\377\000H\000e\000a\000v\000y\000\040\000G\000a\000u\000g\000e\000\040\000B\000o\000s\000o\000n\000s}{section.7}% 27
\BOOKMARK [2][-]{subsection.7.3}{\376\377\000R\000o\000u\000t\000e\000\040\000A\000:\000\040\000G\000e\000o\000m\000e\000t\000r\000i\000c\000\040\000D\000e\000t\000e\000r\000m\000i\000n\000a\000t\000i\000o\000n}{section.7}% 28
\BOOKMARK [2][-]{subsection.7.4}{\376\377\000R\000o\000u\000t\000e\000\040\000B\000:\000\040\000E\000F\000T\000\040\000M\000a\000t\000c\000h\000i\000n\000g}{section.7}% 29
\BOOKMARK [2][-]{subsection.7.5}{\376\377\000T\000w\000o\000-\000R\000o\000u\000t\000e\000\040\000C\000o\000n\000s\000i\000s\000t\000e\000n\000c\000y}{section.7}% 30
\BOOKMARK [2][-]{subsection.7.6}{\376\377\000G\000e\000o\000m\000e\000t\000r\000i\000c\000\040\000F\000a\000c\000t\000o\000r\000\040\000C\000X}{section.7}% 31
\BOOKMARK [2][-]{subsection.7.7}{\376\377\000F\000i\000n\000a\000l\000\040\000M\000X\000\040\000F\000o\000r\000m\000u\000l\000a}{section.7}% 32
\BOOKMARK [2][-]{subsection.7.8}{\376\377\000F\000o\000u\000r\000t\000h\000\040\000P\000o\000w\000e\000r}{section.7}% 33
\BOOKMARK [2][-]{subsection.7.9}{\376\377\000B\000O\000X\000-\0003\000\040\000S\000u\000m\000m\000a\000r\000y}{section.7}% 34
\BOOKMARK [1][-]{section.8}{\376\377\000L\000e\000p\000t\000o\000q\000u\000a\000r\000k\000\040\000C\000o\000u\000p\000l\000i\000n\000g\000\040\000g\000X\000\050\000M\000X\000\051}{}% 35
\BOOKMARK [2][-]{subsection.8.1}{\376\377\000C\000o\000u\000p\000l\000i\000n\000g\000\040\000D\000e\000f\000i\000n\000i\000t\000i\000o\000n}{section.8}% 36
\BOOKMARK [2][-]{subsection.8.2}{\376\377\000I\000n\000i\000t\000i\000a\000l\000\040\000C\000o\000n\000d\000i\000t\000i\000o\000n}{section.8}% 37
\BOOKMARK [2][-]{subsection.8.3}{\376\377\000R\000o\000u\000t\000e\000\040\000T\0001\000:\000\040\000Q\000C\000D\000\040\000R\000G\000\040\000t\000o\000\040\000M\000X}{section.8}% 38
\BOOKMARK [2][-]{subsection.8.4}{\376\377\000R\000o\000u\000t\000e\000\040\000T\0002\000:\000\040\000P\000S\000\040\000D\000i\000r\000e\000c\000t\000\040\000R\000G}{section.8}% 39
\BOOKMARK [2][-]{subsection.8.5}{\376\377\000T\000w\000o\000-\000R\000o\000u\000t\000e\000\040\000C\000o\000n\000s\000i\000s\000t\000e\000n\000c\000y}{section.8}% 40
\BOOKMARK [2][-]{subsection.8.6}{\376\377\000C\000o\000u\000p\000l\000i\000n\000g\000\040\000E\000n\000v\000e\000l\000o\000p\000e}{section.8}% 41
\BOOKMARK [2][-]{subsection.8.7}{\376\377\000F\000o\000u\000r\000t\000h\000\040\000P\000o\000w\000e\000r}{section.8}% 42
\BOOKMARK [2][-]{subsection.8.8}{\376\377\000B\000O\000X\000-\0004\000\040\000S\000u\000m\000m\000a\000r\000y}{section.8}% 43
\BOOKMARK [1][-]{section.9}{\376\377\000P\000r\000o\000t\000o\000n\000\040\000L\000i\000f\000e\000t\000i\000m\000e\000\040\000p\000\050\000\051}{}% 44
\BOOKMARK [2][-]{subsection.9.1}{\376\377\000O\000p\000e\000r\000a\000t\000o\000r\000\040\000C\000a\000t\000a\000l\000o\000g}{section.9}% 45
\BOOKMARK [2][-]{subsection.9.2}{\376\377\000S\000e\000l\000e\000c\000t\000i\000o\000n\000\040\000R\000u\000l\000e\000s}{section.9}% 46
\BOOKMARK [2][-]{subsection.9.3}{\376\377\000D\000o\000m\000i\000n\000a\000n\000t\000\040\000D\000e\000c\000a\000y\000\040\000C\000h\000a\000n\000n\000e\000l\000s}{section.9}% 47
\BOOKMARK [2][-]{subsection.9.4}{\376\377\000D\000e\000c\000a\000y\000\040\000R\000a\000t\000e\000\040\000F\000o\000r\000m\000u\000l\000a}{section.9}% 48
\BOOKMARK [2][-]{subsection.9.5}{\376\377\000H\000a\000d\000r\000o\000n\000i\000c\000\040\000F\000a\000c\000t\000o\000r}{section.9}% 49
\BOOKMARK [2][-]{subsection.9.6}{\376\377\000L\000i\000f\000e\000t\000i\000m\000e\000\040\000F\000o\000r\000m\000u\000l\000a}{section.9}% 50
\BOOKMARK [2][-]{subsection.9.7}{\376\377\000S\000u\000b\000s\000t\000i\000t\000u\000t\000i\000o\000n\000\040\000o\000f\000\040\000M\000X\000\040\000a\000n\000d\000\040\000g\000X}{section.9}% 51
\BOOKMARK [2][-]{subsection.9.8}{\376\377\000N\000u\000m\000e\000r\000i\000c\000a\000l\000\040\000P\000r\000e\000f\000a\000c\000t\000o\000r}{section.9}% 52
\BOOKMARK [2][-]{subsection.9.9}{\376\377\000S\000c\000a\000l\000i\000n\000g\000\040\000L\000a\000w}{section.9}% 53
\BOOKMARK [2][-]{subsection.9.10}{\376\377\000P\000h\000y\000s\000i\000c\000a\000l\000\040\000I\000n\000t\000e\000r\000p\000r\000e\000t\000a\000t\000i\000o\000n}{section.9}% 54
\BOOKMARK [2][-]{subsection.9.11}{\376\377\000D\000e\000c\000a\000y\000\040\000R\000a\000t\000e}{section.9}% 55
\BOOKMARK [2][-]{subsection.9.12}{\376\377\000B\000O\000X\000-\0005\000\040\000S\000u\000m\000m\000a\000r\000y}{section.9}% 56
\BOOKMARK [1][-]{section.10}{\376\377\000O\000p\000e\000n\000\040\000S\000u\000r\000f\000a\000c\000e\000\040\000A\000n\000a\000l\000y\000s\000i\000s}{}% 57
\BOOKMARK [2][-]{subsection.10.1}{\376\377\000P\000a\000r\000a\000m\000e\000t\000e\000r\000\040\000C\000o\000u\000n\000t\000i\000n\000g}{section.10}% 58
\BOOKMARK [2][-]{subsection.10.2}{\376\377\000C\000l\000o\000s\000u\000r\000e\000\040\000P\000r\000o\000g\000r\000e\000s\000s}{section.10}% 59
\BOOKMARK [1][-]{section.11}{\376\377\000T\000w\000o\000-\000R\000o\000u\000t\000e\000\040\000C\000o\000n\000s\000i\000s\000t\000e\000n\000c\000y\000\040\000T\000h\000e\000o\000r\000e\000m\000s}{}% 60
\BOOKMARK [2][-]{subsection.11.1}{\376\377\000M\000\137\000X\000\040\000C\000o\000n\000s\000i\000s\000t\000e\000n\000c\000y\000\040\000\050\000v\0006\0002\000\051}{section.11}% 61
\BOOKMARK [2][-]{subsection.11.2}{\376\377\000g\000\137\000X\000\040\000C\000o\000n\000s\000i\000s\000t\000e\000n\000c\000y\000\040\000\050\000v\0006\0004\000\051}{section.11}% 62
\BOOKMARK [2][-]{subsection.11.3}{\376\377\000C\000o\000m\000b\000i\000n\000e\000d\000\040\000C\000o\000n\000s\000i\000s\000t\000e\000n\000c\000y}{section.11}% 63
\BOOKMARK [1][-]{section.12}{\376\377\000N\000o\000-\000B\000a\000c\000k\000f\000l\000o\000w\000\040\000S\000t\000a\000t\000e\000m\000e\000n\000t}{}% 64
\BOOKMARK [2][-]{subsection.12.1}{\376\377\000L\000a\000y\000e\000r\000\040\000A\000\040\000C\000o\000n\000t\000e\000n\000t\000\040\000I\000n\000v\000e\000n\000t\000o\000r\000y}{section.12}% 65
\BOOKMARK [2][-]{subsection.12.2}{\376\377\000L\000a\000y\000e\000r\000\040\000B\000\040\000C\000o\000n\000t\000e\000n\000t\000\040\000I\000s\000o\000l\000a\000t\000i\000o\000n}{section.12}% 66
\BOOKMARK [1][-]{section.13}{\376\377\000F\000i\000r\000e\000w\000a\000l\000l\000\040\000V\000e\000r\000i\000f\000i\000c\000a\000t\000i\000o\000n}{}% 67
\BOOKMARK [2][-]{subsection.13.1}{\376\377\000N\000o\000-\000F\000i\000t\000\040\000P\000o\000l\000i\000c\000y}{section.13}% 68
\BOOKMARK [1][-]{section.14}{\376\377\000R\000e\000v\000i\000e\000w\000e\000r\000\040\000T\000r\000a\000p\000s}{}% 69
\BOOKMARK [1][-]{section.15}{\376\377\000A\000P\000I\000s\000\040\000D\000e\000f\000i\000n\000e\000d}{}% 70
\BOOKMARK [1][-]{section.16}{\376\377\000C\000l\000o\000s\000u\000r\000e\000\040\000M\000a\000p}{}% 71
\BOOKMARK [1][-]{appendix.A}{\376\377\000D\000e\000t\000a\000i\000l\000e\000d\000\040\000D\000e\000r\000i\000v\000a\000t\000i\000o\000n\000:\000\040\000C\000o\000l\000o\000r\000\040\000M\000a\000t\000c\000h\000i\000n\000g}{}% 72
\BOOKMARK [2][-]{subsection.A.1}{\376\377\0005\000D\000\040\000G\000a\000u\000g\000e\000\040\000T\000h\000e\000o\000r\000y\000\040\000S\000e\000t\000u\000p}{appendix.A}% 73
\BOOKMARK [2][-]{subsection.A.2}{\376\377\000P\000a\000r\000i\000t\000y\000\040\000A\000s\000s\000i\000g\000n\000m\000e\000n\000t\000s}{appendix.A}% 74
\BOOKMARK [2][-]{subsection.A.3}{\376\377\000K\000K\000\040\000D\000e\000c\000o\000m\000p\000o\000s\000i\000t\000i\000o\000n}{appendix.A}% 75
\BOOKMARK [2][-]{subsection.A.4}{\376\377\000E\000f\000f\000e\000c\000t\000i\000v\000e\000\040\0004\000D\000\040\000C\000o\000u\000p\000l\000i\000n\000g}{appendix.A}% 76
\BOOKMARK [2][-]{subsection.A.5}{\376\377\000M\000a\000t\000c\000h\000i\000n\000g\000\040\000R\000e\000s\000u\000l\000t}{appendix.A}% 77
\BOOKMARK [1][-]{appendix.B}{\376\377\000D\000e\000t\000a\000i\000l\000e\000d\000\040\000D\000e\000r\000i\000v\000a\000t\000i\000o\000n\000:\000\040\000M\000\137\000X\000\040\000T\000w\000o\000-\000R\000o\000u\000t\000e}{}% 78
\BOOKMARK [2][-]{subsection.B.1}{\376\377\000R\000o\000u\000t\000e\000\040\000A\000:\000\040\000G\000e\000o\000m\000e\000t\000r\000i\000c}{appendix.B}% 79
\BOOKMARK [2][-]{subsection.B.2}{\376\377\000R\000o\000u\000t\000e\000\040\000B\000:\000\040\000E\000F\000T\000\040\000M\000a\000t\000c\000h\000i\000n\000g}{appendix.B}% 80
\BOOKMARK [2][-]{subsection.B.3}{\376\377\000C\000o\000n\000s\000i\000s\000t\000e\000n\000c\000y\000\040\000V\000e\000r\000i\000f\000i\000c\000a\000t\000i\000o\000n}{appendix.B}% 81
\BOOKMARK [1][-]{appendix.C}{\376\377\000D\000e\000t\000a\000i\000l\000e\000d\000\040\000D\000e\000r\000i\000v\000a\000t\000i\000o\000n\000:\000\040\000g\000\137\000X\000\040\000T\000w\000o\000-\000R\000o\000u\000t\000e}{}% 82
\BOOKMARK [2][-]{subsection.C.1}{\376\377\000R\000o\000u\000t\000e\000\040\000T\0001\000:\000\040\000Q\000C\000D\000\040\000R\000G}{appendix.C}% 83
\BOOKMARK [2][-]{subsection.C.2}{\376\377\000R\000o\000u\000t\000e\000\040\000T\0002\000:\000\040\000P\000S\000\040\000D\000i\000r\000e\000c\000t}{appendix.C}% 84
\BOOKMARK [2][-]{subsection.C.3}{\376\377\000C\000o\000n\000s\000i\000s\000t\000e\000n\000c\000y\000\040\000P\000r\000o\000o\000f}{appendix.C}% 85
\BOOKMARK [1][-]{appendix.D}{\376\377\000O\000p\000e\000r\000a\000t\000o\000r\000\040\000S\000t\000r\000u\000c\000t\000u\000r\000e\000\040\000D\000e\000t\000a\000i\000l\000s}{}% 86
\BOOKMARK [2][-]{subsection.D.1}{\376\377\000L\000e\000p\000t\000o\000q\000u\000a\000r\000k\000\040\000V\000e\000r\000t\000e\000x}{appendix.D}% 87
\BOOKMARK [2][-]{subsection.D.2}{\376\377\000F\000o\000u\000r\000-\000F\000e\000r\000m\000i\000o\000n\000\040\000O\000p\000e\000r\000a\000t\000o\000r\000s}{appendix.D}% 88
\BOOKMARK [2][-]{subsection.D.3}{\376\377\000P\000r\000o\000t\000o\000n\000\040\000D\000e\000c\000a\000y\000\040\000A\000m\000p\000l\000i\000t\000u\000d\000e}{appendix.D}% 89
\BOOKMARK [2][-]{subsection.D.4}{\376\377\000H\000a\000d\000r\000o\000n\000i\000c\000\040\000M\000a\000t\000r\000i\000x\000\040\000E\000l\000e\000m\000e\000n\000t}{appendix.D}% 90
\BOOKMARK [1][-]{appendix.E}{\376\377\000S\000c\000a\000l\000i\000n\000g\000\040\000L\000a\000w\000\040\000D\000e\000r\000i\000v\000a\000t\000i\000o\000n}{}% 91
\BOOKMARK [2][-]{subsection.E.1}{\376\377\000P\000o\000w\000e\000r\000\040\000C\000o\000u\000n\000t\000i\000n\000g}{appendix.E}% 92
\BOOKMARK [2][-]{subsection.E.2}{\376\377\000L\000o\000g\000a\000r\000i\000t\000h\000m\000i\000c\000\040\000C\000h\000e\000c\000k}{appendix.E}% 93
\BOOKMARK [2][-]{subsection.E.3}{\376\377\000P\000h\000y\000s\000i\000c\000a\000l\000\040\000O\000r\000i\000g\000i\000n}{appendix.E}% 94
\BOOKMARK [1][-]{appendix.F}{\376\377\000N\000u\000m\000e\000r\000i\000c\000a\000l\000\040\000C\000o\000n\000s\000i\000s\000t\000e\000n\000c\000y\000\040\000C\000h\000e\000c\000k\000s}{}% 95
\BOOKMARK [2][-]{subsection.F.1}{\376\377\000C\000\137\000X\000\040\000V\000e\000r\000i\000f\000i\000c\000a\000t\000i\000o\000n}{appendix.F}% 96
\BOOKMARK [2][-]{subsection.F.2}{\376\377\000P\000r\000e\000f\000a\000c\000t\000o\000r\000\040\000V\000e\000r\000i\000f\000i\000c\000a\000t\000i\000o\000n}{appendix.F}% 97
\BOOKMARK [2][-]{subsection.F.3}{\376\377\000A\000P\000I\000\040\000C\000o\000n\000s\000i\000s\000t\000e\000n\000c\000y}{appendix.F}% 98
\BOOKMARK [1][-]{appendix.G}{\376\377\000E\000x\000t\000e\000n\000d\000e\000d\000\040\000C\000o\000n\000s\000i\000s\000t\000e\000n\000c\000y\000\040\000A\000n\000a\000l\000y\000s\000i\000s}{}% 99
\BOOKMARK [2][-]{subsection.G.1}{\376\377\000R\000G\000\040\000C\000o\000r\000r\000e\000c\000t\000i\000o\000n\000\040\000E\000s\000t\000i\000m\000a\000t\000e}{appendix.G}% 100
\BOOKMARK [2][-]{subsection.G.2}{\376\377\000T\000h\000r\000e\000s\000h\000o\000l\000d\000\040\000E\000s\000t\000i\000m\000a\000t\000e}{appendix.G}% 101
\BOOKMARK [2][-]{subsection.G.3}{\376\377\000C\000o\000m\000b\000i\000n\000e\000d\000\040\000E\000n\000v\000e\000l\000o\000p\000e}{appendix.G}% 102
\BOOKMARK [1][-]{appendix.H}{\376\377\000A\000l\000t\000e\000r\000n\000a\000t\000i\000v\000e\000\040\000P\000a\000r\000a\000m\000e\000t\000e\000r\000i\000z\000a\000t\000i\000o\000n\000s}{}% 103
\BOOKMARK [2][-]{subsection.H.1}{\376\377\000I\000n\000\040\000T\000e\000r\000m\000s\000\040\000o\000f\000\040\0003}{appendix.H}% 104
\BOOKMARK [2][-]{subsection.H.2}{\376\377\000I\000n\000\040\000T\000e\000r\000m\000s\000\040\000o\000f\000\040\000M\000X}{appendix.H}% 105
\BOOKMARK [2][-]{subsection.H.3}{\376\377\000I\000n\000\040\000T\000e\000r\000m\000s\000\040\000o\000f\000\040\000g\000X}{appendix.H}% 106
\BOOKMARK [1][-]{appendix.I}{\376\377\000U\000n\000c\000e\000r\000t\000a\000i\000n\000t\000y\000\040\000P\000r\000o\000p\000a\000g\000a\000t\000i\000o\000n}{}% 107
\BOOKMARK [2][-]{subsection.I.1}{\376\377\000T\000o\000t\000a\000l\000\040\000U\000n\000c\000e\000r\000t\000a\000i\000n\000t\000y}{appendix.I}% 108
\BOOKMARK [2][-]{subsection.I.2}{\376\377\000D\000o\000m\000i\000n\000a\000n\000t\000\040\000C\000o\000n\000t\000r\000i\000b\000u\000t\000i\000o\000n\000s}{appendix.I}% 109
\BOOKMARK [1][-]{appendix.J}{\376\377\000S\000e\000n\000s\000i\000t\000i\000v\000i\000t\000y\000\040\000A\000n\000a\000l\000y\000s\000i\000s}{}% 110
\BOOKMARK [2][-]{subsection.J.1}{\376\377\000\040\000S\000e\000n\000s\000i\000t\000i\000v\000i\000t\000y}{appendix.J}% 111
\BOOKMARK [2][-]{subsection.J.2}{\376\377\000M\000X\000\040\000S\000e\000n\000s\000i\000t\000i\000v\000i\000t\000y}{appendix.J}% 112
\BOOKMARK [2][-]{subsection.J.3}{\376\377\000g\000X\000\040\000S\000e\000n\000s\000i\000t\000i\000v\000i\000t\000y}{appendix.J}% 113
\BOOKMARK [2][-]{subsection.J.4}{\376\377\000H\000p\000\040\000S\000e\000n\000s\000i\000t\000i\000v\000i\000t\000y}{appendix.J}% 114
\BOOKMARK [2][-]{subsection.J.5}{\376\377\000*\000\040\000S\000e\000n\000s\000i\000t\000i\000v\000i\000t\000y}{appendix.J}% 115
\BOOKMARK [2][-]{subsection.J.6}{\376\377\000S\000e\000n\000s\000i\000t\000i\000v\000i\000t\000y\000\040\000H\000i\000e\000r\000a\000r\000c\000h\000y}{appendix.J}% 116
\BOOKMARK [1][-]{appendix.K}{\376\377\000H\000i\000g\000h\000e\000r\000-\000O\000r\000d\000e\000r\000\040\000C\000o\000r\000r\000e\000c\000t\000i\000o\000n\000s}{}% 117
\BOOKMARK [2][-]{subsection.K.1}{\376\377\000T\000w\000o\000-\000L\000o\000o\000p\000\040\000R\000G}{appendix.K}% 118
\BOOKMARK [2][-]{subsection.K.2}{\376\377\000T\000w\000o\000-\000L\000o\000o\000p\000\040\000C\000o\000r\000r\000e\000c\000t\000i\000o\000n\000\040\000E\000s\000t\000i\000m\000a\000t\000e}{appendix.K}% 119
\BOOKMARK [2][-]{subsection.K.3}{\376\377\000T\000h\000r\000e\000s\000h\000o\000l\000d\000\040\000C\000o\000r\000r\000e\000c\000t\000i\000o\000n\000s}{appendix.K}% 120
\BOOKMARK [2][-]{subsection.K.4}{\376\377\000B\000r\000a\000n\000e\000\040\000L\000o\000c\000a\000l\000i\000z\000e\000d\000\040\000C\000o\000r\000r\000e\000c\000t\000i\000o\000n\000s}{appendix.K}% 121
\BOOKMARK [2][-]{subsection.K.5}{\376\377\000H\000i\000g\000h\000e\000r\000\040\000K\000K\000\040\000M\000o\000d\000e\000\040\000E\000f\000f\000e\000c\000t\000s}{appendix.K}% 122
\BOOKMARK [1][-]{appendix.L}{\376\377\000C\000r\000o\000s\000s\000-\000V\000a\000l\000i\000d\000a\000t\000i\000o\000n\000\040\000C\000h\000e\000c\000k\000s}{}% 123
\BOOKMARK [2][-]{subsection.L.1}{\376\377\000D\000i\000m\000e\000n\000s\000i\000o\000n\000a\000l\000\040\000A\000n\000a\000l\000y\000s\000i\000s}{appendix.L}% 124
\BOOKMARK [2][-]{subsection.L.2}{\376\377\000L\000i\000m\000i\000t\000i\000n\000g\000\040\000C\000a\000s\000e\000s}{appendix.L}% 125
\BOOKMARK [2][-]{subsection.L.3}{\376\377\000M\000o\000n\000o\000t\000o\000n\000i\000c\000i\000t\000y\000\040\000C\000h\000e\000c\000k}{appendix.L}% 126
\BOOKMARK [2][-]{subsection.L.4}{\376\377\000C\000o\000n\000v\000e\000x\000i\000t\000y\000\040\000C\000h\000e\000c\000k}{appendix.L}% 127
\BOOKMARK [1][-]{appendix.M}{\376\377\000G\000r\000o\000u\000p\000\040\000T\000h\000e\000o\000r\000y\000\040\000D\000e\000t\000a\000i\000l\000s}{}% 128
\BOOKMARK [2][-]{subsection.M.1}{\376\377\000S\000U\000\050\0004\000\051\000C\000\040\000G\000e\000n\000e\000r\000a\000t\000o\000r\000s}{appendix.M}% 129
\BOOKMARK [2][-]{subsection.M.2}{\376\377\000T\000r\000a\000c\000e\000\040\000N\000o\000r\000m\000a\000l\000i\000z\000a\000t\000i\000o\000n}{appendix.M}% 130
\BOOKMARK [2][-]{subsection.M.3}{\376\377\000E\000m\000b\000e\000d\000d\000i\000n\000g\000\040\000C\000o\000e\000f\000f\000i\000c\000i\000e\000n\000t}{appendix.M}% 131
\BOOKMARK [2][-]{subsection.M.4}{\376\377\000C\000a\000s\000i\000m\000i\000r\000\040\000I\000n\000v\000a\000r\000i\000a\000n\000t\000s}{appendix.M}% 132
\BOOKMARK [2][-]{subsection.M.5}{\376\377\000L\000e\000p\000t\000o\000q\000u\000a\000r\000k\000\040\000M\000a\000s\000s\000\040\000f\000r\000o\000m\000\040\000C\000a\000s\000i\000m\000i\000r}{appendix.M}% 133
\BOOKMARK [1][-]{appendix.N}{\376\377\000B\000e\000t\000a\000\040\000F\000u\000n\000c\000t\000i\000o\000n\000\040\000D\000e\000r\000i\000v\000a\000t\000i\000o\000n}{}% 134
\BOOKMARK [2][-]{subsection.N.1}{\376\377\000O\000n\000e\000-\000L\000o\000o\000p\000\040\000Q\000C\000D}{appendix.N}% 135
\BOOKMARK [2][-]{subsection.N.2}{\376\377\000O\000n\000e\000-\000L\000o\000o\000p\000\040\000S\000U\000\050\0004\000\051\000C}{appendix.N}% 136
\BOOKMARK [2][-]{subsection.N.3}{\376\377\000R\000u\000n\000n\000i\000n\000g\000\040\000V\000e\000r\000i\000f\000i\000c\000a\000t\000i\000o\000n}{appendix.N}% 137
\BOOKMARK [1][-]{appendix.O}{\376\377\000H\000a\000d\000r\000o\000n\000i\000c\000\040\000F\000a\000c\000t\000o\000r\000\040\000S\000t\000r\000u\000c\000t\000u\000r\000e}{}% 138
\BOOKMARK [2][-]{subsection.O.1}{\376\377\000M\000a\000t\000r\000i\000x\000\040\000E\000l\000e\000m\000e\000n\000t\000\040\000D\000e\000f\000i\000n\000i\000t\000i\000o\000n}{appendix.O}% 139
\BOOKMARK [2][-]{subsection.O.2}{\376\377\000S\000y\000m\000b\000o\000l\000i\000c\000\040\000H\000a\000d\000r\000o\000n\000i\000c\000\040\000F\000a\000c\000t\000o\000r}{appendix.O}% 140
\BOOKMARK [2][-]{subsection.O.3}{\376\377\000D\000i\000m\000e\000n\000s\000i\000o\000n\000a\000l\000\040\000A\000n\000a\000l\000y\000s\000i\000s}{appendix.O}% 141
\BOOKMARK [2][-]{subsection.O.4}{\376\377\000S\000c\000a\000l\000i\000n\000g\000\040\000w\000i\000t\000h\000\040\000m\000p}{appendix.O}% 142
\BOOKMARK [1][-]{appendix.P}{\376\377\000C\000o\000n\000s\000i\000s\000t\000e\000n\000c\000y\000\040\000M\000a\000t\000r\000i\000x}{}% 143
\BOOKMARK [2][-]{subsection.P.1}{\376\377\000P\000a\000r\000a\000m\000e\000t\000e\000r\000\040\000C\000o\000n\000s\000i\000s\000t\000e\000n\000c\000y}{appendix.P}% 144
\BOOKMARK [2][-]{subsection.P.2}{\376\377\000I\000d\000e\000n\000t\000i\000t\000y\000\040\000V\000e\000r\000i\000f\000i\000c\000a\000t\000i\000o\000n}{appendix.P}% 145
\BOOKMARK [2][-]{subsection.P.3}{\376\377\000L\000i\000f\000e\000t\000i\000m\000e\000\040\000I\000d\000e\000n\000t\000i\000t\000y}{appendix.P}% 146
\BOOKMARK [1][-]{appendix.Q}{\376\377\000R\000e\000n\000o\000r\000m\000a\000l\000i\000z\000a\000t\000i\000o\000n\000\040\000S\000c\000h\000e\000m\000e\000\040\000I\000n\000d\000e\000p\000e\000n\000d\000e\000n\000c\000e}{}% 147
\BOOKMARK [2][-]{subsection.Q.1}{\376\377\000S\000c\000h\000e\000m\000e\000\040\000D\000e\000p\000e\000n\000d\000e\000n\000c\000e}{appendix.Q}% 148
\BOOKMARK [2][-]{subsection.Q.2}{\376\377\000P\000h\000y\000s\000i\000c\000a\000l\000\040\000O\000b\000s\000e\000r\000v\000a\000b\000l\000e\000s}{appendix.Q}% 149
\BOOKMARK [2][-]{subsection.Q.3}{\376\377\000S\000t\000r\000u\000c\000t\000u\000r\000a\000l\000\040\000I\000n\000d\000e\000p\000e\000n\000d\000e\000n\000c\000e}{appendix.Q}% 150
\BOOKMARK [1][-]{appendix.R}{\376\377\000E\000r\000r\000o\000r\000\040\000B\000u\000d\000g\000e\000t}{}% 151
\BOOKMARK [2][-]{subsection.R.1}{\376\377\000C\000o\000m\000p\000o\000n\000e\000n\000t\000\040\000E\000r\000r\000o\000r\000s}{appendix.R}% 152
\BOOKMARK [2][-]{subsection.R.2}{\376\377\000C\000o\000m\000b\000i\000n\000e\000d\000\040\000E\000n\000v\000e\000l\000o\000p\000e}{appendix.R}% 153
\BOOKMARK [2][-]{subsection.R.3}{\376\377\000L\000i\000f\000e\000t\000i\000m\000e\000\040\000E\000r\000r\000o\000r}{appendix.R}% 154
\BOOKMARK [1][-]{appendix.S}{\376\377\000N\000o\000t\000a\000t\000i\000o\000n\000\040\000C\000o\000n\000c\000o\000r\000d\000a\000n\000c\000e}{}% 155
\BOOKMARK [2][-]{subsection.S.1}{\376\377\000S\000y\000m\000b\000o\000l\000\040\000T\000a\000b\000l\000e}{appendix.S}% 156
\BOOKMARK [2][-]{subsection.S.2}{\376\377\000U\000n\000i\000t\000\040\000C\000o\000n\000v\000e\000n\000t\000i\000o\000n}{appendix.S}% 157
\BOOKMARK [2][-]{subsection.S.3}{\376\377\000S\000i\000g\000n\000\040\000C\000o\000n\000v\000e\000n\000t\000i\000o\000n\000s}{appendix.S}% 158
\BOOKMARK [1][-]{appendix.T}{\376\377\000D\000e\000c\000a\000y\000\040\000C\000h\000a\000n\000n\000e\000l\000\040\000D\000e\000t\000a\000i\000l\000s}{}% 159
\BOOKMARK [2][-]{subsection.T.1}{\376\377\000D\000o\000m\000i\000n\000a\000n\000t\000\040\000C\000h\000a\000n\000n\000e\000l\000:\000\040\000p\000\040\000e\000+\000\040\0000}{appendix.T}% 160
\BOOKMARK [2][-]{subsection.T.2}{\376\377\000S\000u\000b\000d\000o\000m\000i\000n\000a\000n\000t\000\040\000C\000h\000a\000n\000n\000e\000l\000:\000\040\000p\000\040\000+\000\040\0000}{appendix.T}% 161
\BOOKMARK [2][-]{subsection.T.3}{\376\377\000C\000h\000a\000n\000n\000e\000l\000:\000\040\000p\000\040\000e\000+\000\040}{appendix.T}% 162
\BOOKMARK [2][-]{subsection.T.4}{\376\377\000C\000h\000a\000n\000n\000e\000l\000:\000\040\000p\000\040\000\040\000+}{appendix.T}% 163
\BOOKMARK [2][-]{subsection.T.5}{\376\377\000B\000r\000a\000n\000c\000h\000i\000n\000g\000\040\000F\000r\000a\000c\000t\000i\000o\000n\000s}{appendix.T}% 164
\BOOKMARK [1][-]{appendix.U}{\376\377\000O\000p\000e\000r\000a\000t\000o\000r\000\040\000C\000a\000t\000a\000l\000o\000g}{}% 165
\BOOKMARK [2][-]{subsection.U.1}{\376\377\000D\000i\000m\000e\000n\000s\000i\000o\000n\000-\0006\000\040\000O\000p\000e\000r\000a\000t\000o\000r\000s}{appendix.U}% 166
\BOOKMARK [2][-]{subsection.U.2}{\376\377\000W\000i\000l\000s\000o\000n\000\040\000C\000o\000e\000f\000f\000i\000c\000i\000e\000n\000t\000s}{appendix.U}% 167
\BOOKMARK [2][-]{subsection.U.3}{\376\377\000A\000n\000o\000m\000a\000l\000o\000u\000s\000\040\000D\000i\000m\000e\000n\000s\000i\000o\000n\000s}{appendix.U}% 168
\BOOKMARK [1][-]{appendix.V}{\376\377\000P\000a\000t\000i\000-\000S\000a\000l\000a\000m\000\040\000B\000r\000e\000a\000k\000i\000n\000g\000\040\000D\000e\000t\000a\000i\000l\000s}{}% 169
\BOOKMARK [2][-]{subsection.V.1}{\376\377\000S\000y\000m\000m\000e\000t\000r\000y\000\040\000B\000r\000e\000a\000k\000i\000n\000g\000\040\000C\000h\000a\000i\000n}{appendix.V}% 170
\BOOKMARK [2][-]{subsection.V.2}{\376\377\000B\000r\000e\000a\000k\000i\000n\000g\000\040\000V\000E\000V}{appendix.V}% 171
\BOOKMARK [2][-]{subsection.V.3}{\376\377\000M\000a\000t\000c\000h\000i\000n\000g\000\040\000C\000o\000n\000d\000i\000t\000i\000o\000n\000s}{appendix.V}% 172
\BOOKMARK [1][-]{appendix.W}{\376\377\000R\000G\000\040\000F\000l\000o\000w\000\040\000A\000n\000a\000l\000y\000s\000i\000s}{}% 173
\BOOKMARK [2][-]{subsection.W.1}{\376\377\000R\000u\000n\000n\000i\000n\000g\000\040\000f\000r\000o\000m\000\040\000*\000\040\000t\000o\000\040\000M\000X}{appendix.W}% 174
\BOOKMARK [2][-]{subsection.W.2}{\376\377\000L\000a\000n\000d\000a\000u\000\040\000P\000o\000l\000e\000\040\000A\000n\000a\000l\000y\000s\000i\000s}{appendix.W}% 175
\BOOKMARK [2][-]{subsection.W.3}{\376\377\000U\000V\000\040\000C\000o\000m\000p\000l\000e\000t\000i\000o\000n}{appendix.W}% 176
\BOOKMARK [1][-]{appendix.X}{\376\377\000N\000u\000m\000e\000r\000i\000c\000a\000l\000\040\000V\000e\000r\000i\000f\000i\000c\000a\000t\000i\000o\000n\000\040\000S\000u\000i\000t\000e}{}% 177
\BOOKMARK [2][-]{subsection.X.1}{\376\377\000C\000X\000\040\000C\000o\000m\000p\000u\000t\000a\000t\000i\000o\000n}{appendix.X}% 178
\BOOKMARK [2][-]{subsection.X.2}{\376\377\000P\000r\000e\000f\000a\000c\000t\000o\000r\000\040\000I\000d\000e\000n\000t\000i\000t\000y}{appendix.X}% 179
\BOOKMARK [2][-]{subsection.X.3}{\376\377\000A\000P\000I\000\040\000C\000r\000o\000s\000s\000-\000C\000h\000e\000c\000k}{appendix.X}% 180
\BOOKMARK [2][-]{subsection.X.4}{\376\377\000S\000c\000a\000l\000i\000n\000g\000\040\000V\000e\000r\000i\000f\000i\000c\000a\000t\000i\000o\000n}{appendix.X}% 181
\BOOKMARK [1][-]{appendix.Y}{\376\377\000H\000a\000s\000h\000\040\000C\000h\000a\000i\000n\000\040\000V\000e\000r\000i\000f\000i\000c\000a\000t\000i\000o\000n}{}% 182
\BOOKMARK [2][-]{subsection.Y.1}{\376\377\000P\000a\000r\000e\000n\000t\000\040\000H\000a\000s\000h\000\040\000T\000a\000b\000l\000e}{appendix.Y}% 183
\BOOKMARK [2][-]{subsection.Y.2}{\376\377\000H\000a\000s\000h\000\040\000I\000n\000t\000e\000g\000r\000i\000t\000y}{appendix.Y}% 184
\BOOKMARK [2][-]{subsection.Y.3}{\376\377\000N\000o\000\040\000M\000o\000d\000i\000f\000i\000c\000a\000t\000i\000o\000n\000\040\000G\000u\000a\000r\000a\000n\000t\000e\000e}{appendix.Y}% 185
\BOOKMARK [1][-]{appendix.Z}{\376\377\000v\0006\0001\040\023\000v\0006\0004\000\040\000C\000o\000n\000t\000e\000n\000t\000\040\000M\000a\000p}{}% 186
\BOOKMARK [2][-]{subsection.Z.1}{\376\377\000v\0006\0001\000\040\000C\000o\000n\000t\000e\000n\000t}{appendix.Z}% 187
\BOOKMARK [2][-]{subsection.Z.2}{\376\377\000v\0006\0002\000\040\000C\000o\000n\000t\000e\000n\000t}{appendix.Z}% 188
\BOOKMARK [2][-]{subsection.Z.3}{\376\377\000v\0006\0003\000\040\000C\000o\000n\000t\000e\000n\000t}{appendix.Z}% 189
\BOOKMARK [2][-]{subsection.Z.4}{\376\377\000v\0006\0004\000\040\000C\000o\000n\000t\000e\000n\000t}{appendix.Z}% 190
\BOOKMARK [2][-]{subsection.Z.5}{\376\377\000v\0006\0005\000\040\000C\000o\000n\000s\000o\000l\000i\000d\000a\000t\000i\000o\000n}{appendix.Z}% 191
\BOOKMARK [1][-]{appendix.Alph27}{\376\377\000L\000a\000y\000e\000r\000\040\000B\000:\000\040\000Q\000u\000a\000r\000a\000n\000t\000i\000n\000e\000d\000\040\000I\000l\000l\000u\000s\000t\000r\000a\000t\000i\000o\000n\000s}{}% 192
\BOOKMARK [2][-]{subsection.Alph27.1}{\376\377\000P\000a\000r\000a\000m\000e\000t\000e\000r\000\040\000S\000w\000e\000e\000p}{appendix.Alph27}% 193
\BOOKMARK [2][-]{subsection.Alph27.2}{\376\377\000C\000o\000u\000p\000l\000i\000n\000g\000\040\000S\000w\000e\000e\000p}{appendix.Alph27}% 194
