\BOOKMARK [1][-]{section.1}{\376\377\000E\000x\000e\000c\000u\000t\000i\000v\000e\000\040\000S\000u\000m\000m\000a\000r\000y}{}% 1
\BOOKMARK [1][-]{section.2}{\376\377\000H\000a\000s\000h\000\040\000C\000h\000a\000i\000n\000\040\000a\000n\000d\000\040\000P\000r\000o\000v\000e\000n\000a\000n\000c\000e}{}% 2
\BOOKMARK [2][-]{subsection.2.1}{\376\377\000I\000n\000p\000u\000t\000\040\000D\000e\000p\000e\000n\000d\000e\000n\000c\000i\000e\000s}{section.2}% 3
\BOOKMARK [1][-]{section.3}{\376\377\000L\000a\000y\000e\000r\000\040\000A\000:\000\040\000C\000o\000u\000p\000l\000i\000n\000g\000\040\000I\000d\000e\000n\000t\000i\000t\000y}{}% 4
\BOOKMARK [2][-]{subsection.3.1}{\376\377\000L\000e\000p\000t\000o\000q\000u\000a\000r\000k\000\040\000G\000a\000u\000g\000e\000\040\000B\000o\000s\000o\000n}{section.3}% 5
\BOOKMARK [2][-]{subsection.3.2}{\376\377\000C\000o\000u\000p\000l\000i\000n\000g\000\040\000D\000e\000f\000i\000n\000i\000t\000i\000o\000n}{section.3}% 6
\BOOKMARK [2][-]{subsection.3.3}{\376\377\000G\000e\000n\000e\000r\000a\000t\000o\000r\000\040\000I\000d\000e\000n\000t\000i\000f\000i\000c\000a\000t\000i\000o\000n}{section.3}% 7
\BOOKMARK [2][-]{subsection.3.4}{\376\377\000N\000o\000r\000m\000a\000l\000i\000z\000a\000t\000i\000o\000n\000\040\000C\000o\000n\000v\000e\000n\000t\000i\000o\000n}{section.3}% 8
\BOOKMARK [2][-]{subsection.3.5}{\376\377\000C\000o\000u\000p\000l\000i\000n\000g\000\040\000R\000e\000l\000a\000t\000i\000o\000n\000\040\000a\000t\000\040\000*}{section.3}% 9
\BOOKMARK [1][-]{section.4}{\376\377\000L\000a\000y\000e\000r\000\040\000A\000:\000\040\000S\000t\000r\000u\000c\000t\000u\000r\000a\000l\000\040\000M\000a\000t\000c\000h\000i\000n\000g\000\040\000f\000r\000o\000m\000\040\000Q\000C\000D\000\040\000t\000o\000\040\000P\000S}{}% 10
\BOOKMARK [2][-]{subsection.4.1}{\376\377\000v\0005\0005\000\040\000M\000a\000t\000c\000h\000i\000n\000g\000\040\000T\000h\000e\000o\000r\000e\000m}{section.4}% 11
\BOOKMARK [2][-]{subsection.4.2}{\376\377\000T\000h\000r\000e\000s\000h\000o\000l\000d\000\040\000M\000a\000t\000c\000h\000i\000n\000g\000\040\000a\000t\000\040\000M\000X}{section.4}% 12
\BOOKMARK [2][-]{subsection.4.3}{\376\377\000M\000a\000t\000c\000h\000i\000n\000g\000\040\000S\000u\000m\000m\000a\000r\000y}{section.4}% 13
\BOOKMARK [1][-]{section.5}{\376\377\000L\000a\000y\000e\000r\000\040\000A\000:\000\040\000R\000o\000u\000t\000e\000\040\000T\0001\000\040\040\024\000\040\000Q\000C\000D\000\040\000R\000G\000\040\000t\000o\000\040\000M\000X}{}% 14
\BOOKMARK [2][-]{subsection.5.1}{\376\377\000Q\000C\000D\000\040\000B\000e\000t\000a\000\040\000F\000u\000n\000c\000t\000i\000o\000n}{section.5}% 15
\BOOKMARK [2][-]{subsection.5.2}{\376\377\000R\000G\000\040\000R\000u\000n\000n\000i\000n\000g\000\040\000F\000o\000r\000m\000u\000l\000a}{section.5}% 16
\BOOKMARK [2][-]{subsection.5.3}{\376\377\000R\000u\000n\000n\000i\000n\000g\000\040\000f\000r\000o\000m\000\040\000*\000\040\000t\000o\000\040\000M\000X}{section.5}% 17
\BOOKMARK [2][-]{subsection.5.4}{\376\377\000E\000x\000p\000l\000i\000c\000i\000t\000\040\000F\000o\000r\000m}{section.5}% 18
\BOOKMARK [2][-]{subsection.5.5}{\376\377\000R\000o\000u\000t\000e\000\040\000T\0001\000\040\000R\000e\000s\000u\000l\000t}{section.5}% 19
\BOOKMARK [2][-]{subsection.5.6}{\376\377\000N\000u\000m\000e\000r\000i\000c\000a\000l\000\040\000E\000s\000t\000i\000m\000a\000t\000e\000\040\000o\000f\000\040\000R\000G\000\040\000C\000o\000r\000r\000e\000c\000t\000i\000o\000n}{section.5}% 20
\BOOKMARK [1][-]{section.6}{\376\377\000L\000a\000y\000e\000r\000\040\000A\000:\000\040\000R\000o\000u\000t\000e\000\040\000T\0002\000\040\040\024\000\040\000P\000S\000\040\000D\000i\000r\000e\000c\000t\000\040\000R\000G}{}% 21
\BOOKMARK [2][-]{subsection.6.1}{\376\377\000P\000S\000\040\000B\000e\000t\000a\000\040\000F\000u\000n\000c\000t\000i\000o\000n}{section.6}% 22
\BOOKMARK [2][-]{subsection.6.2}{\376\377\000B\000e\000t\000a\000\040\000C\000o\000e\000f\000f\000i\000c\000i\000e\000n\000t\000\040\000T\000e\000m\000p\000l\000a\000t\000e}{section.6}% 23
\BOOKMARK [2][-]{subsection.6.3}{\376\377\000R\000G\000\040\000R\000u\000n\000n\000i\000n\000g\000\040\000i\000n\000\040\000P\000S\000\040\000R\000e\000g\000i\000m\000e}{section.6}% 24
\BOOKMARK [2][-]{subsection.6.4}{\376\377\000R\000o\000u\000t\000e\000\040\000T\0002\000\040\000R\000e\000s\000u\000l\000t}{section.6}% 25
\BOOKMARK [1][-]{section.7}{\376\377\000L\000a\000y\000e\000r\000\040\000A\000:\000\040\000T\000w\000o\000-\000R\000o\000u\000t\000e\000\040\000C\000o\000n\000s\000i\000s\000t\000e\000n\000c\000y\000\040\000T\000h\000e\000o\000r\000e\000m}{}% 26
\BOOKMARK [2][-]{subsection.7.1}{\376\377\000C\000o\000n\000s\000i\000s\000t\000e\000n\000c\000y\000\040\000R\000a\000t\000i\000o}{section.7}% 27
\BOOKMARK [2][-]{subsection.7.2}{\376\377\000L\000e\000a\000d\000i\000n\000g\000\040\000O\000r\000d\000e\000r\000\040\000C\000o\000m\000p\000a\000r\000i\000s\000o\000n}{section.7}% 28
\BOOKMARK [2][-]{subsection.7.3}{\376\377\000R\000G\000\040\000C\000o\000r\000r\000e\000c\000t\000i\000o\000n\000\040\000D\000i\000f\000f\000e\000r\000e\000n\000c\000e}{section.7}% 29
\BOOKMARK [2][-]{subsection.7.4}{\376\377\000M\000a\000t\000c\000h\000i\000n\000g\000\040\000R\000e\000l\000a\000t\000i\000o\000n}{section.7}% 30
\BOOKMARK [2][-]{subsection.7.5}{\376\377\000C\000o\000n\000s\000i\000s\000t\000e\000n\000c\000y\000\040\000T\000h\000e\000o\000r\000e\000m}{section.7}% 31
\BOOKMARK [2][-]{subsection.7.6}{\376\377\000N\000u\000m\000e\000r\000i\000c\000a\000l\000\040\000B\000o\000u\000n\000d}{section.7}% 32
\BOOKMARK [1][-]{section.8}{\376\377\000L\000a\000y\000e\000r\000\040\000A\000:\000\040\000g\000X\000\050\000M\000X\000\051\000\040\000S\000t\000r\000u\000c\000t\000u\000r\000a\000l\000\040\000I\000n\000t\000e\000r\000f\000a\000c\000e}{}% 33
\BOOKMARK [2][-]{subsection.8.1}{\376\377\000C\000a\000n\000o\000n\000i\000c\000a\000l\000\040\000F\000o\000r\000m}{section.8}% 34
\BOOKMARK [2][-]{subsection.8.2}{\376\377\000E\000x\000p\000l\000i\000c\000i\000t\000\040\000C\000o\000r\000r\000e\000c\000t\000i\000o\000n\000\040\000F\000a\000c\000t\000o\000r}{section.8}% 35
\BOOKMARK [2][-]{subsection.8.3}{\376\377\000B\000o\000u\000n\000d\000e\000d\000\040\000E\000n\000v\000e\000l\000o\000p\000e}{section.8}% 36
\BOOKMARK [2][-]{subsection.8.4}{\376\377\000F\000o\000u\000r\000t\000h\000\040\000P\000o\000w\000e\000r}{section.8}% 37
\BOOKMARK [2][-]{subsection.8.5}{\376\377\000A\000P\000I\000s\000\040\000D\000e\000f\000i\000n\000e\000d}{section.8}% 38
\BOOKMARK [1][-]{section.9}{\376\377\000L\000a\000y\000e\000r\000\040\000A\000:\000\040\000p\000\050\000\051\000\040\000F\000i\000n\000a\000l\000\040\000C\000l\000o\000s\000u\000r\000e}{}% 39
\BOOKMARK [2][-]{subsection.9.1}{\376\377\000v\0006\0003\000\040\000I\000n\000t\000e\000r\000f\000a\000c\000e\000\040\000I\000m\000p\000o\000r\000t}{section.9}% 40
\BOOKMARK [2][-]{subsection.9.2}{\376\377\000M\000\137\000X\000\040\000S\000u\000b\000s\000t\000i\000t\000u\000t\000i\000o\000n\000\040\000f\000r\000o\000m\000\040\000v\0006\0002}{section.9}% 41
\BOOKMARK [2][-]{subsection.9.3}{\376\377\000g\000\137\000X\000\040\000S\000u\000b\000s\000t\000i\000t\000u\000t\000i\000o\000n}{section.9}% 42
\BOOKMARK [2][-]{subsection.9.4}{\376\377\000C\000o\000m\000b\000i\000n\000e\000d\000\040\000E\000x\000p\000r\000e\000s\000s\000i\000o\000n}{section.9}% 43
\BOOKMARK [2][-]{subsection.9.5}{\376\377\000F\000i\000n\000a\000l\000\040\000B\000o\000x\000e\000d\000\040\000I\000n\000t\000e\000r\000f\000a\000c\000e}{section.9}% 44
\BOOKMARK [2][-]{subsection.9.6}{\376\377\000S\000c\000a\000l\000i\000n\000g\000\040\000O\000r\000i\000g\000i\000n}{section.9}% 45
\BOOKMARK [2][-]{subsection.9.7}{\376\377\000P\000h\000y\000s\000i\000c\000a\000l\000\040\000I\000n\000t\000e\000r\000p\000r\000e\000t\000a\000t\000i\000o\000n}{section.9}% 46
\BOOKMARK [1][-]{section.10}{\376\377\000L\000a\000y\000e\000r\000\040\000A\000:\000\040\000I\000n\000v\000e\000r\000s\000e\000\040\000R\000a\000t\000e\000\040\000a\000n\000d\000\040\000A\000P\000I\000s}{}% 47
\BOOKMARK [2][-]{subsection.10.1}{\376\377\000D\000e\000c\000a\000y\000\040\000R\000a\000t\000e}{section.10}% 48
\BOOKMARK [2][-]{subsection.10.2}{\376\377\000F\000i\000n\000a\000l\000\040\000A\000P\000I\000s}{section.10}% 49
\BOOKMARK [1][-]{section.11}{\376\377\000O\000p\000e\000n\000\040\000S\000u\000r\000f\000a\000c\000e\000\040\000A\000n\000a\000l\000y\000s\000i\000s}{}% 50
\BOOKMARK [1][-]{section.12}{\376\377\000v\0006\0003\000\040\000C\000l\000o\000s\000u\000r\000e\000\040\000M\000a\000p}{}% 51
\BOOKMARK [2][-]{subsection.12.1}{\376\377\000D\000e\000p\000e\000n\000d\000e\000n\000c\000y\000\040\000C\000h\000a\000i\000n\000\040\000C\000o\000m\000p\000l\000e\000t\000e}{section.12}% 52
\BOOKMARK [1][-]{section.13}{\376\377\000N\000o\000\040\000B\000a\000c\000k\000f\000l\000o\000w\000\040\000S\000t\000a\000t\000e\000m\000e\000n\000t}{}% 53
\BOOKMARK [1][-]{section.14}{\376\377\000F\000i\000r\000e\000w\000a\000l\000l\000\040\000V\000e\000r\000i\000f\000i\000c\000a\000t\000i\000o\000n}{}% 54
\BOOKMARK [1][-]{section.15}{\376\377\000R\000e\000v\000i\000e\000w\000e\000r\000\040\000T\000r\000a\000p\000s}{}% 55
\BOOKMARK [1][-]{section.16}{\376\377\000L\000a\000y\000e\000r\000\040\000B\000:\000\040\000Q\000u\000a\000r\000a\000n\000t\000i\000n\000e\000d\000\040\000I\000l\000l\000u\000s\000t\000r\000a\000t\000i\000o\000n\000s}{}% 56
\BOOKMARK [2][-]{subsection.16.1}{\376\377\000C\000o\000u\000p\000l\000i\000n\000g\000\040\000E\000n\000v\000e\000l\000o\000p\000e\000\040\000I\000l\000l\000u\000s\000t\000r\000a\000t\000i\000o\000n}{section.16}% 57
\BOOKMARK [2][-]{subsection.16.2}{\376\377\000L\000i\000f\000e\000t\000i\000m\000e\000\040\000S\000w\000e\000e\000p}{section.16}% 58
\BOOKMARK [1][-]{appendix.A}{\376\377\000D\000e\000t\000a\000i\000l\000e\000d\000\040\000R\000G\000\040\000E\000v\000o\000l\000u\000t\000i\000o\000n}{}% 59
\BOOKMARK [2][-]{subsection.A.1}{\376\377\000O\000n\000e\000-\000L\000o\000o\000p\000\040\000R\000u\000n\000n\000i\000n\000g}{appendix.A}% 60
\BOOKMARK [2][-]{subsection.A.2}{\376\377\000T\000w\000o\000-\000L\000o\000o\000p\000\040\000C\000o\000r\000r\000e\000c\000t\000i\000o\000n\000s}{appendix.A}% 61
\BOOKMARK [1][-]{appendix.B}{\376\377\000T\000h\000r\000e\000s\000h\000o\000l\000d\000\040\000M\000a\000t\000c\000h\000i\000n\000g\000\040\000D\000e\000t\000a\000i\000l\000s}{}% 62
\BOOKMARK [2][-]{subsection.B.1}{\376\377\000S\000t\000e\000p\000\040\000F\000u\000n\000c\000t\000i\000o\000n\000\040\000v\000s\000\040\000C\000o\000n\000t\000i\000n\000u\000o\000u\000s}{appendix.B}% 63
\BOOKMARK [2][-]{subsection.B.2}{\376\377\000H\000e\000a\000v\000y\000\040\000P\000a\000r\000t\000i\000c\000l\000e\000\040\000D\000e\000c\000o\000u\000p\000l\000i\000n\000g}{appendix.B}% 64
\BOOKMARK [1][-]{appendix.C}{\376\377\000P\000S\000\040\000B\000e\000t\000a\000\040\000C\000o\000e\000f\000f\000i\000c\000i\000e\000n\000t\000\040\000D\000e\000r\000i\000v\000a\000t\000i\000o\000n}{}% 65
\BOOKMARK [2][-]{subsection.C.1}{\376\377\000G\000e\000n\000e\000r\000a\000l\000\040\000F\000o\000r\000m\000u\000l\000a}{appendix.C}% 66
\BOOKMARK [2][-]{subsection.C.2}{\376\377\000S\000U\000\050\0004\000\051\000C\000\040\000w\000i\000t\000h\000\040\000M\000i\000n\000i\000m\000a\000l\000\040\000P\000S}{appendix.C}% 67
\BOOKMARK [1][-]{appendix.D}{\376\377\000C\000o\000n\000s\000i\000s\000t\000e\000n\000c\000y\000\040\000P\000r\000o\000o\000f\000\040\000D\000e\000t\000a\000i\000l\000s}{}% 68
\BOOKMARK [2][-]{subsection.D.1}{\376\377\000L\000o\000g\000a\000r\000i\000t\000h\000m\000i\000c\000\040\000D\000e\000p\000e\000n\000d\000e\000n\000c\000e}{appendix.D}% 69
\BOOKMARK [2][-]{subsection.D.2}{\376\377\000C\000o\000r\000r\000e\000c\000t\000i\000o\000n\000\040\000S\000i\000z\000e}{appendix.D}% 70
\BOOKMARK [2][-]{subsection.D.3}{\376\377\000T\000w\000o\000-\000R\000o\000u\000t\000e\000\040\000A\000g\000r\000e\000e\000m\000e\000n\000t}{appendix.D}% 71
\BOOKMARK [1][-]{appendix.E}{\376\377\000A\000l\000t\000e\000r\000n\000a\000t\000i\000v\000e\000\040\000S\000c\000a\000l\000i\000n\000g\000\040\000D\000e\000r\000i\000v\000a\000t\000i\000o\000n}{}% 72
\BOOKMARK [2][-]{subsection.E.1}{\376\377\000D\000i\000r\000e\000c\000t\000\040\000P\000o\000w\000e\000r\000\040\000C\000o\000u\000n\000t\000i\000n\000g}{appendix.E}% 73
\BOOKMARK [2][-]{subsection.E.2}{\376\377\000L\000o\000g\000a\000r\000i\000t\000h\000m\000i\000c\000\040\000V\000e\000r\000i\000f\000i\000c\000a\000t\000i\000o\000n}{appendix.E}% 74
\BOOKMARK [1][-]{appendix.F}{\376\377\000N\000u\000m\000e\000r\000i\000c\000a\000l\000\040\000C\000o\000n\000s\000i\000s\000t\000e\000n\000c\000y\000\040\000C\000h\000e\000c\000k\000s}{}% 75
\BOOKMARK [2][-]{subsection.F.1}{\376\377\000P\000r\000e\000f\000a\000c\000t\000o\000r\000\040\000V\000e\000r\000i\000f\000i\000c\000a\000t\000i\000o\000n}{appendix.F}% 76
\BOOKMARK [2][-]{subsection.F.2}{\376\377\000A\000P\000I\000\040\000C\000r\000o\000s\000s\000-\000C\000h\000e\000c\000k}{appendix.F}% 77
\BOOKMARK [1][-]{appendix.G}{\376\377\000E\000x\000t\000e\000n\000d\000e\000d\000\040\000C\000o\000n\000s\000i\000s\000t\000e\000n\000c\000y\000\040\000A\000n\000a\000l\000y\000s\000i\000s}{}% 78
\BOOKMARK [2][-]{subsection.G.1}{\376\377\000R\000o\000u\000t\000e\000\040\000T\0001\000\040\000D\000e\000t\000a\000i\000l\000e\000d\000\040\000D\000e\000r\000i\000v\000a\000t\000i\000o\000n}{appendix.G}% 79
\BOOKMARK [2][-]{subsection.G.2}{\376\377\000R\000o\000u\000t\000e\000\040\000T\0002\000\040\000D\000e\000t\000a\000i\000l\000e\000d\000\040\000D\000e\000r\000i\000v\000a\000t\000i\000o\000n}{appendix.G}% 80
\BOOKMARK [2][-]{subsection.G.3}{\376\377\000R\000a\000t\000i\000o\000\040\000o\000f\000\040\000R\000o\000u\000t\000e\000s}{appendix.G}% 81
\BOOKMARK [1][-]{appendix.H}{\376\377\000S\000e\000n\000s\000i\000t\000i\000v\000i\000t\000y\000\040\000A\000n\000a\000l\000y\000s\000i\000s}{}% 82
\BOOKMARK [2][-]{subsection.H.1}{\376\377\000C\000o\000u\000p\000l\000i\000n\000g\000\040\000S\000e\000n\000s\000i\000t\000i\000v\000i\000t\000y\000\040\000t\000o\000\040}{appendix.H}% 83
\BOOKMARK [2][-]{subsection.H.2}{\376\377\000L\000i\000f\000e\000t\000i\000m\000e\000\040\000S\000e\000n\000s\000i\000t\000i\000v\000i\000t\000y}{appendix.H}% 84
\BOOKMARK [2][-]{subsection.H.3}{\376\377\000H\000a\000d\000r\000o\000n\000i\000c\000\040\000F\000a\000c\000t\000o\000r\000\040\000S\000e\000n\000s\000i\000t\000i\000v\000i\000t\000y}{appendix.H}% 85
\BOOKMARK [1][-]{appendix.I}{\376\377\000U\000n\000c\000e\000r\000t\000a\000i\000n\000t\000y\000\040\000P\000r\000o\000p\000a\000g\000a\000t\000i\000o\000n}{}% 86
\BOOKMARK [2][-]{subsection.I.1}{\376\377\000T\000o\000t\000a\000l\000\040\000U\000n\000c\000e\000r\000t\000a\000i\000n\000t\000y\000\040\000F\000o\000r\000m\000u\000l\000a}{appendix.I}% 87
\BOOKMARK [2][-]{subsection.I.2}{\376\377\000D\000o\000m\000i\000n\000a\000n\000t\000\040\000C\000o\000n\000t\000r\000i\000b\000u\000t\000i\000o\000n\000s}{appendix.I}% 88
\BOOKMARK [2][-]{subsection.I.3}{\376\377\000U\000n\000c\000e\000r\000t\000a\000i\000n\000t\000y\000\040\000B\000a\000n\000d}{appendix.I}% 89
\BOOKMARK [1][-]{appendix.J}{\376\377\000H\000i\000g\000h\000e\000r\000-\000O\000r\000d\000e\000r\000\040\000C\000o\000r\000r\000e\000c\000t\000i\000o\000n\000s}{}% 90
\BOOKMARK [2][-]{subsection.J.1}{\376\377\000T\000w\000o\000-\000L\000o\000o\000p\000\040\000R\000G\000\040\000E\000f\000f\000e\000c\000t\000s}{appendix.J}% 91
\BOOKMARK [2][-]{subsection.J.2}{\376\377\000R\000e\000l\000a\000t\000i\000v\000e\000\040\000S\000i\000z\000e\000\040\000o\000f\000\040\000T\000w\000o\000-\000L\000o\000o\000p\000\040\000E\000f\000f\000e\000c\000t\000s}{appendix.J}% 92
\BOOKMARK [2][-]{subsection.J.3}{\376\377\000T\000h\000r\000e\000e\000-\000L\000o\000o\000p\000\040\000a\000n\000d\000\040\000B\000e\000y\000o\000n\000d}{appendix.J}% 93
\BOOKMARK [1][-]{appendix.K}{\376\377\000C\000r\000o\000s\000s\000-\000V\000a\000l\000i\000d\000a\000t\000i\000o\000n\000\040\000w\000i\000t\000h\000\040\000v\0006\0003}{}% 94
\BOOKMARK [2][-]{subsection.K.1}{\376\377\000v\0006\0003\000\040\000S\000c\000a\000l\000i\000n\000g\000\040\000V\000e\000r\000i\000f\000i\000c\000a\000t\000i\000o\000n}{appendix.K}% 95
\BOOKMARK [2][-]{subsection.K.2}{\376\377\000v\0006\0003\000\040\000P\000r\000e\000f\000a\000c\000t\000o\000r\000\040\000V\000e\000r\000i\000f\000i\000c\000a\000t\000i\000o\000n}{appendix.K}% 96
\BOOKMARK [2][-]{subsection.K.3}{\376\377\000A\000P\000I\000\040\000C\000o\000n\000s\000i\000s\000t\000e\000n\000c\000y\000\040\000C\000h\000e\000c\000k}{appendix.K}% 97
\BOOKMARK [1][-]{appendix.L}{\376\377\000P\000h\000y\000s\000i\000c\000a\000l\000\040\000B\000o\000u\000n\000d\000s\000\040\000D\000i\000s\000c\000u\000s\000s\000i\000o\000n}{}% 98
\BOOKMARK [2][-]{subsection.L.1}{\376\377\000P\000e\000r\000t\000u\000r\000b\000a\000t\000i\000v\000i\000t\000y\000\040\000B\000o\000u\000n\000d}{appendix.L}% 99
\BOOKMARK [2][-]{subsection.L.2}{\376\377\000A\000s\000y\000m\000p\000t\000o\000t\000i\000c\000\040\000F\000r\000e\000e\000d\000o\000m}{appendix.L}% 100
\BOOKMARK [2][-]{subsection.L.3}{\376\377\000L\000a\000n\000d\000a\000u\000\040\000P\000o\000l\000e\000\040\000A\000v\000o\000i\000d\000a\000n\000c\000e}{appendix.L}% 101
\BOOKMARK [1][-]{appendix.M}{\376\377\000C\000o\000m\000p\000l\000e\000t\000e\000n\000e\000s\000s\000\040\000V\000e\000r\000i\000f\000i\000c\000a\000t\000i\000o\000n}{}% 102
\BOOKMARK [2][-]{subsection.M.1}{\376\377\000A\000l\000l\000\040\000P\000a\000r\000a\000m\000e\000t\000e\000r\000s\000\040\000A\000c\000c\000o\000u\000n\000t\000e\000d}{appendix.M}% 103
\BOOKMARK [2][-]{subsection.M.2}{\376\377\000C\000l\000o\000s\000u\000r\000e\000\040\000V\000e\000r\000i\000f\000i\000c\000a\000t\000i\000o\000n}{appendix.M}% 104
\BOOKMARK [2][-]{subsection.M.3}{\376\377\000N\000o\000\040\000H\000i\000d\000d\000e\000n\000\040\000D\000e\000p\000e\000n\000d\000e\000n\000c\000i\000e\000s}{appendix.M}% 105
