\BOOKMARK [1][-]{section.1}{\376\377\000G\000r\000o\000u\000n\000d\000\040\000T\000r\000u\000t\000h\000\040\000I\000n\000p\000u\000t\000s}{}% 1
\BOOKMARK [2][-]{subsection.1.1}{\376\377\000F\000u\000n\000d\000a\000m\000e\000n\000t\000a\000l\000\040\000C\000o\000n\000s\000t\000a\000n\000t\000s}{section.1}% 2
\BOOKMARK [2][-]{subsection.1.2}{\376\377\000E\000x\000a\000c\000t\000\040\000V\000a\000l\000u\000e\000s\000\040\000U\000s\000e\000d}{section.1}% 3
\BOOKMARK [2][-]{subsection.1.3}{\376\377\000D\000e\000r\000i\000v\000e\000d\000\040\000C\000o\000n\000s\000t\000a\000n\000t\000s}{section.1}% 4
\BOOKMARK [1][-]{section.2}{\376\377\000C\000a\000n\000o\000n\000i\000c\000a\000l\000\040\000C\000a\000l\000c\000u\000l\000a\000t\000i\000o\000n\000\040\000\050\000v\0002\0002\000+\000\040\000C\000o\000n\000v\000e\000n\000t\000i\000o\000n\000\051}{}% 5
\BOOKMARK [2][-]{subsection.2.1}{\376\377\000S\000t\000e\000p\000\040\0001\000:\000\040\000C\000o\000m\000p\000u\000t\000e\000\040\000R\000c\000a\000n\000o\000n}{section.2}% 6
\BOOKMARK [2][-]{subsection.2.2}{\376\377\000S\000t\000e\000p\000\040\0002\000:\000\040\000C\000o\000n\000v\000e\000r\000t\000\040\000R\000\040\000t\000o\000\040\000G\000e\000V\000-\0001}{section.2}% 7
\BOOKMARK [2][-]{subsection.2.3}{\376\377\000S\000t\000e\000p\000\040\0003\000:\000\040\000C\000o\000m\000p\000u\000t\000e\000\040\000M\0005\000\050\000r\000e\000d\000u\000c\000e\000d\000\051}{section.2}% 8
\BOOKMARK [2][-]{subsection.2.4}{\376\377\000S\000t\000e\000p\000\040\0003\000\040\000\050\000C\000o\000r\000r\000e\000c\000t\000e\000d\000\051\000:\000\040\000C\000o\000m\000p\000u\000t\000e\000\040\000M\0005\000\050\000r\000e\000d\000u\000c\000e\000d\000\051}{section.2}% 9
\BOOKMARK [2][-]{subsection.2.5}{\376\377\000S\000t\000e\000p\000\040\0004\000:\000\040\000C\000o\000m\000p\000u\000t\000e\000\040\000M\0005\000\050\000o\000r\000i\000g\000i\000n\000a\000l\000\051}{section.2}% 10
\BOOKMARK [2][-]{subsection.2.6}{\376\377\000S\000t\000e\000p\000\040\0005\000:\000\040\000V\000e\000r\000i\000f\000y\000\040\000P\000l\000a\000n\000c\000k\000\040\000C\000o\000n\000v\000e\000r\000s\000i\000o\000n\000\040\000F\000a\000c\000t\000o\000r}{section.2}% 11
\BOOKMARK [1][-]{section.3}{\376\377\000O\000l\000d\000\040\000\040\000C\000a\000n\000o\000n\000i\000c\000a\000l\000\040\000-\000M\000a\000p\000\040\000A\000u\000d\000i\000t}{}% 12
\BOOKMARK [2][-]{subsection.3.1}{\376\377\000O\000l\000d\000\040\000C\000o\000n\000v\000e\000n\000t\000i\000o\000n\000\040\000\050\000v\0001\0005\040\023\000v\0002\0000\000\051}{section.3}% 13
\BOOKMARK [2][-]{subsection.3.2}{\376\377\000-\000M\000a\000p\000\040\000V\000e\000r\000i\000f\000i\000c\000a\000t\000i\000o\000n}{section.3}% 14
\BOOKMARK [2][-]{subsection.3.3}{\376\377\000M\0005\000\040\000M\000a\000p\000p\000i\000n\000g}{section.3}% 15
\BOOKMARK [2][-]{subsection.3.4}{\376\377\000O\000l\000d\000\040\000M\0005\000\040\000V\000a\000l\000u\000e\000s\000\040\000\050\000v\0001\0005\040\023\000v\0002\0000\000\051}{section.3}% 16
\BOOKMARK [2][-]{subsection.3.5}{\376\377\000C\000r\000o\000s\000s\000-\000C\000h\000e\000c\000k\000:\000\040\000M\0005\000\040\000M\000a\000p\000p\000i\000n\000g}{section.3}% 17
\BOOKMARK [1][-]{section.4}{\376\377\000E\000r\000r\000o\000r\000\040\000P\000r\000o\000p\000a\000g\000a\000t\000i\000o\000n\000\040\000A\000u\000d\000i\000t}{}% 18
\BOOKMARK [2][-]{subsection.4.1}{\376\377\000S\000y\000m\000b\000o\000l\000i\000c\000\040\000F\000o\000r\000m\000u\000l\000a}{section.4}% 19
\BOOKMARK [2][-]{subsection.4.2}{\376\377\000I\000n\000p\000u\000t\000\040\000U\000n\000c\000e\000r\000t\000a\000i\000n\000t\000i\000e\000s}{section.4}% 20
\BOOKMARK [2][-]{subsection.4.3}{\376\377\000N\000u\000m\000e\000r\000i\000c\000a\000l\000\040\000E\000v\000a\000l\000u\000a\000t\000i\000o\000n}{section.4}% 21
\BOOKMARK [1][-]{section.5}{\376\377\000R\000e\000g\000r\000e\000s\000s\000i\000o\000n\000\040\000T\000a\000b\000l\000e\000\040\000A\000c\000r\000o\000s\000s\000\040\000V\000e\000r\000s\000i\000o\000n\000s}{}% 22
\BOOKMARK [1][-]{section.6}{\376\377\000A\000u\000d\000i\000t\000\040\000S\000u\000m\000m\000a\000r\000y}{}% 23
\BOOKMARK [1][-]{appendix.A}{\376\377\000D\000i\000m\000e\000n\000s\000i\000o\000n\000a\000l\000\040\000A\000n\000a\000l\000y\000s\000i\000s\000\040\000R\000e\000f\000e\000r\000e\000n\000c\000e}{}% 24
\BOOKMARK [2][-]{subsection.A.1}{\376\377\000F\000u\000n\000d\000a\000m\000e\000n\000t\000a\000l\000\040\000C\000o\000n\000v\000e\000r\000s\000i\000o\000n\000s}{appendix.A}% 25
\BOOKMARK [2][-]{subsection.A.2}{\376\377\000L\000e\000n\000g\000t\000h\000\040\000\040\000E\000n\000e\000r\000g\000y\000\040\000C\000o\000n\000v\000e\000r\000s\000i\000o\000n}{appendix.A}% 26
\BOOKMARK [2][-]{subsection.A.3}{\376\377\000P\000l\000a\000n\000c\000k\000\040\000M\000a\000s\000s\000\040\000D\000e\000f\000i\000n\000i\000t\000i\000o\000n\000s}{appendix.A}% 27
\BOOKMARK [2][-]{subsection.A.4}{\376\377\000N\000e\000w\000t\000o\000n\000'\000s\000\040\000C\000o\000n\000s\000t\000a\000n\000t\000\040\000i\000n\000\040\000G\000e\000V\000\040\000U\000n\000i\000t\000s}{appendix.A}% 28
\BOOKMARK [2][-]{subsection.A.5}{\376\377\000S\000u\000m\000m\000a\000r\000y\000\040\000T\000a\000b\000l\000e}{appendix.A}% 29
\BOOKMARK [1][-]{appendix.B}{\376\377\000P\000y\000t\000h\000o\000n\000\040\000V\000e\000r\000i\000f\000i\000c\000a\000t\000i\000o\000n\000\040\000S\000c\000r\000i\000p\000t}{}% 30
\BOOKMARK [1][-]{appendix.C}{\376\377\000C\000o\000n\000c\000l\000u\000s\000i\000o\000n}{}% 31
