\BOOKMARK [1][-]{section.1}{\376\377\000N\000o\000-\000C\000o\000n\000t\000a\000m\000i\000n\000a\000t\000i\000o\000n\000\040\000P\000r\000o\000t\000o\000c\000o\000l}{}% 1
\BOOKMARK [2][-]{subsection.1.1}{\376\377\000M\000o\000t\000i\000v\000a\000t\000i\000o\000n}{section.1}% 2
\BOOKMARK [2][-]{subsection.1.2}{\376\377\000T\000w\000o\000-\000L\000a\000y\000e\000r\000\040\000A\000r\000c\000h\000i\000t\000e\000c\000t\000u\000r\000e}{section.1}% 3
\BOOKMARK [2][-]{subsection.1.3}{\376\377\000B\000o\000x\000e\000d\000\040\000S\000e\000p\000a\000r\000a\000t\000i\000o\000n\000\040\000R\000u\000l\000e}{section.1}% 4
\BOOKMARK [2][-]{subsection.1.4}{\376\377\000S\000y\000m\000b\000o\000l\000i\000c\000\040\000P\000l\000a\000c\000e\000h\000o\000l\000d\000e\000r\000\040\000C\000o\000n\000v\000e\000n\000t\000i\000o\000n}{section.1}% 5
\BOOKMARK [1][-]{section.2}{\376\377\000O\000b\000s\000e\000r\000v\000a\000b\000l\000e\000\040\000I\000n\000t\000e\000r\000f\000a\000c\000e\000\040\000A\000P\000I}{}% 6
\BOOKMARK [2][-]{subsection.2.1}{\376\377\000R\000e\000f\000e\000r\000e\000n\000c\000e\000\040\000S\000c\000a\000l\000e\000\040\000I\000n\000t\000e\000r\000f\000a\000c\000e}{section.2}% 7
\BOOKMARK [2][-]{subsection.2.2}{\376\377\000W\000e\000i\000n\000b\000e\000r\000g\000\040\000A\000n\000g\000l\000e\000\040\000I\000n\000t\000e\000r\000f\000a\000c\000e}{section.2}% 8
\BOOKMARK [2][-]{subsection.2.3}{\376\377\000I\000n\000v\000a\000r\000i\000a\000n\000t\000\040\000E\000v\000o\000l\000u\000t\000i\000o\000n\000\040\000I\000n\000t\000e\000r\000f\000a\000c\000e}{section.2}% 9
\BOOKMARK [2][-]{subsection.2.4}{\376\377\000M\000a\000p\000p\000i\000n\000g\000\040\000t\000o\000\040\000C\000o\000u\000p\000l\000i\000n\000g\000s}{section.2}% 10
\BOOKMARK [2][-]{subsection.2.5}{\376\377\000F\000e\000r\000m\000i\000\040\000C\000o\000n\000s\000t\000a\000n\000t\000\040\000I\000n\000t\000e\000r\000f\000a\000c\000e}{section.2}% 11
\BOOKMARK [2][-]{subsection.2.6}{\376\377\000S\000t\000r\000o\000n\000g\000\040\000C\000o\000u\000p\000l\000i\000n\000g\000\040\000I\000n\000t\000e\000r\000f\000a\000c\000e\000\040\000\050\000S\000t\000r\000u\000c\000t\000u\000r\000a\000l\000\040\000O\000n\000l\000y\000\051}{section.2}% 12
\BOOKMARK [1][-]{section.3}{\376\377\000H\000a\000r\000d\000\040\000S\000e\000p\000a\000r\000a\000t\000i\000o\000n\000\040\000T\000a\000b\000l\000e\000s}{}% 13
\BOOKMARK [2][-]{subsection.3.1}{\376\377\000T\000a\000b\000l\000e\000\040\0001\000:\000\040\000P\000r\000e\000d\000i\000c\000t\000i\000o\000n\000s\000\040\000\050\000S\000t\000r\000u\000c\000t\000u\000r\000e\000-\000O\000n\000l\000y\000\051}{section.3}% 14
\BOOKMARK [2][-]{subsection.3.2}{\376\377\000T\000a\000b\000l\000e\000\040\0002\000:\000\040\000C\000o\000n\000d\000i\000t\000i\000o\000n\000a\000l\000s\000\040\000\050\000D\000e\000p\000e\000n\000d\000\040\000o\000n\000\040\000P\000a\000r\000a\000m\000e\000t\000e\000r\000s\000\051}{section.3}% 15
\BOOKMARK [2][-]{subsection.3.3}{\376\377\000T\000a\000b\000l\000e\000\040\0003\000:\000\040\000E\000x\000t\000e\000r\000n\000a\000l\000\040\000A\000n\000c\000h\000o\000r\000s\000\040\000\050\000Q\000u\000a\000r\000a\000n\000t\000i\000n\000e\000d\000\051}{section.3}% 16
\BOOKMARK [1][-]{section.4}{\376\377\000A\000u\000d\000i\000t\000-\000G\000r\000a\000d\000e\000\040\000I\000n\000v\000a\000r\000i\000a\000n\000c\000e\000s}{}% 17
\BOOKMARK [2][-]{subsection.4.1}{\376\377\000S\000c\000h\000e\000m\000e\000\040\000I\000n\000v\000a\000r\000i\000a\000n\000c\000e\000:\000\040\000T\0001\000/\000T\0002\000\040\000A\000g\000r\000e\000e\000m\000e\000n\000t}{section.4}% 18
\BOOKMARK [2][-]{subsection.4.2}{\376\377\000U\000n\000i\000t\000\040\000I\000n\000v\000a\000r\000i\000a\000n\000c\000e\000:\000\040\000S\000-\000S\000c\000a\000l\000i\000n\000g}{section.4}% 19
\BOOKMARK [2][-]{subsection.4.3}{\376\377\000L\000o\000g\000\040\000H\000y\000g\000i\000e\000n\000e\000:\000\040\000D\000i\000m\000e\000n\000s\000i\000o\000n\000l\000e\000s\000s\000\040\000A\000r\000g\000u\000m\000e\000n\000t\000s}{section.4}% 20
\BOOKMARK [2][-]{subsection.4.4}{\376\377\000R\000e\000g\000u\000l\000a\000t\000o\000r\000\040\000I\000n\000v\000a\000r\000i\000a\000n\000c\000e\000:\000\040\000F\000i\000n\000i\000t\000e\000\040\000P\000a\000r\000t\000s}{section.4}% 21
\BOOKMARK [1][-]{section.5}{\376\377\000H\000a\000s\000h\000-\000C\000h\000a\000i\000n\000\040\000E\000x\000t\000e\000n\000s\000i\000o\000n}{}% 22
\BOOKMARK [2][-]{subsection.5.1}{\376\377\000P\000r\000i\000o\000r\000\040\000H\000a\000s\000h\000\040\000V\000e\000r\000i\000f\000i\000c\000a\000t\000i\000o\000n}{section.5}% 23
\BOOKMARK [2][-]{subsection.5.2}{\376\377\000H\000a\000s\000h\000\040\000F\000i\000r\000e\000w\000a\000l\000l\000\040\000C\000o\000n\000c\000e\000p\000t}{section.5}% 24
\BOOKMARK [2][-]{subsection.5.3}{\376\377\000v\0005\0003\000\040\000H\000a\000s\000h\000\040\000L\000o\000c\000k}{section.5}% 25
\BOOKMARK [1][-]{section.6}{\376\377\000I\000n\000t\000e\000r\000f\000a\000c\000e\000\040\000U\000s\000a\000g\000e\000\040\000P\000r\000o\000t\000o\000c\000o\000l}{}% 26
\BOOKMARK [2][-]{subsection.6.1}{\376\377\000H\000o\000w\000\040\000t\000o\000\040\000U\000s\000e\000\040\000t\000h\000e\000\040\000I\000n\000t\000e\000r\000f\000a\000c\000e\000\040\000\050\000F\000u\000t\000u\000r\000e\000\040\000C\000o\000m\000p\000a\000r\000i\000s\000o\000n\000\051}{section.6}% 27
\BOOKMARK [2][-]{subsection.6.2}{\376\377\000W\000h\000a\000t\000\040\000N\000O\000T\000\040\000t\000o\000\040\000D\000o}{section.6}% 28
\BOOKMARK [1][-]{section.7}{\376\377\000C\000o\000m\000p\000l\000e\000t\000e\000\040\000I\000n\000t\000e\000r\000f\000a\000c\000e\000\040\000A\000P\000I\000\040\000S\000u\000m\000m\000a\000r\000y}{}% 29
\BOOKMARK [1][-]{appendix.A}{\376\377\000E\000x\000t\000e\000n\000d\000e\000d\000\040\000L\000o\000g\000\040\000H\000y\000g\000i\000e\000n\000e\000\040\000S\000c\000a\000n}{}% 30
\BOOKMARK [1][-]{appendix.B}{\376\377\000E\000x\000t\000e\000n\000d\000e\000d\000\040\000U\000n\000i\000t\000\040\000I\000n\000v\000a\000r\000i\000a\000n\000c\000e\000\040\000V\000e\000r\000i\000f\000i\000c\000a\000t\000i\000o\000n}{}% 31
\BOOKMARK [2][-]{subsection.B.1}{\376\377\000D\000i\000m\000e\000n\000s\000i\000o\000n\000\040\000C\000a\000t\000a\000l\000o\000g}{appendix.B}% 32
\BOOKMARK [2][-]{subsection.B.2}{\376\377\000S\000-\000S\000c\000a\000l\000i\000n\000g\000\040\000V\000e\000r\000i\000f\000i\000c\000a\000t\000i\000o\000n}{appendix.B}% 33
\BOOKMARK [1][-]{appendix.C}{\376\377\000S\000c\000h\000e\000m\000e\000\040\000I\000n\000v\000a\000r\000i\000a\000n\000c\000e\000\040\000D\000e\000t\000a\000i\000l\000s}{}% 34
\BOOKMARK [2][-]{subsection.C.1}{\376\377\000T\0001\000\040\000R\000o\000u\000t\000e\000\040\000C\000a\000l\000c\000u\000l\000a\000t\000i\000o\000n}{appendix.C}% 35
\BOOKMARK [2][-]{subsection.C.2}{\376\377\000T\0002\000\040\000R\000o\000u\000t\000e\000\040\000C\000a\000l\000c\000u\000l\000a\000t\000i\000o\000n}{appendix.C}% 36
\BOOKMARK [1][-]{appendix.D}{\376\377\000R\000e\000g\000u\000l\000a\000t\000o\000r\000\040\000I\000n\000v\000a\000r\000i\000a\000n\000c\000e\000\040\000D\000e\000t\000a\000i\000l\000s}{}% 37
\BOOKMARK [2][-]{subsection.D.1}{\376\377\000Z\000e\000t\000a\000\040\000F\000u\000n\000c\000t\000i\000o\000n\000\040\000M\000e\000t\000h\000o\000d}{appendix.D}% 38
\BOOKMARK [2][-]{subsection.D.2}{\376\377\000H\000e\000a\000t\000\040\000K\000e\000r\000n\000e\000l\000\040\000M\000e\000t\000h\000o\000d}{appendix.D}% 39
\BOOKMARK [1][-]{appendix.E}{\376\377\000P\000S\000\040\000M\000a\000t\000c\000h\000i\000n\000g\000\040\000C\000o\000e\000f\000f\000i\000c\000i\000e\000n\000t\000s}{}% 40
\BOOKMARK [1][-]{appendix.F}{\376\377\000B\000e\000t\000a\000\040\000F\000u\000n\000c\000t\000i\000o\000n\000\040\000C\000o\000e\000f\000f\000i\000c\000i\000e\000n\000t\000s}{}% 41
\BOOKMARK [1][-]{appendix.G}{\376\377\000E\000x\000t\000e\000n\000d\000e\000d\000\040\000I\000n\000t\000e\000r\000f\000a\000c\000e\000\040\000D\000e\000r\000i\000v\000a\000t\000i\000o\000n\000s}{}% 42
\BOOKMARK [2][-]{subsection.G.1}{\376\377\000W\000e\000i\000n\000b\000e\000r\000g\000\040\000A\000n\000g\000l\000e\000\040\000E\000v\000o\000l\000u\000t\000i\000o\000n}{appendix.G}% 43
\BOOKMARK [2][-]{subsection.G.2}{\376\377\000G\000F\000\040\000E\000v\000o\000l\000u\000t\000i\000o\000n}{appendix.G}% 44
\BOOKMARK [2][-]{subsection.G.3}{\376\377\000C\000o\000u\000p\000l\000i\000n\000g\000\040\000E\000v\000o\000l\000u\000t\000i\000o\000n}{appendix.G}% 45
\BOOKMARK [1][-]{appendix.H}{\376\377\000N\000o\000t\000a\000t\000i\000o\000n\000\040\000R\000e\000g\000i\000s\000t\000r\000y}{}% 46
\BOOKMARK [1][-]{appendix.I}{\376\377\000V\000e\000r\000i\000f\000i\000c\000a\000t\000i\000o\000n\000\040\000S\000u\000m\000m\000a\000r\000y}{}% 47
\BOOKMARK [1][-]{appendix.J}{\376\377\000E\000x\000t\000e\000n\000d\000e\000d\000\040\000L\000o\000g\000\040\000H\000y\000g\000i\000e\000n\000e\000\040\000S\000t\000r\000e\000s\000s\000\040\000T\000e\000s\000t}{}% 48
\BOOKMARK [1][-]{appendix.K}{\376\377\000E\000x\000t\000e\000n\000d\000e\000d\000\040\000E\000q\000u\000a\000t\000i\000o\000n\000\040\000D\000e\000r\000i\000v\000a\000t\000i\000o\000n\000s}{}% 49
\BOOKMARK [2][-]{subsection.K.1}{\376\377\000C\000o\000m\000p\000l\000e\000t\000e\000\040\000W\000e\000i\000n\000b\000e\000r\000g\000\040\000A\000n\000g\000l\000e\000\040\000A\000n\000a\000l\000y\000s\000i\000s}{appendix.K}% 50
\BOOKMARK [2][-]{subsection.K.2}{\376\377\000R\000G\000\040\000E\000v\000o\000l\000u\000t\000i\000o\000n\000\040\000E\000q\000u\000a\000t\000i\000o\000n\000s}{appendix.K}% 51
\BOOKMARK [2][-]{subsection.K.3}{\376\377\000B\000e\000t\000a\000\040\000C\000o\000e\000f\000f\000i\000c\000i\000e\000n\000t\000\040\000A\000n\000a\000l\000y\000s\000i\000s}{appendix.K}% 52
\BOOKMARK [2][-]{subsection.K.4}{\376\377\000P\000S\000\040\000M\000a\000t\000c\000h\000i\000n\000g\000\040\000D\000e\000t\000a\000i\000l\000s}{appendix.K}% 53
\BOOKMARK [2][-]{subsection.K.5}{\376\377\000I\000n\000v\000a\000r\000i\000a\000n\000t\000\040\000E\000v\000o\000l\000u\000t\000i\000o\000n}{appendix.K}% 54
\BOOKMARK [2][-]{subsection.K.6}{\376\377\000G\000F\000\040\000F\000o\000r\000m\000u\000l\000a\000\040\000A\000n\000a\000l\000y\000s\000i\000s}{appendix.K}% 55
\BOOKMARK [2][-]{subsection.K.7}{\376\377\000B\000K\000T\000\040\000C\000o\000r\000r\000e\000c\000t\000i\000o\000n\000s}{appendix.K}% 56
\BOOKMARK [2][-]{subsection.K.8}{\376\377\000T\000h\000r\000e\000s\000h\000o\000l\000d\000\040\000C\000o\000r\000r\000e\000c\000t\000i\000o\000n\000s}{appendix.K}% 57
\BOOKMARK [2][-]{subsection.K.9}{\376\377\000U\000n\000i\000t\000\040\000S\000c\000a\000l\000i\000n\000g\000\040\000R\000e\000l\000a\000t\000i\000o\000n\000s}{appendix.K}% 58
\BOOKMARK [2][-]{subsection.K.10}{\376\377\000S\000c\000h\000e\000m\000e\000\040\000R\000o\000u\000t\000e\000\040\000C\000a\000l\000c\000u\000l\000a\000t\000i\000o\000n\000s}{appendix.K}% 59
\BOOKMARK [2][-]{subsection.K.11}{\376\377\000T\000r\000a\000c\000e\000\040\000R\000e\000l\000a\000t\000i\000o\000n\000s}{appendix.K}% 60
\BOOKMARK [2][-]{subsection.K.12}{\376\377\000N\000u\000m\000e\000r\000i\000c\000a\000l\000\040\000V\000e\000r\000i\000f\000i\000c\000a\000t\000i\000o\000n}{appendix.K}% 61
\BOOKMARK [2][-]{subsection.K.13}{\376\377\000A\000d\000d\000i\000t\000i\000o\000n\000a\000l\000\040\000I\000n\000t\000e\000r\000f\000a\000c\000e\000\040\000R\000e\000l\000a\000t\000i\000o\000n\000s}{appendix.K}% 62
