# prefactor_refit_cv.py - 2026-02-01T20:31:13.306603
# Exit code: 0

=== STDOUT ===
===========================================================================
PREFACTOR OPTIMIZATION WITH REFIT + 5-FOLD CV
===========================================================================

Dataset: 106 nuclides (all hindrance classes)
A range: 206 - 257
Hindrance distribution: H0=86, H1=8, H2=12

---------------------------------------------------------------------------
CROSS-VALIDATION RESULTS (5-fold, each fold refits all coefficients)
---------------------------------------------------------------------------
     p    CV R²  CV RMSE   CV MAE  CV Pass%          a±σ          g±σ          b±σ
---------------------------------------------------------------------------
  5.90   0.9365    1.274    0.987     78.4%  1.40±0.02 -1.18±0.20  -43.8±0.7
  5.95   0.9491    1.144    0.881     83.1%  1.50±0.01 -1.65±0.14  -47.3±0.5
  6.00   0.9651    0.951    0.720     85.9%  1.64±0.01 -2.06±0.11  -51.5±0.2 ◆
  6.05   0.9728    0.840    0.601     90.6%  1.65±0.01 -1.89±0.09  -51.7±0.2
  6.10   0.9713    0.863    0.615     90.6%  1.63±0.01 -1.75±0.10  -50.7±0.3 *
  6.15   0.9713    0.863    0.615     90.6%  1.63±0.01 -1.74±0.10  -50.2±0.3
  6.20   0.9713    0.863    0.615     90.6%  1.63±0.01 -1.72±0.09  -49.7±0.3

* = historical default (6.1)
◆ = proposed optimum (6.0)

---------------------------------------------------------------------------
FULL-DATASET FIT COMPARISON (p=6.0 vs p=6.1)
---------------------------------------------------------------------------

p = 6.0:
  Coefficients: b=-51.52, a=1.636, g=-2.073, c1=1.037, c2=1.784
  R² = 0.9760, RMSE = 0.897, MAE = 0.693, Pass = 88.7%

p = 6.1:
  Coefficients: b=-50.75, a=1.632, g=-1.763, c1=1.124, c2=1.532
  R² = 0.9804, RMSE = 0.812, MAE = 0.589, Pass = 93.4%

===========================================================================
CONCLUSION
===========================================================================

Optimal prefactor (by CV R²): p = 6.05
CV R² = 0.9728, CV RMSE = 0.840, CV Pass = 90.6%

p=6.0 CV R²: 0.9651
p=6.1 CV R²: 0.9713
Δ(CV R²) = -0.0062

→ p=6.1 may be preferable or equivalent

===========================================================================

=== STDERR ===
