\BOOKMARK [1][-]{section.1}{\376\377\000S\000e\000t\000u\000p\000\040\000a\000n\000d\000\040\000G\000o\000a\000l}{}% 1
\BOOKMARK [2][-]{subsection.1.1}{\376\377\000P\000r\000o\000b\000l\000e\000m\000\040\000S\000t\000a\000t\000e\000m\000e\000n\000t}{section.1}% 2
\BOOKMARK [2][-]{subsection.1.2}{\376\377\000A\000v\000a\000i\000l\000a\000b\000l\000e\000\040\000E\000D\000C\000\040\000I\000n\000p\000u\000t\000s}{section.1}% 3
\BOOKMARK [2][-]{subsection.1.3}{\376\377\000A\000n\000t\000i\000-\000C\000i\000r\000c\000u\000l\000a\000r\000i\000t\000y\000\040\000L\000e\000d\000g\000e\000r}{section.1}% 4
\BOOKMARK [1][-]{section.2}{\376\377\000A\000t\000t\000e\000m\000p\000t\000\040\000A\000:\000\040\000P\000r\000e\000s\000s\000u\000r\000e\000-\000B\000a\000l\000a\000n\000c\000e\000\040\000C\000l\000o\000s\000u\000r\000e}{}% 5
\BOOKMARK [2][-]{subsection.2.1}{\376\377\000S\000t\000e\000p\000\040\000A\0001\000:\000\040\000E\000x\000p\000r\000e\000s\000s\000\040\000P\000\040\000f\000r\000o\000m\000\040\000P\000r\000e\000s\000s\000u\000r\000e\000\040\000B\000a\000l\000a\000n\000c\000e}{section.2}% 6
\BOOKMARK [2][-]{subsection.2.2}{\376\377\000S\000t\000e\000p\000\040\000A\0002\000:\000\040\000C\000o\000r\000r\000e\000c\000t\000e\000d\000\040\000D\000i\000m\000e\000n\000s\000i\000o\000n\000a\000l\000\040\000F\000o\000r\000m}{section.2}% 7
\BOOKMARK [2][-]{subsection.2.3}{\376\377\000S\000t\000e\000p\000\040\000A\0003\000:\000\040\000F\000u\000n\000d\000a\000m\000e\000n\000t\000a\000l\000\040\000D\000i\000m\000e\000n\000s\000i\000o\000n\000a\000l\000\040\000I\000n\000c\000o\000m\000p\000a\000t\000i\000b\000i\000l\000i\000t\000y}{section.2}% 8
\BOOKMARK [2][-]{subsection.2.4}{\376\377\000S\000t\000e\000p\000\040\000A\0004\000:\000\040\000I\000n\000t\000e\000r\000p\000r\000e\000t\000\040\000P\000\040\000a\000s\000\040\0005}{section.2}% 9
\BOOKMARK [1][-]{section.3}{\376\377\000A\000t\000t\000e\000m\000p\000t\000\040\000B\000:\000\040\000I\000n\000d\000u\000c\000e\000d\000\040\000G\000r\000a\000v\000i\000t\000y\000\040\000w\000i\000t\000h\000\040\000E\000D\000C\000\040\000U\000V\000\040\000C\000u\000t\000o\000f\000f}{}% 10
\BOOKMARK [2][-]{subsection.3.1}{\376\377\000S\000t\000e\000p\000\040\000B\0001\000:\000\040\000I\000n\000d\000u\000c\000e\000d\000\040\000G\000r\000a\000v\000i\000t\000y\000\040\000i\000n\000\040\0005\000D}{section.3}% 11
\BOOKMARK [2][-]{subsection.3.2}{\376\377\000S\000t\000e\000p\000\040\000B\0002\000:\000\040\000M\000a\000p\000\040\000U\000V\000\040\000t\000o\000\040\000E\000D\000C\000\040\000S\000c\000a\000l\000e}{section.3}% 12
\BOOKMARK [2][-]{subsection.3.3}{\376\377\000S\000t\000e\000p\000\040\000B\0003\000:\000\040\000C\000a\000n\000\040\000N\000\040\000B\000e\000\040\000F\000i\000x\000e\000d\000?}{section.3}% 13
\BOOKMARK [2][-]{subsection.3.4}{\376\377\000S\000t\000e\000p\000\040\000B\0004\000:\000\040\000N\000u\000m\000e\000r\000i\000c\000a\000l\000\040\000F\000a\000c\000t\000o\000r\000s}{section.3}% 14
\BOOKMARK [1][-]{section.4}{\376\377\000A\000t\000t\000e\000m\000p\000t\000\040\000C\000:\000\040\000J\000u\000n\000c\000t\000i\000o\000n\000\040\000C\000u\000r\000v\000a\000t\000u\000r\000e\000\040\000N\000o\000r\000m\000a\000l\000i\000z\000a\000t\000i\000o\000n}{}% 15
\BOOKMARK [2][-]{subsection.4.1}{\376\377\000S\000t\000e\000p\000\040\000C\0001\000:\000\040\000J\000u\000n\000c\000t\000i\000o\000n\000-\000D\000e\000r\000i\000v\000e\000d\000\040\000C\000u\000r\000v\000a\000t\000u\000r\000e}{section.4}% 16
\BOOKMARK [2][-]{subsection.4.2}{\376\377\000S\000t\000e\000p\000\040\000C\0002\000:\000\040\000A\000t\000t\000e\000m\000p\000t\000\040\000t\000o\000\040\000F\000i\000x\000\040\000k\000\040\000f\000r\000o\000m\000\040\000E\000D\000C\000\040\000G\000e\000o\000m\000e\000t\000r\000y}{section.4}% 17
\BOOKMARK [2][-]{subsection.4.3}{\376\377\000S\000t\000e\000p\000\040\000C\0003\000:\000\040\000I\000s\000\040\000E\000q\000.\000\040\000\050\0002\0001\000\051\000\040\000a\000\040\000C\000l\000o\000s\000u\000r\000e\000?}{section.4}% 18
\BOOKMARK [2][-]{subsection.4.4}{\376\377\000S\000t\000e\000p\000\040\000C\0004\000:\000\040\000W\000h\000y\000\040\000T\000h\000i\000s\000\040\000I\000s\000\040\000N\000o\000t\000\040\000a\000\040\000T\000r\000u\000e\000\040\000C\000l\000o\000s\000u\000r\000e}{section.4}% 19
\BOOKMARK [1][-]{section.5}{\376\377\000N\000o\000-\000G\000o\000\040\000L\000e\000m\000m\000a}{}% 20
\BOOKMARK [1][-]{section.6}{\376\377\000S\000u\000m\000m\000a\000r\000y\000\040\000a\000n\000d\000\040\000O\000u\000t\000c\000o\000m\000e}{}% 21
\BOOKMARK [2][-]{subsection.6.1}{\376\377\000R\000e\000s\000u\000l\000t\000s\000\040\000b\000y\000\040\000A\000t\000t\000e\000m\000p\000t}{section.6}% 22
\BOOKMARK [2][-]{subsection.6.2}{\376\377\000O\000n\000e\000-\000L\000i\000n\000e\000\040\000O\000u\000t\000c\000o\000m\000e}{section.6}% 23
\BOOKMARK [2][-]{subsection.6.3}{\376\377\000W\000h\000a\000t\000\040\000W\000o\000u\000l\000d\000\040\000F\000i\000x\000\040\000C\000?}{section.6}% 24
\BOOKMARK [2][-]{subsection.6.4}{\376\377\000B\000L\000O\000C\000K\000-\0000\0000\0003\000\040\000S\000t\000a\000t\000u\000s}{section.6}% 25
