\BOOKMARK [1][-]{section.1}{\376\377\000T\000h\000r\000e\000a\000t\000\040\000M\000o\000d\000e\000l\000:\000\040\000W\000h\000y\000\040\000Q\000u\000a\000r\000a\000n\000t\000i\000n\000e\000\040\000E\000x\000i\000s\000t\000s}{}% 1
\BOOKMARK [2][-]{subsection.1.1}{\376\377\000Q\000u\000a\000r\000a\000n\000t\000i\000n\000e\000\040\000P\000r\000o\000t\000o\000c\000o\000l}{section.1}% 2
\BOOKMARK [2][-]{subsection.1.2}{\376\377\000V\000e\000r\000i\000f\000i\000c\000a\000t\000i\000o\000n\000\040\000P\000r\000o\000c\000e\000d\000u\000r\000e}{section.1}% 3
\BOOKMARK [1][-]{section.2}{\376\377\000L\000a\000y\000e\000r\000\040\000A\000\040\000I\000m\000p\000o\000r\000t\000\040\000S\000u\000m\000m\000a\000r\000y}{}% 4
\BOOKMARK [2][-]{subsection.2.1}{\376\377\000I\000m\000p\000o\000r\000t\000e\000d\000\040\000F\000o\000r\000m\000u\000l\000a\000s}{section.2}% 5
\BOOKMARK [2][-]{subsection.2.2}{\376\377\000I\000m\000p\000o\000r\000t\000e\000d\000\040\000C\000o\000n\000s\000t\000a\000n\000t\000s}{section.2}% 6
\BOOKMARK [2][-]{subsection.2.3}{\376\377\000I\000m\000p\000o\000r\000t\000e\000d\000\040\000T\000e\000m\000p\000l\000a\000t\000e\000\040\000B\000o\000u\000n\000d\000s}{section.2}% 7
\BOOKMARK [2][-]{subsection.2.4}{\376\377\000S\000y\000m\000b\000o\000l\000i\000c\000\040\000P\000a\000r\000a\000m\000e\000t\000e\000r\000s}{section.2}% 8
\BOOKMARK [1][-]{section.3}{\376\377\000B\000-\000A\000P\000I\000\040\000D\000e\000f\000i\000n\000i\000t\000i\000o\000n\000s}{}% 9
\BOOKMARK [2][-]{subsection.3.1}{\376\377\000B\000-\000A\000P\000I\0001\000:\000\040\000L\000i\000f\000e\000t\000i\000m\000e\000\040\000I\000n\000t\000e\000r\000v\000a\000l\000\040\000C\000a\000l\000c\000u\000l\000a\000t\000o\000r}{section.3}% 10
\BOOKMARK [2][-]{subsection.3.2}{\376\377\000B\000-\000A\000P\000I\0002\000:\000\040\000C\000o\000m\000p\000a\000r\000i\000s\000o\000n\000\040\000F\000u\000n\000c\000t\000i\000o\000n\000a\000l}{section.3}% 11
\BOOKMARK [2][-]{subsection.3.3}{\376\377\000B\000-\000A\000P\000I\0003\000:\000\040\000S\000w\000e\000e\000p\000\040\000a\000n\000d\000\040\000F\000e\000a\000s\000i\000b\000i\000l\000i\000t\000y}{section.3}% 12
\BOOKMARK [2][-]{subsection.3.4}{\376\377\000B\000-\000A\000P\000I\0004\000:\000\040\000R\000e\000p\000o\000r\000t\000i\000n\000g\000\040\000I\000n\000t\000e\000r\000f\000a\000c\000e}{section.3}% 13
\BOOKMARK [1][-]{section.4}{\376\377\000N\000o\000-\000B\000a\000c\000k\000f\000l\000o\000w\000\040\000T\000h\000e\000o\000r\000e\000m}{}% 14
\BOOKMARK [2][-]{subsection.4.1}{\376\377\000R\000e\000a\000d\000-\000O\000n\000l\000y\000\040\000I\000m\000p\000o\000r\000t\000\040\000G\000u\000a\000r\000a\000n\000t\000e\000e}{section.4}% 15
\BOOKMARK [2][-]{subsection.4.2}{\376\377\000H\000a\000s\000h\000\040\000C\000h\000a\000i\000n\000\040\000V\000e\000r\000i\000f\000i\000c\000a\000t\000i\000o\000n}{section.4}% 16
\BOOKMARK [1][-]{section.5}{\376\377\000N\000o\000-\000F\000i\000t\000\040\000P\000o\000l\000i\000c\000y}{}% 17
\BOOKMARK [2][-]{subsection.5.1}{\376\377\000S\000w\000e\000e\000p\000\040\000v\000s\000\040\000F\000i\000t\000\040\000D\000i\000s\000t\000i\000n\000c\000t\000i\000o\000n}{section.5}% 18
\BOOKMARK [1][-]{section.6}{\376\377\000W\000h\000e\000r\000e\000-\000U\000s\000e\000d\000\040\000L\000o\000g}{}% 19
\BOOKMARK [2][-]{subsection.6.1}{\376\377\000U\000s\000a\000g\000e\000\040\000L\000o\000g}{section.6}% 20
\BOOKMARK [1][-]{section.7}{\376\377\000S\000w\000e\000e\000p\000\040\000M\000e\000t\000h\000o\000d\000o\000l\000o\000g\000y}{}% 21
\BOOKMARK [2][-]{subsection.7.1}{\376\377\000D\000i\000m\000e\000n\000s\000i\000o\000n\000l\000e\000s\000s\000\040\000F\000o\000r\000m\000u\000l\000a\000t\000i\000o\000n}{section.7}% 22
\BOOKMARK [2][-]{subsection.7.2}{\376\377\000N\000o\000r\000m\000a\000l\000i\000z\000e\000d\000\040\000C\000o\000m\000p\000a\000r\000i\000s\000o\000n}{section.7}% 23
\BOOKMARK [2][-]{subsection.7.3}{\376\377\000R\000e\000q\000u\000i\000r\000e\000d\000\040\000M\000i\000n\000i\000m\000u\000m\000\040\000E\000x\000t\000r\000a\000c\000t\000i\000o\000n}{section.7}% 24
\BOOKMARK [2][-]{subsection.7.4}{\376\377\000U\000n\000c\000e\000r\000t\000a\000i\000n\000t\000y\000\040\000P\000r\000o\000p\000a\000g\000a\000t\000i\000o\000n}{section.7}% 25
\BOOKMARK [2][-]{subsection.7.5}{\376\377\000S\000e\000n\000s\000i\000t\000i\000v\000i\000t\000y\000\040\000C\000o\000e\000f\000f\000i\000c\000i\000e\000n\000t\000s}{section.7}% 26
\BOOKMARK [1][-]{section.8}{\376\377\000D\000e\000t\000a\000i\000l\000e\000d\000\040\000B\000-\000A\000P\000I\000\040\000D\000e\000r\000i\000v\000a\000t\000i\000o\000n\000s}{}% 27
\BOOKMARK [2][-]{subsection.8.1}{\376\377\000B\000-\000A\000P\000I\0001\000\040\000D\000e\000t\000a\000i\000l\000e\000d\000\040\000D\000e\000r\000i\000v\000a\000t\000i\000o\000n}{section.8}% 28
\BOOKMARK [2][-]{subsection.8.2}{\376\377\000B\000-\000A\000P\000I\0002\000\040\000D\000e\000t\000a\000i\000l\000e\000d\000\040\000D\000e\000r\000i\000v\000a\000t\000i\000o\000n}{section.8}% 29
\BOOKMARK [2][-]{subsection.8.3}{\376\377\000B\000-\000A\000P\000I\0003\000\040\000D\000e\000t\000a\000i\000l\000e\000d\000\040\000A\000l\000g\000o\000r\000i\000t\000h\000m}{section.8}% 30
\BOOKMARK [2][-]{subsection.8.4}{\376\377\000B\000-\000A\000P\000I\0004\000\040\000R\000e\000p\000o\000r\000t\000i\000n\000g\000\040\000F\000o\000r\000m\000a\000t}{section.8}% 31
\BOOKMARK [1][-]{section.9}{\376\377\000M\000a\000t\000h\000e\000m\000a\000t\000i\000c\000a\000l\000\040\000C\000o\000n\000s\000i\000s\000t\000e\000n\000c\000y\000\040\000C\000h\000e\000c\000k\000s}{}% 32
\BOOKMARK [2][-]{subsection.9.1}{\376\377\000D\000i\000m\000e\000n\000s\000i\000o\000n\000a\000l\000\040\000A\000n\000a\000l\000y\000s\000i\000s}{section.9}% 33
\BOOKMARK [2][-]{subsection.9.2}{\376\377\000S\000c\000a\000l\000i\000n\000g\000\040\000V\000e\000r\000i\000f\000i\000c\000a\000t\000i\000o\000n}{section.9}% 34
\BOOKMARK [2][-]{subsection.9.3}{\376\377\000M\000o\000n\000o\000t\000o\000n\000i\000c\000i\000t\000y\000\040\000C\000h\000e\000c\000k}{section.9}% 35
\BOOKMARK [2][-]{subsection.9.4}{\376\377\000C\000o\000n\000v\000e\000x\000i\000t\000y\000\040\000C\000h\000e\000c\000k}{section.9}% 36
\BOOKMARK [2][-]{subsection.9.5}{\376\377\000L\000i\000m\000i\000t\000\040\000C\000h\000e\000c\000k\000s}{section.9}% 37
\BOOKMARK [1][-]{section.10}{\376\377\000U\000n\000c\000e\000r\000t\000a\000i\000n\000t\000y\000\040\000B\000u\000d\000g\000e\000t}{}% 38
\BOOKMARK [2][-]{subsection.10.1}{\376\377\000E\000r\000r\000o\000r\000\040\000S\000o\000u\000r\000c\000e\000s}{section.10}% 39
\BOOKMARK [2][-]{subsection.10.2}{\376\377\000E\000r\000r\000o\000r\000\040\000P\000r\000o\000p\000a\000g\000a\000t\000i\000o\000n}{section.10}% 40
\BOOKMARK [2][-]{subsection.10.3}{\376\377\000C\000o\000m\000b\000i\000n\000e\000d\000\040\000U\000n\000c\000e\000r\000t\000a\000i\000n\000t\000y}{section.10}% 41
\BOOKMARK [2][-]{subsection.10.4}{\376\377\000D\000o\000m\000i\000n\000a\000n\000t\000\040\000C\000o\000n\000t\000r\000i\000b\000u\000t\000i\000o\000n\000s}{section.10}% 42
\BOOKMARK [1][-]{section.11}{\376\377\000I\000n\000t\000e\000r\000p\000r\000e\000t\000a\000t\000i\000o\000n\000\040\000F\000r\000a\000m\000e\000w\000o\000r\000k}{}% 43
\BOOKMARK [2][-]{subsection.11.1}{\376\377\000C\000o\000n\000s\000i\000s\000t\000e\000n\000c\000y\000\040\000R\000e\000g\000i\000o\000n\000s}{section.11}% 44
\BOOKMARK [2][-]{subsection.11.2}{\376\377\000B\000o\000u\000n\000d\000a\000r\000y\000\040\000I\000n\000t\000e\000r\000p\000r\000e\000t\000a\000t\000i\000o\000n}{section.11}% 45
\BOOKMARK [2][-]{subsection.11.3}{\376\377\000P\000h\000y\000s\000i\000c\000a\000l\000\040\000M\000e\000a\000n\000i\000n\000g}{section.11}% 46
\BOOKMARK [2][-]{subsection.11.4}{\376\377\000C\000o\000s\000m\000o\000l\000o\000g\000y\000\040\000I\000n\000t\000e\000r\000f\000a\000c\000e}{section.11}% 47
\BOOKMARK [1][-]{section.12}{\376\377\000A\000l\000t\000e\000r\000n\000a\000t\000i\000v\000e\000\040\000P\000a\000r\000a\000m\000e\000t\000e\000r\000i\000z\000a\000t\000i\000o\000n\000s}{}% 48
\BOOKMARK [2][-]{subsection.12.1}{\376\377\000I\000n\000\040\000T\000e\000r\000m\000s\000\040\000o\000f\000\040\0003}{section.12}% 49
\BOOKMARK [2][-]{subsection.12.2}{\376\377\000I\000n\000\040\000T\000e\000r\000m\000s\000\040\000o\000f\000\040\000M\000X}{section.12}% 50
\BOOKMARK [2][-]{subsection.12.3}{\376\377\000I\000n\000\040\000T\000e\000r\000m\000s\000\040\000o\000f\000\040\000g\000X}{section.12}% 51
\BOOKMARK [2][-]{subsection.12.4}{\376\377\000I\000n\000\040\000T\000e\000r\000m\000s\000\040\000o\000f\000\040\000r\000e\000f}{section.12}% 52
\BOOKMARK [1][-]{section.13}{\376\377\000N\000u\000m\000e\000r\000i\000c\000a\000l\000\040\000S\000t\000a\000b\000i\000l\000i\000t\000y\000\040\000A\000n\000a\000l\000y\000s\000i\000s}{}% 53
\BOOKMARK [2][-]{subsection.13.1}{\376\377\000L\000o\000g\000-\000S\000p\000a\000c\000e\000\040\000C\000o\000m\000p\000u\000t\000a\000t\000i\000o\000n}{section.13}% 54
\BOOKMARK [2][-]{subsection.13.2}{\376\377\000N\000u\000m\000e\000r\000i\000c\000a\000l\000\040\000C\000o\000n\000s\000t\000a\000n\000t\000s}{section.13}% 55
\BOOKMARK [2][-]{subsection.13.3}{\376\377\000O\000v\000e\000r\000f\000l\000o\000w\000\040\000P\000r\000e\000v\000e\000n\000t\000i\000o\000n}{section.13}% 56
\BOOKMARK [2][-]{subsection.13.4}{\376\377\000U\000n\000d\000e\000r\000f\000l\000o\000w\000\040\000P\000r\000e\000v\000e\000n\000t\000i\000o\000n}{section.13}% 57
\BOOKMARK [1][-]{section.14}{\376\377\000C\000r\000o\000s\000s\000-\000V\000a\000l\000i\000d\000a\000t\000i\000o\000n\000\040\000C\000h\000e\000c\000k\000s}{}% 58
\BOOKMARK [2][-]{subsection.14.1}{\376\377\000S\000c\000a\000l\000i\000n\000g\000\040\000V\000e\000r\000i\000f\000i\000c\000a\000t\000i\000o\000n}{section.14}% 59
\BOOKMARK [2][-]{subsection.14.2}{\376\377\000A\000P\000I\000\040\000C\000o\000n\000s\000i\000s\000t\000e\000n\000c\000y}{section.14}% 60
\BOOKMARK [2][-]{subsection.14.3}{\376\377\000S\000e\000n\000s\000i\000t\000i\000v\000i\000t\000y\000\040\000C\000r\000o\000s\000s\000-\000C\000h\000e\000c\000k}{section.14}% 61
\BOOKMARK [1][-]{section.15}{\376\377\000F\000o\000r\000m\000a\000l\000\040\000T\000h\000e\000o\000r\000e\000m\000s}{}% 62
\BOOKMARK [1][-]{section.16}{\376\377\000E\000r\000r\000o\000r\000\040\000A\000n\000a\000l\000y\000s\000i\000s\000\040\000D\000e\000t\000a\000i\000l\000s}{}% 63
\BOOKMARK [2][-]{subsection.16.1}{\376\377\000F\000i\000r\000s\000t\000-\000O\000r\000d\000e\000r\000\040\000E\000x\000p\000a\000n\000s\000i\000o\000n}{section.16}% 64
\BOOKMARK [2][-]{subsection.16.2}{\376\377\000C\000o\000r\000r\000e\000l\000a\000t\000i\000o\000n\000\040\000S\000t\000r\000u\000c\000t\000u\000r\000e}{section.16}% 65
\BOOKMARK [2][-]{subsection.16.3}{\376\377\000S\000e\000c\000o\000n\000d\000-\000O\000r\000d\000e\000r\000\040\000C\000o\000r\000r\000e\000c\000t\000i\000o\000n\000s}{section.16}% 66
\BOOKMARK [2][-]{subsection.16.4}{\376\377\000A\000s\000y\000m\000m\000e\000t\000r\000i\000c\000\040\000B\000o\000u\000n\000d\000s}{section.16}% 67
\BOOKMARK [1][-]{section.17}{\376\377\000A\000s\000y\000m\000p\000t\000o\000t\000i\000c\000\040\000B\000e\000h\000a\000v\000i\000o\000r}{}% 68
\BOOKMARK [2][-]{subsection.17.1}{\376\377\000L\000a\000r\000g\000e\000\040\000\040\000L\000i\000m\000i\000t}{section.17}% 69
\BOOKMARK [2][-]{subsection.17.2}{\376\377\000S\000m\000a\000l\000l\000\040\000\040\000L\000i\000m\000i\000t}{section.17}% 70
\BOOKMARK [2][-]{subsection.17.3}{\376\377\000C\000r\000i\000t\000i\000c\000a\000l\000\040\000R\000e\000g\000i\000o\000n}{section.17}% 71
\BOOKMARK [2][-]{subsection.17.4}{\376\377\000C\000r\000o\000s\000s\000o\000v\000e\000r\000\040\000S\000c\000a\000l\000e}{section.17}% 72
\BOOKMARK [2][-]{subsection.17.5}{\376\377\000E\000x\000c\000l\000u\000d\000e\000d\000\040\000F\000r\000a\000c\000t\000i\000o\000n}{section.17}% 73
\BOOKMARK [2][-]{subsection.17.6}{\376\377\000S\000a\000f\000e\000t\000y\000\040\000M\000a\000r\000g\000i\000n}{section.17}% 74
\BOOKMARK [1][-]{section.18}{\376\377\000L\000a\000y\000e\000r\000\040\000B\000:\000\040\000N\000u\000m\000e\000r\000i\000c\000a\000l\000\040\000A\000n\000a\000l\000y\000s\000i\000s}{}% 75
\BOOKMARK [2][-]{subsection.18.1}{\376\377\000S\000w\000e\000e\000p\000\040\000P\000a\000r\000a\000m\000e\000t\000e\000r\000s}{section.18}% 76
\BOOKMARK [2][-]{subsection.18.2}{\376\377\000T\000e\000m\000p\000l\000a\000t\000e\000\040\000P\000a\000r\000a\000m\000e\000t\000e\000r\000\040\000V\000a\000l\000u\000e\000s}{section.18}% 77
\BOOKMARK [2][-]{subsection.18.3}{\376\377\000D\000i\000m\000e\000n\000s\000i\000o\000n\000l\000e\000s\000s\000\040\000N\000o\000r\000m\000a\000l\000i\000z\000a\000t\000i\000o\000n}{section.18}% 78
\BOOKMARK [2][-]{subsection.18.4}{\376\377\000H\000a\000d\000r\000o\000n\000i\000c\000\040\000F\000a\000c\000t\000o\000r\000\040\000E\000s\000t\000i\000m\000a\000t\000e\000s}{section.18}% 79
\BOOKMARK [1][-]{appendix.A}{\376\377\000A\000p\000p\000e\000n\000d\000i\000x\000\040\000Q\0001\000:\000\040\000E\000x\000t\000e\000r\000n\000a\000l\000\040\000I\000n\000p\000u\000t\000s}{}% 80
\BOOKMARK [2][-]{subsection.A.1}{\376\377\000P\000r\000o\000t\000o\000n\000\040\000D\000e\000c\000a\000y\000\040\000B\000o\000u\000n\000d\000s}{appendix.A}% 81
\BOOKMARK [2][-]{subsection.A.2}{\376\377\000P\000r\000i\000m\000a\000r\000y\000\040\000B\000o\000u\000n\000d}{appendix.A}% 82
\BOOKMARK [2][-]{subsection.A.3}{\376\377\000H\000a\000d\000r\000o\000n\000i\000c\000\040\000M\000a\000t\000r\000i\000x\000\040\000E\000l\000e\000m\000e\000n\000t\000s}{appendix.A}% 83
\BOOKMARK [2][-]{subsection.A.4}{\376\377\000R\000e\000f\000e\000r\000e\000n\000c\000e\000\040\000S\000c\000a\000l\000e\000s}{appendix.A}% 84
\BOOKMARK [1][-]{appendix.B}{\376\377\000A\000p\000p\000e\000n\000d\000i\000x\000\040\000Q\0002\000:\000\040\000N\000u\000m\000e\000r\000i\000c\000a\000l\000\040\000S\000w\000e\000e\000p\000\040\000R\000e\000s\000u\000l\000t\000s}{}% 85
\BOOKMARK [2][-]{subsection.B.1}{\376\377\000S\000w\000e\000e\000p\000\040\000C\000o\000m\000p\000u\000t\000a\000t\000i\000o\000n}{appendix.B}% 86
\BOOKMARK [2][-]{subsection.B.2}{\376\377\000C\000o\000m\000p\000a\000r\000i\000s\000o\000n\000\040\000R\000a\000t\000i\000o}{appendix.B}% 87
\BOOKMARK [2][-]{subsection.B.3}{\376\377\000R\000e\000q\000u\000i\000r\000e\000d\000\040\000M\000i\000n\000i\000m\000u\000m}{appendix.B}% 88
\BOOKMARK [2][-]{subsection.B.4}{\376\377\000S\000w\000e\000e\000p\000\040\000R\000e\000s\000u\000l\000t\000s\000\040\000T\000a\000b\000l\000e}{appendix.B}% 89
\BOOKMARK [2][-]{subsection.B.5}{\376\377\000R\000e\000q\000u\000i\000r\000e\000d\000\040\000\040\000b\000y\000\040\000C\000h\000a\000n\000n\000e\000l}{appendix.B}% 90
\BOOKMARK [2][-]{subsection.B.6}{\376\377\000P\000l\000o\000t\000\040\000D\000e\000s\000c\000r\000i\000p\000t\000i\000o\000n\000:\000\040\000p\000\040\000v\000s\000\040}{appendix.B}% 91
\BOOKMARK [2][-]{subsection.B.7}{\376\377\000P\000l\000o\000t\000\040\000D\000e\000s\000c\000r\000i\000p\000t\000i\000o\000n\000:\000\040\000R\000a\000t\000i\000o\000\040\000v\000s\000\040}{appendix.B}% 92
\BOOKMARK [1][-]{appendix.C}{\376\377\000A\000p\000p\000e\000n\000d\000i\000x\000\040\000Q\0003\000:\000\040\000S\000e\000n\000s\000i\000t\000i\000v\000i\000t\000y\000\040\000A\000n\000a\000l\000y\000s\000i\000s}{}% 93
\BOOKMARK [2][-]{subsection.C.1}{\376\377\000S\000e\000n\000s\000i\000t\000i\000v\000i\000t\000y\000\040\000t\000o\000\040\000H\000p}{appendix.C}% 94
\BOOKMARK [2][-]{subsection.C.2}{\376\377\000S\000e\000n\000s\000i\000t\000i\000v\000i\000t\000y\000\040\000t\000o\000\040\000g}{appendix.C}% 95
\BOOKMARK [2][-]{subsection.C.3}{\376\377\000S\000e\000n\000s\000i\000t\000i\000v\000i\000t\000y\000\040\000t\000o\000\040\000b\000r\000a\000n\000e}{appendix.C}% 96
\BOOKMARK [2][-]{subsection.C.4}{\376\377\000S\000e\000n\000s\000i\000t\000i\000v\000i\000t\000y\000\040\000t\000o\000\040\000t\000h\000r}{appendix.C}% 97
\BOOKMARK [2][-]{subsection.C.5}{\376\377\000S\000e\000n\000s\000i\000t\000i\000v\000i\000t\000y\000\040\000S\000u\000m\000m\000a\000r\000y\000\040\000T\000a\000b\000l\000e}{appendix.C}% 98
\BOOKMARK [2][-]{subsection.C.6}{\376\377\000R\000o\000b\000u\000s\000t\000n\000e\000s\000s\000\040\000A\000s\000s\000e\000s\000s\000m\000e\000n\000t}{appendix.C}% 99
\BOOKMARK [1][-]{appendix.D}{\376\377\000A\000p\000p\000e\000n\000d\000i\000x\000\040\000Q\0004\000:\000\040\000D\000e\000t\000a\000i\000l\000e\000d\000\040\000S\000w\000e\000e\000p\000\040\000C\000a\000l\000c\000u\000l\000a\000t\000i\000o\000n\000s}{}% 100
\BOOKMARK [2][-]{subsection.D.1}{\376\377\000G\000r\000i\000d\000\040\000C\000o\000n\000s\000t\000r\000u\000c\000t\000i\000o\000n}{appendix.D}% 101
\BOOKMARK [2][-]{subsection.D.2}{\376\377\000S\000a\000m\000p\000l\000e\000\040\000L\000i\000f\000e\000t\000i\000m\000e\000\040\000V\000a\000l\000u\000e\000s}{appendix.D}% 102
\BOOKMARK [2][-]{subsection.D.3}{\376\377\000I\000n\000t\000e\000r\000v\000a\000l\000\040\000B\000o\000u\000n\000d\000s}{appendix.D}% 103
\BOOKMARK [2][-]{subsection.D.4}{\376\377\000R\000a\000t\000i\000o\000\040\000C\000o\000m\000p\000u\000t\000a\000t\000i\000o\000n}{appendix.D}% 104
\BOOKMARK [2][-]{subsection.D.5}{\376\377\000C\000r\000i\000t\000i\000c\000a\000l\000\040\000\040\000E\000s\000t\000i\000m\000a\000t\000e}{appendix.D}% 105
\BOOKMARK [1][-]{appendix.E}{\376\377\000A\000p\000p\000e\000n\000d\000i\000x\000\040\000Q\0005\000:\000\040\000M\000u\000l\000t\000i\000-\000C\000h\000a\000n\000n\000e\000l\000\040\000A\000n\000a\000l\000y\000s\000i\000s}{}% 106
\BOOKMARK [2][-]{subsection.E.1}{\376\377\000C\000h\000a\000n\000n\000e\000l\000\040\000H\000i\000e\000r\000a\000r\000c\000h\000y}{appendix.E}% 107
\BOOKMARK [2][-]{subsection.E.2}{\376\377\000R\000e\000l\000a\000t\000i\000v\000e\000\040\000B\000o\000u\000n\000d\000s}{appendix.E}% 108
\BOOKMARK [2][-]{subsection.E.3}{\376\377\000R\000e\000q\000u\000i\000r\000e\000d\000\040\000M\000i\000n\000i\000m\000a\000\040\000b\000y\000\040\000C\000h\000a\000n\000n\000e\000l}{appendix.E}% 109
\BOOKMARK [2][-]{subsection.E.4}{\376\377\000C\000o\000m\000b\000i\000n\000e\000d\000\040\000C\000o\000n\000s\000t\000r\000a\000i\000n\000t}{appendix.E}% 110
\BOOKMARK [1][-]{appendix.F}{\376\377\000A\000p\000p\000e\000n\000d\000i\000x\000\040\000Q\0006\000:\000\040\000F\000u\000t\000u\000r\000e\000\040\000S\000e\000n\000s\000i\000t\000i\000v\000i\000t\000y}{}% 111
\BOOKMARK [2][-]{subsection.F.1}{\376\377\000P\000r\000o\000j\000e\000c\000t\000e\000d\000\040\000B\000o\000u\000n\000d\000s}{appendix.F}% 112
\BOOKMARK [2][-]{subsection.F.2}{\376\377\000I\000m\000p\000a\000c\000t\000\040\000o\000n\000\040}{appendix.F}% 113
\BOOKMARK [2][-]{subsection.F.3}{\376\377\000S\000e\000n\000s\000i\000t\000i\000v\000i\000t\000y\000\040\000C\000o\000m\000p\000a\000r\000i\000s\000o\000n}{appendix.F}% 114
\BOOKMARK [1][-]{appendix.G}{\376\377\000R\000e\000s\000u\000l\000t\000s\000\040\000S\000u\000m\000m\000a\000r\000y}{}% 115
\BOOKMARK [2][-]{subsection.G.1}{\376\377\000S\000t\000r\000u\000c\000t\000u\000r\000a\000l\000\040\000C\000o\000n\000c\000l\000u\000s\000i\000o\000n\000s}{appendix.G}% 116
\BOOKMARK [2][-]{subsection.G.2}{\376\377\000C\000l\000o\000s\000u\000r\000e\000\040\000S\000t\000a\000t\000u\000s}{appendix.G}% 117
