\BOOKMARK [1][-]{section.1}{\376\377\000R\000e\000a\000d\000e\000r\000\040\000C\000o\000n\000t\000r\000a\000c\000t\000\040\000a\000n\000d\000\040\000E\000p\000i\000s\000t\000e\000m\000i\000c\000\040\000F\000r\000a\000m\000e\000w\000o\000r\000k}{}% 1
\BOOKMARK [2][-]{subsection.1.1}{\376\377\000S\000c\000o\000p\000e\000\040\000S\000t\000a\000t\000e\000m\000e\000n\000t}{section.1}% 2
\BOOKMARK [2][-]{subsection.1.2}{\376\377\000F\000o\000r\000b\000i\000d\000d\000e\000n\000\040\000I\000n\000p\000u\000t\000s\000\040\000D\000e\000c\000l\000a\000r\000a\000t\000i\000o\000n}{section.1}% 3
\BOOKMARK [2][-]{subsection.1.3}{\376\377\000E\000p\000i\000s\000t\000e\000m\000i\000c\000\040\000T\000a\000g\000s}{section.1}% 4
\BOOKMARK [2][-]{subsection.1.4}{\376\377\000M\000a\000i\000n\000\040\000R\000e\000s\000u\000l\000t\000\040\000P\000r\000e\000v\000i\000e\000w}{section.1}% 5
\BOOKMARK [1][-]{section.2}{\376\377\0005\000D\000\040\000G\000a\000u\000g\000e\000-\000F\000e\000r\000m\000i\000o\000n\000\040\000A\000c\000t\000i\000o\000n}{}% 6
\BOOKMARK [2][-]{subsection.2.1}{\376\377\000S\000e\000t\000u\000p\000\040\000a\000n\000d\000\040\000C\000o\000n\000v\000e\000n\000t\000i\000o\000n\000s}{section.2}% 7
\BOOKMARK [2][-]{subsection.2.2}{\376\377\0005\000D\000\040\000G\000a\000u\000g\000e\000\040\000A\000c\000t\000i\000o\000n}{section.2}% 8
\BOOKMARK [2][-]{subsection.2.3}{\376\377\0005\000D\000\040\000F\000e\000r\000m\000i\000o\000n\000\040\000A\000c\000t\000i\000o\000n}{section.2}% 9
\BOOKMARK [2][-]{subsection.2.4}{\376\377\000F\000l\000a\000t\000\040\000S\000p\000a\000c\000e\000\040\000L\000i\000m\000i\000t}{section.2}% 10
\BOOKMARK [1][-]{section.3}{\376\377\000B\000o\000u\000n\000d\000a\000r\000y\000\040\000C\000o\000n\000d\000i\000t\000i\000o\000n\000s\000\040\000f\000r\000o\000m\000\040\000V\000a\000r\000i\000a\000t\000i\000o\000n}{}% 11
\BOOKMARK [2][-]{subsection.3.1}{\376\377\000G\000a\000u\000g\000e\000\040\000F\000i\000e\000l\000d\000\040\000V\000a\000r\000i\000a\000t\000i\000o\000n}{section.3}% 12
\BOOKMARK [2][-]{subsection.3.2}{\376\377\000F\000e\000r\000m\000i\000o\000n\000\040\000V\000a\000r\000i\000a\000t\000i\000o\000n}{section.3}% 13
\BOOKMARK [2][-]{subsection.3.3}{\376\377\000B\000C\000\040\000S\000u\000m\000m\000a\000r\000y}{section.3}% 14
\BOOKMARK [1][-]{section.4}{\376\377\000K\000a\000l\000u\000z\000a\000-\000K\000l\000e\000i\000n\000\040\000D\000e\000c\000o\000m\000p\000o\000s\000i\000t\000i\000o\000n}{}% 15
\BOOKMARK [2][-]{subsection.4.1}{\376\377\000G\000a\000u\000g\000e\000\040\000F\000i\000e\000l\000d\000\040\000D\000e\000c\000o\000m\000p\000o\000s\000i\000t\000i\000o\000n}{section.4}% 16
\BOOKMARK [2][-]{subsection.4.2}{\376\377\000M\000o\000d\000e\000\040\000E\000q\000u\000a\000t\000i\000o\000n}{section.4}% 17
\BOOKMARK [2][-]{subsection.4.3}{\376\377\000F\000l\000a\000t\000\040\000S\000p\000a\000c\000e\000\040\000S\000p\000e\000c\000t\000r\000u\000m}{section.4}% 18
\BOOKMARK [2][-]{subsection.4.4}{\376\377\000R\000o\000b\000i\000n\000\040\000B\000o\000u\000n\000d\000a\000r\000y\000\040\000C\000o\000n\000d\000i\000t\000i\000o\000n\000s}{section.4}% 19
\BOOKMARK [1][-]{section.5}{\376\377\000F\000e\000r\000m\000i\000o\000n\000\040\000K\000K\000\040\000D\000e\000c\000o\000m\000p\000o\000s\000i\000t\000i\000o\000n}{}% 20
\BOOKMARK [2][-]{subsection.5.1}{\376\377\000C\000h\000i\000r\000a\000l\000\040\000D\000e\000c\000o\000m\000p\000o\000s\000i\000t\000i\000o\000n}{section.5}% 21
\BOOKMARK [2][-]{subsection.5.2}{\376\377\000P\000r\000o\000f\000i\000l\000e\000\040\000E\000q\000u\000a\000t\000i\000o\000n\000s}{section.5}% 22
\BOOKMARK [2][-]{subsection.5.3}{\376\377\000Z\000e\000r\000o\000\040\000M\000o\000d\000e\000\040\000P\000r\000o\000f\000i\000l\000e\000s}{section.5}% 23
\BOOKMARK [2][-]{subsection.5.4}{\376\377\000N\000o\000r\000m\000a\000l\000i\000z\000a\000t\000i\000o\000n\000\040\000C\000o\000n\000d\000i\000t\000i\000o\000n}{section.5}% 24
\BOOKMARK [1][-]{section.6}{\376\377\0004\000D\000\040\000E\000f\000f\000e\000c\000t\000i\000v\000e\000\040\000C\000o\000u\000p\000l\000i\000n\000g\000\040\000f\000r\000o\000m\000\040\000O\000v\000e\000r\000l\000a\000p\000\040\000I\000n\000t\000e\000g\000r\000a\000l}{}% 25
\BOOKMARK [2][-]{subsection.6.1}{\376\377\000I\000n\000t\000e\000r\000a\000c\000t\000i\000o\000n\000\040\000T\000e\000r\000m}{section.6}% 26
\BOOKMARK [2][-]{subsection.6.2}{\376\377\000K\000K\000\040\000E\000x\000p\000a\000n\000s\000i\000o\000n\000\040\000o\000f\000\040\000I\000n\000t\000e\000r\000a\000c\000t\000i\000o\000n}{section.6}% 27
\BOOKMARK [2][-]{subsection.6.3}{\376\377\000E\000f\000f\000e\000c\000t\000i\000v\000e\000\040\0004\000D\000\040\000C\000o\000u\000p\000l\000i\000n\000g}{section.6}% 28
\BOOKMARK [2][-]{subsection.6.4}{\376\377\000N\000o\000n\000-\000Z\000e\000r\000o\000\040\000C\000o\000u\000p\000l\000i\000n\000g\000s\000\040\000f\000r\000o\000m\000\040\000L\000o\000c\000a\000l\000i\000z\000e\000d\000\040\000P\000r\000o\000f\000i\000l\000e\000s}{section.6}% 29
\BOOKMARK [1][-]{section.7}{\376\377\000T\000r\000e\000e\000-\000L\000e\000v\000e\000l\000\040\000E\000x\000c\000h\000a\000n\000g\000e\000\040\000a\000n\000d\000\040\000F\000o\000u\000r\000-\000F\000e\000r\000m\000i\000o\000n\000\040\000O\000p\000e\000r\000a\000t\000o\000r}{}% 30
\BOOKMARK [2][-]{subsection.7.1}{\376\377\000T\000r\000e\000e\000-\000L\000e\000v\000e\000l\000\040\000A\000m\000p\000l\000i\000t\000u\000d\000e}{section.7}% 31
\BOOKMARK [2][-]{subsection.7.2}{\376\377\000L\000o\000w\000-\000E\000n\000e\000r\000g\000y\000\040\000L\000i\000m\000i\000t}{section.7}% 32
\BOOKMARK [2][-]{subsection.7.3}{\376\377\000E\000f\000f\000e\000c\000t\000i\000v\000e\000\040\000L\000a\000g\000r\000a\000n\000g\000i\000a\000n}{section.7}% 33
\BOOKMARK [2][-]{subsection.7.4}{\376\377\000F\000i\000e\000r\000z\000\040\000R\000e\000a\000r\000r\000a\000n\000g\000e\000m\000e\000n\000t}{section.7}% 34
\BOOKMARK [2][-]{subsection.7.5}{\376\377\000S\000t\000a\000n\000d\000a\000r\000d\000\040\000F\000e\000r\000m\000i\000\040\000F\000o\000r\000m}{section.7}% 35
\BOOKMARK [2][-]{subsection.7.6}{\376\377\000F\000a\000c\000t\000o\000r\000\040\000o\000f\000\040\0008\000\040\000f\000r\000o\000m\000\040\000C\000h\000a\000r\000g\000e\000d\000\040\000C\000u\000r\000r\000e\000n\000t\000\040\000S\000t\000r\000u\000c\000t\000u\000r\000e}{section.7}% 36
\BOOKMARK [1][-]{section.8}{\376\377\000T\000o\000w\000e\000r\000\040\000S\000u\000m\000m\000a\000t\000i\000o\000n\000\040\000a\000n\000d\000\040\000D\000o\000m\000i\000n\000a\000n\000t\000\040\000M\000o\000d\000e}{}% 37
\BOOKMARK [2][-]{subsection.8.1}{\376\377\000C\000o\000n\000v\000e\000r\000g\000e\000n\000c\000e\000\040\000o\000f\000\040\000T\000o\000w\000e\000r\000\040\000S\000u\000m}{section.8}% 38
\BOOKMARK [2][-]{subsection.8.2}{\376\377\000D\000o\000m\000i\000n\000a\000n\000t\000\040\000M\000o\000d\000e\000\040\000A\000p\000p\000r\000o\000x\000i\000m\000a\000t\000i\000o\000n}{section.8}% 39
\BOOKMARK [2][-]{subsection.8.3}{\376\377\000T\000r\000u\000n\000c\000a\000t\000i\000o\000n\000\040\000E\000r\000r\000o\000r\000\040\000B\000o\000u\000n\000d}{section.8}% 40
\BOOKMARK [1][-]{section.9}{\376\377\000E\000x\000p\000l\000i\000c\000i\000t\000\040\000F\000o\000r\000m\000u\000l\000a\000s}{}% 41
\BOOKMARK [2][-]{subsection.9.1}{\376\377\000F\000l\000a\000t\000\040\000S\000p\000a\000c\000e\000\040\000w\000i\000t\000h\000\040\000F\000l\000a\000t\000\040\000F\000e\000r\000m\000i\000o\000n\000\040\000P\000r\000o\000f\000i\000l\000e}{section.9}% 42
\BOOKMARK [2][-]{subsection.9.2}{\376\377\000F\000l\000a\000t\000\040\000S\000p\000a\000c\000e\000\040\000w\000i\000t\000h\000\040\000L\000o\000c\000a\000l\000i\000z\000e\000d\000\040\000F\000e\000r\000m\000i\000o\000n}{section.9}% 43
\BOOKMARK [2][-]{subsection.9.3}{\376\377\000D\000i\000r\000i\000c\000h\000l\000e\000t\000\040\000G\000a\000u\000g\000e\000\040\000M\000o\000d\000e\000s}{section.9}% 44
\BOOKMARK [2][-]{subsection.9.4}{\376\377\000G\000e\000n\000e\000r\000a\000l\000\040\000F\000o\000r\000m\000u\000l\000a\000\040\000f\000o\000r\000\040\000G\000F}{section.9}% 45
\BOOKMARK [1][-]{section.10}{\376\377\000C\000o\000n\000n\000e\000c\000t\000i\000o\000n\000\040\000t\000o\000\040\000E\000D\000C\000\040\000P\000a\000r\000a\000m\000e\000t\000e\000r\000s}{}% 46
\BOOKMARK [2][-]{subsection.10.1}{\376\377\000E\000D\000C\000\040\000C\000o\000n\000t\000r\000o\000l\000\040\000P\000a\000r\000a\000m\000e\000t\000e\000r\000s}{section.10}% 47
\BOOKMARK [2][-]{subsection.10.2}{\376\377\000G\000F\000\040\000i\000n\000\040\000T\000e\000r\000m\000s\000\040\000o\000f\000\040\000E\000D\000C\000\040\000P\000a\000r\000a\000m\000e\000t\000e\000r\000s}{section.10}% 48
\BOOKMARK [2][-]{subsection.10.3}{\376\377\000P\000a\000r\000a\000m\000e\000t\000r\000i\000c\000\040\000F\000o\000r\000m}{section.10}% 49
\BOOKMARK [1][-]{section.11}{\376\377\000W\000h\000a\000t\000\040\000R\000e\000m\000a\000i\000n\000s\000\040\000O\000p\000e\000n}{}% 50
\BOOKMARK [2][-]{subsection.11.1}{\376\377\000O\000p\000e\000n\000\040\000I\000t\000e\000m\000s\000\040\000f\000o\000r\000\040\000S\000t\000r\000o\000n\000g\000\040\000C\000l\000o\000s\000u\000r\000e}{section.11}% 51
\BOOKMARK [2][-]{subsection.11.2}{\376\377\000S\000t\000r\000u\000c\000t\000u\000r\000a\000l\000\040\000C\000l\000o\000s\000u\000r\000e\000\040\000S\000t\000a\000t\000u\000s}{section.11}% 52
\BOOKMARK [1][-]{section.12}{\376\377\000E\000p\000i\000s\000t\000e\000m\000i\000c\000\040\000L\000e\000d\000g\000e\000r}{}% 53
\BOOKMARK [1][-]{section.13}{\376\377\000R\000e\000v\000i\000e\000w\000e\000r\000\040\000T\000r\000a\000p\000\040\000C\000h\000e\000c\000k\000l\000i\000s\000t}{}% 54
\BOOKMARK [1][-]{section.14}{\376\377\000C\000o\000n\000c\000l\000u\000s\000i\000o\000n\000s}{}% 55
\BOOKMARK [2][-]{subsection.14.1}{\376\377\000M\000a\000i\000n\000\040\000R\000e\000s\000u\000l\000t\000s}{section.14}% 56
\BOOKMARK [2][-]{subsection.14.2}{\376\377\000C\000l\000o\000s\000u\000r\000e\000\040\000S\000t\000a\000t\000u\000s}{section.14}% 57
\BOOKMARK [2][-]{subsection.14.3}{\376\377\000P\000a\000t\000h\000\040\000t\000o\000\040\000S\000t\000r\000o\000n\000g\000\040\000C\000l\000o\000s\000u\000r\000e}{section.14}% 58
\BOOKMARK [1][-]{appendix.A}{\376\377\0005\000D\000\040\000G\000a\000m\000m\000a\000\040\000M\000a\000t\000r\000i\000x\000\040\000C\000o\000n\000v\000e\000n\000t\000i\000o\000n\000s}{}% 59
\BOOKMARK [2][-]{subsection.A.1}{\376\377\000C\000l\000i\000f\000f\000o\000r\000d\000\040\000A\000l\000g\000e\000b\000r\000a}{appendix.A}% 60
\BOOKMARK [2][-]{subsection.A.2}{\376\377\000F\000l\000a\000t\000\040\000B\000a\000s\000i\000s}{appendix.A}% 61
\BOOKMARK [2][-]{subsection.A.3}{\376\377\000C\000h\000i\000r\000a\000l\000i\000t\000y}{appendix.A}% 62
\BOOKMARK [1][-]{appendix.B}{\376\377\000O\000v\000e\000r\000l\000a\000p\000\040\000I\000n\000t\000e\000g\000r\000a\000l\000\040\000C\000o\000m\000p\000u\000t\000a\000t\000i\000o\000n}{}% 63
\BOOKMARK [2][-]{subsection.B.1}{\376\377\000G\000e\000n\000e\000r\000a\000l\000\040\000F\000o\000r\000m\000u\000l\000a}{appendix.B}% 64
\BOOKMARK [2][-]{subsection.B.2}{\376\377\000E\000v\000a\000l\000u\000a\000t\000i\000o\000n}{appendix.B}% 65
\BOOKMARK [2][-]{subsection.B.3}{\376\377\000N\000o\000r\000m\000a\000l\000i\000z\000a\000t\000i\000o\000n}{appendix.B}% 66
\BOOKMARK [1][-]{appendix.C}{\376\377\000F\000a\000c\000t\000o\000r\000\040\000o\000f\000\040\0008\000\040\000D\000e\000r\000i\000v\000a\000t\000i\000o\000n}{}% 67
\BOOKMARK [2][-]{subsection.C.1}{\376\377\000S\000U\000\050\0002\000\051\000\040\000G\000e\000n\000e\000r\000a\000t\000o\000r\000s}{appendix.C}% 68
\BOOKMARK [2][-]{subsection.C.2}{\376\377\000C\000h\000a\000r\000g\000e\000d\000\040\000C\000u\000r\000r\000e\000n\000t}{appendix.C}% 69
\BOOKMARK [2][-]{subsection.C.3}{\376\377\000A\000m\000p\000l\000i\000t\000u\000d\000e}{appendix.C}% 70
\BOOKMARK [2][-]{subsection.C.4}{\376\377\000E\000f\000f\000e\000c\000t\000i\000v\000e\000\040\000O\000p\000e\000r\000a\000t\000o\000r}{appendix.C}% 71
\BOOKMARK [1][-]{appendix.D}{\376\377\000T\000o\000w\000e\000r\000\040\000S\000u\000m\000\040\000C\000o\000n\000v\000e\000r\000g\000e\000n\000c\000e}{}% 72
\BOOKMARK [2][-]{subsection.D.1}{\376\377\000R\000i\000e\000m\000a\000n\000n\000\040\000Z\000e\000t\000a}{appendix.D}% 73
\BOOKMARK [2][-]{subsection.D.2}{\376\377\000T\000a\000i\000l\000\040\000B\000o\000u\000n\000d}{appendix.D}% 74
\BOOKMARK [1][-]{appendix.E}{\376\377\000D\000i\000m\000e\000n\000s\000i\000o\000n\000a\000l\000\040\000A\000n\000a\000l\000y\000s\000i\000s}{}% 75
\BOOKMARK [2][-]{subsection.E.1}{\376\377\000C\000o\000n\000s\000i\000s\000t\000e\000n\000c\000y\000\040\000C\000h\000e\000c\000k}{appendix.E}% 76
\BOOKMARK [1][-]{appendix.F}{\376\377\000N\000u\000m\000e\000r\000i\000c\000a\000l\000\040\000E\000x\000a\000m\000p\000l\000e\000s}{}% 77
\BOOKMARK [2][-]{subsection.F.1}{\376\377\000T\000e\000s\000t\000\040\000P\000a\000r\000a\000m\000e\000t\000e\000r\000s\000\040\000[\000T\000E\000S\000T\000]}{appendix.F}% 78
\BOOKMARK [2][-]{subsection.F.2}{\376\377\000C\000o\000m\000p\000u\000t\000e\000d\000\040\000V\000a\000l\000u\000e\000s}{appendix.F}% 79
\BOOKMARK [1][-]{appendix.G}{\376\377\000W\000a\000r\000p\000e\000d\000\040\000G\000e\000o\000m\000e\000t\000r\000y\000\040\000D\000e\000t\000a\000i\000l\000s}{}% 80
\BOOKMARK [2][-]{subsection.G.1}{\376\377\000A\000d\000S\0005\000\040\000M\000e\000t\000r\000i\000c}{appendix.G}% 81
\BOOKMARK [2][-]{subsection.G.2}{\376\377\000W\000a\000r\000p\000e\000d\000\040\000M\000o\000d\000e\000\040\000E\000q\000u\000a\000t\000i\000o\000n}{appendix.G}% 82
\BOOKMARK [2][-]{subsection.G.3}{\376\377\000W\000a\000r\000p\000e\000d\000\040\000S\000p\000e\000c\000t\000r\000u\000m}{appendix.G}% 83
\BOOKMARK [2][-]{subsection.G.4}{\376\377\000W\000a\000r\000p\000e\000d\000\040\000Z\000e\000r\000o\000\040\000M\000o\000d\000e}{appendix.G}% 84
\BOOKMARK [2][-]{subsection.G.5}{\376\377\000W\000a\000r\000p\000e\000d\000\040\000F\000e\000r\000m\000i\000o\000n\000\040\000P\000r\000o\000f\000i\000l\000e}{appendix.G}% 85
\BOOKMARK [2][-]{subsection.G.6}{\376\377\000W\000a\000r\000p\000e\000d\000\040\000C\000o\000u\000p\000l\000i\000n\000g}{appendix.G}% 86
\BOOKMARK [1][-]{appendix.H}{\376\377\000D\000e\000t\000a\000i\000l\000e\000d\000\040\000F\000i\000e\000r\000z\000\040\000I\000d\000e\000n\000t\000i\000t\000i\000e\000s}{}% 87
\BOOKMARK [2][-]{subsection.H.1}{\376\377\000G\000e\000n\000e\000r\000a\000l\000\040\000F\000i\000e\000r\000z\000\040\000F\000o\000r\000m\000u\000l\000a}{appendix.H}% 88
\BOOKMARK [2][-]{subsection.H.2}{\376\377\000B\000a\000s\000i\000s\000\040\000D\000e\000c\000o\000m\000p\000o\000s\000i\000t\000i\000o\000n}{appendix.H}% 89
\BOOKMARK [2][-]{subsection.H.3}{\376\377\000F\000i\000e\000r\000z\000\040\000M\000a\000t\000r\000i\000x}{appendix.H}% 90
\BOOKMARK [2][-]{subsection.H.4}{\376\377\000L\000e\000f\000t\000-\000H\000a\000n\000d\000e\000d\000\040\000C\000u\000r\000r\000e\000n\000t}{appendix.H}% 91
\BOOKMARK [1][-]{appendix.I}{\376\377\000K\000K\000\040\000T\000o\000w\000e\000r\000\040\000E\000f\000f\000e\000c\000t\000s}{}% 92
\BOOKMARK [2][-]{subsection.I.1}{\376\377\000F\000u\000l\000l\000\040\000T\000o\000w\000e\000r\000\040\000S\000u\000m}{appendix.I}% 93
\BOOKMARK [2][-]{subsection.I.2}{\376\377\000P\000a\000r\000t\000i\000a\000l\000\040\000S\000u\000m\000s}{appendix.I}% 94
\BOOKMARK [2][-]{subsection.I.3}{\376\377\000E\000r\000r\000o\000r\000\040\000E\000s\000t\000i\000m\000a\000t\000e}{appendix.I}% 95
\BOOKMARK [2][-]{subsection.I.4}{\376\377\000N\000u\000m\000e\000r\000i\000c\000a\000l\000\040\000C\000o\000n\000v\000e\000r\000g\000e\000n\000c\000e}{appendix.I}% 96
\BOOKMARK [1][-]{appendix.J}{\376\377\000B\000r\000a\000n\000e\000\040\000K\000i\000n\000e\000t\000i\000c\000\040\000T\000e\000r\000m\000s}{}% 97
\BOOKMARK [2][-]{subsection.J.1}{\376\377\000B\000r\000a\000n\000e\000-\000L\000o\000c\000a\000l\000i\000z\000e\000d\000\040\000G\000a\000u\000g\000e\000\040\000A\000c\000t\000i\000o\000n}{appendix.J}% 98
\BOOKMARK [2][-]{subsection.J.2}{\376\377\000M\000o\000d\000i\000f\000i\000e\000d\000\040\000B\000C}{appendix.J}% 99
\BOOKMARK [2][-]{subsection.J.3}{\376\377\000M\000o\000d\000i\000f\000i\000e\000d\000\040\000S\000p\000e\000c\000t\000r\000u\000m}{appendix.J}% 100
\BOOKMARK [2][-]{subsection.J.4}{\376\377\000M\000o\000d\000i\000f\000i\000e\000d\000\040\000C\000o\000u\000p\000l\000i\000n\000g}{appendix.J}% 101
\BOOKMARK [1][-]{appendix.K}{\376\377\000E\000x\000p\000l\000i\000c\000i\000t\000\040\000C\000o\000m\000p\000u\000t\000a\000t\000i\000o\000n\000:\000\040\000T\000o\000y\000\040\000M\000o\000d\000e\000l}{}% 102
\BOOKMARK [2][-]{subsection.K.1}{\376\377\000S\000e\000t\000u\000p\000\040\000[\000T\000E\000S\000T\000]}{appendix.K}% 103
\BOOKMARK [2][-]{subsection.K.2}{\376\377\000O\000v\000e\000r\000l\000a\000p\000\040\000I\000n\000t\000e\000g\000r\000a\000l\000s\000\040\000[\000T\000E\000S\000T\000]}{appendix.K}% 104
\BOOKMARK [2][-]{subsection.K.3}{\376\377\000T\000o\000w\000e\000r\000\040\000S\000u\000m\000\040\000[\000T\000E\000S\000T\000]}{appendix.K}% 105
\BOOKMARK [2][-]{subsection.K.4}{\376\377\000G\000F\000\040\000F\000o\000r\000m\000u\000l\000a\000\040\000[\000T\000E\000S\000T\000]}{appendix.K}% 106
\BOOKMARK [1][-]{appendix.L}{\376\377\000B\000r\000a\000n\000c\000h\000\040\000D\000e\000p\000e\000n\000d\000e\000n\000c\000e\000\040\000A\000n\000a\000l\000y\000s\000i\000s}{}% 107
\BOOKMARK [2][-]{subsection.L.1}{\376\377\000D\000i\000s\000c\000r\000e\000t\000e\000\040\000k\000-\000B\000r\000a\000n\000c\000h\000e\000s}{appendix.L}% 108
\BOOKMARK [2][-]{subsection.L.2}{\376\377\000G\000a\000p\000\040\000D\000e\000p\000e\000n\000d\000e\000n\000c\000e}{appendix.L}% 109
\BOOKMARK [2][-]{subsection.L.3}{\376\377\000G\000F\000\040\000B\000r\000a\000n\000c\000h\000\040\000D\000e\000p\000e\000n\000d\000e\000n\000c\000e}{appendix.L}% 110
\BOOKMARK [2][-]{subsection.L.4}{\376\377\000S\000e\000l\000e\000c\000t\000i\000o\000n\000\040\000P\000r\000o\000b\000l\000e\000m}{appendix.L}% 111
\BOOKMARK [1][-]{appendix.M}{\376\377\000C\000o\000m\000p\000a\000r\000i\000s\000o\000n\000/\000P\000o\000s\000t\000d\000i\000c\000t\000i\000o\000n\000\040\000S\000e\000c\000t\000i\000o\000n}{}% 112
\BOOKMARK [2][-]{subsection.M.1}{\376\377\000M\000e\000a\000s\000u\000r\000e\000d\000\040\000G\000F}{appendix.M}% 113
\BOOKMARK [2][-]{subsection.M.2}{\376\377\000C\000o\000n\000s\000i\000s\000t\000e\000n\000c\000y\000\040\000C\000h\000e\000c\000k}{appendix.M}% 114
\BOOKMARK [2][-]{subsection.M.3}{\376\377\000W\000h\000a\000t\000\040\000T\000h\000i\000s\000\040\000S\000h\000o\000w\000s}{appendix.M}% 115
