\BOOKMARK [1][-]{section.1}{\376\377\000E\000x\000e\000c\000u\000t\000i\000v\000e\000\040\000S\000u\000m\000m\000a\000r\000y}{}% 1
\BOOKMARK [1][-]{section.2}{\376\377\000H\000a\000s\000h\000\040\000C\000h\000a\000i\000n\000\040\000a\000n\000d\000\040\000P\000r\000o\000v\000e\000n\000a\000n\000c\000e}{}% 2
\BOOKMARK [1][-]{section.3}{\376\377\000L\000a\000y\000e\000r\000\040\000A\000:\000\040\000D\000e\000f\000i\000n\000i\000t\000i\000o\000n\000\040\000o\000f\000\040\000t\000h\000e\000\040\000P\000S\000\040\000B\000r\000e\000a\000k\000i\000n\000g\000\040\000S\000c\000a\000l\000e}{}% 3
\BOOKMARK [2][-]{subsection.3.1}{\376\377\000S\000y\000m\000m\000e\000t\000r\000y\000\040\000B\000r\000e\000a\000k\000i\000n\000g\000\040\000P\000a\000t\000t\000e\000r\000n}{section.3}% 4
\BOOKMARK [2][-]{subsection.3.2}{\376\377\000H\000e\000a\000v\000y\000\040\000G\000a\000u\000g\000e\000\040\000B\000o\000s\000o\000n\000\040\000S\000p\000e\000c\000t\000r\000u\000m}{section.3}% 5
\BOOKMARK [2][-]{subsection.3.3}{\376\377\000H\000e\000a\000v\000y\000\040\000S\000p\000e\000c\000t\000r\000u\000m\000\040\000C\000o\000n\000t\000e\000n\000t}{section.3}% 6
\BOOKMARK [2][-]{subsection.3.4}{\376\377\000M\000a\000s\000s\000\040\000S\000c\000a\000l\000e\000\040\000H\000i\000e\000r\000a\000r\000c\000h\000y}{section.3}% 7
\BOOKMARK [1][-]{section.4}{\376\377\000R\000o\000u\000t\000e\000\040\000A\000:\000\040\000G\000e\000o\000m\000e\000t\000r\000i\000c\000/\000T\000o\000p\000o\000l\000o\000g\000i\000c\000a\000l\000\040\000D\000e\000t\000e\000r\000m\000i\000n\000a\000t\000i\000o\000n}{}% 8
\BOOKMARK [2][-]{subsection.4.1}{\376\377\000B\000r\000a\000n\000e\000\040\000T\000e\000n\000s\000i\000o\000n\000\040\000a\000n\000d\000\040\000B\000r\000e\000a\000k\000i\000n\000g\000\040\000S\000c\000a\000l\000e}{section.4}% 9
\BOOKMARK [2][-]{subsection.4.2}{\376\377\000D\000i\000m\000e\000n\000s\000i\000o\000n\000a\000l\000\040\000A\000n\000a\000l\000y\000s\000i\000s}{section.4}% 10
\BOOKMARK [2][-]{subsection.4.3}{\376\377\000O\000r\000b\000i\000f\000o\000l\000d\000\040\000F\000i\000x\000e\000d\000\040\000P\000o\000i\000n\000t\000\040\000B\000r\000e\000a\000k\000i\000n\000g}{section.4}% 11
\BOOKMARK [2][-]{subsection.4.4}{\376\377\000M\000o\000d\000e\000\040\000E\000q\000u\000a\000t\000i\000o\000n\000\040\000a\000n\000d\000\040\000M\000a\000s\000s\000\040\000G\000a\000p}{section.4}% 12
\BOOKMARK [2][-]{subsection.4.5}{\376\377\000F\000i\000r\000s\000t\000\040\000K\000K\000\040\000M\000o\000d\000e\000\040\000a\000s\000\040\000M\000\137\000X}{section.4}% 13
\BOOKMARK [2][-]{subsection.4.6}{\376\377\000G\000e\000o\000m\000e\000t\000r\000i\000c\000\040\000F\000a\000c\000t\000o\000r\000\040\000E\000x\000t\000r\000a\000c\000t\000i\000o\000n}{section.4}% 14
\BOOKMARK [2][-]{subsection.4.7}{\376\377\000R\000o\000u\000t\000e\000\040\000A\000\040\000F\000i\000n\000a\000l\000\040\000F\000o\000r\000m}{section.4}% 15
\BOOKMARK [2][-]{subsection.4.8}{\376\377\000E\000x\000p\000l\000i\000c\000i\000t\000\040\000N\000u\000m\000e\000r\000i\000c\000a\000l\000\040\000F\000o\000r\000m}{section.4}% 16
\BOOKMARK [1][-]{section.5}{\376\377\000R\000o\000u\000t\000e\000\040\000B\000:\000\040\000E\000f\000f\000e\000c\000t\000i\000v\000e\000\040\000F\000i\000e\000l\000d\000\040\000T\000h\000e\000o\000r\000y\000\040\000M\000a\000t\000c\000h\000i\000n\000g}{}% 17
\BOOKMARK [2][-]{subsection.5.1}{\376\377\000C\000o\000u\000p\000l\000i\000n\000g\000\040\000U\000n\000i\000f\000i\000c\000a\000t\000i\000o\000n\000\040\000C\000o\000n\000d\000i\000t\000i\000o\000n}{section.5}% 18
\BOOKMARK [2][-]{subsection.5.2}{\376\377\000R\000G\000\040\000R\000u\000n\000n\000i\000n\000g\000\040\000f\000r\000o\000m\000\040\000R\000e\000f\000e\000r\000e\000n\000c\000e\000\040\000S\000c\000a\000l\000e}{section.5}% 19
\BOOKMARK [2][-]{subsection.5.3}{\376\377\000M\000a\000t\000c\000h\000i\000n\000g\000\040\000a\000t\000\040\000M\000\137\000X}{section.5}% 20
\BOOKMARK [2][-]{subsection.5.4}{\376\377\000P\000S\000\040\000C\000o\000u\000p\000l\000i\000n\000g\000\040\000f\000r\000o\000m\000\040\000E\000D\000C\000\040\000S\000t\000r\000u\000c\000t\000u\000r\000e}{section.5}% 21
\BOOKMARK [2][-]{subsection.5.5}{\376\377\000S\000o\000l\000v\000i\000n\000g\000\040\000f\000o\000r\000\040\000M\000\137\000X}{section.5}% 22
\BOOKMARK [2][-]{subsection.5.6}{\376\377\000R\000o\000u\000t\000e\000\040\000B\000\040\000F\000i\000n\000a\000l\000\040\000F\000o\000r\000m}{section.5}% 23
\BOOKMARK [2][-]{subsection.5.7}{\376\377\000S\000m\000a\000l\000l\000\040\000C\000o\000r\000r\000e\000c\000t\000i\000o\000n\000\040\000L\000i\000m\000i\000t}{section.5}% 24
\BOOKMARK [1][-]{section.6}{\376\377\000T\000w\000o\000-\000R\000o\000u\000t\000e\000\040\000C\000o\000n\000s\000i\000s\000t\000e\000n\000c\000y\000\040\000V\000e\000r\000i\000f\000i\000c\000a\000t\000i\000o\000n}{}% 25
\BOOKMARK [2][-]{subsection.6.1}{\376\377\000R\000a\000t\000i\000o\000\040\000A\000n\000a\000l\000y\000s\000i\000s}{section.6}% 26
\BOOKMARK [2][-]{subsection.6.2}{\376\377\000M\000a\000t\000c\000h\000i\000n\000g\000\040\000C\000o\000n\000d\000i\000t\000i\000o\000n}{section.6}% 27
\BOOKMARK [2][-]{subsection.6.3}{\376\377\000T\000h\000r\000e\000s\000h\000o\000l\000d\000\040\000C\000o\000r\000r\000e\000c\000t\000i\000o\000n\000s}{section.6}% 28
\BOOKMARK [2][-]{subsection.6.4}{\376\377\000C\000o\000n\000s\000i\000s\000t\000e\000n\000c\000y\000\040\000V\000e\000r\000i\000f\000i\000c\000a\000t\000i\000o\000n}{section.6}% 29
\BOOKMARK [2][-]{subsection.6.5}{\376\377\000U\000n\000i\000f\000i\000e\000d\000\040\000E\000x\000p\000r\000e\000s\000s\000i\000o\000n}{section.6}% 30
\BOOKMARK [1][-]{section.7}{\376\377\000F\000i\000n\000a\000l\000\040\000F\000o\000r\000m\000:\000\040\000B\000o\000x\000e\000d\000\040\000M\000X}{}% 31
\BOOKMARK [2][-]{subsection.7.1}{\376\377\000P\000a\000r\000a\000m\000e\000t\000e\000r\000\040\000D\000e\000p\000e\000n\000d\000e\000n\000c\000e}{section.7}% 32
\BOOKMARK [2][-]{subsection.7.2}{\376\377\000D\000i\000m\000e\000n\000s\000i\000o\000n\000a\000l\000\040\000C\000h\000e\000c\000k}{section.7}% 33
\BOOKMARK [2][-]{subsection.7.3}{\376\377\000H\000i\000e\000r\000a\000r\000c\000h\000y\000\040\000C\000h\000e\000c\000k}{section.7}% 34
\BOOKMARK [1][-]{section.8}{\376\377\000O\000p\000e\000n\000\040\000S\000u\000r\000f\000a\000c\000e\000\040\000A\000n\000a\000l\000y\000s\000i\000s}{}% 35
\BOOKMARK [2][-]{subsection.8.1}{\376\377\000O\000p\000e\000n\000\040\000S\000u\000r\000f\000a\000c\000e\000\040\000S\000t\000a\000t\000u\000s\000\040\000M\000a\000p}{section.8}% 36
\BOOKMARK [2][-]{subsection.8.2}{\376\377\000C\000o\000m\000p\000a\000r\000i\000s\000o\000n\000\040\000w\000i\000t\000h\000\040\000v\0006\0001}{section.8}% 37
\BOOKMARK [1][-]{section.9}{\376\377\000H\000o\000w\000\040\000v\0006\0002\000\040\000C\000l\000o\000s\000e\000s\000\040\000v\0006\0001}{}% 38
\BOOKMARK [2][-]{subsection.9.1}{\376\377\000P\000r\000o\000t\000o\000n\000\040\000L\000i\000f\000e\000t\000i\000m\000e\000\040\000w\000i\000t\000h\000\040\000v\0006\0002}{section.9}% 39
\BOOKMARK [2][-]{subsection.9.2}{\376\377\000A\000P\000I\000\040\000U\000p\000d\000a\000t\000e}{section.9}% 40
\BOOKMARK [1][-]{section.10}{\376\377\000N\000o\000-\000B\000a\000c\000k\000f\000l\000o\000w\000\040\000T\000h\000e\000o\000r\000e\000m}{}% 41
\BOOKMARK [2][-]{subsection.10.1}{\376\377\000V\000e\000r\000i\000f\000i\000c\000a\000t\000i\000o\000n}{section.10}% 42
\BOOKMARK [1][-]{section.11}{\376\377\000N\000o\000-\000F\000i\000t\000\040\000P\000o\000l\000i\000c\000y}{}% 43
\BOOKMARK [2][-]{subsection.11.1}{\376\377\000P\000a\000r\000a\000m\000e\000t\000e\000r\000\040\000S\000w\000e\000e\000p}{section.11}% 44
\BOOKMARK [1][-]{section.12}{\376\377\000F\000o\000r\000b\000i\000d\000d\000e\000n\000\040\000G\000a\000t\000e\000\040\000S\000p\000e\000c\000i\000f\000i\000c\000a\000t\000i\000o\000n}{}% 45
\BOOKMARK [2][-]{subsection.12.1}{\376\377\000G\000r\000e\000p\000\040\000P\000a\000t\000t\000e\000r\000n\000s}{section.12}% 46
\BOOKMARK [1][-]{section.13}{\376\377\000L\000a\000y\000e\000r\000\040\000B\000:\000\040\000Q\000u\000a\000r\000a\000n\000t\000i\000n\000e\000d\000\040\000C\000o\000m\000p\000a\000r\000i\000s\000o\000n\000\040\000A\000d\000a\000p\000t\000e\000r}{}% 47
\BOOKMARK [2][-]{subsection.13.1}{\376\377\000E\000x\000p\000e\000r\000i\000m\000e\000n\000t\000a\000l\000\040\000M\000\137\000X\000\040\000R\000e\000f\000e\000r\000e\000n\000c\000e}{section.13}% 48
\BOOKMARK [2][-]{subsection.13.2}{\376\377\000P\000r\000o\000t\000o\000n\000\040\000L\000i\000f\000e\000t\000i\000m\000e\000\040\000B\000o\000u\000n\000d\000s}{section.13}% 49
\BOOKMARK [2][-]{subsection.13.3}{\376\377\000C\000o\000m\000p\000a\000r\000i\000s\000o\000n\000\040\000P\000r\000o\000t\000o\000c\000o\000l}{section.13}% 50
\BOOKMARK [1][-]{section.14}{\376\377\000R\000e\000v\000i\000e\000w\000e\000r\000\040\000T\000r\000a\000p\000s}{}% 51
\BOOKMARK [1][-]{section.15}{\376\377\000S\000t\000a\000t\000u\000s\000\040\000S\000u\000m\000m\000a\000r\000y}{}% 52
\BOOKMARK [1][-]{appendix.A}{\376\377\000D\000e\000r\000i\000v\000a\000t\000i\000o\000n\000\040\000D\000e\000t\000a\000i\000l\000s\000:\000\040\000R\000o\000u\000t\000e\000\040\000A}{}% 53
\BOOKMARK [2][-]{subsection.A.1}{\376\377\000O\000r\000b\000i\000f\000o\000l\000d\000\040\000G\000a\000u\000g\000e\000\040\000T\000h\000e\000o\000r\000y\000\040\000S\000e\000t\000u\000p}{appendix.A}% 54
\BOOKMARK [2][-]{subsection.A.2}{\376\377\000P\000a\000r\000i\000t\000y\000\040\000A\000s\000s\000i\000g\000n\000m\000e\000n\000t\000s}{appendix.A}% 55
\BOOKMARK [2][-]{subsection.A.3}{\376\377\000B\000r\000a\000n\000e\000\040\000L\000o\000c\000a\000l\000i\000z\000e\000d\000\040\000M\000a\000s\000s\000\040\000T\000e\000r\000m}{appendix.A}% 56
\BOOKMARK [2][-]{subsection.A.4}{\376\377\000M\000o\000d\000i\000f\000i\000e\000d\000\040\000S\000p\000e\000c\000t\000r\000u\000m}{appendix.A}% 57
\BOOKMARK [2][-]{subsection.A.5}{\376\377\000G\000r\000o\000u\000p\000\040\000T\000h\000e\000o\000r\000e\000t\000i\000c\000\040\000F\000a\000c\000t\000o\000r}{appendix.A}% 58
\BOOKMARK [1][-]{appendix.B}{\376\377\000D\000e\000r\000i\000v\000a\000t\000i\000o\000n\000\040\000D\000e\000t\000a\000i\000l\000s\000:\000\040\000R\000o\000u\000t\000e\000\040\000B}{}% 59
\BOOKMARK [2][-]{subsection.B.1}{\376\377\000R\000G\000\040\000E\000v\000o\000l\000u\000t\000i\000o\000n\000\040\000A\000b\000o\000v\000e\000\040\000M\000\137\000X}{appendix.B}% 60
\BOOKMARK [2][-]{subsection.B.2}{\376\377\000M\000a\000t\000c\000h\000i\000n\000g\000\040\000a\000t\000\040\000M\000\137\000X}{appendix.B}% 61
\BOOKMARK [2][-]{subsection.B.3}{\376\377\000R\000u\000n\000n\000i\000n\000g\000\040\000t\000o\000\040\000R\000e\000f\000e\000r\000e\000n\000c\000e\000\040\000S\000c\000a\000l\000e}{appendix.B}% 62
\BOOKMARK [2][-]{subsection.B.4}{\376\377\000S\000o\000l\000u\000t\000i\000o\000n\000\040\000f\000o\000r\000\040\000M\000\137\000X}{appendix.B}% 63
\BOOKMARK [1][-]{appendix.C}{\376\377\000D\000i\000m\000e\000n\000s\000i\000o\000n\000a\000l\000\040\000A\000n\000a\000l\000y\000s\000i\000s}{}% 64
\BOOKMARK [2][-]{subsection.C.1}{\376\377\000F\000u\000n\000d\000a\000m\000e\000n\000t\000a\000l\000\040\000S\000c\000a\000l\000e\000s}{appendix.C}% 65
\BOOKMARK [2][-]{subsection.C.2}{\376\377\000D\000e\000r\000i\000v\000e\000d\000\040\000S\000c\000a\000l\000e\000s}{appendix.C}% 66
\BOOKMARK [2][-]{subsection.C.3}{\376\377\000M\000\137\000X\000\040\000D\000i\000m\000e\000n\000s\000i\000o\000n\000a\000l\000\040\000F\000o\000r\000m}{appendix.C}% 67
\BOOKMARK [1][-]{appendix.D}{\376\377\000C\000o\000n\000s\000i\000s\000t\000e\000n\000c\000y\000\040\000B\000o\000u\000n\000d\000\040\000D\000e\000r\000i\000v\000a\000t\000i\000o\000n}{}% 68
\BOOKMARK [2][-]{subsection.D.1}{\376\377\000M\000a\000t\000c\000h\000i\000n\000g\000\040\000R\000o\000u\000t\000e\000s\000\040\000A\000\040\000a\000n\000d\000\040\000B}{appendix.D}% 69
\BOOKMARK [2][-]{subsection.D.2}{\376\377\000A\000l\000l\000o\000w\000e\000d\000\040\000R\000a\000n\000g\000e}{appendix.D}% 70
\BOOKMARK [1][-]{appendix.E}{\376\377\000F\000o\000r\000m\000u\000l\000a\000\040\000C\000a\000t\000a\000l\000o\000g}{}% 71
\BOOKMARK [2][-]{subsection.E.1}{\376\377\000C\000o\000r\000e\000\040\000F\000o\000r\000m\000u\000l\000a\000s}{appendix.E}% 72
\BOOKMARK [2][-]{subsection.E.2}{\376\377\000P\000a\000r\000a\000m\000e\000t\000e\000r\000\040\000V\000a\000l\000u\000e\000s}{appendix.E}% 73
\BOOKMARK [1][-]{appendix.F}{\376\377\000C\000r\000o\000s\000s\000-\000R\000e\000f\000e\000r\000e\000n\000c\000e\000\040\000t\000o\000\040\000E\000a\000r\000l\000i\000e\000r\000\040\000D\000e\000r\000i\000v\000a\000t\000i\000o\000n\000s}{}% 74
\BOOKMARK [2][-]{subsection.F.1}{\376\377\000D\000e\000p\000e\000n\000d\000e\000n\000c\000i\000e\000s\000\040\000f\000r\000o\000m\000\040\000v\0005\0001\040\023\000v\0006\0000}{appendix.F}% 75
\BOOKMARK [2][-]{subsection.F.2}{\376\377\000O\000u\000t\000p\000u\000t\000s\000\040\000f\000o\000r\000\040\000F\000u\000t\000u\000r\000e\000\040\000D\000e\000r\000i\000v\000a\000t\000i\000o\000n\000s}{appendix.F}% 76
\BOOKMARK [1][-]{appendix.G}{\376\377\000A\000d\000d\000i\000t\000i\000o\000n\000a\000l\000\040\000D\000e\000r\000i\000v\000a\000t\000i\000o\000n\000:\000\040\000T\000h\000r\000e\000s\000h\000o\000l\000d\000\040\000C\000o\000r\000r\000e\000c\000t\000i\000o\000n\000s}{}% 77
\BOOKMARK [2][-]{subsection.G.1}{\376\377\000H\000e\000a\000v\000y\000\040\000P\000a\000r\000t\000i\000c\000l\000e\000\040\000C\000o\000n\000t\000r\000i\000b\000u\000t\000i\000o\000n\000s}{appendix.G}% 78
\BOOKMARK [2][-]{subsection.G.2}{\376\377\000T\000w\000o\000-\000L\000o\000o\000p\000\040\000E\000f\000f\000e\000c\000t\000s}{appendix.G}% 79
\BOOKMARK [2][-]{subsection.G.3}{\376\377\000H\000i\000g\000h\000e\000r\000-\000D\000i\000m\000e\000n\000s\000i\000o\000n\000\040\000O\000p\000e\000r\000a\000t\000o\000r\000s}{appendix.G}% 80
\BOOKMARK [2][-]{subsection.G.4}{\376\377\000C\000o\000m\000b\000i\000n\000e\000d\000\040\000T\000h\000r\000e\000s\000h\000o\000l\000d\000\040\000E\000s\000t\000i\000m\000a\000t\000e}{appendix.G}% 81
\BOOKMARK [1][-]{appendix.H}{\376\377\000S\000e\000n\000s\000i\000t\000i\000v\000i\000t\000y\000\040\000A\000n\000a\000l\000y\000s\000i\000s}{}% 82
\BOOKMARK [2][-]{subsection.H.1}{\376\377\000S\000e\000n\000s\000i\000t\000i\000v\000i\000t\000y\000\040\000t\000o\000\040}{appendix.H}% 83
\BOOKMARK [2][-]{subsection.H.2}{\376\377\000S\000e\000n\000s\000i\000t\000i\000v\000i\000t\000y\000\040\000t\000o\000\040\000G}{appendix.H}% 84
\BOOKMARK [2][-]{subsection.H.3}{\376\377\000S\000e\000n\000s\000i\000t\000i\000v\000i\000t\000y\000\040\000t\000o\000\040\000L}{appendix.H}% 85
\BOOKMARK [2][-]{subsection.H.4}{\376\377\000C\000o\000m\000b\000i\000n\000e\000d\000\040\000E\000r\000r\000o\000r\000\040\000B\000u\000d\000g\000e\000t}{appendix.H}% 86
\BOOKMARK [1][-]{appendix.I}{\376\377\000A\000l\000t\000e\000r\000n\000a\000t\000i\000v\000e\000\040\000P\000a\000r\000a\000m\000e\000t\000e\000r\000i\000z\000a\000t\000i\000o\000n\000s}{}% 87
\BOOKMARK [2][-]{subsection.I.1}{\376\377\000I\000n\000\040\000T\000e\000r\000m\000s\000\040\000o\000f\000\040\000M\000\137\0005}{appendix.I}% 88
\BOOKMARK [2][-]{subsection.I.2}{\376\377\000I\000n\000\040\000T\000e\000r\000m\000s\000\040\000o\000f\000\040}{appendix.I}% 89
\BOOKMARK [2][-]{subsection.I.3}{\376\377\000I\000n\000\040\000T\000e\000r\000m\000s\000\040\000o\000f\000\040\0005}{appendix.I}% 90
\BOOKMARK [1][-]{appendix.J}{\376\377\000S\000c\000a\000l\000i\000n\000g\000\040\000L\000a\000w\000s}{}% 91
\BOOKMARK [2][-]{subsection.J.1}{\376\377\000M\000\137\000X\000\040\000v\000s\000\040\000*}{appendix.J}% 92
\BOOKMARK [2][-]{subsection.J.2}{\376\377\000M\000\137\000X\000\040\000v\000s\000\040}{appendix.J}% 93
\BOOKMARK [2][-]{subsection.J.3}{\376\377\000M\000\137\000X\000\040\000v\000s\000\040\000L}{appendix.J}% 94
\BOOKMARK [2][-]{subsection.J.4}{\376\377\000P\000r\000o\000t\000o\000n\000\040\000L\000i\000f\000e\000t\000i\000m\000e\000\040\000S\000c\000a\000l\000i\000n\000g}{appendix.J}% 95
