\BOOKMARK [1][-]{section.1}{\376\377\000C\000a\000n\000o\000n\000i\000c\000a\000l\000\040\000D\000e\000p\000e\000n\000d\000e\000n\000c\000i\000e\000s\000\040\000a\000n\000d\000\040\000H\000a\000s\000h\000\040\000C\000h\000a\000i\000n}{}% 1
\BOOKMARK [2][-]{subsection.1.1}{\376\377\000T\000r\000a\000c\000k\000\040\000S\000e\000l\000e\000c\000t\000i\000o\000n\000\040\000P\000r\000o\000v\000e\000n\000a\000n\000c\000e}{section.1}% 2
\BOOKMARK [2][-]{subsection.1.2}{\376\377\000I\000m\000p\000o\000r\000t\000e\000d\000\040\000R\000e\000s\000u\000l\000t\000s}{section.1}% 3
\BOOKMARK [1][-]{section.2}{\376\377\000R\000e\000f\000e\000r\000e\000n\000c\000e\000\040\000S\000c\000a\000l\000e\000\040\000a\000n\000d\000\040\000D\000i\000m\000e\000n\000s\000i\000o\000n\000l\000e\000s\000s\000\040\000L\000o\000g\000\040\000P\000r\000o\000t\000o\000c\000o\000l}{}% 4
\BOOKMARK [2][-]{subsection.2.1}{\376\377\000S\000i\000n\000g\000l\000e\000\040\000R\000e\000f\000e\000r\000e\000n\000c\000e\000\040\000S\000c\000a\000l\000e\000\040\000T\000h\000e\000o\000r\000e\000m}{section.2}% 5
\BOOKMARK [2][-]{subsection.2.2}{\376\377\000D\000i\000m\000e\000n\000s\000i\000o\000n\000l\000e\000s\000s\000\040\000L\000o\000g\000\040\000V\000e\000r\000i\000f\000i\000c\000a\000t\000i\000o\000n}{section.2}% 6
\BOOKMARK [1][-]{section.3}{\376\377\000C\000o\000u\000p\000l\000i\000n\000g\000\040\000M\000a\000t\000c\000h\000i\000n\000g\000\040\000S\000t\000a\000c\000k\000\040\000a\000t\000\040\000*}{}% 7
\BOOKMARK [2][-]{subsection.3.1}{\376\377\000P\000S\000\040\000G\000r\000o\000u\000p\000\040\000S\000t\000r\000u\000c\000t\000u\000r\000e}{section.3}% 8
\BOOKMARK [2][-]{subsection.3.2}{\376\377\0005\000D\000\040\000t\000o\000\040\0004\000D\000\040\000C\000o\000u\000p\000l\000i\000n\000g\000\040\000R\000e\000d\000u\000c\000t\000i\000o\000n}{section.3}% 9
\BOOKMARK [2][-]{subsection.3.3}{\376\377\000H\000y\000p\000e\000r\000c\000h\000a\000r\000g\000e\000\040\000M\000a\000t\000c\000h\000i\000n\000g}{section.3}% 10
\BOOKMARK [2][-]{subsection.3.4}{\376\377\000W\000e\000i\000n\000b\000e\000r\000g\000\040\000A\000n\000g\000l\000e\000\040\000D\000e\000r\000i\000v\000a\000t\000i\000o\000n}{section.3}% 11
\BOOKMARK [1][-]{section.4}{\376\377\000F\000e\000r\000m\000i\000\040\000C\000o\000n\000s\000t\000a\000n\000t\000\040\000a\000t\000\040\000*}{}% 12
\BOOKMARK [2][-]{subsection.4.1}{\376\377\000K\000K\000\040\000T\000o\000w\000e\000r\000\040\000E\000x\000c\000h\000a\000n\000g\000e}{section.4}% 13
\BOOKMARK [2][-]{subsection.4.2}{\376\377\000D\000i\000m\000e\000n\000s\000i\000o\000n\000\040\000C\000h\000e\000c\000k}{section.4}% 14
\BOOKMARK [2][-]{subsection.4.3}{\376\377\000g\0005\000\040\000R\000o\000u\000t\000e\000s}{section.4}% 15
\BOOKMARK [1][-]{section.5}{\376\377\000I\000R\000\040\000T\000r\000a\000n\000s\000l\000a\000t\000i\000o\000n\000\040\000P\000r\000o\000t\000o\000c\000o\000l}{}% 16
\BOOKMARK [2][-]{subsection.5.1}{\376\377\000R\000G\000\040\000R\000u\000n\000n\000i\000n\000g}{section.5}% 17
\BOOKMARK [2][-]{subsection.5.2}{\376\377\000B\000e\000t\000a\000\040\000F\000u\000n\000c\000t\000i\000o\000n\000\040\000C\000o\000e\000f\000f\000i\000c\000i\000e\000n\000t\000s}{section.5}% 18
\BOOKMARK [2][-]{subsection.5.3}{\376\377\000T\000h\000r\000e\000s\000h\000o\000l\000d\000\040\000C\000o\000r\000r\000e\000c\000t\000i\000o\000n\000s}{section.5}% 19
\BOOKMARK [2][-]{subsection.5.4}{\376\377\000S\000c\000h\000e\000m\000e\000\040\000I\000n\000v\000a\000r\000i\000a\000n\000c\000e\000:\000\040\000T\0001\000/\000T\0002\000\040\000T\000w\000o\000-\000R\000o\000u\000t\000e\000\040\000C\000h\000e\000c\000k}{section.5}% 20
\BOOKMARK [2][-]{subsection.5.5}{\376\377\000R\000e\000g\000u\000l\000a\000t\000o\000r\000\040\000I\000n\000v\000a\000r\000i\000a\000n\000c\000e}{section.5}% 21
\BOOKMARK [2][-]{subsection.5.6}{\376\377\000I\000R\000\040\000W\000e\000i\000n\000b\000e\000r\000g\000\040\000A\000n\000g\000l\000e\000\040\000F\000o\000r\000m\000u\000l\000a}{section.5}% 22
\BOOKMARK [1][-]{section.6}{\376\377\000C\000o\000n\000s\000i\000s\000t\000e\000n\000c\000y\000\040\000a\000n\000d\000\040\000I\000n\000v\000a\000r\000i\000a\000n\000c\000e\000\040\000A\000u\000d\000i\000t\000s}{}% 23
\BOOKMARK [2][-]{subsection.6.1}{\376\377\000U\000n\000i\000t\000\040\000I\000n\000v\000a\000r\000i\000a\000n\000c\000e\000\040\000V\000e\000r\000i\000f\000i\000c\000a\000t\000i\000o\000n}{section.6}% 24
\BOOKMARK [2][-]{subsection.6.2}{\376\377\000F\000o\000r\000b\000i\000d\000d\000e\000n\000\040\000I\000n\000p\000u\000t\000\040\000G\000a\000t\000e}{section.6}% 25
\BOOKMARK [2][-]{subsection.6.3}{\376\377\000B\000K\000T\000\040\000B\000o\000u\000n\000d\000e\000d\000n\000e\000s\000s}{section.6}% 26
\BOOKMARK [1][-]{section.7}{\376\377\000R\000e\000v\000i\000e\000w\000e\000r\000\040\000T\000r\000a\000p\000s}{}% 27
\BOOKMARK [1][-]{section.8}{\376\377\000N\000o\000-\000E\000s\000c\000a\000p\000e\000\040\000C\000o\000n\000s\000i\000s\000t\000e\000n\000c\000y\000\040\000L\000e\000d\000g\000e\000r}{}% 28
\BOOKMARK [1][-]{appendix.A}{\376\377\000I\000n\000p\000u\000t\000s\000\040\000U\000s\000e\000d\000\040\000T\000a\000b\000l\000e}{}% 29
\BOOKMARK [1][-]{appendix.B}{\376\377\000O\000p\000e\000n\000\040\000S\000i\000n\000g\000l\000e\000-\000I\000d\000e\000n\000t\000i\000f\000i\000c\000a\000t\000i\000o\000n\000\040\000H\000o\000o\000k\000s}{}% 30
\BOOKMARK [1][-]{appendix.C}{\376\377\000E\000x\000t\000e\000n\000d\000e\000d\000\040\000D\000e\000r\000i\000v\000a\000t\000i\000o\000n\000\040\000D\000e\000t\000a\000i\000l\000s}{}% 31
\BOOKMARK [2][-]{subsection.C.1}{\376\377\000C\000o\000m\000p\000l\000e\000t\000e\000\040\000C\000o\000u\000p\000l\000i\000n\000g\000\040\000S\000t\000a\000c\000k}{appendix.C}% 32
\BOOKMARK [2][-]{subsection.C.2}{\376\377\000R\000G\000\040\000F\000l\000o\000w\000\040\000E\000q\000u\000a\000t\000i\000o\000n\000s}{appendix.C}% 33
\BOOKMARK [2][-]{subsection.C.3}{\376\377\000T\000h\000r\000e\000s\000h\000o\000l\000d\000\040\000C\000o\000r\000r\000e\000c\000t\000i\000o\000n\000\040\000D\000e\000t\000a\000i\000l\000s}{appendix.C}% 34
\BOOKMARK [2][-]{subsection.C.4}{\376\377\000B\000K\000T\000\040\000P\000e\000r\000t\000u\000r\000b\000a\000t\000i\000o\000n\000\040\000T\000h\000e\000o\000r\000y}{appendix.C}% 35
\BOOKMARK [2][-]{subsection.C.5}{\376\377\000T\000w\000o\000-\000L\000o\000o\000p\000\040\000S\000t\000r\000u\000c\000t\000u\000r\000e\000\040\000\050\000T\000a\000g\000g\000e\000d\000\051}{appendix.C}% 36
\BOOKMARK [1][-]{appendix.D}{\376\377\000N\000o\000t\000a\000t\000i\000o\000n\000\040\000R\000e\000g\000i\000s\000t\000r\000y}{}% 37
\BOOKMARK [1][-]{appendix.E}{\376\377\000A\000d\000d\000i\000t\000i\000o\000n\000a\000l\000\040\000L\000o\000g\000\040\000H\000y\000g\000i\000e\000n\000e\000\040\000S\000t\000r\000e\000s\000s\000\040\000T\000e\000s\000t}{}% 38
\BOOKMARK [1][-]{appendix.F}{\376\377\000T\000r\000a\000c\000e\000a\000b\000i\000l\000i\000t\000y\000\040\000G\000r\000a\000p\000h}{}% 39
\BOOKMARK [1][-]{appendix.G}{\376\377\000S\000u\000m\000m\000a\000r\000y\000\040\000a\000n\000d\000\040\000V\000e\000r\000i\000f\000i\000c\000a\000t\000i\000o\000n\000\040\000C\000h\000e\000c\000k\000l\000i\000s\000t}{}% 40
\BOOKMARK [2][-]{subsection.G.1}{\376\377\000H\000a\000s\000h\000\040\000C\000h\000a\000i\000n}{appendix.G}% 41
\BOOKMARK [1][-]{appendix.H}{\376\377\000E\000x\000t\000e\000n\000d\000e\000d\000\040\000D\000e\000r\000i\000v\000a\000t\000i\000o\000n\000:\000\040\000C\000o\000m\000p\000l\000e\000t\000e\000\040\000R\000G\000\040\000F\000l\000o\000w}{}% 42
\BOOKMARK [2][-]{subsection.H.1}{\376\377\000O\000n\000e\000-\000L\000o\000o\000p\000\040\000E\000v\000o\000l\000u\000t\000i\000o\000n\000\040\000E\000q\000u\000a\000t\000i\000o\000n\000s}{appendix.H}% 43
\BOOKMARK [2][-]{subsection.H.2}{\376\377\000G\000a\000u\000g\000e\000\040\000I\000n\000v\000a\000r\000i\000a\000n\000t\000\040\000C\000o\000m\000b\000i\000n\000a\000t\000i\000o\000n\000s}{appendix.H}% 44
\BOOKMARK [2][-]{subsection.H.3}{\376\377\000U\000n\000i\000f\000i\000c\000a\000t\000i\000o\000n\000\040\000C\000o\000n\000d\000i\000t\000i\000o\000n\000s}{appendix.H}% 45
\BOOKMARK [1][-]{appendix.I}{\376\377\000E\000x\000t\000e\000n\000d\000e\000d\000\040\000D\000e\000r\000i\000v\000a\000t\000i\000o\000n\000:\000\040\000C\000o\000m\000p\000l\000e\000t\000e\000\040\000T\000h\000r\000e\000s\000h\000o\000l\000d\000\040\000A\000n\000a\000l\000y\000s\000i\000s}{}% 46
\BOOKMARK [2][-]{subsection.I.1}{\376\377\000K\000K\000\040\000M\000o\000d\000e\000\040\000C\000o\000n\000t\000r\000i\000b\000u\000t\000i\000o\000n\000s}{appendix.I}% 47
\BOOKMARK [2][-]{subsection.I.2}{\376\377\000L\000o\000g\000a\000r\000i\000t\000h\000m\000i\000c\000\040\000S\000u\000m\000s}{appendix.I}% 48
\BOOKMARK [2][-]{subsection.I.3}{\376\377\000F\000i\000n\000i\000t\000e\000\040\000P\000a\000r\000t\000\040\000E\000x\000t\000r\000a\000c\000t\000i\000o\000n}{appendix.I}% 49
\BOOKMARK [1][-]{appendix.J}{\376\377\000E\000x\000t\000e\000n\000d\000e\000d\000\040\000D\000e\000r\000i\000v\000a\000t\000i\000o\000n\000:\000\040\000C\000o\000m\000p\000l\000e\000t\000e\000\040\000P\000S\000\040\000M\000a\000t\000c\000h\000i\000n\000g}{}% 50
\BOOKMARK [2][-]{subsection.J.1}{\376\377\000G\000e\000n\000e\000r\000a\000t\000o\000r\000\040\000T\000r\000a\000c\000e\000s}{appendix.J}% 51
\BOOKMARK [2][-]{subsection.J.2}{\376\377\000B\000e\000t\000a\000\040\000F\000u\000n\000c\000t\000i\000o\000n\000\040\000D\000e\000r\000i\000v\000a\000t\000i\000o\000n}{appendix.J}% 52
\BOOKMARK [2][-]{subsection.J.3}{\376\377\000H\000y\000p\000e\000r\000c\000h\000a\000r\000g\000e\000\040\000N\000o\000r\000m\000a\000l\000i\000z\000a\000t\000i\000o\000n}{appendix.J}% 53
\BOOKMARK [1][-]{appendix.K}{\376\377\000E\000x\000t\000e\000n\000d\000e\000d\000\040\000D\000e\000r\000i\000v\000a\000t\000i\000o\000n\000:\000\040\000U\000n\000i\000t\000\040\000I\000n\000v\000a\000r\000i\000a\000n\000c\000e\000\040\000P\000r\000o\000o\000f\000s}{}% 54
\BOOKMARK [2][-]{subsection.K.1}{\376\377\000D\000i\000m\000e\000n\000s\000i\000o\000n\000\040\000A\000n\000a\000l\000y\000s\000i\000s}{appendix.K}% 55
\BOOKMARK [2][-]{subsection.K.2}{\376\377\000S\000c\000a\000l\000i\000n\000g\000\040\000T\000r\000a\000n\000s\000f\000o\000r\000m\000a\000t\000i\000o\000n\000s}{appendix.K}% 56
\BOOKMARK [2][-]{subsection.K.3}{\376\377\000I\000n\000v\000a\000r\000i\000a\000n\000c\000e\000\040\000V\000e\000r\000i\000f\000i\000c\000a\000t\000i\000o\000n}{appendix.K}% 57
\BOOKMARK [1][-]{appendix.L}{\376\377\000E\000x\000t\000e\000n\000d\000e\000d\000\040\000L\000o\000g\000\040\000S\000t\000r\000e\000s\000s\000\040\000T\000e\000s\000t}{}% 58
\BOOKMARK [1][-]{appendix.M}{\376\377\000C\000o\000n\000s\000i\000s\000t\000e\000n\000c\000y\000\040\000R\000e\000l\000a\000t\000i\000o\000n\000s}{}% 59
\BOOKMARK [2][-]{subsection.M.1}{\376\377\000A\000l\000g\000e\000b\000r\000a\000i\000c\000\040\000C\000o\000n\000s\000i\000s\000t\000e\000n\000c\000y}{appendix.M}% 60
\BOOKMARK [2][-]{subsection.M.2}{\376\377\000D\000i\000m\000e\000n\000s\000i\000o\000n\000a\000l\000\040\000C\000o\000n\000s\000i\000s\000t\000e\000n\000c\000y}{appendix.M}% 61
\BOOKMARK [2][-]{subsection.M.3}{\376\377\000N\000u\000m\000e\000r\000i\000c\000a\000l\000\040\000C\000o\000n\000s\000i\000s\000t\000e\000n\000c\000y}{appendix.M}% 62
\BOOKMARK [1][-]{appendix.N}{\376\377\000F\000i\000n\000a\000l\000\040\000D\000e\000r\000i\000v\000a\000t\000i\000o\000n\000\040\000S\000u\000m\000m\000a\000r\000y}{}% 63
\BOOKMARK [1][-]{appendix.O}{\376\377\000E\000x\000t\000e\000n\000d\000e\000d\000\040\000D\000e\000r\000i\000v\000a\000t\000i\000o\000n\000:\000\040\000C\000o\000m\000p\000l\000e\000t\000e\000\040\000W\000e\000i\000n\000b\000e\000r\000g\000\040\000A\000n\000g\000l\000e\000\040\000A\000n\000a\000l\000y\000s\000i\000s}{}% 64
\BOOKMARK [2][-]{subsection.O.1}{\376\377\000G\000e\000n\000e\000r\000a\000l\000\040\000B\000K\000T\000\040\000F\000o\000r\000m\000u\000l\000a}{appendix.O}% 65
\BOOKMARK [2][-]{subsection.O.2}{\376\377\000E\000x\000p\000a\000n\000s\000i\000o\000n\000\040\000i\000n\000\040\000B\000K\000T\000\040\000P\000a\000r\000a\000m\000e\000t\000e\000r\000s}{appendix.O}% 66
\BOOKMARK [2][-]{subsection.O.3}{\376\377\000M\000a\000x\000i\000m\000u\000m\000\040\000B\000K\000T\000\040\000C\000o\000r\000r\000e\000c\000t\000i\000o\000n}{appendix.O}% 67
\BOOKMARK [1][-]{appendix.P}{\376\377\000E\000x\000t\000e\000n\000d\000e\000d\000\040\000D\000e\000r\000i\000v\000a\000t\000i\000o\000n\000:\000\040\000C\000o\000m\000p\000l\000e\000t\000e\000\040\000G\000F\000\040\000A\000n\000a\000l\000y\000s\000i\000s}{}% 68
\BOOKMARK [2][-]{subsection.P.1}{\376\377\000K\000K\000\040\000S\000u\000m\000\040\000R\000e\000g\000u\000l\000a\000r\000i\000z\000a\000t\000i\000o\000n}{appendix.P}% 69
\BOOKMARK [2][-]{subsection.P.2}{\376\377\0004\000-\000F\000e\000r\000m\000i\000\040\000E\000f\000f\000e\000c\000t\000i\000v\000e\000\040\000C\000o\000u\000p\000l\000i\000n\000g}{appendix.P}% 70
\BOOKMARK [1][-]{appendix.Q}{\376\377\000E\000x\000t\000e\000n\000d\000e\000d\000\040\000D\000e\000r\000i\000v\000a\000t\000i\000o\000n\000:\000\040\000S\000c\000h\000e\000m\000e\000\040\000I\000n\000v\000a\000r\000i\000a\000n\000c\000e\000\040\000P\000r\000o\000o\000f}{}% 71
\BOOKMARK [2][-]{subsection.Q.1}{\376\377\000M\000a\000t\000c\000h\000i\000n\000g\000\040\000C\000o\000m\000m\000u\000t\000a\000t\000i\000v\000i\000t\000y}{appendix.Q}% 72
\BOOKMARK [2][-]{subsection.Q.2}{\376\377\000T\0001\000\040\000R\000o\000u\000t\000e\000\040\000C\000a\000l\000c\000u\000l\000a\000t\000i\000o\000n}{appendix.Q}% 73
\BOOKMARK [2][-]{subsection.Q.3}{\376\377\000T\0002\000\040\000R\000o\000u\000t\000e\000\040\000C\000a\000l\000c\000u\000l\000a\000t\000i\000o\000n}{appendix.Q}% 74
\BOOKMARK [1][-]{appendix.R}{\376\377\000N\000u\000m\000e\000r\000i\000c\000a\000l\000\040\000V\000e\000r\000i\000f\000i\000c\000a\000t\000i\000o\000n\000\040\000T\000a\000b\000l\000e}{}% 75
