\BOOKMARK [1][-]{section.1}{\376\377\000E\000x\000e\000c\000u\000t\000i\000v\000e\000\040\000S\000u\000m\000m\000a\000r\000y}{}% 1
\BOOKMARK [2][-]{subsection.1.1}{\376\377\000M\000i\000s\000s\000i\000o\000n}{section.1}% 2
\BOOKMARK [2][-]{subsection.1.2}{\376\377\000W\000h\000a\000t\000\040\000i\000s\000\040\000C\000l\000o\000s\000e\000d}{section.1}% 3
\BOOKMARK [2][-]{subsection.1.3}{\376\377\000W\000h\000a\000t\000\040\000R\000e\000m\000a\000i\000n\000s\000\040\000O\000p\000e\000n}{section.1}% 4
\BOOKMARK [2][-]{subsection.1.4}{\376\377\000L\000a\000y\000e\000r\000\040\000A\000/\000B\000\040\000F\000i\000r\000e\000w\000a\000l\000l}{section.1}% 5
\BOOKMARK [1][-]{section.2}{\376\377\000C\000o\000n\000v\000e\000n\000t\000i\000o\000n\000s\000\040\000a\000n\000d\000\040\000T\000r\000a\000c\000e\000\040\000N\000o\000r\000m\000a\000l\000i\000z\000a\000t\000i\000o\000n\000\040\000L\000e\000d\000g\000e\000r}{}% 6
\BOOKMARK [2][-]{subsection.2.1}{\376\377\000L\000i\000e\000\040\000A\000l\000g\000e\000b\000r\000a\000\040\000C\000o\000n\000v\000e\000n\000t\000i\000o\000n\000s}{section.2}% 7
\BOOKMARK [2][-]{subsection.2.2}{\376\377\000S\000U\000\050\000N\000\051\000\040\000G\000e\000n\000e\000r\000a\000t\000o\000r\000\040\000N\000o\000r\000m\000a\000l\000i\000z\000a\000t\000i\000o\000n}{section.2}% 8
\BOOKMARK [2][-]{subsection.2.3}{\376\377\000T\000r\000a\000c\000e\000\040\000N\000o\000r\000m\000a\000l\000i\000z\000a\000t\000i\000o\000n\000\040\000T\000a\000b\000l\000e\000\040\000\050\000S\000o\000T\000\051}{section.2}% 9
\BOOKMARK [2][-]{subsection.2.4}{\376\377\000G\000a\000u\000g\000e\000\040\000K\000i\000n\000e\000t\000i\000c\000\040\000T\000e\000r\000m\000\040\000C\000o\000n\000v\000e\000n\000t\000i\000o\000n}{section.2}% 10
\BOOKMARK [1][-]{section.3}{\376\377\000P\000a\000t\000i\000-\000S\000a\000l\000a\000m\000\040\000G\000r\000o\000u\000p\000\040\000S\000t\000r\000u\000c\000t\000u\000r\000e}{}% 11
\BOOKMARK [2][-]{subsection.3.1}{\376\377\000P\000S\000\040\000G\000a\000u\000g\000e\000\040\000G\000r\000o\000u\000p}{section.3}% 12
\BOOKMARK [2][-]{subsection.3.2}{\376\377\000S\000U\000\050\0004\000\051\000C\000\040\000G\000e\000n\000e\000r\000a\000t\000o\000r\000s}{section.3}% 13
\BOOKMARK [2][-]{subsection.3.3}{\376\377\000E\000x\000p\000l\000i\000c\000i\000t\000\040\000E\000m\000b\000e\000d\000d\000i\000n\000g\000:\000\040\000S\000U\000\050\0003\000\051\000c\000\040\000\040\000S\000U\000\050\0004\000\051\000C}{section.3}% 14
\BOOKMARK [2][-]{subsection.3.4}{\376\377\000B\000-\000L\000\040\000G\000e\000n\000e\000r\000a\000t\000o\000r}{section.3}% 15
\BOOKMARK [2][-]{subsection.3.5}{\376\377\000L\000e\000p\000t\000o\000q\000u\000a\000r\000k\000\040\000G\000e\000n\000e\000r\000a\000t\000o\000r\000s}{section.3}% 16
\BOOKMARK [1][-]{section.4}{\376\377\000P\000S\000\040\000B\000r\000e\000a\000k\000i\000n\000g\000\040\000a\000n\000d\000\040\000C\000o\000l\000o\000r\000\040\000S\000u\000r\000v\000i\000v\000o\000r\000\040\000A\000l\000g\000e\000b\000r\000a}{}% 17
\BOOKMARK [2][-]{subsection.4.1}{\376\377\000B\000r\000e\000a\000k\000i\000n\000g\000\040\000P\000a\000t\000t\000e\000r\000n}{section.4}% 18
\BOOKMARK [2][-]{subsection.4.2}{\376\377\000H\000y\000p\000e\000r\000c\000h\000a\000r\000g\000e\000\040\000I\000d\000e\000n\000t\000i\000f\000i\000c\000a\000t\000i\000o\000n}{section.4}% 19
\BOOKMARK [2][-]{subsection.4.3}{\376\377\000C\000o\000l\000o\000r\000\040\000S\000e\000c\000t\000o\000r\000:\000\040\000U\000n\000b\000r\000o\000k\000e\000n}{section.4}% 20
\BOOKMARK [2][-]{subsection.4.4}{\376\377\000B\000r\000o\000k\000e\000n\000\040\000G\000e\000n\000e\000r\000a\000t\000o\000r\000s\000\040\000a\000n\000d\000\040\000M\000a\000s\000s\000i\000v\000e\000\040\000B\000o\000s\000o\000n\000s}{section.4}% 21
\BOOKMARK [1][-]{section.5}{\376\377\000C\000o\000u\000p\000l\000i\000n\000g\000\040\000M\000a\000t\000c\000h\000i\000n\000g\000\040\000T\000h\000e\000o\000r\000e\000m\000\040\000\050\000C\000o\000l\000o\000r\000\051}{}% 22
\BOOKMARK [2][-]{subsection.5.1}{\376\377\000M\000a\000t\000c\000h\000i\000n\000g\000\040\000C\000o\000n\000d\000i\000t\000i\000o\000n}{section.5}% 23
\BOOKMARK [2][-]{subsection.5.2}{\376\377\000D\000e\000r\000i\000v\000a\000t\000i\000o\000n\000\040\000o\000f\000\040\000c\000C}{section.5}% 24
\BOOKMARK [2][-]{subsection.5.3}{\376\377\000B\000r\000a\000n\000e\000\040\000K\000i\000n\000e\000t\000i\000c\000\040\000T\000e\000r\000m\000s}{section.5}% 25
\BOOKMARK [2][-]{subsection.5.4}{\376\377\000F\000i\000n\000a\000l\000\040\000B\000o\000x\000e\000d\000\040\000F\000o\000r\000m\000u\000l\000a}{section.5}% 26
\BOOKMARK [1][-]{section.6}{\376\377\0005\000D\000\040\000\040\0004\000D\000\040\000B\000r\000i\000d\000g\000e\000\040\000f\000o\000r\000\040\000C\000o\000l\000o\000r}{}% 27
\BOOKMARK [2][-]{subsection.6.1}{\376\377\0005\000D\000\040\000C\000o\000l\000o\000r\000\040\000G\000a\000u\000g\000e\000\040\000A\000c\000t\000i\000o\000n}{section.6}% 28
\BOOKMARK [2][-]{subsection.6.2}{\376\377\000Z\000e\000r\000o\000-\000M\000o\000d\000e\000\040\000I\000n\000t\000e\000g\000r\000a\000l}{section.6}% 29
\BOOKMARK [2][-]{subsection.6.3}{\376\377\0004\000D\000\040\000E\000f\000f\000e\000c\000t\000i\000v\000e\000\040\000C\000o\000u\000p\000l\000i\000n\000g}{section.6}% 30
\BOOKMARK [2][-]{subsection.6.4}{\376\377\000C\000o\000n\000s\000i\000s\000t\000e\000n\000c\000y\000\040\000w\000i\000t\000h\000\040\000E\000l\000e\000c\000t\000r\000o\000w\000e\000a\000k\000\040\000S\000e\000c\000t\000o\000r}{section.6}% 31
\BOOKMARK [1][-]{section.7}{\376\377\0003\000\040\000O\000b\000s\000e\000r\000v\000a\000b\000l\000e\000\040\000a\000t\000\040\000C\000a\000n\000o\000n\000i\000c\000a\000l\000\040\000S\000c\000a\000l\000e}{}% 32
\BOOKMARK [2][-]{subsection.7.1}{\376\377\000C\000a\000n\000o\000n\000i\000c\000a\000l\000\040\000R\000e\000f\000e\000r\000e\000n\000c\000e\000\040\000S\000c\000a\000l\000e}{section.7}% 33
\BOOKMARK [2][-]{subsection.7.2}{\376\377\000S\000t\000r\000o\000n\000g\000\040\000C\000o\000u\000p\000l\000i\000n\000g\000\040\000D\000e\000f\000i\000n\000i\000t\000i\000o\000n}{section.7}% 34
\BOOKMARK [2][-]{subsection.7.3}{\376\377\000S\000t\000r\000u\000c\000t\000u\000r\000a\000l\000\040\000F\000o\000r\000m}{section.7}% 35
\BOOKMARK [2][-]{subsection.7.4}{\376\377\000R\000e\000l\000a\000t\000i\000o\000n\000\040\000t\000o\000\040\000E\000l\000e\000c\000t\000r\000o\000w\000e\000a\000k}{section.7}% 36
\BOOKMARK [1][-]{section.8}{\376\377\000R\000G\000\040\000T\000r\000a\000n\000s\000l\000a\000t\000i\000o\000n\000\040\000P\000r\000o\000t\000o\000c\000o\000l}{}% 37
\BOOKMARK [2][-]{subsection.8.1}{\376\377\000R\000G\000\040\000E\000q\000u\000a\000t\000i\000o\000n}{section.8}% 38
\BOOKMARK [2][-]{subsection.8.2}{\376\377\000R\000G\000\040\000S\000o\000l\000u\000t\000i\000o\000n}{section.8}% 39
\BOOKMARK [2][-]{subsection.8.3}{\376\377\000T\000h\000r\000e\000s\000h\000o\000l\000d\000\040\000C\000o\000r\000r\000e\000c\000t\000i\000o\000n\000s}{section.8}% 40
\BOOKMARK [2][-]{subsection.8.4}{\376\377\000T\000w\000o\000-\000R\000o\000u\000t\000e\000\040\000V\000e\000r\000i\000f\000i\000c\000a\000t\000i\000o\000n}{section.8}% 41
\BOOKMARK [1][-]{section.9}{\376\377\000O\000b\000s\000e\000r\000v\000a\000b\000l\000e\000\040\000I\000n\000t\000e\000r\000f\000a\000c\000e\000\040\000A\000P\000I\000\040\000\050\000L\000a\000y\000e\000r\000\040\000A\000\051}{}% 42
\BOOKMARK [2][-]{subsection.9.1}{\376\377\000A\000P\000I\000\040\000R\000e\000g\000i\000s\000t\000r\000y}{section.9}% 43
\BOOKMARK [2][-]{subsection.9.2}{\376\377\000C\000o\000n\000n\000e\000c\000t\000o\000r\000\040\000t\000o\000\040\000E\000l\000e\000c\000t\000r\000o\000w\000e\000a\000k\000\040\000\050\000B\000L\000O\000C\000K\000-\0000\0000\0003\000\051}{section.9}% 44
\BOOKMARK [2][-]{subsection.9.3}{\376\377\000U\000n\000i\000f\000i\000e\000d\000\040\000A\000P\000I\000\040\000T\000a\000b\000l\000e}{section.9}% 45
\BOOKMARK [1][-]{section.10}{\376\377\000L\000o\000g\000\040\000H\000y\000g\000i\000e\000n\000e\000\040\000C\000a\000t\000a\000l\000o\000g}{}% 46
\BOOKMARK [2][-]{subsection.10.1}{\376\377\000D\000e\000f\000i\000n\000i\000t\000i\000o\000n\000s}{section.10}% 47
\BOOKMARK [3][-]{subsubsection.10.1.1}{\376\377\0001\0000\000.\0001\000.\000A\000\040\040\024\000\040\000U\000S\000E\000D\000\040\000L\000O\000G\000S\000\040\000\050\000A\000p\000p\000e\000a\000r\000i\000n\000g\000\040\000i\000n\000\040\000L\000a\000y\000e\000r\000\040\000A\000\051}{subsection.10.1}% 48
\BOOKMARK [3][-]{subsubsection.10.1.2}{\376\377\0001\0000\000.\0001\000.\000B\000\040\040\024\000\040\000T\000E\000M\000P\000L\000A\000T\000E\000\040\000L\000O\000G\000S\000\040\000\050\000A\000l\000l\000o\000w\000e\000d\000\040\000F\000o\000r\000m\000s\000,\000\040\000M\000a\000y\000\040\000A\000p\000p\000e\000a\000r\000\051}{subsection.10.1}% 49
\BOOKMARK [3][-]{subsubsection.10.1.3}{\376\377\000L\000o\000g\000\040\000H\000y\000g\000i\000e\000n\000e\000\040\000S\000u\000m\000m\000a\000r\000y}{subsection.10.1}% 50
\BOOKMARK [1][-]{section.11}{\376\377\000L\000a\000y\000e\000r\000\040\000B\000:\000\040\000Q\000u\000a\000r\000a\000n\000t\000i\000n\000e\000d\000\040\000A\000d\000a\000p\000t\000e\000r}{}% 51
\BOOKMARK [2][-]{subsection.11.1}{\376\377\000E\000x\000t\000e\000r\000n\000a\000l\000\040\000A\000n\000c\000h\000o\000r\000s\000\040\000\050\000F\000O\000R\000B\000I\000D\000D\000E\000N\000\040\000i\000n\000\040\000L\000a\000y\000e\000r\000\040\000A\000\051}{section.11}% 52
\BOOKMARK [2][-]{subsection.11.2}{\376\377\000A\000d\000a\000p\000t\000e\000r\000\040\000P\000r\000o\000t\000o\000c\000o\000l}{section.11}% 53
\BOOKMARK [2][-]{subsection.11.3}{\376\377\000H\000a\000s\000h\000\040\000F\000i\000r\000e\000w\000a\000l\000l}{section.11}% 54
\BOOKMARK [1][-]{section.12}{\376\377\000B\000L\000O\000C\000K\000-\0000\0000\0004\000\040\000S\000t\000a\000t\000u\000s\000\040\000M\000a\000p}{}% 55
\BOOKMARK [2][-]{subsection.12.1}{\376\377\000C\000o\000m\000p\000a\000r\000i\000s\000o\000n\000\040\000w\000i\000t\000h\000\040\000B\000L\000O\000C\000K\000-\0000\0000\0003}{section.12}% 56
\BOOKMARK [1][-]{section.13}{\376\377\000R\000e\000v\000i\000e\000w\000e\000r\000\040\000T\000r\000a\000p\000s}{}% 57
\BOOKMARK [1][-]{section.14}{\376\377\000C\000l\000o\000s\000i\000n\000g\000\040\000T\000h\000e\000o\000r\000e\000m}{}% 58
\BOOKMARK [2][-]{subsection.14.1}{\376\377\000F\000i\000n\000a\000l\000\040\000B\000o\000x\000e\000d\000\040\000F\000o\000r\000m\000u\000l\000a\000s}{section.14}% 59
\BOOKMARK [1][-]{section.15}{\376\377\000E\000x\000t\000e\000n\000d\000e\000d\000\040\000D\000e\000r\000i\000v\000a\000t\000i\000o\000n\000s}{}% 60
\BOOKMARK [2][-]{subsection.15.1}{\376\377\000P\000r\000o\000t\000o\000n\000\040\000D\000e\000c\000a\000y\000\040\000O\000p\000e\000r\000a\000t\000o\000r\000s}{section.15}% 61
\BOOKMARK [2][-]{subsection.15.2}{\376\377\000L\000e\000p\000t\000o\000q\000u\000a\000r\000k\000\040\000M\000a\000s\000s\000\040\000F\000o\000r\000m\000u\000l\000a\000s}{section.15}% 62
\BOOKMARK [2][-]{subsection.15.3}{\376\377\000C\000a\000s\000i\000m\000i\000r\000\040\000O\000p\000e\000r\000a\000t\000o\000r\000\040\000C\000o\000m\000p\000u\000t\000a\000t\000i\000o\000n\000s}{section.15}% 63
\BOOKMARK [2][-]{subsection.15.4}{\376\377\000D\000y\000n\000k\000i\000n\000\040\000I\000n\000d\000e\000x\000\040\000R\000e\000l\000a\000t\000i\000o\000n\000s}{section.15}% 64
\BOOKMARK [2][-]{subsection.15.5}{\376\377\000A\000n\000o\000m\000a\000l\000y\000\040\000C\000o\000e\000f\000f\000i\000c\000i\000e\000n\000t\000s}{section.15}% 65
\BOOKMARK [2][-]{subsection.15.6}{\376\377\000R\000G\000\040\000E\000q\000u\000a\000t\000i\000o\000n\000s\000\040\000\050\000C\000o\000m\000p\000l\000e\000t\000e\000\040\000S\000e\000t\000\051}{section.15}% 66
\BOOKMARK [2][-]{subsection.15.7}{\376\377\000M\000a\000t\000c\000h\000i\000n\000g\000\040\000C\000o\000n\000d\000i\000t\000i\000o\000n\000s\000\040\000a\000t\000\040\000P\000S\000\040\000S\000c\000a\000l\000e}{section.15}% 67
\BOOKMARK [2][-]{subsection.15.8}{\376\377\000W\000e\000i\000n\000b\000e\000r\000g\000\040\000A\000n\000g\000l\000e\000\040\000E\000v\000o\000l\000u\000t\000i\000o\000n}{section.15}% 68
\BOOKMARK [2][-]{subsection.15.9}{\376\377\000S\000t\000r\000o\000n\000g\000-\000E\000l\000e\000c\000t\000r\000o\000w\000e\000a\000k\000\040\000R\000a\000t\000i\000o}{section.15}% 69
\BOOKMARK [2][-]{subsection.15.10}{\376\377\000K\000K\000\040\000M\000o\000d\000e\000\040\000S\000p\000e\000c\000t\000r\000u\000m\000\040\000f\000o\000r\000\040\000C\000o\000l\000o\000r}{section.15}% 70
\BOOKMARK [2][-]{subsection.15.11}{\376\377\000T\000h\000r\000e\000s\000h\000o\000l\000d\000\040\000C\000o\000r\000r\000e\000c\000t\000i\000o\000n\000\040\000F\000o\000r\000m\000u\000l\000a\000s}{section.15}% 71
\BOOKMARK [2][-]{subsection.15.12}{\376\377\0005\000D\000\040\000G\000a\000u\000g\000e\000\040\000C\000o\000u\000p\000l\000i\000n\000g\000\040\000R\000u\000n\000n\000i\000n\000g}{section.15}% 72
\BOOKMARK [2][-]{subsection.15.13}{\376\377\000D\000i\000m\000e\000n\000s\000i\000o\000n\000a\000l\000\040\000A\000n\000a\000l\000y\000s\000i\000s\000\040\000C\000h\000e\000c\000k\000s}{section.15}% 73
\BOOKMARK [2][-]{subsection.15.14}{\376\377\000C\000o\000n\000s\000i\000s\000t\000e\000n\000c\000y\000\040\000R\000e\000l\000a\000t\000i\000o\000n\000s}{section.15}% 74
\BOOKMARK [2][-]{subsection.15.15}{\376\377\000A\000d\000d\000i\000t\000i\000o\000n\000a\000l\000\040\000T\000r\000a\000c\000e\000\040\000C\000o\000m\000p\000u\000t\000a\000t\000i\000o\000n\000s}{section.15}% 75
\BOOKMARK [2][-]{subsection.15.16}{\376\377\000G\000r\000o\000u\000p\000\040\000T\000h\000e\000o\000r\000y\000\040\000I\000d\000e\000n\000t\000i\000t\000i\000e\000s}{section.15}% 76
\BOOKMARK [2][-]{subsection.15.17}{\376\377\000C\000o\000u\000p\000l\000i\000n\000g\000\040\000U\000n\000i\000f\000i\000c\000a\000t\000i\000o\000n\000\040\000R\000e\000l\000a\000t\000i\000o\000n\000s}{section.15}% 77
\BOOKMARK [2][-]{subsection.15.18}{\376\377\000R\000G\000\040\000I\000n\000v\000a\000r\000i\000a\000n\000t}{section.15}% 78
\BOOKMARK [2][-]{subsection.15.19}{\376\377\000P\000o\000w\000e\000r\000\040\000C\000o\000u\000n\000t\000i\000n\000g}{section.15}% 79
\BOOKMARK [2][-]{subsection.15.20}{\376\377\000F\000e\000r\000m\000i\000o\000n\000\040\000R\000e\000p\000r\000e\000s\000e\000n\000t\000a\000t\000i\000o\000n\000s}{section.15}% 80
\BOOKMARK [2][-]{subsection.15.21}{\376\377\000G\000a\000u\000g\000e\000\040\000B\000o\000s\000o\000n\000\040\000S\000p\000e\000c\000t\000r\000u\000m}{section.15}% 81
\BOOKMARK [2][-]{subsection.15.22}{\376\377\000M\000a\000s\000s\000\040\000R\000e\000l\000a\000t\000i\000o\000n\000s}{section.15}% 82
\BOOKMARK [2][-]{subsection.15.23}{\376\377\000G\000a\000u\000g\000e\000\040\000C\000o\000u\000p\000l\000i\000n\000g\000\040\000R\000a\000t\000i\000o\000s}{section.15}% 83
\BOOKMARK [2][-]{subsection.15.24}{\376\377\000F\000i\000n\000e\000\040\000S\000t\000r\000u\000c\000t\000u\000r\000e\000\040\000C\000o\000n\000s\000t\000a\000n\000t\000s}{section.15}% 84
\BOOKMARK [2][-]{subsection.15.25}{\376\377\000S\000u\000m\000m\000a\000r\000y\000\040\000F\000o\000r\000m\000u\000l\000a\000s}{section.15}% 85
\BOOKMARK [1][-]{appendix.A}{\376\377\000S\000U\000\050\0004\000\051\000\040\000G\000e\000n\000e\000r\000a\000t\000o\000r\000\040\000M\000a\000t\000r\000i\000c\000e\000s}{}% 86
\BOOKMARK [2][-]{subsection.A.1}{\376\377\000G\000e\000l\000l\000-\000M\000a\000n\000n\000\040\000M\000a\000t\000r\000i\000c\000e\000s\000\040\000f\000o\000r\000\040\000S\000U\000\050\0003\000\051}{appendix.A}% 87
\BOOKMARK [2][-]{subsection.A.2}{\376\377\000S\000U\000\050\0003\000\051\000\040\000G\000e\000n\000e\000r\000a\000t\000o\000r\000s\000\040\000E\000m\000b\000e\000d\000d\000e\000d\000\040\000i\000n\000\040\000S\000U\000\050\0004\000\051}{appendix.A}% 88
\BOOKMARK [2][-]{subsection.A.3}{\376\377\000B\000-\000L\000\040\000G\000e\000n\000e\000r\000a\000t\000o\000r}{appendix.A}% 89
\BOOKMARK [2][-]{subsection.A.4}{\376\377\000L\000e\000p\000t\000o\000q\000u\000a\000r\000k\000\040\000G\000e\000n\000e\000r\000a\000t\000o\000r\000s}{appendix.A}% 90
\BOOKMARK [1][-]{appendix.B}{\376\377\000H\000a\000s\000h\000\040\000C\000h\000a\000i\000n}{}% 91
\BOOKMARK [1][-]{appendix.C}{\376\377\000R\000e\000p\000r\000o\000d\000u\000c\000t\000i\000o\000n\000\040\000I\000n\000s\000t\000r\000u\000c\000t\000i\000o\000n\000s}{}% 92
\BOOKMARK [2][-]{subsection.C.1}{\376\377\000B\000u\000i\000l\000d}{appendix.C}% 93
\BOOKMARK [2][-]{subsection.C.2}{\376\377\000V\000e\000r\000i\000f\000i\000c\000a\000t\000i\000o\000n}{appendix.C}% 94
\BOOKMARK [2][-]{subsection.C.3}{\376\377\000F\000o\000r\000b\000i\000d\000d\000e\000n\000\040\000G\000r\000e\000p}{appendix.C}% 95
\BOOKMARK [2][-]{subsection.C.4}{\376\377\000E\000x\000p\000o\000r\000t}{appendix.C}% 96
