\BOOKMARK [0][-]{chapter*.2}{\376\377\000P\000r\000e\000f\000a\000c\000e}{}% 1
\BOOKMARK [0][-]{chapter*.3}{\376\377\000B\000a\000s\000e\000l\000i\000n\000e\000\040\000C\000o\000n\000s\000t\000a\000n\000t\000s}{}% 2
\BOOKMARK [0][-]{chapter.1}{\376\377\000B\000r\000i\000d\000g\000e\000:\000\040\000F\000r\000o\000m\000\040\000B\000o\000o\000k\000\040\0001\000\040\000t\000o\000\040\000W\000e\000a\000k\000\040\000S\000e\000c\000t\000o\000r}{}% 3
\BOOKMARK [1][-]{section.1.1}{\376\377\000W\000h\000a\000t\000\040\000B\000o\000o\000k\000\040\0001\000\040\000E\000s\000t\000a\000b\000l\000i\000s\000h\000e\000d}{chapter.1}% 4
\BOOKMARK [2][-]{subsection.1.1.1}{\376\377\000D\000e\000r\000i\000v\000e\000d\000\040\000F\000u\000n\000d\000a\000m\000e\000n\000t\000a\000l\000\040\000C\000o\000n\000s\000t\000a\000n\000t\000s}{section.1.1}% 5
\BOOKMARK [1][-]{section.1.2}{\376\377\000P\000a\000r\000t\000i\000c\000l\000e\000\040\000S\000t\000r\000u\000c\000t\000u\000r\000e\000s\000\040\000\050\000D\000O\000\040\000N\000O\000T\000\040\000R\000E\000-\000D\000E\000R\000I\000V\000E\000\051}{chapter.1}% 6
\BOOKMARK [2][-]{subsection.1.2.1}{\376\377\000P\000r\000o\000t\000o\000n\000:\000\040\000Y\000-\000J\000u\000n\000c\000t\000i\000o\000n\000\040\000a\000t\000\040\0001\0002\0000}{section.1.2}% 7
\BOOKMARK [2][-]{subsection.1.2.2}{\376\377\000N\000e\000u\000t\000r\000o\000n\000:\000\040\000A\000s\000y\000m\000m\000e\000t\000r\000i\000c\000\040\000Y\000-\000J\000u\000n\000c\000t\000i\000o\000n\000\040\000a\000t\000\040\0006\0000}{section.1.2}% 8
\BOOKMARK [2][-]{subsection.1.2.3}{\376\377\000E\000l\000e\000c\000t\000r\000o\000n\000:\000\040\000S\000p\000h\000e\000r\000i\000c\000a\000l\000\040\000D\000e\000f\000e\000c\000t\000\040\000\050\000B\0003\000\040\000V\000o\000r\000t\000e\000x\000\051}{section.1.2}% 9
\BOOKMARK [1][-]{section.1.3}{\376\377\000W\000h\000a\000t\000\040\000B\000o\000o\000k\000\040\0002\000\040\000A\000d\000d\000s\000:\000\040\000W\000e\000a\000k\000\040\000S\000e\000c\000t\000o\000r}{chapter.1}% 10
\BOOKMARK [2][-]{subsection.1.3.1}{\376\377\000C\000o\000r\000e\000\040\000Q\000u\000e\000s\000t\000i\000o\000n\000s}{section.1.3}% 11
\BOOKMARK [2][-]{subsection.1.3.2}{\376\377\000C\000o\000r\000e\000\040\000M\000e\000c\000h\000a\000n\000i\000s\000m\000s\000\040\000\050\0005\000D\000\040\000P\000i\000c\000t\000u\000r\000e\000\051}{section.1.3}% 12
\BOOKMARK [2][-]{subsection.1.3.3}{\376\377\000W\000h\000a\000t\000\040\000B\000o\000o\000k\000\040\0002\000\040\000D\000e\000r\000i\000v\000e\000s}{section.1.3}% 13
\BOOKMARK [1][-]{section.1.4}{\376\377\000R\000e\000a\000d\000i\000n\000g\000\040\000S\000t\000r\000a\000t\000e\000g\000y}{chapter.1}% 14
\BOOKMARK [2][-]{subsection.1.4.1}{\376\377\000I\000f\000\040\000Y\000o\000u\000\040\000R\000e\000a\000d\000\040\000B\000o\000o\000k\000\040\0001}{section.1.4}% 15
\BOOKMARK [2][-]{subsection.1.4.2}{\376\377\000I\000f\000\040\000Y\000o\000u\000\040\000H\000a\000v\000e\000\040\000N\000O\000T\000\040\000R\000e\000a\000d\000\040\000B\000o\000o\000k\000\040\0001}{section.1.4}% 16
\BOOKMARK [2][-]{subsection.1.4.3}{\376\377\000F\000o\000r\000\040\000Q\000u\000i\000c\000k\000\040\000O\000v\000e\000r\000v\000i\000e\000w}{section.1.4}% 17
\BOOKMARK [2][-]{subsection.1.4.4}{\376\377\000O\000r\000g\000a\000n\000i\000z\000a\000t\000i\000o\000n\000\040\000o\000f\000\040\000T\000h\000i\000s\000\040\000B\000o\000o\000k}{section.1.4}% 18
\BOOKMARK [1][-]{section.1.5}{\376\377\000C\000o\000n\000v\000e\000n\000t\000i\000o\000n\000s\000\040\000U\000s\000e\000d\000\040\000i\000n\000\040\000B\000o\000o\000k\000\040\0002}{chapter.1}% 19
\BOOKMARK [2][-]{subsection.1.5.1}{\376\377\000E\000p\000i\000s\000t\000e\000m\000i\000c\000\040\000T\000a\000g\000s}{section.1.5}% 20
\BOOKMARK [2][-]{subsection.1.5.2}{\376\377\000B\000o\000o\000k\000\040\0001\000\040\000v\000s\000\040\000B\000o\000o\000k\000\040\0002\000\040\000R\000e\000s\000u\000l\000t\000s}{section.1.5}% 21
\BOOKMARK [2][-]{subsection.1.5.3}{\376\377\000R\000e\000d\000u\000c\000t\000i\000o\000n\000\040\000N\000o\000r\000m\000a\000l\000i\000z\000a\000t\000i\000o\000n\000\040\000F\000a\000c\000t\000o\000r}{section.1.5}% 22
\BOOKMARK [1][-]{section*.8}{\376\377\000O\000n\000\040\000C\000e\000r\000t\000a\000i\000n\000t\000y\000,\000\040\000V\000e\000r\000i\000f\000i\000c\000a\000t\000i\000o\000n\000,\000\040\000a\000n\000d\000\040\000E\000p\000i\000s\000t\000e\000m\000i\000c\000\040\000S\000t\000a\000t\000u\000s}{chapter.1}% 23
\BOOKMARK [-1][-]{part.1}{\376\377\000I\000\040\000F\000o\000u\000n\000d\000a\000t\000i\000o\000n\000s\000\040\000\046\000\040\000M\000e\000c\000h\000a\000n\000i\000s\000m\000s}{}% 24
\BOOKMARK [0][-]{chapter.2}{\376\377\000T\000h\000e\000\040\000W\000e\000a\000k\000\040\000I\000n\000t\000e\000r\000f\000a\000c\000e}{part.1}% 25
\BOOKMARK [1][-]{section.2.1}{\376\377\000M\000o\000t\000i\000v\000a\000t\000i\000o\000n\000:\000\040\000W\000h\000a\000t\000\040\000S\000t\000a\000n\000d\000a\000r\000d\000\040\000M\000o\000d\000e\000l\000\040\000C\000a\000n\000n\000o\000t\000\040\000E\000x\000p\000l\000a\000i\000n}{chapter.2}% 26
\BOOKMARK [1][-]{section.2.2}{\376\377\000Q\000u\000i\000c\000k\000\040\000W\000i\000n\000:\000\040\000N\000e\000u\000t\000r\000o\000n\000\040\000L\000i\000f\000e\000t\000i\000m\000e\000\040\000f\000r\000o\000m\000\040\000G\000e\000o\000m\000e\000t\000r\000y}{chapter.2}% 27
\BOOKMARK [2][-]{subsection.2.2.1}{\376\377\000T\000h\000e\000\040\000P\000u\000z\000z\000l\000e\000:\000\040\000W\000h\000y\000\040\0001\0005\000\040\000M\000i\000n\000u\000t\000e\000s\000?}{section.2.2}% 28
\BOOKMARK [2][-]{subsection.2.2.2}{\376\377\000P\000h\000y\000s\000i\000c\000a\000l\000\040\000P\000i\000c\000t\000u\000r\000e\000\040\000\050\0005\000D\000\051}{section.2.2}% 29
\BOOKMARK [2][-]{subsection.2.2.3}{\376\377\000W\000K\000B\000\040\000E\000s\000t\000i\000m\000a\000t\000e}{section.2.2}% 30
\BOOKMARK [2][-]{subsection.2.2.4}{\376\377\000R\000e\000s\000u\000l\000t}{section.2.2}% 31
\BOOKMARK [2][-]{subsection.2.2.5}{\376\377\000W\000h\000a\000t\000\040\000T\000h\000i\000s\000\040\000S\000h\000o\000w\000s}{section.2.2}% 32
\BOOKMARK [1][-]{section.2.3}{\376\377\000T\000h\000e\000\040\000T\000h\000i\000c\000k\000\040\000B\000r\000a\000n\000e\000\040\000N\000e\000c\000e\000s\000s\000i\000t\000y}{chapter.2}% 33
\BOOKMARK [2][-]{subsection.2.3.1}{\376\377\000T\000h\000i\000n\000\040\000B\000r\000a\000n\000e\000\040\000v\000s\000\040\000T\000h\000i\000c\000k\000\040\000B\000r\000a\000n\000e}{section.2.3}% 34
\BOOKMARK [2][-]{subsection.2.3.2}{\376\377\000W\000h\000y\000\040\000W\000e\000a\000k\000\040\000P\000r\000o\000c\000e\000s\000s\000e\000s\000\040\000N\000e\000e\000d\000\040\000T\000h\000i\000c\000k\000n\000e\000s\000s}{section.2.3}% 35
\BOOKMARK [2][-]{subsection.2.3.3}{\376\377\000T\000h\000e\000\040\000T\000h\000i\000c\000k\000n\000e\000s\000s\000\040\000S\000c\000a\000l\000e}{section.2.3}% 36
\BOOKMARK [1][-]{section.2.4}{\376\377\000G\000e\000n\000e\000r\000a\000l\000\040\000F\000r\000a\000m\000e\000w\000o\000r\000k\000:\000\040\000B\000u\000l\000k\000\040\000\040\000B\000r\000a\000n\000e\000\040\000T\000r\000a\000n\000s\000f\000e\000r}{chapter.2}% 37
\BOOKMARK [2][-]{subsection.2.4.1}{\376\377\000T\000h\000e\000\040\000U\000n\000i\000f\000i\000e\000d\000\040\000P\000i\000p\000e\000l\000i\000n\000e}{section.2.4}% 38
\BOOKMARK [2][-]{subsection.2.4.2}{\376\377\000W\000h\000y\000\040\000`\000`\000W\000e\000a\000k\000n\000e\000s\000s\000'\000'\000\040\000I\000s\000\040\000G\000e\000o\000m\000e\000t\000r\000i\000c}{section.2.4}% 39
\BOOKMARK [2][-]{subsection.2.4.3}{\376\377\000W\000h\000a\000t\000\040\000B\000o\000o\000k\000\040\0002\000\040\000D\000e\000r\000i\000v\000e\000s}{section.2.4}% 40
\BOOKMARK [1][-]{section.2.5}{\376\377\000C\000h\000a\000p\000t\000e\000r\000\040\000S\000u\000m\000m\000a\000r\000y}{chapter.2}% 41
\BOOKMARK [0][-]{chapter.3}{\376\377\000P\000a\000r\000t\000i\000c\000l\000e\000\040\000O\000n\000t\000o\000l\000o\000g\000y\000\040\000i\000n\000\040\0005\000D}{part.1}% 42
\BOOKMARK [1][-]{section.3.1}{\376\377\000I\000n\000t\000r\000o\000d\000u\000c\000t\000i\000o\000n\000:\000\040\000W\000h\000a\000t\000\040\000A\000r\000e\000\040\000P\000a\000r\000t\000i\000c\000l\000e\000s\000?}{chapter.3}% 43
\BOOKMARK [1][-]{section.3.2}{\376\377\000T\000w\000o\000\040\000C\000l\000a\000s\000s\000e\000s\000\040\000o\000f\000\040\000P\000a\000r\000t\000i\000c\000l\000e\000s}{chapter.3}% 44
\BOOKMARK [1][-]{section.3.3}{\376\377\000F\000e\000r\000m\000i\000o\000n\000i\000c\000\040\000D\000e\000f\000e\000c\000t\000s}{chapter.3}% 45
\BOOKMARK [2][-]{subsection.3.3.1}{\376\377\000T\000h\000e\000\040\000E\000l\000e\000c\000t\000r\000o\000n\000:\000\040\000S\000i\000m\000p\000l\000e\000s\000t\000\040\000T\000o\000p\000o\000l\000o\000g\000i\000c\000a\000l\000\040\000D\000e\000f\000e\000c\000t}{section.3.3}% 46
\BOOKMARK [2][-]{subsection.3.3.2}{\376\377\000T\000h\000e\000\040\000P\000r\000o\000t\000o\000n\000:\000\040\000Y\000-\000J\000u\000n\000c\000t\000i\000o\000n\000\040\000S\000t\000r\000u\000c\000t\000u\000r\000e}{section.3.3}% 47
\BOOKMARK [2][-]{subsection.3.3.3}{\376\377\000T\000h\000e\000\040\000N\000e\000u\000t\000r\000o\000n\000:\000\040\000E\000x\000c\000i\000t\000e\000d\000\040\000Y\000-\000J\000u\000n\000c\000t\000i\000o\000n}{section.3.3}% 48
\BOOKMARK [2][-]{subsection.3.3.4}{\376\377\000Q\000u\000a\000r\000k\000s\000:\000\040\000F\000r\000a\000c\000t\000i\000o\000n\000a\000l\000\040\000J\000u\000n\000c\000t\000i\000o\000n\000\040\000A\000r\000m\000s}{section.3.3}% 49
\BOOKMARK [1][-]{section.3.4}{\376\377\000B\000o\000s\000o\000n\000i\000c\000\040\000M\000o\000d\000e\000s}{chapter.3}% 50
\BOOKMARK [2][-]{subsection.3.4.1}{\376\377\000P\000h\000o\000t\000o\000n\000:\000\040\000B\000u\000l\000k\000\040\000O\000s\000c\000i\000l\000l\000a\000t\000i\000o\000n}{section.3.4}% 51
\BOOKMARK [2][-]{subsection.3.4.2}{\376\377\000W\000\040\000a\000n\000d\000\040\000Z\000\040\000B\000o\000s\000o\000n\000s\000:\000\040\000B\000r\000a\000n\000e\000-\000L\000o\000c\000a\000l\000i\000z\000e\000d\000\040\000M\000o\000d\000e\000s}{section.3.4}% 52
\BOOKMARK [2][-]{subsection.3.4.3}{\376\377\000G\000l\000u\000o\000n\000s\000:\000\040\000J\000u\000n\000c\000t\000i\000o\000n\000\040\000M\000o\000d\000e\000s}{section.3.4}% 53
\BOOKMARK [1][-]{section.3.5}{\376\377\000T\000h\000e\000\040\000H\000o\000p\000f\000\040\000B\000r\000i\000d\000g\000e\000:\000\040\000S\0003\000\040\000t\000o\000\040\000S\0002}{chapter.3}% 54
\BOOKMARK [1][-]{section.3.6}{\376\377\000D\000i\000m\000e\000n\000s\000i\000o\000n\000a\000l\000\040\000P\000i\000t\000f\000a\000l\000l\000s}{chapter.3}% 55
\BOOKMARK [1][-]{section.3.7}{\376\377\000S\000u\000m\000m\000a\000r\000y\000:\000\040\000T\000h\000e\000\040\000E\000D\000C\000\040\000P\000a\000r\000t\000i\000c\000l\000e\000\040\000Z\000o\000o}{chapter.3}% 56
\BOOKMARK [0][-]{chapter.4}{\376\377\000T\000h\000e\000\040\000F\000r\000o\000z\000e\000n\000\040\000R\000e\000g\000i\000m\000e}{part.1}% 57
\BOOKMARK [1][-]{section.4.1}{\376\377\000I\000n\000t\000r\000o\000d\000u\000c\000t\000i\000o\000n\000:\000\040\000T\000h\000e\000\040\000S\000t\000a\000b\000i\000l\000i\000t\000y\000\040\000P\000r\000o\000b\000l\000e\000m}{chapter.4}% 58
\BOOKMARK [1][-]{section.4.2}{\376\377\000T\000i\000m\000e\000s\000c\000a\000l\000e\000\040\000S\000e\000p\000a\000r\000a\000t\000i\000o\000n}{chapter.4}% 59
\BOOKMARK [2][-]{subsection.4.2.1}{\376\377\000T\000h\000e\000\040\000H\000i\000e\000r\000a\000r\000c\000h\000y}{section.4.2}% 60
\BOOKMARK [2][-]{subsection.4.2.2}{\376\377\000A\000d\000i\000a\000b\000a\000t\000i\000c\000\040\000L\000i\000m\000i\000t}{section.4.2}% 61
\BOOKMARK [1][-]{section.4.3}{\376\377\000T\000h\000e\000\040\000F\000r\000o\000z\000e\000n\000\040\000C\000r\000i\000t\000e\000r\000i\000o\000n}{chapter.4}% 62
\BOOKMARK [2][-]{subsection.4.3.1}{\376\377\000R\000o\000u\000t\000e\000\040\000A\000:\000\040\000L\000a\000r\000g\000e\000-\000\040\000I\000n\000s\000t\000a\000n\000t\000o\000n\000\040\000B\000a\000r\000r\000i\000e\000r}{section.4.3}% 63
\BOOKMARK [2][-]{subsection.4.3.2}{\376\377\000R\000o\000u\000t\000e\000\040\000B\000:\000\040\000T\000o\000p\000o\000l\000o\000g\000i\000c\000a\000l\000\040\000S\000u\000p\000e\000r\000s\000e\000l\000e\000c\000t\000i\000o\000n}{section.4.3}% 64
\BOOKMARK [2][-]{subsection.4.3.3}{\376\377\000C\000o\000m\000p\000a\000r\000i\000s\000o\000n}{section.4.3}% 65
\BOOKMARK [1][-]{section.4.4}{\376\377\000E\000f\000f\000e\000c\000t\000i\000v\000e\000\040\000D\000y\000n\000a\000m\000i\000c\000s\000\040\000i\000n\000\040\000t\000h\000e\000\040\000F\000r\000o\000z\000e\000n\000\040\000R\000e\000g\000i\000m\000e}{chapter.4}% 66
\BOOKMARK [2][-]{subsection.4.4.1}{\376\377\000W\000h\000a\000t\000\040\000G\000e\000t\000s\000\040\000F\000r\000o\000z\000e\000n}{section.4.4}% 67
\BOOKMARK [2][-]{subsection.4.4.2}{\376\377\000W\000h\000a\000t\000\040\000R\000e\000m\000a\000i\000n\000s\000\040\000D\000y\000n\000a\000m\000i\000c}{section.4.4}% 68
\BOOKMARK [2][-]{subsection.4.4.3}{\376\377\000T\000h\000e\000\040\000S\000t\000e\000p\000\040\000F\000u\000n\000c\000t\000i\000o\000n\000\040\000L\000i\000m\000i\000t}{section.4.4}% 69
\BOOKMARK [1][-]{section.4.5}{\376\377\000P\000r\000o\000j\000e\000c\000t\000i\000o\000n\000:\000\040\0005\000D\000\040\000\040\0003\000D}{chapter.4}% 70
\BOOKMARK [1][-]{section.4.6}{\376\377\000C\000a\000u\000s\000a\000l\000i\000t\000y\000\040\000D\000i\000r\000e\000c\000t\000i\000o\000n}{chapter.4}% 71
\BOOKMARK [1][-]{section.4.7}{\376\377\000S\000t\000a\000t\000u\000s\000\040\000a\000n\000d\000\040\000O\000p\000e\000n\000\040\000P\000r\000o\000b\000l\000e\000m\000s}{chapter.4}% 72
\BOOKMARK [0][-]{chapter.5}{\376\377\000T\000h\000e\000\040\000Z\0006\000\040\000P\000r\000o\000g\000r\000a\000m}{part.1}% 73
\BOOKMARK [1][-]{section.5.1}{\376\377\000I\000n\000t\000r\000o\000d\000u\000c\000t\000i\000o\000n\000:\000\040\000T\000h\000e\000\040\000G\000e\000n\000e\000r\000a\000t\000i\000o\000n\000\040\000P\000u\000z\000z\000l\000e}{chapter.5}% 74
\BOOKMARK [1][-]{section.5.2}{\376\377\000C\000r\000y\000s\000t\000a\000l\000l\000o\000g\000r\000a\000p\000h\000i\000c\000\040\000O\000r\000i\000g\000i\000n}{chapter.5}% 75
\BOOKMARK [2][-]{subsection.5.2.1}{\376\377\000W\000h\000y\000\040\000D\000i\000s\000c\000r\000e\000t\000e\000\040\000S\000y\000m\000m\000e\000t\000r\000y\000?}{section.5.2}% 76
\BOOKMARK [2][-]{subsection.5.2.2}{\376\377\000Z\0006\000\040\000S\000t\000r\000u\000c\000t\000u\000r\000e}{section.5.2}% 77
\BOOKMARK [1][-]{section.5.3}{\376\377\000T\000h\000r\000e\000e\000\040\000G\000e\000n\000e\000r\000a\000t\000i\000o\000n\000s\000\040\000f\000r\000o\000m\000\040\000Z\0003}{chapter.5}% 78
\BOOKMARK [2][-]{subsection.5.3.1}{\376\377\000T\000h\000e\000\040\000Z\0003\000\040\000A\000n\000g\000u\000l\000a\000r\000\040\000C\000h\000a\000n\000n\000e\000l\000s}{section.5.3}% 79
\BOOKMARK [2][-]{subsection.5.3.2}{\376\377\000W\000h\000y\000\040\000E\000x\000a\000c\000t\000l\000y\000\040\000T\000h\000r\000e\000e}{section.5.3}% 80
\BOOKMARK [1][-]{section.5.4}{\376\377\000Z\0002\000\040\000a\000n\000d\000\040\000t\000h\000e\000\040\000P\000h\000a\000s\000e\000\040\000S\000t\000r\000u\000c\000t\000u\000r\000e}{chapter.5}% 81
\BOOKMARK [2][-]{subsection.5.4.1}{\376\377\000O\000s\000c\000i\000l\000l\000a\000t\000i\000o\000n\000\040\000P\000h\000a\000s\000e}{section.5.4}% 82
\BOOKMARK [1][-]{section.5.5}{\376\377\000S\000y\000m\000m\000e\000t\000r\000y\000\040\000B\000r\000e\000a\000k\000i\000n\000g\000\040\000a\000n\000d\000\040\000M\000a\000s\000s\000\040\000H\000i\000e\000r\000a\000r\000c\000h\000y}{chapter.5}% 83
\BOOKMARK [2][-]{subsection.5.5.1}{\376\377\000F\000r\000o\000m\000\040\000Z\0006\000\040\000t\000o\000\040\000M\000a\000s\000s\000\040\000S\000p\000l\000i\000t\000t\000i\000n\000g}{section.5.5}% 84
\BOOKMARK [2][-]{subsection.5.5.2}{\376\377\000S\000t\000a\000t\000u\000s\000\040\000o\000f\000\040\000M\000a\000s\000s\000\040\000P\000r\000e\000d\000i\000c\000t\000i\000o\000n\000s}{section.5.5}% 85
\BOOKMARK [1][-]{section.5.6}{\376\377\000C\000o\000n\000n\000e\000c\000t\000i\000o\000n\000\040\000t\000o\000\040\000C\000K\000M\000\040\000a\000n\000d\000\040\000P\000M\000N\000S}{chapter.5}% 86
\BOOKMARK [1][-]{section.5.7}{\376\377\000C\000a\000n\000d\000i\000d\000a\000t\000e\000\040\000M\000e\000c\000h\000a\000n\000i\000s\000m\000s}{chapter.5}% 87
\BOOKMARK [1][-]{section.5.8}{\376\377\000S\000u\000m\000m\000a\000r\000y}{chapter.5}% 88
\BOOKMARK [0][-]{chapter.6}{\376\377\000C\000a\000s\000e\000\040\000S\000t\000u\000d\000i\000e\000s\000:\000\040\000D\000e\000c\000a\000y\000\040\000P\000r\000o\000c\000e\000s\000s\000e\000s}{part.1}% 89
\BOOKMARK [1][-]{section.6.1}{\376\377\000I\000n\000t\000r\000o\000d\000u\000c\000t\000i\000o\000n\000:\000\040\000T\000e\000s\000t\000i\000n\000g\000\040\000t\000h\000e\000\040\000F\000r\000a\000m\000e\000w\000o\000r\000k}{chapter.6}% 90
\BOOKMARK [1][-]{section.6.2}{\376\377\000N\000e\000u\000t\000r\000o\000n\000\040\000D\000e\000c\000a\000y\000:\000\040\000F\000u\000l\000l\000\040\000A\000n\000a\000l\000y\000s\000i\000s}{chapter.6}% 91
\BOOKMARK [2][-]{subsection.6.2.1}{\376\377\000G\000e\000o\000m\000e\000t\000r\000i\000c\000\040\000S\000e\000t\000u\000p}{section.6.2}% 92
\BOOKMARK [2][-]{subsection.6.2.2}{\376\377\000B\000a\000r\000r\000i\000e\000r\000\040\000S\000t\000r\000u\000c\000t\000u\000r\000e}{section.6.2}% 93
\BOOKMARK [2][-]{subsection.6.2.3}{\376\377\000W\000K\000B\000\040\000C\000a\000l\000c\000u\000l\000a\000t\000i\000o\000n}{section.6.2}% 94
\BOOKMARK [2][-]{subsection.6.2.4}{\376\377\000E\000r\000r\000o\000r\000\040\000B\000u\000d\000g\000e\000t}{section.6.2}% 95
\BOOKMARK [2][-]{subsection.6.2.5}{\376\377\000R\000e\000s\000u\000l\000t\000\040\000S\000u\000m\000m\000a\000r\000y}{section.6.2}% 96
\BOOKMARK [1][-]{section.6.3}{\376\377\000M\000u\000o\000n\000\040\000D\000e\000c\000a\000y}{chapter.6}% 97
\BOOKMARK [2][-]{subsection.6.3.1}{\376\377\000T\000h\000e\000\040\000P\000r\000o\000c\000e\000s\000s}{section.6.3}% 98
\BOOKMARK [2][-]{subsection.6.3.2}{\376\377\000E\000D\000C\000\040\000P\000i\000c\000t\000u\000r\000e}{section.6.3}% 99
\BOOKMARK [2][-]{subsection.6.3.3}{\376\377\000L\000i\000f\000e\000t\000i\000m\000e\000\040\000E\000s\000t\000i\000m\000a\000t\000e}{section.6.3}% 100
\BOOKMARK [2][-]{subsection.6.3.4}{\376\377\000S\000t\000a\000t\000u\000s}{section.6.3}% 101
\BOOKMARK [1][-]{section.6.4}{\376\377\000T\000a\000u\000\040\000D\000e\000c\000a\000y}{chapter.6}% 102
\BOOKMARK [2][-]{subsection.6.4.1}{\376\377\000T\000h\000e\000\040\000P\000r\000o\000c\000e\000s\000s}{section.6.4}% 103
\BOOKMARK [2][-]{subsection.6.4.2}{\376\377\000E\000D\000C\000\040\000P\000i\000c\000t\000u\000r\000e}{section.6.4}% 104
\BOOKMARK [2][-]{subsection.6.4.3}{\376\377\000W\000h\000y\000\040\000S\000o\000\040\000S\000h\000o\000r\000t\000?}{section.6.4}% 105
\BOOKMARK [1][-]{section.6.5}{\376\377\000P\000i\000o\000n\000\040\000D\000e\000c\000a\000y}{chapter.6}% 106
\BOOKMARK [2][-]{subsection.6.5.1}{\376\377\000T\000h\000e\000\040\000P\000r\000o\000c\000e\000s\000s}{section.6.5}% 107
\BOOKMARK [2][-]{subsection.6.5.2}{\376\377\000E\000D\000C\000\040\000P\000i\000c\000t\000u\000r\000e}{section.6.5}% 108
\BOOKMARK [2][-]{subsection.6.5.3}{\376\377\000H\000e\000l\000i\000c\000i\000t\000y\000\040\000S\000u\000p\000p\000r\000e\000s\000s\000i\000o\000n}{section.6.5}% 109
\BOOKMARK [1][-]{section.6.6}{\376\377\000C\000o\000m\000p\000a\000r\000a\000t\000i\000v\000e\000\040\000S\000u\000m\000m\000a\000r\000y}{chapter.6}% 110
\BOOKMARK [1][-]{section.6.7}{\376\377\000C\000o\000m\000m\000o\000n\000\040\000M\000e\000c\000h\000a\000n\000i\000s\000m\000:\000\040\000B\000a\000r\000r\000i\000e\000r\000\040\000T\000u\000n\000n\000e\000l\000i\000n\000g}{chapter.6}% 111
\BOOKMARK [1][-]{section.6.8}{\376\377\000O\000p\000e\000n\000\040\000P\000r\000o\000b\000l\000e\000m\000s}{chapter.6}% 112
\BOOKMARK [-1][-]{part.2}{\376\377\000I\000I\000\040\000P\000r\000e\000d\000i\000c\000t\000i\000o\000n\000s\000\040\000\046\000\040\000O\000b\000s\000e\000r\000v\000a\000b\000l\000e\000s}{}% 113
\BOOKMARK [0][-]{chapter.7}{\376\377\000E\000l\000e\000c\000t\000r\000o\000w\000e\000a\000k\000\040\000P\000a\000r\000a\000m\000e\000t\000e\000r\000s\000\040\000f\000r\000o\000m\000\040\000G\000e\000o\000m\000e\000t\000r\000y}{part.2}% 114
\BOOKMARK [1][-]{section.7.1}{\376\377\000I\000n\000t\000r\000o\000d\000u\000c\000t\000i\000o\000n\000:\000\040\000T\000h\000e\000\040\000E\000l\000e\000c\000t\000r\000o\000w\000e\000a\000k\000\040\000P\000u\000z\000z\000l\000e}{chapter.7}% 115
\BOOKMARK [1][-]{section.7.2}{\376\377\000W\000e\000i\000n\000b\000e\000r\000g\000\040\000A\000n\000g\000l\000e\000\040\000f\000r\000o\000m\000\040\000Z\0006\000\040\000S\000y\000m\000m\000e\000t\000r\000y}{chapter.7}% 116
\BOOKMARK [2][-]{subsection.7.2.1}{\376\377\000T\000h\000e\000\040\000G\000e\000o\000m\000e\000t\000r\000i\000c\000\040\000O\000r\000i\000g\000i\000n}{section.7.2}% 117
\BOOKMARK [2][-]{subsection.7.2.2}{\376\377\000T\000r\000e\000e\000-\000L\000e\000v\000e\000l\000\040\000R\000e\000s\000u\000l\000t}{section.7.2}% 118
\BOOKMARK [2][-]{subsection.7.2.3}{\376\377\000C\000o\000m\000p\000a\000r\000i\000s\000o\000n\000\040\000t\000o\000\040\000M\000e\000a\000s\000u\000r\000e\000m\000e\000n\000t}{section.7.2}% 119
\BOOKMARK [1][-]{section.7.3}{\376\377\000F\000r\000o\000m\000\040\000M\000e\000m\000b\000r\000a\000n\000e\000\040\000T\000h\000i\000c\000k\000n\000e\000s\000s\000\040\000t\000o\000\040\000M\000e\000d\000i\000a\000t\000o\000r\000\040\000M\000a\000s\000s}{chapter.7}% 120
\BOOKMARK [2][-]{subsection.7.3.1}{\376\377\000P\000h\000y\000s\000i\000c\000a\000l\000\040\000P\000i\000c\000t\000u\000r\000e}{section.7.3}% 121
\BOOKMARK [2][-]{subsection.7.3.2}{\376\377\000R\000o\000b\000i\000n\000\040\000B\000o\000u\000n\000d\000a\000r\000y\000\040\000C\000o\000n\000d\000i\000t\000i\000o\000n\000s}{section.7.3}% 122
\BOOKMARK [2][-]{subsection.7.3.3}{\376\377\000T\000h\000e\000\040\000=\000\040\000R\000\040\000I\000d\000e\000n\000t\000i\000f\000i\000c\000a\000t\000i\000o\000n}{section.7.3}% 123
\BOOKMARK [1][-]{section.7.4}{\376\377\000W\000\040\000a\000n\000d\000\040\000Z\000\040\000M\000a\000s\000s\000\040\000S\000c\000a\000l\000e}{chapter.7}% 124
\BOOKMARK [2][-]{subsection.7.4.1}{\376\377\000M\000e\000c\000h\000a\000n\000i\000s\000m\000\040\000O\000v\000e\000r\000v\000i\000e\000w}{section.7.4}% 125
\BOOKMARK [2][-]{subsection.7.4.2}{\376\377\000C\000o\000n\000s\000i\000s\000t\000e\000n\000c\000y\000\040\000C\000h\000e\000c\000k\000\040\000\050\000N\000o\000t\000\040\000P\000r\000e\000d\000i\000c\000t\000i\000o\000n\000\051}{section.7.4}% 126
\BOOKMARK [2][-]{subsection.7.4.3}{\376\377\000M\000e\000d\000i\000a\000t\000o\000r\000\040\000I\000d\000e\000n\000t\000i\000t\000y}{section.7.4}% 127
\BOOKMARK [1][-]{section.7.5}{\376\377\000S\000u\000m\000m\000a\000r\000y\000:\000\040\000E\000l\000e\000c\000t\000r\000o\000w\000e\000a\000k\000\040\000S\000t\000a\000t\000u\000s}{chapter.7}% 128
\BOOKMARK [0][-]{chapter.8}{\376\377\000L\000e\000p\000t\000o\000n\000\040\000M\000a\000s\000s\000e\000s\000\040\000a\000n\000d\000\040\000H\000i\000e\000r\000a\000r\000c\000h\000y}{part.2}% 129
\BOOKMARK [1][-]{section.8.1}{\376\377\000T\000h\000e\000\040\000L\000e\000p\000t\000o\000n\000\040\000M\000a\000s\000s\000\040\000P\000u\000z\000z\000l\000e}{chapter.8}% 130
\BOOKMARK [1][-]{section.8.2}{\376\377\000P\000h\000y\000s\000i\000c\000a\000l\000\040\000P\000i\000c\000t\000u\000r\000e\000:\000\040\000B\000r\000a\000n\000e\000-\000D\000o\000m\000i\000n\000a\000n\000t\000\040\000E\000x\000c\000i\000t\000a\000t\000i\000o\000n\000s}{chapter.8}% 131
\BOOKMARK [1][-]{section.8.3}{\376\377\000E\000l\000e\000c\000t\000r\000o\000n\000:\000\040\000T\000h\000e\000\040\000G\000r\000o\000u\000n\000d\000\040\000S\000t\000a\000t\000e}{chapter.8}% 132
\BOOKMARK [1][-]{section.8.4}{\376\377\000M\000u\000o\000n\000:\000\040\000F\000i\000r\000s\000t\000\040\000E\000x\000c\000i\000t\000e\000d\000\040\000S\000t\000a\000t\000e}{chapter.8}% 133
\BOOKMARK [1][-]{section.8.5}{\376\377\000T\000a\000u\000:\000\040\000S\000e\000c\000o\000n\000d\000\040\000E\000x\000c\000i\000t\000e\000d\000\040\000S\000t\000a\000t\000e}{chapter.8}% 134
\BOOKMARK [1][-]{section.8.6}{\376\377\000M\000a\000s\000s\000\040\000H\000i\000e\000r\000a\000r\000c\000h\000y\000\040\000f\000r\000o\000m\000\040\000M\000o\000d\000e\000\040\000I\000n\000d\000e\000x}{chapter.8}% 135
\BOOKMARK [1][-]{section.8.7}{\376\377\000C\000o\000n\000n\000e\000c\000t\000i\000o\000n\000\040\000t\000o\000\040\000G\000e\000n\000e\000r\000a\000t\000i\000o\000n\000\040\000S\000t\000r\000u\000c\000t\000u\000r\000e}{chapter.8}% 136
\BOOKMARK [1][-]{section.8.8}{\376\377\000F\000a\000l\000s\000i\000f\000i\000a\000b\000i\000l\000i\000t\000y}{chapter.8}% 137
\BOOKMARK [1][-]{section.8.9}{\376\377\000C\000h\000a\000p\000t\000e\000r\000\040\000S\000u\000m\000m\000a\000r\000y}{chapter.8}% 138
\BOOKMARK [0][-]{chapter.9}{\376\377\000T\000h\000r\000e\000e\000\040\000G\000e\000n\000e\000r\000a\000t\000i\000o\000n\000s\000:\000\040\000W\000h\000y\000\040\000N\000o\000t\000\040\000F\000o\000u\000r\000?}{part.2}% 139
\BOOKMARK [1][-]{section.9.1}{\376\377\000T\000h\000e\000\040\000G\000e\000n\000e\000r\000a\000t\000i\000o\000n\000\040\000P\000u\000z\000z\000l\000e}{chapter.9}% 140
\BOOKMARK [1][-]{section.9.2}{\376\377\000P\000h\000y\000s\000i\000c\000a\000l\000\040\000P\000i\000c\000t\000u\000r\000e\000:\000\040\000T\000h\000r\000e\000e\000\040\000A\000n\000g\000u\000l\000a\000r\000\040\000C\000h\000a\000n\000n\000e\000l\000s}{chapter.9}% 141
\BOOKMARK [1][-]{section.9.3}{\376\377\000C\000a\000n\000d\000i\000d\000a\000t\000e\000\040\000M\000e\000c\000h\000a\000n\000i\000s\000m\000s}{chapter.9}% 142
\BOOKMARK [2][-]{subsection.9.3.1}{\376\377\000M\000e\000c\000h\000a\000n\000i\000s\000m\000\040\000A\000:\000\040\000Z\0003\000\040\000f\000r\000o\000m\000\040\000H\000e\000x\000a\000g\000o\000n\000a\000l\000\040\000S\000y\000m\000m\000e\000t\000r\000y}{section.9.3}% 143
\BOOKMARK [2][-]{subsection.9.3.2}{\376\377\000M\000e\000c\000h\000a\000n\000i\000s\000m\000\040\000B\000:\000\040\000K\000K\000\040\000T\000o\000w\000e\000r\000\040\000T\000r\000u\000n\000c\000a\000t\000i\000o\000n}{section.9.3}% 144
\BOOKMARK [2][-]{subsection.9.3.3}{\376\377\000M\000e\000c\000h\000a\000n\000i\000s\000m\000\040\000C\000:\000\040\000B\000u\000l\000k\000\040\000T\000o\000p\000o\000l\000o\000g\000y}{section.9.3}% 145
\BOOKMARK [1][-]{section.9.4}{\376\377\000S\000u\000m\000m\000a\000r\000y\000\040\000T\000a\000b\000l\000e}{chapter.9}% 146
\BOOKMARK [1][-]{section.9.5}{\376\377\000F\000a\000l\000s\000i\000f\000i\000a\000b\000i\000l\000i\000t\000y}{chapter.9}% 147
\BOOKMARK [1][-]{section.9.6}{\376\377\000O\000p\000e\000n\000\040\000P\000r\000o\000b\000l\000e\000m\000s}{chapter.9}% 148
\BOOKMARK [1][-]{section.9.7}{\376\377\000C\000h\000a\000p\000t\000e\000r\000\040\000S\000u\000m\000m\000a\000r\000y}{chapter.9}% 149
\BOOKMARK [0][-]{chapter.10}{\376\377\000N\000e\000u\000t\000r\000i\000n\000o\000s\000\040\000a\000s\000\040\000E\000d\000g\000e\000\040\000M\000o\000d\000e\000s}{part.2}% 150
\BOOKMARK [1][-]{section.10.1}{\376\377\000T\000h\000e\000\040\000N\000e\000u\000t\000r\000i\000n\000o\000\040\000P\000r\000o\000b\000l\000e\000m}{chapter.10}% 151
\BOOKMARK [1][-]{section.10.2}{\376\377\000P\000h\000y\000s\000i\000c\000a\000l\000\040\000P\000i\000c\000t\000u\000r\000e\000:\000\040\000N\000e\000u\000t\000r\000i\000n\000o\000s\000\040\000a\000s\000\040\000B\000o\000u\000n\000d\000a\000r\000y\000\040\000E\000x\000c\000i\000t\000a\000t\000i\000o\000n\000s}{chapter.10}% 152
\BOOKMARK [1][-]{section.10.3}{\376\377\000M\000a\000s\000s\000\040\000S\000u\000p\000p\000r\000e\000s\000s\000i\000o\000n\000\040\000D\000e\000r\000i\000v\000a\000t\000i\000o\000n}{chapter.10}% 153
\BOOKMARK [1][-]{section.10.4}{\376\377\000T\000h\000r\000e\000e\000\040\000F\000l\000a\000v\000o\000r\000s\000\040\000f\000r\000o\000m\000\040\000Z\0003}{chapter.10}% 154
\BOOKMARK [1][-]{section.10.5}{\376\377\000V\000-\000A\000\040\000f\000r\000o\000m\000\040\000B\000o\000u\000n\000d\000a\000r\000y\000\040\000C\000o\000n\000d\000i\000t\000i\000o\000n\000s}{chapter.10}% 155
\BOOKMARK [1][-]{section.10.6}{\376\377\000P\000M\000N\000S\000\040\000M\000i\000x\000i\000n\000g}{chapter.10}% 156
\BOOKMARK [2][-]{subsection.10.6.1}{\376\377\000O\000b\000s\000e\000r\000v\000e\000d\000\040\000V\000a\000l\000u\000e\000s}{section.10.6}% 157
\BOOKMARK [2][-]{subsection.10.6.2}{\376\377\000E\000D\000C\000\040\000I\000n\000t\000e\000r\000p\000r\000e\000t\000a\000t\000i\000o\000n\000\040\000\050\000P\000o\000s\000t\000u\000l\000a\000t\000e\000d\000\051}{section.10.6}% 158
\BOOKMARK [2][-]{subsection.10.6.3}{\376\377\000D\000F\000T\000\040\000B\000a\000s\000e\000l\000i\000n\000e\000\040\000\050\000F\000a\000l\000s\000i\000f\000i\000e\000d\000\051}{section.10.6}% 159
\BOOKMARK [1][-]{section.10.7}{\376\377\000D\000i\000r\000a\000c\000\040\000v\000s\000\040\000M\000a\000j\000o\000r\000a\000n\000a}{chapter.10}% 160
\BOOKMARK [1][-]{section.10.8}{\376\377\000F\000a\000l\000s\000i\000f\000i\000c\000a\000t\000i\000o\000n\000\040\000C\000r\000i\000t\000e\000r\000i\000a}{chapter.10}% 161
\BOOKMARK [1][-]{section.10.9}{\376\377\000C\000h\000a\000p\000t\000e\000r\000\040\000S\000u\000m\000m\000a\000r\000y}{chapter.10}% 162
\BOOKMARK [0][-]{chapter.11}{\376\377\000V\040\023\000A\000\040\000S\000t\000r\000u\000c\000t\000u\000r\000e\000\040\000f\000r\000o\000m\000\040\0005\000D\000\040\000C\000h\000i\000r\000a\000l\000\040\000L\000o\000c\000a\000l\000i\000z\000a\000t\000i\000o\000n}{part.2}% 163
\BOOKMARK [1][-]{section.11.1}{\376\377\000T\000h\000e\000\040\000P\000h\000y\000s\000i\000c\000a\000l\000\040\000P\000i\000c\000t\000u\000r\000e\000:\000\040\000W\000h\000a\000t\000\040\000H\000a\000p\000p\000e\000n\000s\000\040\000i\000n\000\040\0005\000D\000?}{chapter.11}% 164
\BOOKMARK [2][-]{subsection.11.1.1}{\376\377\000T\000h\000e\000\040\000S\000e\000t\000u\000p\000:\000\040\000A\000\040\000U\000n\000i\000v\000e\000r\000s\000e\000\040\000w\000i\000t\000h\000\040\000D\000e\000p\000t\000h}{section.11.1}% 165
\BOOKMARK [2][-]{subsection.11.1.2}{\376\377\000T\000h\000e\000\040\000C\000h\000i\000r\000a\000l\000i\000t\000y\000\040\000F\000i\000l\000t\000e\000r\000:\000\040\000W\000h\000y\000\040\000O\000n\000l\000y\000\040\000L\000e\000f\000t\000-\000H\000a\000n\000d\000e\000d\000?}{section.11.1}% 166
\BOOKMARK [2][-]{subsection.11.1.3}{\376\377\000O\000v\000e\000r\000l\000a\000p\000\040\000D\000e\000t\000e\000r\000m\000i\000n\000e\000s\000\040\000C\000o\000u\000p\000l\000i\000n\000g}{section.11.1}% 167
\BOOKMARK [2][-]{subsection.11.1.4}{\376\377\000W\000h\000a\000t\000\040\000W\000e\000\040\000D\000e\000r\000i\000v\000e\000\040\000a\000n\000d\000\040\000W\000h\000a\000t\000\040\000W\000e\000\040\000D\000o\000\040\000N\000o\000t}{section.11.1}% 168
\BOOKMARK [1][-]{section.11.2}{\376\377\000P\000u\000r\000p\000o\000s\000e\000\040\000a\000n\000d\000\040\000S\000c\000o\000p\000e}{chapter.11}% 169
\BOOKMARK [2][-]{subsection.11.2.1}{\376\377\000T\000h\000e\000\040\0003\000D\000\040\000O\000b\000s\000e\000r\000v\000a\000t\000i\000o\000n\000\040\000\050\000W\000h\000a\000t\000\040\000O\000b\000s\000e\000r\000v\000e\000r\000s\000\040\000S\000e\000e\000\051}{section.11.2}% 170
\BOOKMARK [2][-]{subsection.11.2.2}{\376\377\000T\000h\000e\000\040\0003\000D\000\040\000O\000b\000s\000e\000r\000v\000a\000t\000i\000o\000n\000a\000l\000\040\000D\000e\000s\000c\000r\000i\000p\000t\000i\000o\000n\000\040\000\050\000S\000M\000\051}{section.11.2}% 171
\BOOKMARK [2][-]{subsection.11.2.3}{\376\377\000T\000h\000e\000\040\000E\000D\000C\000\040\000A\000p\000p\000r\000o\000a\000c\000h\000:\000\040\0005\000D\000\040\000C\000a\000u\000s\000e\000\040\041\222\000\040\0003\000D\000\040\000S\000h\000a\000d\000o\000w}{section.11.2}% 172
\BOOKMARK [1][-]{section.11.3}{\376\377\0005\000D\000\040\000D\000i\000r\000a\000c\000\040\000F\000i\000e\000l\000d\000\040\000a\000n\000d\000\040\000C\000h\000i\000r\000a\000l\000\040\000D\000e\000c\000o\000m\000p\000o\000s\000i\000t\000i\000o\000n}{chapter.11}% 173
\BOOKMARK [2][-]{subsection.11.3.1}{\376\377\000T\000h\000e\000\040\0005\000D\000\040\000D\000i\000r\000a\000c\000\040\000E\000q\000u\000a\000t\000i\000o\000n}{section.11.3}% 174
\BOOKMARK [2][-]{subsection.11.3.2}{\376\377\000C\000h\000i\000r\000a\000l\000\040\000P\000r\000o\000j\000e\000c\000t\000i\000o\000n\000\040\000O\000p\000e\000r\000a\000t\000o\000r\000s}{section.11.3}% 175
\BOOKMARK [2][-]{subsection.11.3.3}{\376\377\000M\000o\000d\000e\000\040\000E\000x\000p\000a\000n\000s\000i\000o\000n}{section.11.3}% 176
\BOOKMARK [1][-]{section.11.4}{\376\377\000I\000n\000t\000e\000r\000f\000a\000c\000e\000\040\000M\000a\000s\000s\000\040\000P\000r\000o\000f\000i\000l\000e\000\040\000a\000n\000d\000\040\000L\000o\000c\000a\000l\000i\000z\000a\000t\000i\000o\000n}{chapter.11}% 177
\BOOKMARK [2][-]{subsection.11.4.1}{\376\377\000T\000h\000e\000\040\000D\000o\000m\000a\000i\000n\000\040\000W\000a\000l\000l\000\040\000M\000e\000c\000h\000a\000n\000i\000s\000m\000\040\000\050\000B\000a\000s\000e\000l\000i\000n\000e\000\051}{section.11.4}% 178
\BOOKMARK [2][-]{subsection.11.4.2}{\376\377\000E\000D\000C\000\040\000P\000o\000s\000t\000u\000l\000a\000t\000e\000:\000\040\000P\000l\000e\000n\000u\000m\000\040\000I\000n\000f\000l\000o\000w\000\040\000D\000e\000t\000e\000r\000m\000i\000n\000e\000s\000\040\000M\000a\000s\000s\000\040\000S\000i\000g\000n}{section.11.4}% 179
\BOOKMARK [2][-]{subsection.11.4.3}{\376\377\000C\000h\000i\000r\000a\000l\000\040\000M\000o\000d\000e\000\040\000P\000r\000o\000f\000i\000l\000e\000s}{section.11.4}% 180
\BOOKMARK [2][-]{subsection.11.4.4}{\376\377\000N\000o\000r\000m\000a\000l\000i\000z\000a\000b\000i\000l\000i\000t\000y\000\040\000C\000o\000n\000d\000i\000t\000i\000o\000n\000s\000\040\000\050\000D\000o\000m\000a\000i\000n\000-\000D\000e\000p\000e\000n\000d\000e\000n\000t\000\051}{section.11.4}% 181
\BOOKMARK [1][-]{section.11.5}{\376\377\000T\000o\000y\000\040\000M\000o\000d\000e\000l\000:\000\040\000O\000v\000e\000r\000l\000a\000p\000\040\000S\000u\000p\000p\000r\000e\000s\000s\000i\000o\000n}{chapter.11}% 182
\BOOKMARK [2][-]{subsection.11.5.1}{\376\377\000S\000i\000m\000p\000l\000e\000\040\000P\000r\000o\000f\000i\000l\000e\000\040\000A\000n\000s\000a\000t\000z\000\040\000[\000P\000]}{section.11.5}% 183
\BOOKMARK [2][-]{subsection.11.5.2}{\376\377\000O\000v\000e\000r\000l\000a\000p\000\040\000I\000n\000t\000e\000g\000r\000a\000l\000\040\000[\000D\000c\000\040\000c\000o\000n\000d\000i\000t\000i\000o\000n\000a\000l\000\040\000o\000n\000\040\000t\000o\000y\000\040\000a\000n\000s\000a\000t\000z\000]}{section.11.5}% 184
\BOOKMARK [2][-]{subsection.11.5.3}{\376\377\000P\000h\000y\000s\000i\000c\000a\000l\000\040\000I\000n\000t\000e\000r\000p\000r\000e\000t\000a\000t\000i\000o\000n}{section.11.5}% 185
\BOOKMARK [2][-]{subsection.11.5.4}{\376\377\000Q\000u\000a\000n\000t\000i\000t\000a\000t\000i\000v\000e\000\040\000S\000u\000p\000p\000r\000e\000s\000s\000i\000o\000n\000\040\000T\000a\000r\000g\000e\000t\000\040\000\050\000I\000n\000e\000q\000u\000a\000l\000i\000t\000y\000\040\000C\000h\000a\000i\000n\000,\000\040\000N\000o\000\040\000C\000a\000l\000i\000b\000r\000a\000t\000i\000o\000n\000\051}{section.11.5}% 186
\BOOKMARK [2][-]{subsection.11.5.5}{\376\377\000S\000c\000h\000e\000m\000a\000t\000i\000c\000\040\000V\000i\000s\000u\000a\000l\000i\000z\000a\000t\000i\000o\000n}{section.11.5}% 187
\BOOKMARK [1][-]{section.11.6}{\376\377\000E\000f\000f\000e\000c\000t\000i\000v\000e\000\040\0004\000D\000\040\000C\000o\000u\000p\000l\000i\000n\000g\000\040\000a\000n\000d\000\040\000V\040\023\000A\000\040\000E\000m\000e\000r\000g\000e\000n\000c\000e}{chapter.11}% 188
\BOOKMARK [2][-]{subsection.11.6.1}{\376\377\000W\000h\000e\000r\000e\000\040\000D\000o\000e\000s\000\040\000t\000h\000e\000\040\000W\000e\000a\000k\000\040\000I\000n\000t\000e\000r\000a\000c\000t\000i\000o\000n\000\040\000L\000i\000v\000e\000?}{section.11.6}% 189
\BOOKMARK [2][-]{subsection.11.6.2}{\376\377\000E\000f\000f\000e\000c\000t\000i\000v\000e\000\040\0004\000D\000\040\000I\000n\000t\000e\000r\000a\000c\000t\000i\000o\000n}{section.11.6}% 190
\BOOKMARK [2][-]{subsection.11.6.3}{\376\377\000T\000h\000e\000\040\000V\040\023\000A\000\040\000C\000u\000r\000r\000e\000n\000t\000\040\000S\000t\000r\000u\000c\000t\000u\000r\000e}{section.11.6}% 191
\BOOKMARK [1][-]{section.11.7}{\376\377\000B\000o\000u\000n\000d\000a\000r\000y\000\040\000C\000o\000n\000d\000i\000t\000i\000o\000n\000\040\000I\000n\000t\000e\000r\000p\000r\000e\000t\000a\000t\000i\000o\000n}{chapter.11}% 192
\BOOKMARK [2][-]{subsection.11.7.1}{\376\377\000T\000h\000e\000\040\000B\000o\000u\000n\000d\000a\000r\000y\000\040\000P\000r\000o\000j\000e\000c\000t\000i\000o\000n}{section.11.7}% 193
\BOOKMARK [2][-]{subsection.11.7.2}{\376\377\000C\000o\000m\000p\000a\000r\000i\000s\000o\000n\000\040\000w\000i\000t\000h\000\040\000M\000I\000T\000\040\000B\000a\000g}{section.11.7}% 194
\BOOKMARK [1][-]{section.11.8}{\376\377\000M\000i\000n\000i\000m\000a\000l\000\040\000S\000U\000\050\0002\000\051\000L\000\040\000G\000a\000u\000g\000e\000\040\000E\000m\000b\000e\000d\000d\000i\000n\000g}{chapter.11}% 195
\BOOKMARK [2][-]{subsection.11.8.1}{\376\377\000C\000o\000u\000p\000l\000i\000n\000g\000\040\000f\000r\000o\000m\000\040\000B\000r\000a\000n\000e\000-\000L\000o\000c\000a\000l\000i\000z\000e\000d\000\040\000A\000c\000t\000i\000o\000n}{section.11.8}% 196
\BOOKMARK [2][-]{subsection.11.8.2}{\376\377\000A\000l\000t\000e\000r\000n\000a\000t\000i\000v\000e\000:\000\040\000B\000u\000l\000k\000\040\000G\000a\000u\000g\000e\000\040\000F\000i\000e\000l\000d\000s}{section.11.8}% 197
\BOOKMARK [2][-]{subsection.11.8.3}{\376\377\000N\000o\000-\000S\000m\000u\000g\000g\000l\000i\000n\000g\000\040\000G\000u\000a\000r\000d\000r\000a\000i\000l}{section.11.8}% 198
\BOOKMARK [2][-]{subsection.11.8.4}{\376\377\000V\000e\000r\000d\000i\000c\000t}{section.11.8}% 199
\BOOKMARK [1][-]{section.11.9}{\376\377\000D\000i\000m\000e\000n\000s\000i\000o\000n\000a\000l\000\040\000a\000n\000d\000\040\000C\000o\000n\000s\000i\000s\000t\000e\000n\000c\000y\000\040\000C\000h\000e\000c\000k\000s}{chapter.11}% 200
\BOOKMARK [1][-]{section.11.10}{\376\377\000S\000u\000m\000m\000a\000r\000y}{chapter.11}% 201
\BOOKMARK [0][-]{chapter.12}{\376\377\000C\000K\000M\000\040\000M\000a\000t\000r\000i\000x\000\040\000O\000r\000i\000g\000i\000n}{part.2}% 202
\BOOKMARK [1][-]{section.12.1}{\376\377\000T\000h\000e\000\040\000C\000K\000M\000\040\000P\000u\000z\000z\000l\000e}{chapter.12}% 203
\BOOKMARK [1][-]{section.12.2}{\376\377\000P\000h\000y\000s\000i\000c\000a\000l\000\040\000P\000i\000c\000t\000u\000r\000e\000:\000\040\000O\000v\000e\000r\000l\000a\000p\000\040\000S\000u\000p\000p\000r\000e\000s\000s\000i\000o\000n}{chapter.12}% 204
\BOOKMARK [1][-]{section.12.3}{\376\377\000D\000F\000T\000\040\000B\000a\000s\000e\000l\000i\000n\000e\000:\000\040\000S\000t\000r\000o\000n\000g\000l\000y\000\040\000F\000a\000l\000s\000i\000f\000i\000e\000d}{chapter.12}% 205
\BOOKMARK [1][-]{section.12.4}{\376\377\000O\000v\000e\000r\000l\000a\000p\000\040\000M\000o\000d\000e\000l\000:\000\040\000S\000i\000n\000g\000l\000e\000-\000P\000a\000r\000a\000m\000e\000t\000e\000r\000\040\000H\000i\000e\000r\000a\000r\000c\000h\000y}{chapter.12}% 206
\BOOKMARK [2][-]{subsection.12.4.1}{\376\377\000L\000o\000c\000a\000l\000i\000z\000e\000d\000\040\000P\000r\000o\000f\000i\000l\000e\000\040\000A\000n\000s\000a\000t\000z}{section.12.4}% 207
\BOOKMARK [2][-]{subsection.12.4.2}{\376\377\000T\000h\000e\000\040\000W\000o\000l\000f\000e\000n\000s\000t\000e\000i\000n\000\040\000M\000e\000c\000h\000a\000n\000i\000s\000m}{section.12.4}% 208
\BOOKMARK [1][-]{section.12.5}{\376\377\000C\000K\000M\000\040\000v\000s\000\040\000P\000M\000N\000S\000:\000\040\000W\000h\000y\000\040\000S\000o\000\040\000D\000i\000f\000f\000e\000r\000e\000n\000t\000?}{chapter.12}% 209
\BOOKMARK [1][-]{section.12.6}{\376\377\000C\000P\000\040\000V\000i\000o\000l\000a\000t\000i\000o\000n}{chapter.12}% 210
\BOOKMARK [2][-]{subsection.12.6.1}{\376\377\000P\000h\000a\000s\000e\000\040\000C\000a\000n\000c\000e\000l\000l\000a\000t\000i\000o\000n\000\040\000T\000h\000e\000o\000r\000e\000m}{section.12.6}% 211
\BOOKMARK [2][-]{subsection.12.6.2}{\376\377\000Z\0002\000\040\000R\000e\000s\000o\000l\000u\000t\000i\000o\000n}{section.12.6}% 212
\BOOKMARK [2][-]{subsection.12.6.3}{\376\377\000J\000a\000r\000l\000s\000k\000o\000g\000\040\000I\000n\000v\000a\000r\000i\000a\000n\000t}{section.12.6}% 213
\BOOKMARK [1][-]{section.12.7}{\376\377\000C\000h\000a\000p\000t\000e\000r\000\040\000S\000u\000m\000m\000a\000r\000y}{chapter.12}% 214
\BOOKMARK [-1][-]{part.3}{\376\377\000I\000I\000I\000\040\000T\000e\000c\000h\000n\000i\000c\000a\000l\000\040\000D\000e\000r\000i\000v\000a\000t\000i\000o\000n\000s}{}% 215
\BOOKMARK [0][-]{chapter.13}{\376\377\000T\000h\000e\000\040\000C\000o\000u\000p\000l\000i\000n\000g\000\040\000C\000h\000a\000i\000n\000:\000\040\000g\0005\000\040\000G\000F}{part.3}% 216
\BOOKMARK [1][-]{section.13.1}{\376\377\000I\000n\000t\000r\000o\000d\000u\000c\000t\000i\000o\000n\000:\000\040\000T\000h\000e\000\040\000F\000e\000r\000m\000i\000\040\000P\000u\000z\000z\000l\000e}{chapter.13}% 217
\BOOKMARK [1][-]{section.13.2}{\376\377\0005\000D\000\040\000C\000o\000u\000p\000l\000i\000n\000g\000\040\000g\0005}{chapter.13}% 218
\BOOKMARK [2][-]{subsection.13.2.1}{\376\377\000D\000e\000f\000i\000n\000i\000t\000i\000o\000n}{section.13.2}% 219
\BOOKMARK [2][-]{subsection.13.2.2}{\376\377\000G\000e\000o\000m\000e\000t\000r\000i\000c\000\040\000O\000r\000i\000g\000i\000n}{section.13.2}% 220
\BOOKMARK [2][-]{subsection.13.2.3}{\376\377\000D\000i\000m\000e\000n\000s\000i\000o\000n\000a\000l\000\040\000A\000n\000a\000l\000y\000s\000i\000s}{section.13.2}% 221
\BOOKMARK [1][-]{section.13.3}{\376\377\000R\000e\000d\000u\000c\000t\000i\000o\000n\000\040\000t\000o\000\040\0004\000D\000:\000\040\000g\0005\000\040\000g\0004}{chapter.13}% 222
\BOOKMARK [2][-]{subsection.13.3.1}{\376\377\000C\000o\000m\000p\000a\000c\000t\000i\000f\000i\000c\000a\000t\000i\000o\000n}{section.13.3}% 223
\BOOKMARK [2][-]{subsection.13.3.2}{\376\377\000T\000h\000e\000\040\000R\000o\000l\000e\000\040\000o\000f\000\040\000R}{section.13.3}% 224
\BOOKMARK [2][-]{subsection.13.3.3}{\376\377\000E\000f\000f\000e\000c\000t\000i\000v\000e\000\040\0004\000D\000\040\000C\000o\000u\000p\000l\000i\000n\000g}{section.13.3}% 225
\BOOKMARK [1][-]{section.13.4}{\376\377\000L\000o\000c\000a\000l\000i\000z\000a\000t\000i\000o\000n\000:\000\040\000g\0004\000\040\000G\000e\000f\000f}{chapter.13}% 226
\BOOKMARK [2][-]{subsection.13.4.1}{\376\377\000B\000r\000a\000n\000e\000\040\000L\000o\000c\000a\000l\000i\000z\000a\000t\000i\000o\000n\000\040\000S\000u\000p\000p\000r\000e\000s\000s\000i\000o\000n}{section.13.4}% 227
\BOOKMARK [2][-]{subsection.13.4.2}{\376\377\000C\000h\000i\000r\000a\000l\000\040\000S\000u\000p\000p\000r\000e\000s\000s\000i\000o\000n}{section.13.4}% 228
\BOOKMARK [1][-]{section.13.5}{\376\377\000F\000e\000r\000m\000i\000\040\000C\000o\000u\000p\000l\000i\000n\000g\000\040\000G\000F}{chapter.13}% 229
\BOOKMARK [2][-]{subsection.13.5.1}{\376\377\000F\000r\000o\000m\000\040\000E\000f\000f\000e\000c\000t\000i\000v\000e\000\040\000C\000o\000u\000p\000l\000i\000n\000g\000\040\000t\000o\000\040\000G\000F}{section.13.5}% 230
\BOOKMARK [2][-]{subsection.13.5.2}{\376\377\000C\000o\000n\000s\000i\000s\000t\000e\000n\000c\000y\000\040\000C\000h\000e\000c\000k}{section.13.5}% 231
\BOOKMARK [1][-]{section.13.6}{\376\377\000E\000r\000r\000o\000r\000\040\000B\000u\000d\000g\000e\000t}{chapter.13}% 232
\BOOKMARK [1][-]{section.13.7}{\376\377\000T\000h\000e\000\040\000R\000e\000d\000u\000c\000t\000i\000o\000n\000\040\000C\000h\000a\000i\000n\000\040\000S\000u\000m\000m\000a\000r\000y}{chapter.13}% 233
\BOOKMARK [1][-]{section.13.8}{\376\377\000O\000p\000e\000n\000\040\000P\000r\000o\000b\000l\000e\000m\000s}{chapter.13}% 234
\BOOKMARK [0][-]{chapter.14}{\376\377\000F\000o\000u\000n\000d\000a\000t\000i\000o\000n\000\040\000P\000a\000r\000a\000m\000e\000t\000e\000r\000s}{part.3}% 235
\BOOKMARK [1][-]{section.14.1}{\376\377\000I\000n\000t\000r\000o\000d\000u\000c\000t\000i\000o\000n\000:\000\040\000T\000h\000e\000\040\000P\000a\000r\000a\000m\000e\000t\000e\000r\000\040\000P\000r\000o\000b\000l\000e\000m}{chapter.14}% 236
\BOOKMARK [1][-]{section.14.2}{\376\377\000S\000c\000a\000l\000e\000\040\000T\000a\000x\000o\000n\000o\000m\000y\000\040\000\050\000C\000a\000n\000o\000n\000i\000c\000a\000l\000\040\000R\000e\000f\000e\000r\000e\000n\000c\000e\000\051}{chapter.14}% 237
\BOOKMARK [2][-]{subsection.14.2.1}{\376\377\000A\000s\000s\000u\000m\000p\000t\000i\000o\000n\000\040\000L\000a\000b\000e\000l\000s\000\040\000f\000o\000r\000\040\000S\000c\000a\000l\000e\000\040\000I\000d\000e\000n\000t\000i\000f\000i\000c\000a\000t\000i\000o\000n\000s}{section.14.2}% 238
\BOOKMARK [1][-]{section.14.3}{\376\377\000O\000P\000R\000-\0000\0001\000:\000\040\000M\000e\000m\000b\000r\000a\000n\000e\000\040\000T\000e\000n\000s\000i\000o\000n\000\040\000a\000n\000d\000\040\000M\000a\000s\000s\000\040\000S\000c\000a\000l\000e}{chapter.14}% 239
\BOOKMARK [2][-]{subsection.14.3.1}{\376\377\000T\000h\000e\000\040\000D\000o\000m\000a\000i\000n\000-\000W\000a\000l\000l\000\040\000A\000n\000s\000a\000t\000z}{section.14.3}% 240
\BOOKMARK [2][-]{subsection.14.3.2}{\376\377\000D\000o\000m\000a\000i\000n\000-\000W\000a\000l\000l\000\040\000T\000e\000n\000s\000i\000o\000n}{section.14.3}% 241
\BOOKMARK [2][-]{subsection.14.3.3}{\376\377\000M\000a\000i\000n\000\040\000R\000e\000s\000u\000l\000t\000:\000\040\000M\0000\000\040\000f\000r\000o\000m\000\040\000\040\000a\000n\000d\000\040}{section.14.3}% 242
\BOOKMARK [1][-]{section.14.4}{\376\377\000O\000P\000R\000-\0000\0004\000:\000\040\000W\000a\000l\000l\000\040\000T\000h\000i\000c\000k\000n\000e\000s\000s\000\040\000f\000r\000o\000m\000\040\000K\000i\000n\000k\000\040\000T\000h\000e\000o\000r\000y}{chapter.14}% 243
\BOOKMARK [2][-]{subsection.14.4.1}{\376\377\000D\000e\000r\000i\000v\000a\000t\000i\000o\000n\000\040\000f\000r\000o\000m\000\040\000B\000P\000S\000\040\000E\000q\000u\000a\000t\000i\000o\000n}{section.14.4}% 244
\BOOKMARK [2][-]{subsection.14.4.2}{\376\377\000P\000a\000r\000a\000m\000e\000t\000e\000r\000\040\000R\000e\000d\000u\000c\000t\000i\000o\000n}{section.14.4}% 245
\BOOKMARK [1][-]{section.14.5}{\376\377\000O\000P\000R\000-\0001\0009\000:\000\040\0005\000D\000\040\000G\000a\000u\000g\000e\000\040\000C\000o\000u\000p\000l\000i\000n\000g\000\040\000R\000e\000d\000u\000c\000t\000i\000o\000n}{chapter.14}% 246
\BOOKMARK [2][-]{subsection.14.5.1}{\376\377\000T\000h\000e\000\040\0005\000D\000\040\000G\000a\000u\000g\000e\000\040\000A\000c\000t\000i\000o\000n}{section.14.5}% 247
\BOOKMARK [2][-]{subsection.14.5.2}{\376\377\000C\000r\000i\000t\000i\000c\000a\000l\000\040\000R\000e\000s\000u\000l\000t\000:\000\040\000W\000a\000r\000p\000\040\000F\000a\000c\000t\000o\000r\000\040\000C\000a\000n\000c\000e\000l\000l\000a\000t\000i\000o\000n}{section.14.5}% 248
\BOOKMARK [2][-]{subsection.14.5.3}{\376\377\000M\000a\000i\000n\000\040\000R\000e\000s\000u\000l\000t\000:\000\040\000g\0005\000\040\000g\0004\000\040\000R\000e\000d\000u\000c\000t\000i\000o\000n}{section.14.5}% 249
\BOOKMARK [1][-]{section.14.6}{\376\377\000P\000a\000r\000a\000m\000e\000t\000e\000r\000\040\000C\000l\000o\000s\000u\000r\000e\000\040\000S\000t\000a\000t\000u\000s}{chapter.14}% 250
\BOOKMARK [1][-]{section.14.7}{\376\377\000N\000o\000-\000S\000m\000u\000g\000g\000l\000i\000n\000g\000\040\000C\000e\000r\000t\000i\000f\000i\000c\000a\000t\000i\000o\000n}{chapter.14}% 251
\BOOKMARK [1][-]{section.14.8}{\376\377\000C\000h\000a\000p\000t\000e\000r\000\040\000S\000u\000m\000m\000a\000r\000y}{chapter.14}% 252
\BOOKMARK [0][-]{chapter.15}{\376\377\000B\000V\000P\000\040\000F\000r\000a\000m\000e\000w\000o\000r\000k}{part.3}% 253
\BOOKMARK [1][-]{section.15.1}{\376\377\000I\000n\000t\000r\000o\000d\000u\000c\000t\000i\000o\000n\000:\000\040\000W\000h\000y\000\040\000B\000o\000u\000n\000d\000a\000r\000y\000\040\000V\000a\000l\000u\000e\000\040\000P\000r\000o\000b\000l\000e\000m\000s\000?}{chapter.15}% 254
\BOOKMARK [1][-]{section.15.2}{\376\377\000G\000e\000n\000e\000r\000a\000l\000\040\000B\000V\000P\000\040\000S\000e\000t\000u\000p}{chapter.15}% 255
\BOOKMARK [2][-]{subsection.15.2.1}{\376\377\000T\000h\000e\000\040\000D\000o\000m\000a\000i\000n}{section.15.2}% 256
\BOOKMARK [2][-]{subsection.15.2.2}{\376\377\000G\000e\000n\000e\000r\000i\000c\000\040\000E\000q\000u\000a\000t\000i\000o\000n}{section.15.2}% 257
\BOOKMARK [2][-]{subsection.15.2.3}{\376\377\000B\000o\000u\000n\000d\000a\000r\000y\000\040\000C\000o\000n\000d\000i\000t\000i\000o\000n\000s}{section.15.2}% 258
\BOOKMARK [1][-]{section.15.3}{\376\377\000R\000o\000b\000i\000n\000\040\000B\000o\000u\000n\000d\000a\000r\000y\000\040\000C\000o\000n\000d\000i\000t\000i\000o\000n\000s}{chapter.15}% 259
\BOOKMARK [2][-]{subsection.15.3.1}{\376\377\000M\000a\000t\000h\000e\000m\000a\000t\000i\000c\000a\000l\000\040\000F\000o\000r\000m}{section.15.3}% 260
\BOOKMARK [2][-]{subsection.15.3.2}{\376\377\000E\000i\000g\000e\000n\000v\000a\000l\000u\000e\000\040\000E\000q\000u\000a\000t\000i\000o\000n}{section.15.3}% 261
\BOOKMARK [2][-]{subsection.15.3.3}{\376\377\000L\000i\000m\000i\000t\000i\000n\000g\000\040\000C\000a\000s\000e\000s}{section.15.3}% 262
\BOOKMARK [1][-]{section.15.4}{\376\377\000A\000p\000p\000l\000i\000c\000a\000t\000i\000o\000n\000s\000\040\000i\000n\000\040\000E\000D\000C}{chapter.15}% 263
\BOOKMARK [2][-]{subsection.15.4.1}{\376\377\000W\000\040\000B\000o\000s\000o\000n\000\040\000M\000a\000s\000s}{section.15.4}% 264
\BOOKMARK [2][-]{subsection.15.4.2}{\376\377\000F\000e\000r\000m\000i\000o\000n\000\040\000M\000a\000s\000s\000\040\000T\000o\000w\000e\000r}{section.15.4}% 265
\BOOKMARK [2][-]{subsection.15.4.3}{\376\377\000N\000e\000u\000t\000r\000i\000n\000o\000\040\000S\000u\000p\000p\000r\000e\000s\000s\000i\000o\000n}{section.15.4}% 266
\BOOKMARK [1][-]{section.15.5}{\376\377\000N\000u\000m\000e\000r\000i\000c\000a\000l\000\040\000M\000e\000t\000h\000o\000d\000s}{chapter.15}% 267
\BOOKMARK [2][-]{subsection.15.5.1}{\376\377\000S\000t\000a\000n\000d\000a\000r\000d\000\040\000A\000p\000p\000r\000o\000a\000c\000h}{section.15.5}% 268
\BOOKMARK [2][-]{subsection.15.5.2}{\376\377\000N\000u\000m\000e\000r\000i\000c\000a\000l\000\040\000S\000t\000a\000n\000d\000a\000r\000d\000s}{section.15.5}% 269
\BOOKMARK [2][-]{subsection.15.5.3}{\376\377\000R\000e\000f\000e\000r\000e\000n\000c\000e\000\040\000I\000m\000p\000l\000e\000m\000e\000n\000t\000a\000t\000i\000o\000n}{section.15.5}% 270
\BOOKMARK [1][-]{section.15.6}{\376\377\000C\000o\000n\000v\000e\000r\000g\000e\000n\000c\000e\000\040\000A\000n\000a\000l\000y\000s\000i\000s}{chapter.15}% 271
\BOOKMARK [2][-]{subsection.15.6.1}{\376\377\000G\000r\000i\000d\000\040\000R\000e\000f\000i\000n\000e\000m\000e\000n\000t}{section.15.6}% 272
\BOOKMARK [2][-]{subsection.15.6.2}{\376\377\000S\000t\000a\000b\000i\000l\000i\000t\000y\000\040\000A\000n\000a\000l\000y\000s\000i\000s}{section.15.6}% 273
\BOOKMARK [1][-]{section.15.7}{\376\377\000S\000t\000a\000t\000u\000s\000:\000\040\000O\000P\000R\000-\0002\0001}{chapter.15}% 274
\BOOKMARK [1][-]{section.15.8}{\376\377\000S\000u\000m\000m\000a\000r\000y}{chapter.15}% 275
\BOOKMARK [0][-]{chapter.16}{\376\377\000M\000W\000\040\000a\000n\000d\000\040\000G\000F\000\040\000D\000e\000r\000i\000v\000a\000t\000i\000o\000n}{part.3}% 276
\BOOKMARK [1][-]{section.16.1}{\376\377\000I\000n\000t\000r\000o\000d\000u\000c\000t\000i\000o\000n}{chapter.16}% 277
\BOOKMARK [1][-]{section.16.2}{\376\377\000W\000\040\000B\000o\000s\000o\000n\000\040\000M\000a\000s\000s\000:\000\040\000D\000e\000r\000i\000v\000a\000t\000i\000o\000n}{chapter.16}% 278
\BOOKMARK [2][-]{subsection.16.2.1}{\376\377\000G\000e\000o\000m\000e\000t\000r\000i\000c\000\040\000S\000e\000t\000u\000p}{section.16.2}% 279
\BOOKMARK [2][-]{subsection.16.2.2}{\376\377\000D\000e\000r\000i\000v\000a\000t\000i\000o\000n\000\040\000f\000r\000o\000m\000\040\000B\000V\000P}{section.16.2}% 280
\BOOKMARK [2][-]{subsection.16.2.3}{\376\377\000N\000u\000m\000e\000r\000i\000c\000a\000l\000\040\000E\000v\000a\000l\000u\000a\000t\000i\000o\000n}{section.16.2}% 281
\BOOKMARK [1][-]{section.16.3}{\376\377\000M\000W\000\040\000E\000r\000r\000o\000r\000\040\000B\000u\000d\000g\000e\000t}{chapter.16}% 282
\BOOKMARK [1][-]{section.16.4}{\376\377\000M\000Z\000\040\000f\000r\000o\000m\000\040\000M\000W}{chapter.16}% 283
\BOOKMARK [1][-]{section.16.5}{\376\377\000F\000e\000r\000m\000i\000\040\000C\000o\000u\000p\000l\000i\000n\000g\000\040\000f\000r\000o\000m\000\040\000G\000e\000o\000m\000e\000t\000r\000y}{chapter.16}% 284
\BOOKMARK [2][-]{subsection.16.5.1}{\376\377\000D\000e\000r\000i\000v\000a\000t\000i\000o\000n\000\040\000C\000h\000a\000i\000n}{section.16.5}% 285
\BOOKMARK [2][-]{subsection.16.5.2}{\376\377\000S\000M\000\040\000C\000o\000n\000s\000i\000s\000t\000e\000n\000c\000y}{section.16.5}% 286
\BOOKMARK [1][-]{section.16.6}{\376\377\000G\000F\000\040\000E\000r\000r\000o\000r\000\040\000B\000u\000d\000g\000e\000t}{chapter.16}% 287
\BOOKMARK [1][-]{section.16.7}{\376\377\000O\000P\000R\000-\0002\0000\000\040\000S\000t\000a\000t\000u\000s\000:\000\040\000M\000W\000\040\000f\000r\000o\000m\000\040\000F\000i\000r\000s\000t\000\040\000P\000r\000i\000n\000c\000i\000p\000l\000e\000s}{chapter.16}% 288
\BOOKMARK [1][-]{section.16.8}{\376\377\000O\000P\000R\000-\0002\0002\000\040\000S\000t\000a\000t\000u\000s\000:\000\040\000G\000F\000\040\000N\000o\000r\000m\000a\000l\000i\000z\000a\000t\000i\000o\000n}{chapter.16}% 289
\BOOKMARK [1][-]{section.16.9}{\376\377\000C\000o\000n\000s\000i\000s\000t\000e\000n\000c\000y\000\040\000C\000h\000e\000c\000k\000s}{chapter.16}% 290
\BOOKMARK [2][-]{subsection.16.9.1}{\376\377\000I\000n\000t\000e\000r\000n\000a\000l\000\040\000C\000o\000n\000s\000i\000s\000t\000e\000n\000c\000y}{section.16.9}% 291
\BOOKMARK [2][-]{subsection.16.9.2}{\376\377\000R\000a\000t\000i\000o\000\040\000T\000e\000s\000t}{section.16.9}% 292
\BOOKMARK [1][-]{section.16.10}{\376\377\000S\000u\000m\000m\000a\000r\000y}{chapter.16}% 293
\BOOKMARK [0][-]{chapter.17}{\376\377\000E\000p\000i\000s\000t\000e\000m\000i\000c\000\040\000S\000u\000m\000m\000a\000r\000y}{part.3}% 294
\BOOKMARK [1][-]{section.17.1}{\376\377\000I\000n\000t\000r\000o\000d\000u\000c\000t\000i\000o\000n\000:\000\040\000T\000r\000a\000n\000s\000p\000a\000r\000e\000n\000c\000y\000\040\000O\000v\000e\000r\000\040\000C\000e\000r\000t\000a\000i\000n\000t\000y}{chapter.17}% 295
\BOOKMARK [1][-]{section.17.2}{\376\377\000E\000s\000t\000a\000b\000l\000i\000s\000h\000e\000d\000\040\000R\000e\000s\000u\000l\000t\000s\000\040\000[\000D\000e\000r\000]}{chapter.17}% 296
\BOOKMARK [1][-]{section.17.3}{\376\377\000C\000o\000n\000d\000i\000t\000i\000o\000n\000a\000l\000\040\000R\000e\000s\000u\000l\000t\000s\000\040\000[\000D\000c\000]}{chapter.17}% 297
\BOOKMARK [1][-]{section.17.4}{\376\377\000I\000d\000e\000n\000t\000i\000f\000i\000e\000d\000\040\000P\000a\000t\000t\000e\000r\000n\000s\000\040\000[\000I\000]}{chapter.17}% 298
\BOOKMARK [1][-]{section.17.5}{\376\377\000C\000a\000l\000i\000b\000r\000a\000t\000e\000d\000\040\000P\000a\000r\000a\000m\000e\000t\000e\000r\000s\000\040\000[\000C\000a\000l\000]}{chapter.17}% 299
\BOOKMARK [1][-]{section.17.6}{\376\377\000O\000p\000e\000n\000\040\000P\000r\000o\000b\000l\000e\000m\000s\000\040\000[\000O\000p\000e\000n\000]}{chapter.17}% 300
\BOOKMARK [2][-]{subsection.17.6.1}{\376\377\000C\000r\000i\000t\000i\000c\000a\000l\000\040\000\050\000B\000l\000o\000c\000k\000\040\000F\000u\000r\000t\000h\000e\000r\000\040\000P\000r\000o\000g\000r\000e\000s\000s\000\051}{section.17.6}% 301
\BOOKMARK [2][-]{subsection.17.6.2}{\376\377\000I\000m\000p\000o\000r\000t\000a\000n\000t\000\040\000\050\000A\000f\000f\000e\000c\000t\000\040\000P\000r\000e\000c\000i\000s\000i\000o\000n\000\051}{section.17.6}% 302
\BOOKMARK [2][-]{subsection.17.6.3}{\376\377\000R\000e\000f\000i\000n\000e\000m\000e\000n\000t\000\040\000\050\000P\000o\000l\000i\000s\000h\000\051}{section.17.6}% 303
\BOOKMARK [1][-]{section.17.7}{\376\377\000P\000a\000t\000h\000\040\000t\000o\000\040\000F\000u\000l\000l\000\040\000D\000e\000r\000i\000v\000a\000t\000i\000o\000n}{chapter.17}% 304
\BOOKMARK [2][-]{subsection.17.7.1}{\376\377\000W\000h\000a\000t\000\040\000N\000e\000e\000d\000s\000\040\000t\000o\000\040\000B\000e\000\040\000D\000o\000n\000e}{section.17.7}% 305
\BOOKMARK [2][-]{subsection.17.7.2}{\376\377\000P\000r\000i\000o\000r\000i\000t\000y\000\040\000O\000r\000d\000e\000r}{section.17.7}% 306
\BOOKMARK [1][-]{section.17.8}{\376\377\000F\000a\000l\000s\000i\000f\000i\000c\000a\000t\000i\000o\000n\000\040\000C\000r\000i\000t\000e\000r\000i\000a}{chapter.17}% 307
\BOOKMARK [2][-]{subsection.17.8.1}{\376\377\000W\000h\000a\000t\000\040\000W\000o\000u\000l\000d\000\040\000F\000a\000l\000s\000i\000f\000y\000\040\000E\000D\000C}{section.17.8}% 308
\BOOKMARK [2][-]{subsection.17.8.2}{\376\377\000W\000h\000a\000t\000\040\000W\000o\000u\000l\000d\000\040\000N\000O\000T\000\040\000F\000a\000l\000s\000i\000f\000y\000\040\000E\000D\000C}{section.17.8}% 309
\BOOKMARK [2][-]{subsection.17.8.3}{\376\377\000C\000u\000r\000r\000e\000n\000t\000\040\000S\000t\000a\000t\000u\000s}{section.17.8}% 310
\BOOKMARK [1][-]{section.17.9}{\376\377\000C\000o\000n\000f\000i\000d\000e\000n\000c\000e\000\040\000A\000s\000s\000e\000s\000s\000m\000e\000n\000t}{chapter.17}% 311
\BOOKMARK [2][-]{subsection.17.9.1}{\376\377\000H\000i\000g\000h\000\040\000C\000o\000n\000f\000i\000d\000e\000n\000c\000e}{section.17.9}% 312
\BOOKMARK [2][-]{subsection.17.9.2}{\376\377\000M\000e\000d\000i\000u\000m\000\040\000C\000o\000n\000f\000i\000d\000e\000n\000c\000e}{section.17.9}% 313
\BOOKMARK [2][-]{subsection.17.9.3}{\376\377\000L\000o\000w\000\040\000C\000o\000n\000f\000i\000d\000e\000n\000c\000e\000\040\000\050\000S\000p\000e\000c\000u\000l\000a\000t\000i\000v\000e\000\051}{section.17.9}% 314
\BOOKMARK [1][-]{section.17.10}{\376\377\000S\000u\000m\000m\000a\000r\000y\000:\000\040\000T\000h\000e\000\040\000E\000p\000i\000s\000t\000e\000m\000i\000c\000\040\000L\000e\000d\000g\000e\000r}{chapter.17}% 315
\BOOKMARK [0][-]{chapter.18}{\376\377\000B\000e\000y\000o\000n\000d\000\040\000t\000h\000e\000\040\000W\000e\000a\000k\000\040\000S\000e\000c\000t\000o\000r}{part.3}% 316
\BOOKMARK [1][-]{section.18.1}{\376\377\000W\000h\000a\000t\000\040\000W\000e\000\040\000H\000a\000v\000e\000\040\000E\000s\000t\000a\000b\000l\000i\000s\000h\000e\000d}{chapter.18}% 317
\BOOKMARK [1][-]{section.18.2}{\376\377\000N\000u\000c\000l\000e\000a\000r\000\040\000A\000p\000p\000l\000i\000c\000a\000t\000i\000o\000n\000s}{chapter.18}% 318
\BOOKMARK [2][-]{subsection.18.2.1}{\376\377\000N\000u\000c\000l\000e\000a\000r\000\040\000B\000i\000n\000d\000i\000n\000g}{section.18.2}% 319
\BOOKMARK [2][-]{subsection.18.2.2}{\376\377\000N\000u\000c\000l\000e\000a\000r\000\040\000D\000e\000c\000a\000y\000\040\000M\000o\000d\000e\000s}{section.18.2}% 320
\BOOKMARK [2][-]{subsection.18.2.3}{\376\377\000P\000r\000e\000v\000i\000e\000w\000:\000\040\000H\000e\000l\000i\000u\000m\000-\0004}{section.18.2}% 321
\BOOKMARK [1][-]{section.18.3}{\376\377\000E\000x\000p\000e\000r\000i\000m\000e\000n\000t\000a\000l\000\040\000T\000e\000s\000t\000s}{chapter.18}% 322
\BOOKMARK [2][-]{subsection.18.3.1}{\376\377\000P\000r\000e\000c\000i\000s\000i\000o\000n\000\040\000T\000e\000s\000t\000s}{section.18.3}% 323
\BOOKMARK [2][-]{subsection.18.3.2}{\376\377\000S\000t\000r\000u\000c\000t\000u\000r\000a\000l\000\040\000T\000e\000s\000t\000s}{section.18.3}% 324
\BOOKMARK [2][-]{subsection.18.3.3}{\376\377\000C\000o\000s\000m\000o\000l\000o\000g\000i\000c\000a\000l\000\040\000T\000e\000s\000t\000s}{section.18.3}% 325
\BOOKMARK [1][-]{section.18.4}{\376\377\000P\000h\000i\000l\000o\000s\000o\000p\000h\000i\000c\000a\000l\000\040\000I\000m\000p\000l\000i\000c\000a\000t\000i\000o\000n\000s}{chapter.18}% 326
\BOOKMARK [1][-]{section.18.5}{\376\377\000O\000p\000e\000n\000\040\000Q\000u\000e\000s\000t\000i\000o\000n\000s}{chapter.18}% 327
\BOOKMARK [1][-]{section.18.6}{\376\377\000C\000o\000n\000c\000l\000u\000s\000i\000o\000n}{chapter.18}% 328
\BOOKMARK [0][-]{appendix.A}{\376\377\000O\000p\000e\000n\000\040\000P\000r\000o\000b\000l\000e\000m\000s\000\040\000R\000e\000g\000i\000s\000t\000e\000r}{part.3}% 329
\BOOKMARK [1][-]{section.A.1}{\376\377\000C\000r\000i\000t\000i\000c\000a\000l\000\040\000P\000r\000o\000b\000l\000e\000m\000s\000\040\000\050\000B\000l\000o\000c\000k\000\040\000M\000u\000l\000t\000i\000p\000l\000e\000\040\000R\000e\000s\000u\000l\000t\000s\000\051}{appendix.A}% 330
\BOOKMARK [1][-]{section.A.2}{\376\377\000E\000l\000e\000c\000t\000r\000o\000w\000e\000a\000k\000\040\000S\000e\000c\000t\000o\000r\000\040\000P\000r\000o\000b\000l\000e\000m\000s}{appendix.A}% 331
\BOOKMARK [1][-]{section.A.3}{\376\377\000D\000e\000c\000a\000y\000\040\000P\000r\000o\000c\000e\000s\000s\000\040\000P\000r\000o\000b\000l\000e\000m\000s}{appendix.A}% 332
\BOOKMARK [1][-]{section.A.4}{\376\377\000G\000e\000n\000e\000r\000a\000t\000i\000o\000n\000\040\000S\000t\000r\000u\000c\000t\000u\000r\000e\000\040\000P\000r\000o\000b\000l\000e\000m\000s}{appendix.A}% 333
\BOOKMARK [1][-]{section.A.5}{\376\377\000P\000r\000i\000o\000r\000i\000t\000y\000\040\000a\000n\000d\000\040\000D\000e\000p\000e\000n\000d\000e\000n\000c\000i\000e\000s}{appendix.A}% 334
\BOOKMARK [1][-]{section.A.6}{\376\377\000S\000u\000m\000m\000a\000r\000y\000\040\000T\000a\000b\000l\000e}{appendix.A}% 335
\BOOKMARK [0][-]{appendix.B}{\376\377\000N\000o\000t\000a\000t\000i\000o\000n\000\040\000a\000n\000d\000\040\000C\000o\000n\000v\000e\000n\000t\000i\000o\000n\000s}{part.3}% 336
\BOOKMARK [1][-]{section.B.1}{\376\377\000U\000n\000i\000t\000s}{appendix.B}% 337
\BOOKMARK [1][-]{section.B.2}{\376\377\0005\000D\000\040\000v\000s\000\040\0003\000D\000/\0004\000D\000\040\000Q\000u\000a\000n\000t\000i\000t\000i\000e\000s}{appendix.B}% 338
\BOOKMARK [1][-]{section.B.3}{\376\377\000E\000p\000i\000s\000t\000e\000m\000i\000c\000\040\000T\000a\000g\000s}{appendix.B}% 339
\BOOKMARK [1][-]{section.B.4}{\376\377\000G\000e\000o\000m\000e\000t\000r\000i\000c\000\040\000P\000a\000r\000a\000m\000e\000t\000e\000r\000s}{appendix.B}% 340
\BOOKMARK [1][-]{section.B.5}{\376\377\000P\000a\000r\000t\000i\000c\000l\000e\000\040\000P\000r\000o\000p\000e\000r\000t\000i\000e\000s}{appendix.B}% 341
\BOOKMARK [1][-]{section.B.6}{\376\377\000E\000D\000C\000\040\000P\000r\000e\000d\000i\000c\000t\000i\000o\000n\000s}{appendix.B}% 342
\BOOKMARK [1][-]{section.B.7}{\376\377\000M\000a\000t\000h\000e\000m\000a\000t\000i\000c\000a\000l\000\040\000N\000o\000t\000a\000t\000i\000o\000n}{appendix.B}% 343
\BOOKMARK [1][-]{section.B.8}{\376\377\000A\000b\000b\000r\000e\000v\000i\000a\000t\000i\000o\000n\000s}{appendix.B}% 344
\BOOKMARK [0][-]{appendix.C}{\376\377\000N\000u\000m\000e\000r\000i\000c\000a\000l\000\040\000V\000e\000r\000i\000f\000i\000c\000a\000t\000i\000o\000n\000\040\000S\000t\000a\000n\000d\000a\000r\000d\000s}{part.3}% 345
\BOOKMARK [1][-]{section.C.1}{\376\377\000M\000o\000t\000i\000v\000a\000t\000i\000o\000n}{appendix.C}% 346
\BOOKMARK [1][-]{section.C.2}{\376\377\000T\000h\000r\000e\000e\000-\000M\000e\000t\000h\000o\000d\000\040\000V\000e\000r\000i\000f\000i\000c\000a\000t\000i\000o\000n\000\040\000P\000r\000o\000t\000o\000c\000o\000l}{appendix.C}% 347
\BOOKMARK [2][-]{subsection.C.2.1}{\376\377\000M\000e\000t\000h\000o\000d\000\040\0001\000:\000\040\000G\000r\000i\000d\000\040\000R\000e\000f\000i\000n\000e\000m\000e\000n\000t\000\040\000\050\000R\000i\000c\000h\000a\000r\000d\000s\000o\000n\000\040\000E\000x\000t\000r\000a\000p\000o\000l\000a\000t\000i\000o\000n\000\051}{section.C.2}% 348
\BOOKMARK [2][-]{subsection.C.2.2}{\376\377\000M\000e\000t\000h\000o\000d\000\040\0002\000:\000\040\000I\000n\000d\000e\000p\000e\000n\000d\000e\000n\000t\000\040\000I\000n\000t\000e\000g\000r\000a\000t\000o\000r\000\040\000C\000r\000o\000s\000s\000-\000C\000h\000e\000c\000k}{section.C.2}% 349
\BOOKMARK [2][-]{subsection.C.2.3}{\376\377\000M\000e\000t\000h\000o\000d\000\040\0003\000:\000\040\000A\000s\000y\000m\000p\000t\000o\000t\000i\000c\000/\000A\000n\000a\000l\000y\000t\000i\000c\000\040\000L\000i\000m\000i\000t\000\040\000V\000e\000r\000i\000f\000i\000c\000a\000t\000i\000o\000n}{section.C.2}% 350
\BOOKMARK [1][-]{section.C.3}{\376\377\000T\000o\000l\000e\000r\000a\000n\000c\000e\000\040\000S\000t\000a\000n\000d\000a\000r\000d\000s}{appendix.C}% 351
\BOOKMARK [1][-]{section.C.4}{\376\377\000R\000e\000p\000o\000r\000t\000i\000n\000g\000\040\000R\000e\000q\000u\000i\000r\000e\000m\000e\000n\000t\000s}{appendix.C}% 352
\BOOKMARK [1][-]{section.C.5}{\376\377\000B\000V\000P\000-\000S\000p\000e\000c\000i\000f\000i\000c\000\040\000S\000t\000a\000n\000d\000a\000r\000d\000s}{appendix.C}% 353
\BOOKMARK [2][-]{subsection.C.5.1}{\376\377\000E\000i\000g\000e\000n\000v\000a\000l\000u\000e\000\040\000C\000a\000l\000c\000u\000l\000a\000t\000i\000o\000n\000s}{section.C.5}% 354
\BOOKMARK [2][-]{subsection.C.5.2}{\376\377\000R\000o\000b\000i\000n\000\040\000B\000C\000\040\000V\000e\000r\000i\000f\000i\000c\000a\000t\000i\000o\000n}{section.C.5}% 355
\BOOKMARK [1][-]{section.C.6}{\376\377\000R\000e\000f\000e\000r\000e\000n\000c\000e\000\040\000I\000m\000p\000l\000e\000m\000e\000n\000t\000a\000t\000i\000o\000n\000s}{appendix.C}% 356
\BOOKMARK [2][-]{subsection.C.6.1}{\376\377\000P\000y\000t\000h\000o\000n\000\040\000S\000t\000a\000n\000d\000a\000r\000d\000s}{section.C.6}% 357
\BOOKMARK [2][-]{subsection.C.6.2}{\376\377\000E\000x\000a\000m\000p\000l\000e\000:\000\040\000R\000o\000b\000i\000n\000\040\000E\000i\000g\000e\000n\000v\000a\000l\000u\000e}{section.C.6}% 358
\BOOKMARK [1][-]{section.C.7}{\376\377\000D\000o\000c\000u\000m\000e\000n\000t\000a\000t\000i\000o\000n\000\040\000T\000e\000m\000p\000l\000a\000t\000e}{appendix.C}% 359
