\BOOKMARK [1][-]{section.1}{\376\377\000I\000n\000t\000r\000o\000d\000u\000c\000t\000i\000o\000n\000\040\000a\000n\000d\000\040\000M\000o\000t\000i\000v\000a\000t\000i\000o\000n}{}% 1
\BOOKMARK [2][-]{subsection.1.1}{\376\377\000U\000n\000i\000t\000-\000C\000h\000a\000n\000g\000e\000\040\000I\000n\000v\000a\000r\000i\000a\000n\000c\000e}{section.1}% 2
\BOOKMARK [1][-]{section.2}{\376\377\000C\000o\000n\000v\000e\000n\000t\000i\000o\000n\000s\000:\000\040\000R\000e\000f\000e\000r\000e\000n\000c\000e\000\040\000S\000c\000a\000l\000e\000\040\000D\000e\000c\000l\000a\000r\000a\000t\000i\000o\000n}{}% 3
\BOOKMARK [2][-]{subsection.2.1}{\376\377\000D\000e\000r\000i\000v\000e\000d\000\040\000S\000c\000a\000l\000e\000\040\000R\000a\000t\000i\000o\000s}{section.2}% 4
\BOOKMARK [2][-]{subsection.2.2}{\376\377\000B\000K\000T\000\040\000S\000c\000a\000l\000e\000\040\000R\000a\000t\000i\000o\000s}{section.2}% 5
\BOOKMARK [1][-]{section.3}{\376\377\000L\000o\000g\000\040\000H\000y\000g\000i\000e\000n\000e\000\040\000L\000o\000c\000k\000:\000\040\000F\000o\000r\000m\000a\000l\000\040\000D\000e\000f\000i\000n\000i\000t\000i\000o\000n}{}% 6
\BOOKMARK [2][-]{subsection.3.1}{\376\377\000W\000h\000i\000t\000e\000l\000i\000s\000t\000\040\000P\000a\000t\000t\000e\000r\000n\000s}{section.3}% 7
\BOOKMARK [2][-]{subsection.3.2}{\376\377\000L\000o\000g\000\040\000I\000n\000v\000e\000n\000t\000o\000r\000y\000\040\000f\000r\000o\000m\000\040\000P\000r\000e\000v\000i\000o\000u\000s\000\040\000D\000e\000r\000i\000v\000a\000t\000i\000o\000n\000s}{section.3}% 8
\BOOKMARK [1][-]{section.4}{\376\377\000R\000G\000\040\000R\000u\000n\000n\000i\000n\000g\000\040\000w\000i\000t\000h\000\040\000D\000i\000m\000e\000n\000s\000i\000o\000n\000l\000e\000s\000s\000\040\000L\000o\000g\000s}{}% 9
\BOOKMARK [2][-]{subsection.4.1}{\376\377\000B\000e\000t\000a\000\040\000F\000u\000n\000c\000t\000i\000o\000n\000\040\000C\000o\000e\000f\000f\000i\000c\000i\000e\000n\000t\000s}{section.4}% 10
\BOOKMARK [2][-]{subsection.4.2}{\376\377\000R\000u\000n\000n\000i\000n\000g\000\040\000f\000r\000o\000m\000\040\000K\000K\000\040\000t\000o\000\040\000I\000R\000\040\000S\000c\000a\000l\000e}{section.4}% 11
\BOOKMARK [1][-]{section.5}{\376\377\000U\000n\000i\000t\000-\000C\000h\000a\000n\000g\000e\000\040\000I\000n\000v\000a\000r\000i\000a\000n\000c\000e\000\040\000P\000r\000o\000t\000o\000c\000o\000l}{}% 12
\BOOKMARK [2][-]{subsection.5.1}{\376\377\000D\000i\000m\000e\000n\000s\000i\000o\000n\000l\000e\000s\000s\000\040\000Q\000u\000a\000n\000t\000i\000t\000i\000e\000s\000:\000\040\000I\000n\000v\000a\000r\000i\000a\000n\000c\000e\000\040\000C\000h\000e\000c\000k}{section.5}% 13
\BOOKMARK [2][-]{subsection.5.2}{\376\377\000D\000i\000m\000e\000n\000s\000i\000o\000n\000a\000l\000\040\000Q\000u\000a\000n\000t\000i\000t\000i\000e\000s\000:\000\040\000S\000c\000a\000l\000i\000n\000g\000\040\000C\000h\000e\000c\000k}{section.5}% 14
\BOOKMARK [2][-]{subsection.5.3}{\376\377\000F\000e\000r\000m\000i\000\040\000C\000o\000n\000s\000t\000a\000n\000t\000\040\000U\000n\000i\000t\000\040\000T\000e\000s\000t}{section.5}% 15
\BOOKMARK [1][-]{section.6}{\376\377\000S\000y\000s\000t\000e\000m\000a\000t\000i\000c\000\040\000D\000e\000r\000i\000v\000a\000t\000i\000o\000n\000:\000\040\000C\000o\000u\000p\000l\000i\000n\000g\000\040\000a\000t\000\040\000*}{}% 16
\BOOKMARK [2][-]{subsection.6.1}{\376\377\000H\000y\000p\000e\000r\000c\000h\000a\000r\000g\000e\000\040\000M\000a\000t\000c\000h\000i\000n\000g}{section.6}% 17
\BOOKMARK [2][-]{subsection.6.2}{\376\377\000W\000e\000i\000n\000b\000e\000r\000g\000\040\000A\000n\000g\000l\000e\000\040\000F\000o\000r\000m\000u\000l\000a}{section.6}% 18
\BOOKMARK [1][-]{section.7}{\376\377\000T\000h\000r\000e\000s\000h\000o\000l\000d\000\040\000C\000o\000r\000r\000e\000c\000t\000i\000o\000n\000s\000\040\000w\000i\000t\000h\000\040\000D\000i\000m\000e\000n\000s\000i\000o\000n\000l\000e\000s\000s\000\040\000L\000o\000g\000s}{}% 19
\BOOKMARK [2][-]{subsection.7.1}{\376\377\000Z\000e\000t\000a\000\040\000R\000e\000g\000u\000l\000a\000r\000i\000z\000a\000t\000i\000o\000n}{section.7}% 20
\BOOKMARK [2][-]{subsection.7.2}{\376\377\000H\000e\000a\000t\000\040\000K\000e\000r\000n\000e\000l\000\040\000R\000e\000g\000u\000l\000a\000r\000i\000z\000a\000t\000i\000o\000n}{section.7}% 21
\BOOKMARK [1][-]{section.8}{\376\377\000E\000x\000p\000l\000i\000c\000i\000t\000\040\000L\000o\000g\000\040\000H\000y\000g\000i\000e\000n\000e\000\040\000V\000e\000r\000i\000f\000i\000c\000a\000t\000i\000o\000n}{}% 22
\BOOKMARK [2][-]{subsection.8.1}{\376\377\000R\000G\000\040\000L\000o\000g\000a\000r\000i\000t\000h\000m\000s}{section.8}% 23
\BOOKMARK [2][-]{subsection.8.2}{\376\377\000B\000K\000T\000\040\000L\000o\000g\000a\000r\000i\000t\000h\000m\000s}{section.8}% 24
\BOOKMARK [2][-]{subsection.8.3}{\376\377\000K\000K\000\040\000L\000o\000g\000a\000r\000i\000t\000h\000m\000s}{section.8}% 25
\BOOKMARK [2][-]{subsection.8.4}{\376\377\000M\000a\000t\000c\000h\000i\000n\000g\000\040\000S\000c\000a\000l\000e\000\040\000L\000o\000g\000a\000r\000i\000t\000h\000m\000s}{section.8}% 26
\BOOKMARK [1][-]{section.9}{\376\377\000F\000o\000r\000b\000i\000d\000d\000e\000n\000\040\000I\000n\000p\000u\000t\000\040\000G\000a\000t\000e}{}% 27
\BOOKMARK [1][-]{section.10}{\376\377\000C\000o\000m\000p\000l\000e\000t\000e\000\040\000S\000c\000a\000l\000e\000\040\000H\000i\000e\000r\000a\000r\000c\000h\000y\000\040\000M\000a\000p}{}% 28
\BOOKMARK [2][-]{subsection.10.1}{\376\377\000S\000c\000a\000l\000e\000\040\000R\000e\000l\000a\000t\000i\000o\000n\000s}{section.10}% 29
\BOOKMARK [1][-]{section.11}{\376\377\000E\000x\000t\000e\000n\000d\000e\000d\000\040\000D\000e\000r\000i\000v\000a\000t\000i\000o\000n\000s\000:\000\040\000P\000S\000\040\000M\000a\000t\000c\000h\000i\000n\000g}{}% 30
\BOOKMARK [2][-]{subsection.11.1}{\376\377\000P\000S\000\040\000G\000a\000u\000g\000e\000\040\000G\000r\000o\000u\000p\000\040\000S\000t\000r\000u\000c\000t\000u\000r\000e}{section.11}% 31
\BOOKMARK [2][-]{subsection.11.2}{\376\377\000C\000o\000u\000p\000l\000i\000n\000g\000\040\000M\000a\000t\000c\000h\000i\000n\000g\000\040\000C\000o\000e\000f\000f\000i\000c\000i\000e\000n\000t\000s}{section.11}% 32
\BOOKMARK [2][-]{subsection.11.3}{\376\377\000M\000a\000t\000c\000h\000i\000n\000g\000\040\000a\000t\000\040\000*}{section.11}% 33
\BOOKMARK [1][-]{section.12}{\376\377\000E\000x\000t\000e\000n\000d\000e\000d\000\040\000D\000e\000r\000i\000v\000a\000t\000i\000o\000n\000s\000:\000\040\000R\000G\000\040\000E\000v\000o\000l\000u\000t\000i\000o\000n}{}% 34
\BOOKMARK [2][-]{subsection.12.1}{\376\377\000T\000w\000o\000-\000L\000o\000o\000p\000\040\000S\000t\000r\000u\000c\000t\000u\000r\000e}{section.12}% 35
\BOOKMARK [2][-]{subsection.12.2}{\376\377\000T\000h\000r\000e\000s\000h\000o\000l\000d\000\040\000M\000a\000t\000c\000h\000i\000n\000g}{section.12}% 36
\BOOKMARK [1][-]{section.13}{\376\377\000N\000o\000t\000a\000t\000i\000o\000n\000\040\000R\000e\000g\000i\000s\000t\000r\000y}{}% 37
\BOOKMARK [1][-]{section.14}{\376\377\000U\000n\000i\000t\000-\000C\000h\000a\000n\000g\000e\000\040\000I\000n\000v\000a\000r\000i\000a\000n\000c\000e\000:\000\040\000E\000x\000p\000l\000i\000c\000i\000t\000\040\000T\000e\000s\000t}{}% 38
\BOOKMARK [2][-]{subsection.14.1}{\376\377\000T\000e\000s\000t\000\040\000C\000o\000n\000f\000i\000g\000u\000r\000a\000t\000i\000o\000n}{section.14}% 39
\BOOKMARK [2][-]{subsection.14.2}{\376\377\000I\000n\000v\000a\000r\000i\000a\000n\000t\000\040\000V\000e\000r\000i\000f\000i\000c\000a\000t\000i\000o\000n}{section.14}% 40
\BOOKMARK [1][-]{section.15}{\376\377\000R\000e\000v\000i\000e\000w\000e\000r\000\040\000T\000r\000a\000p\000s}{}% 41
\BOOKMARK [1][-]{section.16}{\376\377\000S\000u\000m\000m\000a\000r\000y\000\040\000a\000n\000d\000\040\000V\000e\000r\000i\000f\000i\000c\000a\000t\000i\000o\000n\000\040\000C\000h\000e\000c\000k\000l\000i\000s\000t}{}% 42
\BOOKMARK [2][-]{subsection.16.1}{\376\377\000H\000a\000s\000h\000\040\000C\000h\000a\000i\000n}{section.16}% 43
\BOOKMARK [1][-]{appendix.A}{\376\377\000E\000x\000t\000e\000n\000d\000e\000d\000\040\000L\000o\000g\000\040\000H\000y\000g\000i\000e\000n\000e\000\040\000A\000n\000a\000l\000y\000s\000i\000s}{}% 44
\BOOKMARK [2][-]{subsection.A.1}{\376\377\000C\000o\000m\000p\000l\000e\000t\000e\000\040\000L\000o\000g\000\040\000S\000c\000a\000n\000\040\000R\000e\000s\000u\000l\000t\000s}{appendix.A}% 45
\BOOKMARK [2][-]{subsection.A.2}{\376\377\000W\000h\000i\000t\000e\000l\000i\000s\000t\000\040\000P\000a\000t\000t\000e\000r\000n\000\040\000D\000e\000f\000i\000n\000i\000t\000i\000o\000n\000s}{appendix.A}% 46
\BOOKMARK [1][-]{appendix.B}{\376\377\000U\000n\000i\000t\000-\000C\000h\000a\000n\000g\000e\000\040\000I\000n\000v\000a\000r\000i\000a\000n\000c\000e\000:\000\040\000E\000x\000t\000e\000n\000d\000e\000d\000\040\000T\000e\000s\000t\000s}{}% 47
\BOOKMARK [2][-]{subsection.B.1}{\376\377\000M\000u\000l\000t\000i\000p\000l\000e\000\040\000S\000c\000a\000l\000i\000n\000g\000\040\000F\000a\000c\000t\000o\000r\000s}{appendix.B}% 48
\BOOKMARK [2][-]{subsection.B.2}{\376\377\000D\000i\000m\000e\000n\000s\000i\000o\000n\000a\000l\000\040\000S\000c\000a\000l\000i\000n\000g\000\040\000V\000e\000r\000i\000f\000i\000c\000a\000t\000i\000o\000n}{appendix.B}% 49
\BOOKMARK [1][-]{appendix.C}{\376\377\000I\000n\000p\000u\000t\000s\000\040\000U\000s\000e\000d\000:\000\040\000C\000o\000m\000p\000l\000e\000t\000e\000\040\000T\000a\000b\000l\000e}{}% 50
\BOOKMARK [1][-]{appendix.D}{\376\377\000E\000x\000t\000e\000n\000d\000e\000d\000\040\000D\000e\000r\000i\000v\000a\000t\000i\000o\000n\000:\000\040\000C\000o\000m\000p\000l\000e\000t\000e\000\040\000P\000S\000\040\000C\000h\000a\000i\000n}{}% 51
\BOOKMARK [2][-]{subsection.D.1}{\376\377\0005\000D\000\040\000t\000o\000\040\0004\000D\000\040\000R\000e\000d\000u\000c\000t\000i\000o\000n}{appendix.D}% 52
\BOOKMARK [2][-]{subsection.D.2}{\376\377\000C\000o\000u\000p\000l\000i\000n\000g\000\040\000U\000n\000i\000f\000i\000c\000a\000t\000i\000o\000n\000\040\000a\000t\000\040\000*}{appendix.D}% 53
\BOOKMARK [2][-]{subsection.D.3}{\376\377\000F\000l\000o\000w\000\040\000t\000o\000\040\000S\000M\000\040\000C\000o\000u\000p\000l\000i\000n\000g\000s}{appendix.D}% 54
\BOOKMARK [1][-]{appendix.E}{\376\377\000E\000x\000t\000e\000n\000d\000e\000d\000\040\000T\000h\000r\000e\000s\000h\000o\000l\000d\000\040\000A\000n\000a\000l\000y\000s\000i\000s}{}% 55
\BOOKMARK [2][-]{subsection.E.1}{\376\377\000K\000K\000\040\000T\000o\000w\000e\000r\000\040\000C\000o\000n\000t\000r\000i\000b\000u\000t\000i\000o\000n}{appendix.E}% 56
\BOOKMARK [2][-]{subsection.E.2}{\376\377\000B\000r\000a\000n\000e\000-\000L\000o\000c\000a\000l\000i\000z\000e\000d\000\040\000T\000h\000r\000e\000s\000h\000o\000l\000d}{appendix.E}% 57
\BOOKMARK [1][-]{appendix.F}{\376\377\000F\000o\000r\000b\000i\000d\000d\000e\000n\000\040\000T\000o\000k\000e\000n\000\040\000L\000i\000s\000t}{}% 58
\BOOKMARK [1][-]{appendix.G}{\376\377\000D\000e\000r\000i\000v\000a\000t\000i\000o\000n\000\040\000C\000h\000a\000i\000n\000\040\000S\000u\000m\000m\000a\000r\000y}{}% 59
\BOOKMARK [1][-]{appendix.H}{\376\377\000E\000x\000t\000e\000n\000d\000e\000d\000\040\000L\000o\000g\000\040\000H\000y\000g\000i\000e\000n\000e\000\040\000P\000r\000o\000o\000f\000s}{}% 60
\BOOKMARK [2][-]{subsection.H.1}{\376\377\000P\000r\000o\000o\000f\000\040\000o\000f\000\040\000D\000i\000m\000e\000n\000s\000i\000o\000n\000l\000e\000s\000s\000\040\000L\000o\000g\000\040\000I\000n\000v\000a\000r\000i\000a\000n\000c\000e}{appendix.H}% 61
\BOOKMARK [2][-]{subsection.H.2}{\376\377\000R\000e\000f\000e\000r\000e\000n\000c\000e\000\040\000S\000c\000a\000l\000e\000\040\000U\000n\000i\000q\000u\000e\000n\000e\000s\000s}{appendix.H}% 62
\BOOKMARK [2][-]{subsection.H.3}{\376\377\000B\000K\000T\000\040\000L\000o\000g\000\040\000S\000t\000r\000u\000c\000t\000u\000r\000e}{appendix.H}% 63
\BOOKMARK [1][-]{appendix.I}{\376\377\000E\000x\000t\000e\000n\000d\000e\000d\000\040\000U\000n\000i\000t\000-\000C\000h\000a\000n\000g\000e\000\040\000A\000n\000a\000l\000y\000s\000i\000s}{}% 64
\BOOKMARK [2][-]{subsection.I.1}{\376\377\000C\000o\000u\000p\000l\000i\000n\000g\000\040\000D\000i\000m\000e\000n\000s\000i\000o\000n\000\040\000A\000n\000a\000l\000y\000s\000i\000s}{appendix.I}% 65
\BOOKMARK [2][-]{subsection.I.2}{\376\377\000T\000e\000n\000s\000i\000o\000n\000\040\000a\000n\000d\000\040\000C\000o\000n\000t\000r\000o\000l\000\040\000P\000a\000r\000a\000m\000e\000t\000e\000r\000s}{appendix.I}% 66
\BOOKMARK [2][-]{subsection.I.3}{\376\377\000F\000e\000r\000m\000i\000\040\000C\000o\000n\000s\000t\000a\000n\000t\000\040\000A\000n\000a\000l\000y\000s\000i\000s}{appendix.I}% 67
\BOOKMARK [1][-]{appendix.J}{\376\377\000E\000x\000t\000e\000n\000d\000e\000d\000\040\000R\000G\000\040\000A\000n\000a\000l\000y\000s\000i\000s}{}% 68
\BOOKMARK [2][-]{subsection.J.1}{\376\377\000R\000G\000\040\000I\000n\000v\000a\000r\000i\000a\000n\000t\000s}{appendix.J}% 69
\BOOKMARK [2][-]{subsection.J.2}{\376\377\000S\000c\000h\000e\000m\000e\000\040\000D\000e\000p\000e\000n\000d\000e\000n\000c\000e}{appendix.J}% 70
\BOOKMARK [2][-]{subsection.J.3}{\376\377\000T\000h\000r\000e\000s\000h\000o\000l\000d\000\040\000S\000c\000h\000e\000m\000e\000\040\000I\000n\000v\000a\000r\000i\000a\000n\000c\000e}{appendix.J}% 71
\BOOKMARK [1][-]{appendix.K}{\376\377\000E\000x\000t\000e\000n\000d\000e\000d\000\040\000P\000S\000\040\000A\000n\000a\000l\000y\000s\000i\000s}{}% 72
\BOOKMARK [2][-]{subsection.K.1}{\376\377\000T\000r\000a\000c\000e\000\040\000C\000o\000m\000p\000u\000t\000a\000t\000i\000o\000n}{appendix.K}% 73
\BOOKMARK [2][-]{subsection.K.2}{\376\377\000M\000a\000t\000c\000h\000i\000n\000g\000\040\000C\000o\000e\000f\000f\000i\000c\000i\000e\000n\000t\000\040\000D\000e\000r\000i\000v\000a\000t\000i\000o\000n}{appendix.K}% 74
\BOOKMARK [2][-]{subsection.K.3}{\376\377\000W\000e\000i\000n\000b\000e\000r\000g\000\040\000A\000n\000g\000l\000e\000\040\000D\000e\000r\000i\000v\000a\000t\000i\000o\000n}{appendix.K}% 75
\BOOKMARK [1][-]{appendix.L}{\376\377\000C\000o\000n\000s\000i\000s\000t\000e\000n\000c\000y\000\040\000C\000r\000o\000s\000s\000-\000C\000h\000e\000c\000k\000s}{}% 76
\BOOKMARK [2][-]{subsection.L.1}{\376\377\000D\000i\000m\000e\000n\000s\000i\000o\000n\000\040\000C\000o\000n\000s\000i\000s\000t\000e\000n\000c\000y}{appendix.L}% 77
\BOOKMARK [2][-]{subsection.L.2}{\376\377\000V\000a\000l\000u\000e\000\040\000C\000o\000n\000s\000i\000s\000t\000e\000n\000c\000y}{appendix.L}% 78
\BOOKMARK [2][-]{subsection.L.3}{\376\377\000S\000u\000m\000\040\000R\000u\000l\000e\000s}{appendix.L}% 79
\BOOKMARK [1][-]{appendix.M}{\376\377\000V\000e\000r\000i\000f\000i\000c\000a\000t\000i\000o\000n\000\040\000S\000u\000m\000m\000a\000r\000y}{}% 80
