\BOOKMARK [1][-]{section.1}{\376\377\000P\000r\000e\000a\000m\000b\000l\000e\000:\000\040\000L\000o\000c\000k\000s\000\040\000a\000n\000d\000\040\000H\000a\000r\000d\000\040\000R\000u\000l\000e\000s}{}% 1
\BOOKMARK [2][-]{subsection.1.1}{\376\377\000P\000S\000\040\000C\000a\000n\000o\000n\000i\000c\000a\000l\000\040\000L\000o\000c\000k}{section.1}% 2
\BOOKMARK [2][-]{subsection.1.2}{\376\377\000F\000o\000r\000b\000i\000d\000d\000e\000n\000\040\000I\000n\000p\000u\000t\000s}{section.1}% 3
\BOOKMARK [2][-]{subsection.1.3}{\376\377\000H\000a\000r\000d\000\040\000R\000u\000l\000e\000s\000\040\000C\000a\000r\000r\000i\000e\000d\000\040\000F\000o\000r\000w\000a\000r\000d}{section.1}% 4
\BOOKMARK [1][-]{section.2}{\376\377\000N\000o\000t\000a\000t\000i\000o\000n\000\040\000R\000e\000g\000i\000s\000t\000r\000y}{}% 5
\BOOKMARK [1][-]{section.3}{\376\377\000P\000h\000y\000s\000i\000c\000a\000l\000\040\000S\000c\000a\000l\000e\000\040\000M\000a\000p}{}% 6
\BOOKMARK [2][-]{subsection.3.1}{\376\377\000P\000a\000n\000e\000l\000\040\000A\000:\000\040\000E\000n\000e\000r\000g\000y\000\040\000R\000e\000g\000i\000m\000e\000s}{section.3}% 7
\BOOKMARK [2][-]{subsection.3.2}{\376\377\000P\000a\000n\000e\000l\000\040\000B\000:\000\040\000C\000o\000u\000p\000l\000i\000n\000g\000\040\000F\000l\000o\000w}{section.3}% 8
\BOOKMARK [2][-]{subsection.3.3}{\376\377\000I\000n\000t\000e\000r\000f\000a\000c\000e\000\040\000F\000o\000r\000m\000u\000l\000a\000s}{section.3}% 9
\BOOKMARK [1][-]{section.4}{\376\377\000M\000a\000t\000c\000h\000i\000n\000g\000\040\000S\000t\000a\000c\000k}{}% 10
\BOOKMARK [2][-]{subsection.4.1}{\376\377\000B\000e\000t\000a\000\040\000F\000u\000n\000c\000t\000i\000o\000n\000s\000\040\000f\000r\000o\000m\000\040\000S\000o\000T\000\040\000M\000a\000t\000t\000e\000r\000\040\000T\000a\000b\000l\000e}{section.4}% 11
\BOOKMARK [2][-]{subsection.4.2}{\376\377\000M\000a\000t\000c\000h\000i\000n\000g\000\040\000C\000o\000e\000f\000f\000i\000c\000i\000e\000n\000t\000s}{section.4}% 12
\BOOKMARK [2][-]{subsection.4.3}{\376\377\000D\000i\000m\000e\000n\000s\000i\000o\000n\000a\000l\000\040\000C\000o\000n\000s\000i\000s\000t\000e\000n\000c\000y}{section.4}% 13
\BOOKMARK [1][-]{section.5}{\376\377\000S\000c\000h\000e\000m\000e\000\040\000I\000n\000v\000a\000r\000i\000a\000n\000c\000e\000\040\000P\000r\000o\000t\000o\000c\000o\000l}{}% 14
\BOOKMARK [2][-]{subsection.5.1}{\376\377\000T\000w\000o\000-\000R\000o\000u\000t\000e\000\040\000F\000r\000a\000m\000e\000w\000o\000r\000k}{section.5}% 15
\BOOKMARK [2][-]{subsection.5.2}{\376\377\000S\000c\000h\000e\000m\000e\000\040\000I\000n\000v\000a\000r\000i\000a\000n\000c\000e\000\040\000L\000e\000m\000m\000a}{section.5}% 16
\BOOKMARK [2][-]{subsection.5.3}{\376\377\000T\000h\000r\000e\000s\000h\000o\000l\000d\000\040\000C\000o\000n\000s\000i\000s\000t\000e\000n\000c\000y}{section.5}% 17
\BOOKMARK [2][-]{subsection.5.4}{\376\377\000I\000n\000v\000a\000r\000i\000a\000n\000t\000\040\000C\000o\000m\000b\000i\000n\000a\000t\000i\000o\000n\000s}{section.5}% 18
\BOOKMARK [1][-]{section.6}{\376\377\000E\000x\000o\000t\000i\000c\000s\000\040\000G\000a\000t\000i\000n\000g\000\040\000I\000n\000t\000e\000r\000f\000a\000c\000e}{}% 19
\BOOKMARK [2][-]{subsection.6.1}{\376\377\000P\000S\000\040\000E\000x\000o\000t\000i\000c\000\040\000C\000o\000n\000t\000e\000n\000t}{section.6}% 20
\BOOKMARK [2][-]{subsection.6.2}{\376\377\000B\000C\000-\000G\000a\000t\000i\000n\000g\000\040\000M\000e\000c\000h\000a\000n\000i\000s\000m}{section.6}% 21
\BOOKMARK [2][-]{subsection.6.3}{\376\377\000G\000a\000t\000i\000n\000g\000\040\000S\000c\000a\000l\000e}{section.6}% 22
\BOOKMARK [2][-]{subsection.6.4}{\376\377\000N\000o\000\040\000L\000i\000g\000h\000t\000\040\000E\000x\000o\000t\000i\000c\000s\000\040\000C\000h\000e\000c\000k\000l\000i\000s\000t}{section.6}% 23
\BOOKMARK [2][-]{subsection.6.5}{\376\377\000D\000i\000m\000e\000n\000s\000i\000o\000n\000l\000e\000s\000s\000\040\000G\000a\000t\000i\000n\000g\000\040\000P\000a\000r\000a\000m\000e\000t\000e\000r\000s}{section.6}% 24
\BOOKMARK [1][-]{section.7}{\376\377\000I\000R\000\040\000S\000c\000a\000f\000f\000o\000l\000d\000:\000\040\000W\000h\000a\000t\000\040\000R\000e\000m\000a\000i\000n\000s}{}% 25
\BOOKMARK [2][-]{subsection.7.1}{\376\377\000C\000u\000r\000r\000e\000n\000t\000\040\000A\000c\000h\000i\000e\000v\000e\000m\000e\000n\000t}{section.7}% 26
\BOOKMARK [2][-]{subsection.7.2}{\376\377\000W\000h\000a\000t\000\040\000R\000e\000m\000a\000i\000n\000s\000\040\000f\000o\000r\000\040\000N\000u\000m\000e\000r\000i\000c\000\040\000P\000r\000e\000d\000i\000c\000t\000i\000o\000n\000s}{section.7}% 27
\BOOKMARK [2][-]{subsection.7.3}{\376\377\000T\000h\000e\000\040\000I\000n\000f\000e\000r\000e\000n\000c\000e\000\040\000S\000c\000a\000f\000f\000o\000l\000d}{section.7}% 28
\BOOKMARK [1][-]{section.8}{\376\377\000C\000o\000u\000p\000l\000i\000n\000g\000\040\000E\000v\000o\000l\000u\000t\000i\000o\000n\000\040\000F\000o\000r\000m\000u\000l\000a\000s}{}% 29
\BOOKMARK [2][-]{subsection.8.1}{\376\377\000G\000e\000n\000e\000r\000a\000l\000\040\000R\000G\000\040\000S\000o\000l\000u\000t\000i\000o\000n}{section.8}% 30
\BOOKMARK [2][-]{subsection.8.2}{\376\377\000H\000y\000p\000e\000r\000c\000h\000a\000r\000g\000e\000\040\000E\000v\000o\000l\000u\000t\000i\000o\000n}{section.8}% 31
\BOOKMARK [2][-]{subsection.8.3}{\376\377\000S\000U\000\050\0002\000\051\000L\000\040\000E\000v\000o\000l\000u\000t\000i\000o\000n}{section.8}% 32
\BOOKMARK [2][-]{subsection.8.4}{\376\377\000W\000e\000i\000n\000b\000e\000r\000g\000\040\000A\000n\000g\000l\000e\000\040\000E\000v\000o\000l\000u\000t\000i\000o\000n}{section.8}% 33
\BOOKMARK [1][-]{section.9}{\376\377\000T\000h\000r\000e\000s\000h\000o\000l\000d\000\040\000S\000t\000r\000u\000c\000t\000u\000r\000e}{}% 34
\BOOKMARK [2][-]{subsection.9.1}{\376\377\000K\000K\000\040\000T\000h\000r\000e\000s\000h\000o\000l\000d\000\040\000a\000t\000\040\000K\000K}{section.9}% 35
\BOOKMARK [2][-]{subsection.9.2}{\376\377\000R\000e\000g\000u\000l\000a\000r\000i\000z\000a\000t\000i\000o\000n}{section.9}% 36
\BOOKMARK [2][-]{subsection.9.3}{\376\377\000R\000e\000l\000a\000t\000i\000v\000e\000\040\000T\000h\000r\000e\000s\000h\000o\000l\000d\000s}{section.9}% 37
\BOOKMARK [1][-]{section.10}{\376\377\000F\000u\000l\000l\000\040\000I\000R\000\040\000P\000r\000e\000d\000i\000c\000t\000i\000o\000n\000\040\000F\000o\000r\000m\000u\000l\000a}{}% 38
\BOOKMARK [2][-]{subsection.10.1}{\376\377\000M\000a\000s\000t\000e\000r\000\040\000F\000o\000r\000m\000u\000l\000a}{section.10}% 39
\BOOKMARK [2][-]{subsection.10.2}{\376\377\000S\000i\000m\000p\000l\000i\000f\000i\000e\000d\000\040\000F\000o\000r\000m}{section.10}% 40
\BOOKMARK [2][-]{subsection.10.3}{\376\377\000O\000b\000s\000e\000r\000v\000a\000b\000l\000e\000\040\000P\000r\000e\000d\000i\000c\000t\000i\000o\000n\000s}{section.10}% 41
\BOOKMARK [1][-]{section.11}{\376\377\000C\000o\000m\000p\000l\000e\000t\000e\000\040\000C\000o\000u\000p\000l\000i\000n\000g\000\040\000E\000v\000o\000l\000u\000t\000i\000o\000n}{}% 42
\BOOKMARK [2][-]{subsection.11.1}{\376\377\000F\000u\000l\000l\000\040\000R\000u\000n\000n\000i\000n\000g\000\040\000f\000r\000o\000m\000\040\000U\000V\000\040\000t\000o\000\040\000I\000R}{section.11}% 43
\BOOKMARK [2][-]{subsection.11.2}{\376\377\000W\000e\000i\000n\000b\000e\000r\000g\000\040\000A\000n\000g\000l\000e\000\040\000R\000u\000n\000n\000i\000n\000g}{section.11}% 44
\BOOKMARK [2][-]{subsection.11.3}{\376\377\000L\000i\000n\000e\000a\000r\000\040\000A\000p\000p\000r\000o\000x\000i\000m\000a\000t\000i\000o\000n}{section.11}% 45
\BOOKMARK [2][-]{subsection.11.4}{\376\377\000G\000F\000\040\000R\000u\000n\000n\000i\000n\000g}{section.11}% 46
\BOOKMARK [1][-]{section.12}{\376\377\000G\000a\000u\000g\000e\000\040\000U\000n\000i\000f\000i\000c\000a\000t\000i\000o\000n\000\040\000A\000n\000a\000l\000y\000s\000i\000s}{}% 47
\BOOKMARK [2][-]{subsection.12.1}{\376\377\000U\000n\000i\000f\000i\000c\000a\000t\000i\000o\000n\000\040\000C\000o\000n\000d\000i\000t\000i\000o\000n}{section.12}% 48
\BOOKMARK [2][-]{subsection.12.2}{\376\377\000T\000h\000r\000e\000s\000h\000o\000l\000d\000\040\000E\000f\000f\000e\000c\000t\000s\000\040\000o\000n\000\040\000U\000n\000i\000f\000i\000c\000a\000t\000i\000o\000n}{section.12}% 49
\BOOKMARK [2][-]{subsection.12.3}{\376\377\000B\000K\000T\000\040\000E\000f\000f\000e\000c\000t\000s\000\040\000o\000n\000\040\000U\000n\000i\000f\000i\000c\000a\000t\000i\000o\000n}{section.12}% 50
\BOOKMARK [2][-]{subsection.12.4}{\376\377\000W\000e\000i\000n\000b\000e\000r\000g\000\040\000A\000n\000g\000l\000e\000\040\000a\000t\000\040\000U\000n\000i\000f\000i\000c\000a\000t\000i\000o\000n}{section.12}% 51
\BOOKMARK [1][-]{section.13}{\376\377\000D\000e\000p\000e\000n\000d\000e\000n\000c\000y\000\040\000a\000n\000d\000\040\000C\000i\000r\000c\000u\000l\000a\000r\000i\000t\000y\000\040\000A\000u\000d\000i\000t}{}% 52
\BOOKMARK [2][-]{subsection.13.1}{\376\377\000D\000e\000p\000e\000n\000d\000e\000n\000c\000y\000\040\000G\000r\000a\000p\000h}{section.13}% 53
\BOOKMARK [2][-]{subsection.13.2}{\376\377\000R\000o\000o\000t\000\040\000I\000n\000p\000u\000t\000s}{section.13}% 54
\BOOKMARK [2][-]{subsection.13.3}{\376\377\000C\000i\000r\000c\000u\000l\000a\000r\000i\000t\000y\000\040\000C\000h\000e\000c\000k}{section.13}% 55
\BOOKMARK [1][-]{section.14}{\376\377\000V\000e\000r\000i\000f\000i\000c\000a\000t\000i\000o\000n}{}% 56
\BOOKMARK [2][-]{subsection.14.1}{\376\377\000C\000h\000e\000c\000k\000\040\000S\000u\000m\000m\000a\000r\000y}{section.14}% 57
\BOOKMARK [2][-]{subsection.14.2}{\376\377\000R\000e\000v\000i\000e\000w\000e\000r\000\040\000T\000r\000a\000p\000s}{section.14}% 58
\BOOKMARK [1][-]{section.15}{\376\377\000C\000o\000n\000c\000l\000u\000s\000i\000o\000n}{}% 59
\BOOKMARK [1][-]{appendix.A}{\376\377\000B\000e\000t\000a\000\040\000F\000u\000n\000c\000t\000i\000o\000n\000\040\000D\000e\000r\000i\000v\000a\000t\000i\000o\000n}{}% 60
\BOOKMARK [2][-]{subsection.A.1}{\376\377\000G\000e\000n\000e\000r\000a\000l\000\040\000F\000o\000r\000m\000u\000l\000a}{appendix.A}% 61
\BOOKMARK [2][-]{subsection.A.2}{\376\377\000S\000M\000\040\000V\000a\000l\000u\000e\000s}{appendix.A}% 62
\BOOKMARK [2][-]{subsection.A.3}{\376\377\000P\000S\000\040\000V\000a\000l\000u\000e\000s}{appendix.A}% 63
\BOOKMARK [1][-]{appendix.B}{\376\377\000T\000h\000r\000e\000s\000h\000o\000l\000d\000\040\000C\000a\000l\000c\000u\000l\000a\000t\000i\000o\000n\000\040\000D\000e\000t\000a\000i\000l\000s}{}% 64
\BOOKMARK [2][-]{subsection.B.1}{\376\377\000O\000n\000e\000-\000L\000o\000o\000p\000\040\000C\000o\000n\000t\000r\000i\000b\000u\000t\000i\000o\000n}{appendix.B}% 65
\BOOKMARK [2][-]{subsection.B.2}{\376\377\000F\000i\000n\000i\000t\000e\000\040\000P\000a\000r\000t\000\040\000E\000x\000t\000r\000a\000c\000t\000i\000o\000n}{appendix.B}% 66
\BOOKMARK [1][-]{appendix.C}{\376\377\000S\000c\000h\000e\000m\000e\000\040\000I\000n\000d\000e\000p\000e\000n\000d\000e\000n\000c\000e\000\040\000P\000r\000o\000o\000f}{}% 67
\BOOKMARK [2][-]{subsection.C.1}{\376\377\000O\000b\000s\000e\000r\000v\000a\000b\000l\000e\000\040\000D\000e\000f\000i\000n\000i\000t\000i\000o\000n}{appendix.C}% 68
\BOOKMARK [2][-]{subsection.C.2}{\376\377\000T\000h\000r\000e\000s\000h\000o\000l\000d\000\040\000M\000a\000t\000c\000h\000i\000n\000g}{appendix.C}% 69
\BOOKMARK [1][-]{appendix.D}{\376\377\000N\000o\000t\000a\000t\000i\000o\000n\000\040\000R\000e\000g\000i\000s\000t\000r\000y\000\040\000V\000e\000r\000i\000f\000i\000c\000a\000t\000i\000o\000n}{}% 70
\BOOKMARK [1][-]{appendix.E}{\376\377\000E\000x\000t\000e\000n\000d\000e\000d\000\040\000M\000a\000t\000c\000h\000i\000n\000g\000\040\000F\000o\000r\000m\000u\000l\000a\000s}{}% 71
\BOOKMARK [2][-]{subsection.E.1}{\376\377\0005\000D\000\040\000t\000o\000\040\0004\000D\000\040\000C\000o\000u\000p\000l\000i\000n\000g\000\040\000R\000e\000l\000a\000t\000i\000o\000n\000s}{appendix.E}% 72
\BOOKMARK [2][-]{subsection.E.2}{\376\377\000K\000K\000\040\000M\000a\000s\000s\000\040\000S\000p\000e\000c\000t\000r\000u\000m}{appendix.E}% 73
\BOOKMARK [2][-]{subsection.E.3}{\376\377\000P\000S\000\040\000B\000r\000e\000a\000k\000i\000n\000g\000\040\000P\000a\000t\000t\000e\000r\000n}{appendix.E}% 74
\BOOKMARK [2][-]{subsection.E.4}{\376\377\000T\000r\000a\000c\000e\000\040\000N\000o\000r\000m\000a\000l\000i\000z\000a\000t\000i\000o\000n\000\040\000L\000e\000d\000g\000e\000r}{appendix.E}% 75
\BOOKMARK [2][-]{subsection.E.5}{\376\377\000M\000a\000t\000c\000h\000i\000n\000g\000\040\000C\000o\000e\000f\000f\000i\000c\000i\000e\000n\000t\000\040\000D\000e\000r\000i\000v\000a\000t\000i\000o\000n}{appendix.E}% 76
\BOOKMARK [1][-]{appendix.F}{\376\377\000R\000G\000\040\000R\000u\000n\000n\000i\000n\000g\000\040\000D\000e\000t\000a\000i\000l\000s}{}% 77
\BOOKMARK [2][-]{subsection.F.1}{\376\377\000O\000n\000e\000-\000L\000o\000o\000p\000\040\000R\000G\000E}{appendix.F}% 78
\BOOKMARK [2][-]{subsection.F.2}{\376\377\000B\000e\000t\000a\000\040\000C\000o\000e\000f\000f\000i\000c\000i\000e\000n\000t\000s\000\040\000f\000r\000o\000m\000\040\000M\000a\000t\000t\000e\000r\000\040\000C\000o\000n\000t\000e\000n\000t}{appendix.F}% 79
\BOOKMARK [2][-]{subsection.F.3}{\376\377\000S\000M\000\040\000B\000e\000t\000a\000\040\000C\000o\000e\000f\000f\000i\000c\000i\000e\000n\000t\000s}{appendix.F}% 80
\BOOKMARK [2][-]{subsection.F.4}{\376\377\000P\000S\000\040\000B\000e\000t\000a\000\040\000C\000o\000e\000f\000f\000i\000c\000i\000e\000n\000t\000s}{appendix.F}% 81
\BOOKMARK [1][-]{appendix.G}{\376\377\000T\000h\000r\000e\000s\000h\000o\000l\000d\000\040\000C\000o\000r\000r\000e\000c\000t\000i\000o\000n\000s}{}% 82
\BOOKMARK [2][-]{subsection.G.1}{\376\377\000H\000e\000a\000v\000y\000\040\000P\000a\000r\000t\000i\000c\000l\000e\000\040\000D\000e\000c\000o\000u\000p\000l\000i\000n\000g}{appendix.G}% 83
\BOOKMARK [2][-]{subsection.G.2}{\376\377\000K\000K\000\040\000T\000o\000w\000e\000r\000\040\000S\000u\000m}{appendix.G}% 84
\BOOKMARK [2][-]{subsection.G.3}{\376\377\000Z\000e\000t\000a\000\040\000R\000e\000g\000u\000l\000a\000r\000i\000z\000a\000t\000i\000o\000n}{appendix.G}% 85
\BOOKMARK [1][-]{appendix.H}{\376\377\000E\000x\000o\000t\000i\000c\000s\000\040\000G\000a\000t\000i\000n\000g\000\040\000D\000e\000t\000a\000i\000l\000s}{}% 86
\BOOKMARK [2][-]{subsection.H.1}{\376\377\000B\000C\000\040\000P\000r\000o\000j\000e\000c\000t\000i\000o\000n}{appendix.H}% 87
\BOOKMARK [2][-]{subsection.H.2}{\376\377\000G\000a\000t\000i\000n\000g\000\040\000C\000o\000n\000d\000i\000t\000i\000o\000n}{appendix.H}% 88
\BOOKMARK [1][-]{appendix.I}{\376\377\000C\000o\000n\000s\000i\000s\000t\000e\000n\000c\000y\000\040\000C\000o\000n\000d\000i\000t\000i\000o\000n\000s}{}% 89
\BOOKMARK [2][-]{subsection.I.1}{\376\377\000D\000i\000m\000e\000n\000s\000i\000o\000n\000a\000l\000\040\000C\000o\000n\000s\000i\000s\000t\000e\000n\000c\000y}{appendix.I}% 90
\BOOKMARK [2][-]{subsection.I.2}{\376\377\000U\000n\000i\000t\000a\000r\000i\000t\000y\000\040\000C\000o\000n\000s\000t\000r\000a\000i\000n\000t\000s}{appendix.I}% 91
\BOOKMARK [2][-]{subsection.I.3}{\376\377\000H\000i\000e\000r\000a\000r\000c\000h\000y\000\040\000C\000o\000n\000d\000i\000t\000i\000o\000n\000s}{appendix.I}% 92
\BOOKMARK [1][-]{appendix.J}{\376\377\000S\000u\000m\000m\000a\000r\000y\000\040\000T\000a\000b\000l\000e\000s}{}% 93
\BOOKMARK [2][-]{subsection.J.1}{\376\377\000M\000a\000t\000c\000h\000i\000n\000g\000\040\000S\000t\000a\000c\000k\000\040\000S\000u\000m\000m\000a\000r\000y}{appendix.J}% 94
\BOOKMARK [2][-]{subsection.J.2}{\376\377\000S\000c\000a\000l\000e\000\040\000H\000i\000e\000r\000a\000r\000c\000h\000y}{appendix.J}% 95
\BOOKMARK [2][-]{subsection.J.3}{\376\377\000C\000o\000u\000p\000l\000i\000n\000g\000\040\000S\000u\000m\000m\000a\000r\000y}{appendix.J}% 96
