\BOOKMARK [1][-]{section.1}{\376\377\000F\000i\000r\000e\000w\000a\000l\000l\000\040\000C\000o\000n\000t\000r\000a\000c\000t\000\040\000v\0003\000\040\000\050\000S\000t\000r\000e\000n\000g\000t\000h\000e\000n\000e\000d\000\051}{}% 1
\BOOKMARK [2][-]{subsection.1.1}{\376\377\000M\000i\000s\000s\000i\000o\000n\000\040\000S\000t\000a\000t\000e\000m\000e\000n\000t}{section.1}% 2
\BOOKMARK [2][-]{subsection.1.2}{\376\377\000N\000o\000\040\000B\000a\000c\000k\000f\000l\000o\000w\000\040\000T\000h\000e\000o\000r\000e\000m\000\040\000v\0003}{section.1}% 3
\BOOKMARK [2][-]{subsection.1.3}{\376\377\000T\000h\000r\000e\000a\000t\000\040\000M\000o\000d\000e\000l}{section.1}% 4
\BOOKMARK [1][-]{section.2}{\376\377\000L\000a\000y\000e\000r\000\040\000A\000\040\000I\000n\000p\000u\000t\000s\000\040\000\050\000R\000e\000a\000d\000-\000O\000n\000l\000y\000\051}{}% 5
\BOOKMARK [2][-]{subsection.2.1}{\376\377\000S\000t\000r\000u\000c\000t\000u\000r\000a\000l\000\040\000P\000r\000e\000d\000i\000c\000t\000i\000o\000n\000\040\000\050\000v\0005\0005\040\023\000v\0005\0006\000\051}{section.2}% 6
\BOOKMARK [2][-]{subsection.2.2}{\376\377\000P\000a\000r\000a\000m\000e\000t\000e\000r\000\040\000B\000o\000u\000n\000d\000s}{section.2}% 7
\BOOKMARK [2][-]{subsection.2.3}{\376\377\000H\000a\000s\000h\000\040\000V\000e\000r\000i\000f\000i\000c\000a\000t\000i\000o\000n}{section.2}% 8
\BOOKMARK [1][-]{section.3}{\376\377\000Q\000U\000A\000R\000A\000N\000T\000I\000N\000E\000D\000\040\000I\000n\000p\000u\000t\000s\000\040\000T\000a\000b\000l\000e}{}% 9
\BOOKMARK [2][-]{subsection.3.1}{\376\377\000T\000a\000b\000l\000e\000\040\000B\000.\0001\000:\000\040\000E\000x\000t\000e\000r\000n\000a\000l\000\040\000I\000n\000p\000u\000t\000s}{section.3}% 10
\BOOKMARK [1][-]{section.4}{\376\377\000F\000o\000r\000m\000a\000l\000\040\000D\000e\000f\000i\000n\000i\000t\000i\000o\000n\000s}{}% 11
\BOOKMARK [2][-]{subsection.4.1}{\376\377\000B\000e\000t\000a\000\040\000C\000o\000e\000f\000f\000i\000c\000i\000e\000n\000t\000s}{section.4}% 12
\BOOKMARK [2][-]{subsection.4.2}{\376\377\000P\000o\000w\000e\000r\000\040\000C\000o\000r\000r\000e\000c\000t\000i\000o\000n\000\040\000E\000x\000p\000o\000n\000e\000n\000t}{section.4}% 13
\BOOKMARK [1][-]{section.5}{\376\377\000R\000o\000u\000t\000e\000\040\0001\000:\000\040\0001\000-\000L\000o\000o\000p\000\040\000A\000n\000a\000l\000y\000t\000i\000c\000\040\000I\000n\000v\000e\000r\000s\000i\000o\000n}{}% 14
\BOOKMARK [2][-]{subsection.5.1}{\376\377\000D\000e\000r\000i\000v\000a\000t\000i\000o\000n}{section.5}% 15
\BOOKMARK [2][-]{subsection.5.2}{\376\377\000S\000y\000m\000b\000o\000l\000i\000c\000\040\000E\000v\000a\000l\000u\000a\000t\000i\000o\000n\000\040\000C\000h\000a\000i\000n}{section.5}% 16
\BOOKMARK [2][-]{subsection.5.3}{\376\377\000Q\000U\000A\000R\000A\000N\000T\000I\000N\000E\000D\000\040\000N\000u\000m\000e\000r\000i\000c\000a\000l\000\040\000E\000v\000a\000l\000u\000a\000t\000i\000o\000n}{section.5}% 17
\BOOKMARK [1][-]{section.6}{\376\377\000R\000o\000u\000t\000e\000\040\0002\000:\000\040\0002\000-\000L\000o\000o\000p\000\040\000A\000n\000a\000l\000y\000t\000i\000c\000\040\000w\000i\000t\000h\000\040\000P\000o\000w\000e\000r\000\040\000C\000o\000r\000r\000e\000c\000t\000i\000o\000n}{}% 18
\BOOKMARK [2][-]{subsection.6.1}{\376\377\0002\000-\000L\000o\000o\000p\000\040\000R\000G\000\040\000S\000t\000r\000u\000c\000t\000u\000r\000e}{section.6}% 19
\BOOKMARK [2][-]{subsection.6.2}{\376\377\000E\000x\000p\000l\000i\000c\000i\000t\000\040\000I\000n\000v\000e\000r\000s\000i\000o\000n\000\040\000F\000o\000r\000m\000u\000l\000a}{section.6}% 20
\BOOKMARK [2][-]{subsection.6.3}{\376\377\000S\000y\000m\000b\000o\000l\000i\000c\000\040\000E\000v\000a\000l\000u\000a\000t\000i\000o\000n\000\040\000C\000h\000a\000i\000n}{section.6}% 21
\BOOKMARK [2][-]{subsection.6.4}{\376\377\000Q\000U\000A\000R\000A\000N\000T\000I\000N\000E\000D\000\040\000N\000u\000m\000e\000r\000i\000c\000a\000l\000\040\000E\000v\000a\000l\000u\000a\000t\000i\000o\000n}{section.6}% 22
\BOOKMARK [2][-]{subsection.6.5}{\376\377\000T\000h\000r\000e\000s\000h\000o\000l\000d\000-\000M\000a\000t\000c\000h\000e\000d\000\040\000\040\000v\000i\000a\000\040\000N\000e\000w\000t\000o\000n\000\040\000S\000o\000l\000v\000e\000r}{section.6}% 23
\BOOKMARK [2][-]{subsection.6.6}{\376\377\000Q\000U\000A\000R\000A\000N\000T\000I\000N\000E\000D\000:\000\040\000M\000a\000t\000c\000h\000e\000d\000\040\000\040\000R\000e\000s\000u\000l\000t}{section.6}% 24
\BOOKMARK [1][-]{section.7}{\376\377\000T\000w\000o\000-\000R\000o\000u\000t\000e\000\040\000C\000o\000n\000s\000i\000s\000t\000e\000n\000c\000y\000\040\000V\000e\000r\000i\000f\000i\000c\000a\000t\000i\000o\000n}{}% 25
\BOOKMARK [2][-]{subsection.7.1}{\376\377\000W\000h\000a\000t\000\040\000`\000`\000T\000w\000o\000-\000R\000o\000u\000t\000e\000'\000'\000\040\000M\000e\000a\000n\000s}{section.7}% 26
\BOOKMARK [2][-]{subsection.7.2}{\376\377\000I\000n\000v\000a\000r\000i\000a\000n\000t\000\040\000C\000o\000n\000f\000i\000g\000u\000r\000a\000t\000i\000o\000n}{section.7}% 27
\BOOKMARK [2][-]{subsection.7.3}{\376\377\000T\000o\000l\000e\000r\000a\000n\000c\000e\000\040\000B\000o\000u\000n\000d}{section.7}% 28
\BOOKMARK [2][-]{subsection.7.4}{\376\377\000Q\000U\000A\000R\000A\000N\000T\000I\000N\000E\000D\000:\000\040\000C\000o\000n\000s\000i\000s\000t\000e\000n\000c\000y\000\040\000T\000a\000b\000l\000e}{section.7}% 29
\BOOKMARK [1][-]{section.8}{\376\377\000T\000h\000r\000e\000s\000h\000o\000l\000d\000\040\000H\000a\000n\000d\000l\000i\000n\000g}{}% 30
\BOOKMARK [2][-]{subsection.8.1}{\376\377\000P\000o\000l\000i\000c\000y\000\040\000T\0001\000:\000\040\000S\000t\000e\000p\000-\000F\000u\000n\000c\000t\000i\000o\000n\000\040\000D\000e\000c\000o\000u\000p\000l\000i\000n\000g}{section.8}% 31
\BOOKMARK [2][-]{subsection.8.2}{\376\377\000P\000o\000l\000i\000c\000y\000\040\000T\0002\000:\000\040\000M\000a\000t\000c\000h\000e\000d\000\040\000C\000o\000n\000t\000i\000n\000u\000i\000t\000y}{section.8}% 32
\BOOKMARK [2][-]{subsection.8.3}{\376\377\000T\000h\000r\000e\000s\000h\000o\000l\000d\000\040\000I\000n\000v\000a\000r\000i\000a\000n\000c\000e}{section.8}% 33
\BOOKMARK [1][-]{section.9}{\376\377\000U\000S\000E\000D\000\040\000L\000O\000G\000S\000\040\000v\000s\000\040\000T\000E\000M\000P\000L\000A\000T\000E\000\040\000L\000O\000G\000S}{}% 34
\BOOKMARK [2][-]{subsection.9.1}{\376\377\000U\000S\000E\000D\000\040\000L\000O\000G\000S\000\040\000\050\000M\000i\000n\000i\000m\000u\000m\000\040\0006\000\051}{section.9}% 35
\BOOKMARK [2][-]{subsection.9.2}{\376\377\000T\000E\000M\000P\000L\000A\000T\000E\000\040\000L\000O\000G\000S\000\040\000\050\000N\000O\000T\000\040\000U\000S\000E\000D\000\051}{section.9}% 36
\BOOKMARK [2][-]{subsection.9.3}{\376\377\000L\000o\000g\000\040\000A\000r\000g\000u\000m\000e\000n\000t\000\040\000V\000e\000r\000i\000f\000i\000c\000a\000t\000i\000o\000n}{section.9}% 37
\BOOKMARK [1][-]{section.10}{\376\377\000F\000u\000l\000l\000\040\000R\000u\000n\000n\000i\000n\000g\000\040\000C\000h\000a\000i\000n}{}% 38
\BOOKMARK [2][-]{subsection.10.1}{\376\377\000F\000r\000o\000m\000\040\000*\000\040\000t\000o\000\040\000M\000Z\000\040\000v\000i\000a\000\040\000T\000h\000r\000e\000s\000h\000o\000l\000d\000s}{section.10}% 39
\BOOKMARK [2][-]{subsection.10.2}{\376\377\000I\000n\000v\000e\000r\000s\000e\000\040\000C\000h\000a\000i\000n\000\040\000f\000o\000r\000\040\000\040\000E\000x\000t\000r\000a\000c\000t\000i\000o\000n}{section.10}% 40
\BOOKMARK [1][-]{section.11}{\376\377\000N\000o\000-\000F\000i\000t\000\040\000P\000o\000l\000i\000c\000y}{}% 41
\BOOKMARK [2][-]{subsection.11.1}{\376\377\000F\000o\000r\000b\000i\000d\000d\000e\000n\000\040\000T\000e\000r\000m\000s\000\040\000A\000u\000d\000i\000t}{section.11}% 42
\BOOKMARK [1][-]{section.12}{\376\377\000D\000A\000G\000\040\000S\000u\000m\000m\000a\000r\000y}{}% 43
\BOOKMARK [1][-]{section.13}{\376\377\000H\000a\000s\000h\000\040\000C\000h\000a\000i\000n\000\040\000a\000n\000d\000\040\000V\000e\000r\000i\000f\000i\000c\000a\000t\000i\000o\000n}{}% 44
\BOOKMARK [2][-]{subsection.13.1}{\376\377\000I\000n\000h\000e\000r\000i\000t\000e\000d\000\040\000H\000a\000s\000h\000\040\000C\000h\000a\000i\000n}{section.13}% 45
\BOOKMARK [2][-]{subsection.13.2}{\376\377\000v\0005\0009\000\040\000H\000a\000s\000h\000\040\000C\000o\000m\000p\000u\000t\000a\000t\000i\000o\000n}{section.13}% 46
\BOOKMARK [1][-]{section.14}{\376\377\000R\000e\000v\000i\000e\000w\000e\000r\000\040\000T\000r\000a\000p\000s}{}% 47
\BOOKMARK [1][-]{section.15}{\376\377\000C\000l\000o\000s\000i\000n\000g\000\040\000S\000t\000a\000t\000e\000m\000e\000n\000t}{}% 48
\BOOKMARK [1][-]{appendix.A}{\376\377\000E\000x\000t\000e\000n\000d\000e\000d\000\040\000F\000o\000r\000m\000u\000l\000a\000s}{}% 49
\BOOKMARK [2][-]{subsection.A.1}{\376\377\0001\000-\000L\000o\000o\000p\000\040\000R\000G\000\040\000S\000o\000l\000u\000t\000i\000o\000n\000\040\000D\000e\000r\000i\000v\000a\000t\000i\000o\000n}{appendix.A}% 50
\BOOKMARK [2][-]{subsection.A.2}{\376\377\0002\000-\000L\000o\000o\000p\000\040\000P\000o\000w\000e\000r\000\040\000C\000o\000r\000r\000e\000c\000t\000i\000o\000n\000\040\000D\000e\000r\000i\000v\000a\000t\000i\000o\000n}{appendix.A}% 51
\BOOKMARK [2][-]{subsection.A.3}{\376\377\000T\000h\000r\000e\000s\000h\000o\000l\000d\000\040\000M\000a\000t\000c\000h\000i\000n\000g\000\040\000F\000o\000r\000m\000u\000l\000a}{appendix.A}% 52
\BOOKMARK [1][-]{appendix.B}{\376\377\000D\000i\000m\000e\000n\000s\000i\000o\000n\000a\000l\000\040\000A\000n\000a\000l\000y\000s\000i\000s}{}% 53
\BOOKMARK [2][-]{subsection.B.1}{\376\377\000S\000c\000a\000l\000e\000\040\000D\000i\000m\000e\000n\000s\000i\000o\000n\000s}{appendix.B}% 54
\BOOKMARK [2][-]{subsection.B.2}{\376\377\000C\000o\000u\000p\000l\000i\000n\000g\000\040\000D\000i\000m\000e\000n\000s\000i\000o\000n}{appendix.B}% 55
\BOOKMARK [2][-]{subsection.B.3}{\376\377\000B\000e\000t\000a\000\040\000C\000o\000e\000f\000f\000i\000c\000i\000e\000n\000t\000\040\000D\000i\000m\000e\000n\000s\000i\000o\000n\000s}{appendix.B}% 56
\BOOKMARK [2][-]{subsection.B.4}{\376\377\000E\000x\000p\000o\000n\000e\000n\000t\000\040\000V\000e\000r\000i\000f\000i\000c\000a\000t\000i\000o\000n}{appendix.B}% 57
\BOOKMARK [1][-]{appendix.C}{\376\377\000N\000u\000m\000e\000r\000i\000c\000a\000l\000\040\000V\000e\000r\000i\000f\000i\000c\000a\000t\000i\000o\000n}{}% 58
\BOOKMARK [2][-]{subsection.C.1}{\376\377\000R\000o\000u\000t\000e\000\040\0001\000\040\000V\000e\000r\000i\000f\000i\000c\000a\000t\000i\000o\000n}{appendix.C}% 59
\BOOKMARK [2][-]{subsection.C.2}{\376\377\000R\000o\000u\000t\000e\000\040\0002\000\040\000V\000e\000r\000i\000f\000i\000c\000a\000t\000i\000o\000n}{appendix.C}% 60
\BOOKMARK [2][-]{subsection.C.3}{\376\377\000C\000o\000n\000s\000i\000s\000t\000e\000n\000c\000y\000\040\000N\000o\000t\000e}{appendix.C}% 61
\BOOKMARK [1][-]{appendix.D}{\376\377\000E\000x\000t\000e\000n\000d\000e\000d\000\040\000R\000G\000\040\000A\000n\000a\000l\000y\000s\000i\000s}{}% 62
\BOOKMARK [2][-]{subsection.D.1}{\376\377\000G\000e\000n\000e\000r\000a\000l\000\040\000N\000-\000L\000o\000o\000p\000\040\000B\000e\000t\000a\000\040\000F\000u\000n\000c\000t\000i\000o\000n}{appendix.D}% 63
\BOOKMARK [2][-]{subsection.D.2}{\376\377\000S\000c\000h\000e\000m\000e\000\040\000D\000e\000p\000e\000n\000d\000e\000n\000c\000e}{appendix.D}% 64
\BOOKMARK [2][-]{subsection.D.3}{\376\377\000R\000u\000n\000n\000i\000n\000g\000\040\000C\000o\000u\000p\000l\000i\000n\000g\000\040\000a\000t\000\040\000D\000i\000f\000f\000e\000r\000e\000n\000t\000\040\000L\000o\000o\000p\000s}{appendix.D}% 65
\BOOKMARK [2][-]{subsection.D.4}{\376\377\000A\000s\000y\000m\000p\000t\000o\000t\000i\000c\000\040\000B\000e\000h\000a\000v\000i\000o\000r}{appendix.D}% 66
\BOOKMARK [2][-]{subsection.D.5}{\376\377\000L\000a\000n\000d\000a\000u\000\040\000P\000o\000l\000e}{appendix.D}% 67
\BOOKMARK [1][-]{appendix.E}{\376\377\000T\000h\000r\000e\000s\000h\000o\000l\000d\000\040\000M\000a\000t\000c\000h\000i\000n\000g\000\040\000D\000e\000t\000a\000i\000l\000s}{}% 68
\BOOKMARK [2][-]{subsection.E.1}{\376\377\000D\000e\000c\000o\000u\000p\000l\000i\000n\000g\000\040\000T\000h\000e\000o\000r\000e\000m}{appendix.E}% 69
\BOOKMARK [2][-]{subsection.E.2}{\376\377\000O\000n\000e\000-\000L\000o\000o\000p\000\040\000M\000a\000t\000c\000h\000i\000n\000g}{appendix.E}% 70
\BOOKMARK [2][-]{subsection.E.3}{\376\377\000T\000w\000o\000-\000L\000o\000o\000p\000\040\000M\000a\000t\000c\000h\000i\000n\000g}{appendix.E}% 71
\BOOKMARK [2][-]{subsection.E.4}{\376\377\000L\000a\000m\000b\000d\000a\000\040\000M\000a\000t\000c\000h\000i\000n\000g}{appendix.E}% 72
\BOOKMARK [2][-]{subsection.E.5}{\376\377\000M\000u\000l\000t\000i\000p\000l\000e\000\040\000T\000h\000r\000e\000s\000h\000o\000l\000d\000s}{appendix.E}% 73
\BOOKMARK [1][-]{appendix.F}{\376\377\000N\000e\000w\000t\000o\000n\000\040\000S\000o\000l\000v\000e\000r\000\040\000I\000m\000p\000l\000e\000m\000e\000n\000t\000a\000t\000i\000o\000n}{}% 74
\BOOKMARK [2][-]{subsection.F.1}{\376\377\000O\000b\000j\000e\000c\000t\000i\000v\000e\000\040\000F\000u\000n\000c\000t\000i\000o\000n}{appendix.F}% 75
\BOOKMARK [2][-]{subsection.F.2}{\376\377\000D\000e\000r\000i\000v\000a\000t\000i\000v\000e}{appendix.F}% 76
\BOOKMARK [2][-]{subsection.F.3}{\376\377\000N\000e\000w\000t\000o\000n\000\040\000U\000p\000d\000a\000t\000e}{appendix.F}% 77
\BOOKMARK [2][-]{subsection.F.4}{\376\377\000B\000i\000s\000e\000c\000t\000i\000o\000n\000\040\000F\000a\000l\000l\000b\000a\000c\000k}{appendix.F}% 78
\BOOKMARK [2][-]{subsection.F.5}{\376\377\000I\000n\000i\000t\000i\000a\000l\000\040\000B\000r\000a\000c\000k\000e\000t}{appendix.F}% 79
\BOOKMARK [1][-]{appendix.G}{\376\377\000U\000n\000i\000t\000\040\000a\000n\000d\000\040\000C\000o\000n\000v\000e\000n\000t\000i\000o\000n\000\040\000A\000n\000a\000l\000y\000s\000i\000s}{}% 80
\BOOKMARK [2][-]{subsection.G.1}{\376\377\000N\000a\000t\000u\000r\000a\000l\000\040\000U\000n\000i\000t\000s}{appendix.G}% 81
\BOOKMARK [2][-]{subsection.G.2}{\376\377\000C\000o\000u\000p\000l\000i\000n\000g\000\040\000C\000o\000n\000v\000e\000n\000t\000i\000o\000n}{appendix.G}% 82
\BOOKMARK [2][-]{subsection.G.3}{\376\377\000B\000e\000t\000a\000\040\000F\000u\000n\000c\000t\000i\000o\000n\000\040\000C\000o\000n\000v\000e\000n\000t\000i\000o\000n}{appendix.G}% 83
\BOOKMARK [2][-]{subsection.G.4}{\376\377\000L\000a\000m\000b\000d\000a\000\040\000C\000o\000n\000v\000e\000n\000t\000i\000o\000n}{appendix.G}% 84
\BOOKMARK [1][-]{appendix.H}{\376\377\000E\000r\000r\000o\000r\000\040\000P\000r\000o\000p\000a\000g\000a\000t\000i\000o\000n}{}% 85
\BOOKMARK [2][-]{subsection.H.1}{\376\377\000I\000n\000p\000u\000t\000\040\000U\000n\000c\000e\000r\000t\000a\000i\000n\000t\000i\000e\000s}{appendix.H}% 86
\BOOKMARK [2][-]{subsection.H.2}{\376\377\000L\000a\000m\000b\000d\000a\000\040\000S\000e\000n\000s\000i\000t\000i\000v\000i\000t\000y}{appendix.H}% 87
\BOOKMARK [2][-]{subsection.H.3}{\376\377\000T\000h\000r\000e\000s\000h\000o\000l\000d\000\040\000M\000a\000s\000s\000\040\000S\000e\000n\000s\000i\000t\000i\000v\000i\000t\000y}{appendix.H}% 88
\BOOKMARK [2][-]{subsection.H.4}{\376\377\000T\000o\000t\000a\000l\000\040\000E\000r\000r\000o\000r\000\040\000B\000u\000d\000g\000e\000t}{appendix.H}% 89
\BOOKMARK [1][-]{appendix.I}{\376\377\000A\000d\000d\000i\000t\000i\000o\000n\000a\000l\000\040\000R\000e\000v\000i\000e\000w\000e\000r\000\040\000T\000r\000a\000p\000s}{}% 90
\BOOKMARK [1][-]{appendix.J}{\376\377\000S\000w\000e\000e\000p\000\040\000A\000n\000a\000l\000y\000s\000i\000s}{}% 91
\BOOKMARK [2][-]{subsection.J.1}{\376\377\000P\000a\000r\000a\000m\000e\000t\000e\000r\000\040\000S\000p\000a\000c\000e}{appendix.J}% 92
\BOOKMARK [2][-]{subsection.J.2}{\376\377\000S\000w\000e\000e\000p\000\040\000G\000r\000i\000d}{appendix.J}% 93
\BOOKMARK [2][-]{subsection.J.3}{\376\377\000O\000u\000t\000p\000u\000t\000\040\000B\000a\000n\000d\000s}{appendix.J}% 94
\BOOKMARK [2][-]{subsection.J.4}{\376\377\000B\000a\000n\000d\000\040\000L\000i\000m\000i\000t\000s}{appendix.J}% 95
\BOOKMARK [1][-]{appendix.K}{\376\377\000F\000o\000r\000m\000a\000l\000\040\000V\000e\000r\000i\000f\000i\000c\000a\000t\000i\000o\000n\000\040\000P\000r\000o\000t\000o\000c\000o\000l}{}% 96
\BOOKMARK [2][-]{subsection.K.1}{\376\377\000S\000t\000e\000p\000\040\0001\000:\000\040\000H\000a\000s\000h\000\040\000V\000e\000r\000i\000f\000i\000c\000a\000t\000i\000o\000n}{appendix.K}% 97
\BOOKMARK [2][-]{subsection.K.2}{\376\377\000S\000t\000e\000p\000\040\0002\000:\000\040\000F\000o\000r\000m\000u\000l\000a\000\040\000V\000e\000r\000i\000f\000i\000c\000a\000t\000i\000o\000n}{appendix.K}% 98
\BOOKMARK [2][-]{subsection.K.3}{\376\377\000S\000t\000e\000p\000\040\0003\000:\000\040\000L\000o\000g\000\040\000H\000y\000g\000i\000e\000n\000e\000\040\000V\000e\000r\000i\000f\000i\000c\000a\000t\000i\000o\000n}{appendix.K}% 99
\BOOKMARK [2][-]{subsection.K.4}{\376\377\000S\000t\000e\000p\000\040\0004\000:\000\040\000F\000i\000r\000e\000w\000a\000l\000l\000\040\000V\000e\000r\000i\000f\000i\000c\000a\000t\000i\000o\000n}{appendix.K}% 100
\BOOKMARK [2][-]{subsection.K.5}{\376\377\000S\000t\000e\000p\000\040\0005\000:\000\040\000N\000o\000-\000F\000i\000t\000\040\000V\000e\000r\000i\000f\000i\000c\000a\000t\000i\000o\000n}{appendix.K}% 101
\BOOKMARK [1][-]{appendix.L}{\376\377\000C\000o\000m\000p\000l\000e\000t\000e\000\040\000F\000o\000r\000m\000u\000l\000a\000\040\000C\000a\000t\000a\000l\000o\000g}{}% 102
\BOOKMARK [2][-]{subsection.L.1}{\376\377\000C\000o\000u\000p\000l\000i\000n\000g\000\040\000F\000o\000r\000m\000u\000l\000a\000s}{appendix.L}% 103
\BOOKMARK [2][-]{subsection.L.2}{\376\377\000L\000a\000m\000b\000d\000a\000\040\000F\000o\000r\000m\000u\000l\000a\000s}{appendix.L}% 104
\BOOKMARK [2][-]{subsection.L.3}{\376\377\000B\000e\000t\000a\000\040\000F\000o\000r\000m\000u\000l\000a\000s}{appendix.L}% 105
\BOOKMARK [2][-]{subsection.L.4}{\376\377\000T\000h\000r\000e\000s\000h\000o\000l\000d\000\040\000F\000o\000r\000m\000u\000l\000a\000s}{appendix.L}% 106
\BOOKMARK [2][-]{subsection.L.5}{\376\377\000D\000i\000m\000e\000n\000s\000i\000o\000n\000a\000l\000\040\000F\000o\000r\000m\000u\000l\000a\000s}{appendix.L}% 107
\BOOKMARK [2][-]{subsection.L.6}{\376\377\000N\000e\000w\000t\000o\000n\000\040\000S\000o\000l\000v\000e\000r\000\040\000F\000o\000r\000m\000u\000l\000a\000s}{appendix.L}% 108
\BOOKMARK [2][-]{subsection.L.7}{\376\377\000E\000r\000r\000o\000r\000\040\000F\000o\000r\000m\000u\000l\000a\000s}{appendix.L}% 109
\BOOKMARK [2][-]{subsection.L.8}{\376\377\000A\000s\000y\000m\000p\000t\000o\000t\000i\000c\000\040\000F\000o\000r\000m\000u\000l\000a\000s}{appendix.L}% 110
\BOOKMARK [2][-]{subsection.L.9}{\376\377\000L\000a\000y\000e\000r\000\040\000A\000/\000B\000\040\000F\000o\000r\000m\000u\000l\000a\000s}{appendix.L}% 111
\BOOKMARK [2][-]{subsection.L.10}{\376\377\000V\000e\000r\000i\000f\000i\000c\000a\000t\000i\000o\000n\000\040\000F\000o\000r\000m\000u\000l\000a\000s}{appendix.L}% 112
\BOOKMARK [2][-]{subsection.L.11}{\376\377\000N\000u\000m\000e\000r\000i\000c\000a\000l\000\040\000R\000e\000f\000e\000r\000e\000n\000c\000e\000\040\000F\000o\000r\000m\000u\000l\000a\000s}{appendix.L}% 113
\BOOKMARK [2][-]{subsection.L.12}{\376\377\000A\000d\000d\000i\000t\000i\000o\000n\000a\000l\000\040\000V\000e\000r\000i\000f\000i\000c\000a\000t\000i\000o\000n\000\040\000I\000d\000e\000n\000t\000i\000t\000i\000e\000s}{appendix.L}% 114
