\BOOKMARK [1][-]{section.1}{\376\377\000R\000e\000a\000d\000e\000r\000\040\000C\000o\000n\000t\000r\000a\000c\000t\000\040\000a\000n\000d\000\040\000E\000p\000i\000s\000t\000e\000m\000i\000c\000\040\000F\000r\000a\000m\000e\000w\000o\000r\000k}{}% 1
\BOOKMARK [2][-]{subsection.1.1}{\376\377\000S\000c\000o\000p\000e\000\040\000S\000t\000a\000t\000e\000m\000e\000n\000t}{section.1}% 2
\BOOKMARK [2][-]{subsection.1.2}{\376\377\000F\000o\000r\000b\000i\000d\000d\000e\000n\000\040\000I\000n\000p\000u\000t\000s\000\040\000D\000e\000c\000l\000a\000r\000a\000t\000i\000o\000n}{section.1}% 3
\BOOKMARK [2][-]{subsection.1.3}{\376\377\000E\000p\000i\000s\000t\000e\000m\000i\000c\000\040\000T\000a\000g\000s}{section.1}% 4
\BOOKMARK [2][-]{subsection.1.4}{\376\377\000N\000o\000t\000a\000t\000i\000o\000n\000\040\000C\000o\000n\000v\000e\000n\000t\000i\000o\000n\000s}{section.1}% 5
\BOOKMARK [0][-]{part.1}{\376\377\000I\000\040\000T\000r\000a\000c\000k\000\040\000M\000:\000\040\000M\000a\000t\000t\000e\000r\000\040\000S\000e\000c\000t\000o\000r\000\040\000a\000n\000d\000\040\000C\000h\000i\000r\000a\000l\000i\000t\000y}{}% 6
\BOOKMARK [1][-]{section.2}{\376\377\0005\000D\000\040\000D\000i\000r\000a\000c\000\040\000A\000c\000t\000i\000o\000n\000\040\000a\000n\000d\000\040\000B\000o\000u\000n\000d\000a\000r\000y\000\040\000V\000a\000r\000i\000a\000t\000i\000o\000n}{part.1}% 7
\BOOKMARK [2][-]{subsection.2.1}{\376\377\000B\000u\000l\000k\000\040\000F\000e\000r\000m\000i\000o\000n\000\040\000A\000c\000t\000i\000o\000n}{section.2}% 8
\BOOKMARK [2][-]{subsection.2.2}{\376\377\000V\000a\000r\000i\000a\000t\000i\000o\000n\000\040\000a\000n\000d\000\040\000B\000o\000u\000n\000d\000a\000r\000y\000\040\000T\000e\000r\000m\000s}{section.2}% 9
\BOOKMARK [1][-]{section.3}{\376\377\000C\000h\000i\000r\000a\000l\000\040\000B\000o\000u\000n\000d\000a\000r\000y\000\040\000C\000o\000n\000d\000i\000t\000i\000o\000n\000s}{part.1}% 10
\BOOKMARK [2][-]{subsection.3.1}{\376\377\000B\000o\000u\000n\000d\000a\000r\000y\000\040\000T\000e\000r\000m\000\040\000C\000a\000n\000c\000e\000l\000l\000a\000t\000i\000o\000n\000\040\000R\000e\000q\000u\000i\000r\000e\000m\000e\000n\000t}{section.3}% 11
\BOOKMARK [2][-]{subsection.3.2}{\376\377\000O\000r\000b\000i\000f\000o\000l\000d\000\040\000P\000a\000r\000i\000t\000y\000\040\000A\000s\000s\000i\000g\000n\000m\000e\000n\000t}{section.3}% 12
\BOOKMARK [2][-]{subsection.3.3}{\376\377\000B\000C\000\040\000N\000o\000t\000a\000t\000i\000o\000n}{section.3}% 13
\BOOKMARK [1][-]{section.4}{\376\377\000C\000h\000i\000r\000a\000l\000\040\000Z\000e\000r\000o\000\040\000M\000o\000d\000e\000\040\000C\000o\000n\000d\000i\000t\000i\000o\000n}{part.1}% 14
\BOOKMARK [2][-]{subsection.4.1}{\376\377\000M\000o\000d\000e\000\040\000D\000e\000c\000o\000m\000p\000o\000s\000i\000t\000i\000o\000n}{section.4}% 15
\BOOKMARK [2][-]{subsection.4.2}{\376\377\000B\000u\000l\000k\000\040\000E\000q\000u\000a\000t\000i\000o\000n\000s\000\040\000f\000r\000o\000m\000\040\000A\000c\000t\000i\000o\000n}{section.4}% 16
\BOOKMARK [2][-]{subsection.4.3}{\376\377\000Z\000e\000r\000o\000\040\000M\000o\000d\000e\000\040\000S\000o\000l\000u\000t\000i\000o\000n}{section.4}% 17
\BOOKMARK [2][-]{subsection.4.4}{\376\377\000N\000o\000r\000m\000a\000l\000i\000z\000a\000t\000i\000o\000n}{section.4}% 18
\BOOKMARK [1][-]{section.5}{\376\377\000W\000a\000r\000p\000e\000d\000\040\000B\000a\000c\000k\000g\000r\000o\000u\000n\000d\000\040\000F\000e\000r\000m\000i\000o\000n\000s}{part.1}% 19
\BOOKMARK [2][-]{subsection.5.1}{\376\377\000R\000a\000n\000d\000a\000l\000l\000-\000S\000u\000n\000d\000r\000u\000m\000\040\000M\000e\000t\000r\000i\000c}{section.5}% 20
\BOOKMARK [2][-]{subsection.5.2}{\376\377\000M\000o\000d\000i\000f\000i\000e\000d\000\040\000P\000r\000o\000f\000i\000l\000e\000\040\000E\000q\000u\000a\000t\000i\000o\000n\000s}{section.5}% 21
\BOOKMARK [2][-]{subsection.5.3}{\376\377\000W\000a\000r\000p\000e\000d\000\040\000Z\000e\000r\000o\000\040\000M\000o\000d\000e}{section.5}% 22
\BOOKMARK [1][-]{section.6}{\376\377\000A\000n\000o\000m\000a\000l\000y\000\040\000R\000i\000s\000k\000\040\000A\000s\000s\000e\000s\000s\000m\000e\000n\000t}{part.1}% 23
\BOOKMARK [2][-]{subsection.6.1}{\376\377\0004\000D\000\040\000A\000n\000o\000m\000a\000l\000y\000\040\000C\000o\000n\000d\000i\000t\000i\000o\000n\000s}{section.6}% 24
\BOOKMARK [2][-]{subsection.6.2}{\376\377\000A\000n\000o\000m\000a\000l\000y\000\040\000R\000i\000s\000k\000\040\000M\000a\000t\000r\000i\000x}{section.6}% 25
\BOOKMARK [2][-]{subsection.6.3}{\376\377\000M\000i\000n\000i\000m\000a\000l\000\040\000C\000o\000n\000s\000i\000s\000t\000e\000n\000t\000\040\000A\000s\000s\000i\000g\000n\000m\000e\000n\000t}{section.6}% 26
\BOOKMARK [1][-]{section.7}{\376\377\000G\000a\000u\000g\000e\000-\000H\000i\000g\000g\000s\000\040\000U\000n\000i\000f\000i\000c\000a\000t\000i\000o\000n\000:\000\040\000A\0005\000\040\000a\000s\000\040\000H\000i\000g\000g\000s}{part.1}% 27
\BOOKMARK [2][-]{subsection.7.1}{\376\377\000A\0005\000\040\000T\000r\000a\000n\000s\000f\000o\000r\000m\000a\000t\000i\000o\000n\000\040\000P\000r\000o\000p\000e\000r\000t\000i\000e\000s}{section.7}% 28
\BOOKMARK [2][-]{subsection.7.2}{\376\377\000W\000i\000l\000s\000o\000n\000\040\000L\000i\000n\000e\000\040\000a\000n\000d\000\040\000H\000o\000s\000o\000t\000a\000n\000i\000\040\000M\000e\000c\000h\000a\000n\000i\000s\000m}{section.7}% 29
\BOOKMARK [2][-]{subsection.7.3}{\376\377\000H\000i\000g\000g\000s\000\040\000M\000a\000s\000s\000\040\000f\000r\000o\000m\000\040\000G\000e\000o\000m\000e\000t\000r\000y}{section.7}% 30
\BOOKMARK [1][-]{section.8}{\376\377\000Y\000u\000k\000a\000w\000a\000\040\000f\000r\000o\000m\000\040\000O\000v\000e\000r\000l\000a\000p\000\040\000I\000n\000t\000e\000g\000r\000a\000l\000s}{part.1}% 31
\BOOKMARK [2][-]{subsection.8.1}{\376\377\0005\000D\000\040\000Y\000u\000k\000a\000w\000a\000\040\000C\000o\000u\000p\000l\000i\000n\000g}{section.8}% 32
\BOOKMARK [2][-]{subsection.8.2}{\376\377\000E\000f\000f\000e\000c\000t\000i\000v\000e\000\040\0004\000D\000\040\000C\000o\000u\000p\000l\000i\000n\000g}{section.8}% 33
\BOOKMARK [2][-]{subsection.8.3}{\376\377\000H\000i\000e\000r\000a\000r\000c\000h\000i\000e\000s\000\040\000f\000r\000o\000m\000\040\000L\000o\000c\000a\000l\000i\000z\000a\000t\000i\000o\000n}{section.8}% 34
\BOOKMARK [1][-]{section.9}{\376\377\000B\000C\000\040\000R\000e\000g\000i\000s\000t\000r\000y\000\040\000v\0003\0003}{part.1}% 35
\BOOKMARK [0][-]{part.2}{\376\377\000I\000I\000\040\000T\000r\000a\000c\000k\000\040\000R\000:\000\040\000R\000G\000\040\000a\000n\000d\000\040\000S\000c\000a\000l\000e\000\040\000M\000a\000t\000c\000h\000i\000n\000g}{}% 36
\BOOKMARK [1][-]{section.10}{\376\377\000G\000a\000u\000g\000e\000\040\000C\000o\000u\000p\000l\000i\000n\000g\000\040\000D\000i\000m\000e\000n\000s\000i\000o\000n\000a\000l\000\040\000A\000n\000a\000l\000y\000s\000i\000s}{part.2}% 37
\BOOKMARK [2][-]{subsection.10.1}{\376\377\0005\000D\000\040\000v\000s\000\040\0004\000D\000\040\000C\000o\000u\000p\000l\000i\000n\000g\000\040\000D\000i\000m\000e\000n\000s\000i\000o\000n\000s}{section.10}% 38
\BOOKMARK [2][-]{subsection.10.2}{\376\377\000G\000a\000u\000g\000e\000\040\000M\000a\000t\000c\000h\000i\000n\000g\000\040\000F\000o\000r\000m\000u\000l\000a}{section.10}% 39
\BOOKMARK [2][-]{subsection.10.3}{\376\377\000F\000l\000a\000t\000\040\000L\000i\000m\000i\000t}{section.10}% 40
\BOOKMARK [2][-]{subsection.10.4}{\376\377\000W\000a\000r\000p\000e\000d\000\040\000C\000a\000s\000e}{section.10}% 41
\BOOKMARK [2][-]{subsection.10.5}{\376\377\000B\000r\000a\000n\000e\000\040\000K\000i\000n\000e\000t\000i\000c\000\040\000T\000e\000r\000m\000s}{section.10}% 42
\BOOKMARK [1][-]{section.11}{\376\377\000K\000K\000\040\000S\000p\000e\000c\000t\000r\000u\000m\000\040\000a\000n\000d\000\040\000M\000a\000t\000c\000h\000i\000n\000g\000\040\000S\000c\000a\000l\000e}{part.2}% 43
\BOOKMARK [2][-]{subsection.11.1}{\376\377\000M\000o\000d\000e\000\040\000E\000q\000u\000a\000t\000i\000o\000n}{section.11}% 44
\BOOKMARK [2][-]{subsection.11.2}{\376\377\000F\000l\000a\000t\000\040\000B\000a\000c\000k\000g\000r\000o\000u\000n\000d\000\040\000S\000p\000e\000c\000t\000r\000a}{section.11}% 45
\BOOKMARK [2][-]{subsection.11.3}{\376\377\000K\000K\000\040\000M\000a\000t\000c\000h\000i\000n\000g\000\040\000S\000c\000a\000l\000e}{section.11}% 46
\BOOKMARK [2][-]{subsection.11.4}{\376\377\000S\000c\000a\000l\000e\000\040\000H\000i\000e\000r\000a\000r\000c\000h\000y}{section.11}% 47
\BOOKMARK [1][-]{section.12}{\376\377\000P\000i\000e\000c\000e\000w\000i\000s\000e\000\040\000R\000u\000n\000n\000i\000n\000g\000\040\000a\000n\000d\000\040\000T\000h\000r\000e\000s\000h\000o\000l\000d\000\040\000M\000a\000t\000c\000h\000i\000n\000g}{part.2}% 48
\BOOKMARK [2][-]{subsection.12.1}{\376\377\0004\000D\000\040\000R\000u\000n\000n\000i\000n\000g\000\040\000B\000e\000l\000o\000w\000\040\000K\000K}{section.12}% 49
\BOOKMARK [2][-]{subsection.12.2}{\376\377\000K\000K\000\040\000T\000o\000w\000e\000r\000\040\000T\000h\000r\000e\000s\000h\000o\000l\000d\000\040\000C\000o\000r\000r\000e\000c\000t\000i\000o\000n\000s}{section.12}% 50
\BOOKMARK [2][-]{subsection.12.3}{\376\377\000P\000i\000e\000c\000e\000w\000i\000s\000e\000\040\000R\000u\000n\000n\000i\000n\000g\000\040\000F\000o\000r\000m\000u\000l\000a}{section.12}% 51
\BOOKMARK [1][-]{section.13}{\376\377\000S\000c\000a\000l\000e\000\040\000R\000e\000g\000i\000m\000e\000\040\000M\000a\000p\000\040\000v\0003\0003}{part.2}% 52
\BOOKMARK [1][-]{section.14}{\376\377\000T\000r\000a\000c\000k\000-\000t\000o\000-\000R\000G\000\040\000D\000i\000c\000t\000i\000o\000n\000a\000r\000y}{part.2}% 53
\BOOKMARK [1][-]{section.15}{\376\377\000H\000y\000p\000e\000r\000c\000h\000a\000r\000g\000e\000\040\000N\000o\000r\000m\000a\000l\000i\000z\000a\000t\000i\000o\000n}{part.2}% 54
\BOOKMARK [2][-]{subsection.15.1}{\376\377\000S\000U\000\050\0005\000\051\000\040\000E\000m\000b\000e\000d\000d\000i\000n\000g}{section.15}% 55
\BOOKMARK [2][-]{subsection.15.2}{\376\377\000C\000o\000u\000p\000l\000i\000n\000g\000\040\000R\000e\000l\000a\000t\000i\000o\000n}{section.15}% 56
\BOOKMARK [2][-]{subsection.15.3}{\376\377\000P\000a\000t\000i\000-\000S\000a\000l\000a\000m\000\040\000H\000y\000p\000e\000r\000c\000h\000a\000r\000g\000e}{section.15}% 57
\BOOKMARK [1][-]{section.16}{\376\377\000M\000a\000t\000c\000h\000i\000n\000g\000\040\000C\000o\000n\000d\000i\000t\000i\000o\000n\000s}{part.2}% 58
\BOOKMARK [2][-]{subsection.16.1}{\376\377\000T\000r\000e\000e\000-\000L\000e\000v\000e\000l\000\040\000M\000a\000t\000c\000h\000i\000n\000g}{section.16}% 59
\BOOKMARK [2][-]{subsection.16.2}{\376\377\000O\000n\000e\000-\000L\000o\000o\000p\000\040\000T\000h\000r\000e\000s\000h\000o\000l\000d\000\040\000C\000o\000r\000r\000e\000c\000t\000i\000o\000n\000s}{section.16}% 60
\BOOKMARK [2][-]{subsection.16.3}{\376\377\000M\000a\000t\000c\000h\000i\000n\000g\000\040\000C\000o\000n\000d\000i\000t\000i\000o\000n\000s\000\040\000a\000t\000\040\000U\000V}{section.16}% 61
\BOOKMARK [1][-]{section.17}{\376\377\000R\000e\000v\000i\000e\000w\000e\000r\000\040\000T\000r\000a\000p\000\040\000C\000h\000e\000c\000k\000l\000i\000s\000t}{part.2}% 62
\BOOKMARK [1][-]{section.18}{\376\377\000I\000n\000t\000e\000r\000n\000a\000l\000\040\000C\000l\000o\000s\000u\000r\000e\000\040\000A\000t\000t\000e\000m\000p\000t}{part.2}% 63
\BOOKMARK [2][-]{subsection.18.1}{\376\377\000W\000h\000a\000t\000\040\000I\000s\000\040\000C\000l\000o\000s\000e\000d}{section.18}% 64
\BOOKMARK [2][-]{subsection.18.2}{\376\377\000W\000h\000a\000t\000\040\000R\000e\000m\000a\000i\000n\000s\000\040\000O\000p\000e\000n}{section.18}% 65
\BOOKMARK [1][-]{section.19}{\376\377\000E\000p\000i\000s\000t\000e\000m\000i\000c\000\040\000L\000e\000d\000g\000e\000r}{part.2}% 66
\BOOKMARK [1][-]{section.20}{\376\377\000C\000o\000n\000c\000l\000u\000s\000i\000o\000n\000s}{part.2}% 67
\BOOKMARK [2][-]{subsection.20.1}{\376\377\000T\000r\000a\000c\000k\000\040\000M\000\040\000S\000u\000m\000m\000a\000r\000y}{section.20}% 68
\BOOKMARK [2][-]{subsection.20.2}{\376\377\000T\000r\000a\000c\000k\000\040\000R\000\040\000S\000u\000m\000m\000a\000r\000y}{section.20}% 69
\BOOKMARK [2][-]{subsection.20.3}{\376\377\000D\000e\000p\000e\000n\000d\000e\000n\000c\000y\000-\000P\000r\000o\000o\000f\000\040\000S\000t\000a\000t\000e\000m\000e\000n\000t}{section.20}% 70
\BOOKMARK [1][-]{appendix.A}{\376\377\0005\000D\000\040\000S\000p\000i\000n\000o\000r\000\040\000C\000o\000n\000v\000e\000n\000t\000i\000o\000n\000s}{part.2}% 71
\BOOKMARK [2][-]{subsection.A.1}{\376\377\000C\000l\000i\000f\000f\000o\000r\000d\000\040\000A\000l\000g\000e\000b\000r\000a}{appendix.A}% 72
\BOOKMARK [2][-]{subsection.A.2}{\376\377\000C\000h\000i\000r\000a\000l\000i\000t\000y}{appendix.A}% 73
\BOOKMARK [2][-]{subsection.A.3}{\376\377\000C\000h\000a\000r\000g\000e\000\040\000C\000o\000n\000j\000u\000g\000a\000t\000i\000o\000n}{appendix.A}% 74
\BOOKMARK [1][-]{appendix.B}{\376\377\000M\000o\000d\000e\000\040\000F\000u\000n\000c\000t\000i\000o\000n\000\040\000O\000r\000t\000h\000o\000g\000o\000n\000a\000l\000i\000t\000y}{part.2}% 75
\BOOKMARK [2][-]{subsection.B.1}{\376\377\000S\000c\000a\000l\000a\000r\000\040\000M\000o\000d\000e\000s}{appendix.B}% 76
\BOOKMARK [2][-]{subsection.B.2}{\376\377\000F\000e\000r\000m\000i\000o\000n\000\040\000M\000o\000d\000e\000s}{appendix.B}% 77
\BOOKMARK [1][-]{appendix.C}{\376\377\000W\000i\000l\000s\000o\000n\000\040\000L\000i\000n\000e\000\040\000C\000a\000l\000c\000u\000l\000a\000t\000i\000o\000n}{part.2}% 78
\BOOKMARK [2][-]{subsection.C.1}{\376\377\000C\000o\000n\000s\000t\000a\000n\000t\000\040\000A\0005}{appendix.C}% 79
\BOOKMARK [2][-]{subsection.C.2}{\376\377\000P\000e\000r\000i\000o\000d\000i\000c\000i\000t\000y}{appendix.C}% 80
\BOOKMARK [1][-]{appendix.D}{\376\377\000H\000o\000s\000o\000t\000a\000n\000i\000\040\000P\000o\000t\000e\000n\000t\000i\000a\000l\000\040\000D\000e\000t\000a\000i\000l\000s}{part.2}% 81
\BOOKMARK [2][-]{subsection.D.1}{\376\377\000O\000n\000e\000-\000L\000o\000o\000p\000\040\000F\000o\000r\000m\000u\000l\000a}{appendix.D}% 82
\BOOKMARK [2][-]{subsection.D.2}{\376\377\000M\000i\000n\000i\000m\000u\000m\000\040\000C\000o\000n\000d\000i\000t\000i\000o\000n}{appendix.D}% 83
\BOOKMARK [1][-]{appendix.E}{\376\377\000T\000h\000r\000e\000s\000h\000o\000l\000d\000\040\000C\000o\000r\000r\000e\000c\000t\000i\000o\000n\000\040\000D\000e\000t\000a\000i\000l\000s}{part.2}% 84
\BOOKMARK [2][-]{subsection.E.1}{\376\377\000G\000e\000n\000e\000r\000i\000c\000\040\000F\000o\000r\000m\000u\000l\000a}{appendix.E}% 85
\BOOKMARK [2][-]{subsection.E.2}{\376\377\000K\000K\000\040\000T\000o\000w\000e\000r\000\040\000S\000u\000m}{appendix.E}% 86
\BOOKMARK [1][-]{appendix.F}{\376\377\000R\000o\000b\000i\000n\000\040\000B\000o\000u\000n\000d\000a\000r\000y\000\040\000C\000o\000n\000d\000i\000t\000i\000o\000n\000\040\000A\000n\000a\000l\000y\000s\000i\000s}{part.2}% 87
\BOOKMARK [2][-]{subsection.F.1}{\376\377\000T\000r\000a\000n\000s\000c\000e\000n\000d\000e\000n\000t\000a\000l\000\040\000E\000q\000u\000a\000t\000i\000o\000n}{appendix.F}% 88
\BOOKMARK [2][-]{subsection.F.2}{\376\377\000L\000i\000m\000i\000t\000i\000n\000g\000\040\000C\000a\000s\000e\000s}{appendix.F}% 89
\BOOKMARK [1][-]{appendix.G}{\376\377\000G\000r\000o\000u\000p\000\040\000T\000h\000e\000o\000r\000y\000\040\000D\000i\000m\000e\000n\000s\000i\000o\000n\000s}{part.2}% 90
\BOOKMARK [1][-]{appendix.H}{\376\377\000B\000e\000t\000a\000\040\000F\000u\000n\000c\000t\000i\000o\000n\000\040\000C\000o\000e\000f\000f\000i\000c\000i\000e\000n\000t\000s}{part.2}% 91
\BOOKMARK [2][-]{subsection.H.1}{\376\377\000S\000t\000a\000n\000d\000a\000r\000d\000\040\000M\000o\000d\000e\000l}{appendix.H}% 92
\BOOKMARK [2][-]{subsection.H.2}{\376\377\000M\000S\000S\000M}{appendix.H}% 93
\BOOKMARK [1][-]{appendix.I}{\376\377\000D\000i\000m\000e\000n\000s\000i\000o\000n\000a\000l\000\040\000A\000n\000a\000l\000y\000s\000i\000s\000\040\000S\000u\000m\000m\000a\000r\000y}{part.2}% 94
\BOOKMARK [1][-]{appendix.J}{\376\377\000C\000o\000n\000s\000e\000r\000v\000a\000t\000i\000o\000n\000\040\000L\000a\000w\000\040\000A\000u\000d\000i\000t}{part.2}% 95
\BOOKMARK [1][-]{appendix.K}{\376\377\000D\000e\000t\000a\000i\000l\000e\000d\000\040\000F\000e\000r\000m\000i\000o\000n\000\040\000M\000o\000d\000e\000\040\000A\000n\000a\000l\000y\000s\000i\000s}{part.2}% 96
\BOOKMARK [2][-]{subsection.K.1}{\376\377\000C\000o\000u\000p\000l\000e\000d\000\040\000P\000r\000o\000f\000i\000l\000e\000\040\000E\000q\000u\000a\000t\000i\000o\000n\000s}{appendix.K}% 97
\BOOKMARK [2][-]{subsection.K.2}{\376\377\000K\000K\000\040\000D\000e\000c\000o\000m\000p\000o\000s\000i\000t\000i\000o\000n}{appendix.K}% 98
\BOOKMARK [2][-]{subsection.K.3}{\376\377\000S\000e\000c\000o\000n\000d\000-\000O\000r\000d\000e\000r\000\040\000F\000o\000r\000m}{appendix.K}% 99
\BOOKMARK [2][-]{subsection.K.4}{\376\377\000B\000C\000\040\000I\000m\000p\000l\000e\000m\000e\000n\000t\000a\000t\000i\000o\000n}{appendix.K}% 100
\BOOKMARK [1][-]{appendix.L}{\376\377\000W\000a\000r\000p\000e\000d\000\040\000G\000e\000o\000m\000e\000t\000r\000y\000\040\000D\000e\000r\000i\000v\000a\000t\000i\000o\000n\000s}{part.2}% 101
\BOOKMARK [2][-]{subsection.L.1}{\376\377\000A\000d\000S\0005\000\040\000M\000e\000t\000r\000i\000c}{appendix.L}% 102
\BOOKMARK [2][-]{subsection.L.2}{\376\377\000V\000i\000e\000l\000b\000e\000i\000n\000\040\000a\000n\000d\000\040\000S\000p\000i\000n\000\040\000C\000o\000n\000n\000e\000c\000t\000i\000o\000n}{appendix.L}% 103
\BOOKMARK [2][-]{subsection.L.3}{\376\377\000W\000a\000r\000p\000e\000d\000\040\000D\000i\000r\000a\000c\000\040\000A\000c\000t\000i\000o\000n}{appendix.L}% 104
\BOOKMARK [2][-]{subsection.L.4}{\376\377\000W\000a\000r\000p\000e\000d\000\040\000M\000o\000d\000e\000\040\000E\000q\000u\000a\000t\000i\000o\000n\000s}{appendix.L}% 105
\BOOKMARK [2][-]{subsection.L.5}{\376\377\000L\000o\000c\000a\000l\000i\000z\000a\000t\000i\000o\000n\000\040\000A\000n\000a\000l\000y\000s\000i\000s}{appendix.L}% 106
\BOOKMARK [1][-]{appendix.M}{\376\377\000G\000a\000u\000g\000e\000-\000H\000i\000g\000g\000s\000\040\000P\000o\000t\000e\000n\000t\000i\000a\000l\000\040\000C\000a\000l\000c\000u\000l\000a\000t\000i\000o\000n}{part.2}% 107
\BOOKMARK [2][-]{subsection.M.1}{\376\377\000W\000i\000l\000s\000o\000n\000\040\000L\000i\000n\000e\000\040\000P\000a\000r\000a\000m\000e\000t\000e\000r\000i\000z\000a\000t\000i\000o\000n}{appendix.M}% 108
\BOOKMARK [2][-]{subsection.M.2}{\376\377\000K\000K\000\040\000M\000a\000s\000s\000\040\000S\000h\000i\000f\000t}{appendix.M}% 109
\BOOKMARK [2][-]{subsection.M.3}{\376\377\000C\000o\000l\000e\000m\000a\000n\000-\000W\000e\000i\000n\000b\000e\000r\000g\000\040\000P\000o\000t\000e\000n\000t\000i\000a\000l}{appendix.M}% 110
\BOOKMARK [2][-]{subsection.M.4}{\376\377\000F\000e\000r\000m\000i\000o\000n\000\040\000C\000o\000n\000t\000r\000i\000b\000u\000t\000i\000o\000n}{appendix.M}% 111
\BOOKMARK [2][-]{subsection.M.5}{\376\377\000T\000o\000t\000a\000l\000\040\000P\000o\000t\000e\000n\000t\000i\000a\000l}{appendix.M}% 112
\BOOKMARK [1][-]{appendix.N}{\376\377\000R\000G\000\040\000R\000u\000n\000n\000i\000n\000g\000\040\000D\000e\000r\000i\000v\000a\000t\000i\000o\000n\000s}{part.2}% 113
\BOOKMARK [2][-]{subsection.N.1}{\376\377\000O\000n\000e\000-\000L\000o\000o\000p\000\040\000B\000e\000t\000a\000\040\000F\000u\000n\000c\000t\000i\000o\000n}{appendix.N}% 114
\BOOKMARK [2][-]{subsection.N.2}{\376\377\000S\000o\000l\000u\000t\000i\000o\000n\000\040\000o\000f\000\040\000R\000G\000\040\000E\000q\000u\000a\000t\000i\000o\000n}{appendix.N}% 115
\BOOKMARK [2][-]{subsection.N.3}{\376\377\000T\000w\000o\000-\000L\000o\000o\000p\000\040\000E\000x\000t\000e\000n\000s\000i\000o\000n}{appendix.N}% 116
\BOOKMARK [2][-]{subsection.N.4}{\376\377\000K\000K\000\040\000T\000o\000w\000e\000r\000\040\000B\000e\000t\000a\000\040\000F\000u\000n\000c\000t\000i\000o\000n}{appendix.N}% 117
\BOOKMARK [2][-]{subsection.N.5}{\376\377\000S\000t\000e\000p\000\040\000F\000u\000n\000c\000t\000i\000o\000n\000\040\000A\000p\000p\000r\000o\000x\000i\000m\000a\000t\000i\000o\000n}{appendix.N}% 118
\BOOKMARK [1][-]{appendix.O}{\376\377\000T\000h\000r\000e\000s\000h\000o\000l\000d\000\040\000C\000o\000r\000r\000e\000c\000t\000i\000o\000n\000\040\000D\000e\000t\000a\000i\000l\000s}{part.2}% 119
\BOOKMARK [2][-]{subsection.O.1}{\376\377\000G\000e\000n\000e\000r\000i\000c\000\040\000T\000h\000r\000e\000s\000h\000o\000l\000d\000\040\000F\000o\000r\000m\000u\000l\000a}{appendix.O}% 120
\BOOKMARK [2][-]{subsection.O.2}{\376\377\000G\000a\000u\000g\000e\000\040\000B\000o\000s\000o\000n\000\040\000C\000o\000n\000t\000r\000i\000b\000u\000t\000i\000o\000n}{appendix.O}% 121
\BOOKMARK [2][-]{subsection.O.3}{\376\377\000F\000e\000r\000m\000i\000o\000n\000\040\000C\000o\000n\000t\000r\000i\000b\000u\000t\000i\000o\000n}{appendix.O}% 122
\BOOKMARK [2][-]{subsection.O.4}{\376\377\000S\000c\000a\000l\000a\000r\000\040\000C\000o\000n\000t\000r\000i\000b\000u\000t\000i\000o\000n}{appendix.O}% 123
\BOOKMARK [1][-]{appendix.P}{\376\377\000P\000r\000o\000t\000o\000n\000\040\000D\000e\000c\000a\000y\000\040\000O\000p\000e\000r\000a\000t\000o\000r\000\040\000A\000n\000a\000l\000y\000s\000i\000s}{part.2}% 124
\BOOKMARK [2][-]{subsection.P.1}{\376\377\000D\000i\000m\000e\000n\000s\000i\000o\000n\000-\0006\000\040\000O\000p\000e\000r\000a\000t\000o\000r\000s}{appendix.P}% 125
\BOOKMARK [2][-]{subsection.P.2}{\376\377\000K\000K\000\040\000M\000o\000d\000e\000\040\000C\000o\000n\000t\000r\000i\000b\000u\000t\000i\000o\000n}{appendix.P}% 126
\BOOKMARK [2][-]{subsection.P.3}{\376\377\000S\000u\000p\000p\000r\000e\000s\000s\000i\000o\000n\000\040\000f\000r\000o\000m\000\040\000L\000o\000c\000a\000l\000i\000z\000a\000t\000i\000o\000n}{appendix.P}% 127
\BOOKMARK [1][-]{appendix.Q}{\376\377\000A\000n\000o\000m\000a\000l\000y\000\040\000C\000o\000e\000f\000f\000i\000c\000i\000e\000n\000t\000\040\000D\000e\000r\000i\000v\000a\000t\000i\000o\000n\000s}{part.2}% 128
\BOOKMARK [2][-]{subsection.Q.1}{\376\377\000T\000r\000i\000a\000n\000g\000l\000e\000\040\000A\000n\000o\000m\000a\000l\000y}{appendix.Q}% 129
\BOOKMARK [2][-]{subsection.Q.2}{\376\377\000U\000\050\0001\000\051\0003\000\040\000A\000n\000o\000m\000a\000l\000y}{appendix.Q}% 130
\BOOKMARK [2][-]{subsection.Q.3}{\376\377\000M\000i\000x\000e\000d\000\040\000A\000n\000o\000m\000a\000l\000y}{appendix.Q}% 131
\BOOKMARK [2][-]{subsection.Q.4}{\376\377\000G\000r\000a\000v\000i\000t\000a\000t\000i\000o\000n\000a\000l\000\040\000A\000n\000o\000m\000a\000l\000y}{appendix.Q}% 132
\BOOKMARK [2][-]{subsection.Q.5}{\376\377\000S\000M\000\040\000C\000a\000n\000c\000e\000l\000l\000a\000t\000i\000o\000n}{appendix.Q}% 133
\BOOKMARK [1][-]{appendix.R}{\376\377\000N\000u\000m\000e\000r\000i\000c\000a\000l\000\040\000S\000a\000n\000i\000t\000y\000\040\000C\000h\000e\000c\000k\000s}{part.2}% 134
\BOOKMARK [2][-]{subsection.R.1}{\376\377\000F\000l\000a\000t\000\040\000P\000r\000o\000f\000i\000l\000e\000\040\000N\000o\000r\000m\000a\000l\000i\000z\000a\000t\000i\000o\000n}{appendix.R}% 135
\BOOKMARK [2][-]{subsection.R.2}{\376\377\000E\000x\000p\000o\000n\000e\000n\000t\000i\000a\000l\000\040\000P\000r\000o\000f\000i\000l\000e\000\040\000N\000o\000r\000m\000a\000l\000i\000z\000a\000t\000i\000o\000n}{appendix.R}% 136
\BOOKMARK [2][-]{subsection.R.3}{\376\377\000W\000i\000l\000s\000o\000n\000\040\000L\000i\000n\000e\000\040\000P\000e\000r\000i\000o\000d\000i\000c\000i\000t\000y}{appendix.R}% 137
\BOOKMARK [2][-]{subsection.R.4}{\376\377\000M\000a\000t\000c\000h\000i\000n\000g\000\040\000D\000i\000m\000e\000n\000s\000i\000o\000n\000a\000l\000i\000t\000y}{appendix.R}% 138
