\BOOKMARK [1][-]{section.1}{\376\377\000F\000i\000r\000e\000w\000a\000l\000l\000\040\000C\000o\000n\000t\000r\000a\000c\000t\000\040\000v\0002\000\040\000\050\000S\000t\000r\000e\000n\000g\000t\000h\000e\000n\000e\000d\000\051}{}% 1
\BOOKMARK [2][-]{subsection.1.1}{\376\377\000M\000i\000s\000s\000i\000o\000n\000\040\000S\000t\000a\000t\000e\000m\000e\000n\000t}{section.1}% 2
\BOOKMARK [2][-]{subsection.1.2}{\376\377\000N\000o\000\040\000B\000a\000c\000k\000f\000l\000o\000w\000\040\000T\000h\000e\000o\000r\000e\000m\000\040\000v\0002}{section.1}% 3
\BOOKMARK [2][-]{subsection.1.3}{\376\377\000T\000h\000r\000e\000a\000t\000\040\000M\000o\000d\000e\000l}{section.1}% 4
\BOOKMARK [2][-]{subsection.1.4}{\376\377\000S\000c\000o\000p\000e\000-\000O\000n\000l\000y\000\040\000R\000u\000l\000e}{section.1}% 5
\BOOKMARK [1][-]{section.2}{\376\377\000Q\000U\000A\000R\000A\000N\000T\000I\000N\000E\000D\000\040\000I\000n\000p\000u\000t\000s\000\040\000T\000a\000b\000l\000e}{}% 6
\BOOKMARK [2][-]{subsection.2.1}{\376\377\000T\000a\000b\000l\000e\000\040\000B\000.\0001\000:\000\040\000E\000x\000t\000e\000r\000n\000a\000l\000\040\000I\000n\000p\000u\000t\000s}{section.2}% 7
\BOOKMARK [2][-]{subsection.2.2}{\376\377\000L\000a\000y\000e\000r\000\040\000A\000\040\000I\000n\000p\000u\000t\000s\000\040\000\050\000R\000e\000a\000d\000-\000O\000n\000l\000y\000\051}{section.2}% 8
\BOOKMARK [1][-]{section.3}{\376\377\000D\000e\000f\000i\000n\000i\000t\000i\000o\000n\000s\000\040\000a\000n\000d\000\040\000S\000c\000h\000e\000m\000e\000s\000\040\000\050\000Q\000U\000A\000R\000A\000N\000T\000I\000N\000E\000D\000\051}{}% 9
\BOOKMARK [2][-]{subsection.3.1}{\376\377\000M\000S\000\040\000D\000e\000f\000i\000n\000i\000t\000i\000o\000n}{section.3}% 10
\BOOKMARK [2][-]{subsection.3.2}{\376\377\000B\000e\000t\000a\000\040\000C\000o\000e\000f\000f\000i\000c\000i\000e\000n\000t\000s}{section.3}% 11
\BOOKMARK [2][-]{subsection.3.3}{\376\377\000T\000w\000o\000\040\000L\000a\000m\000b\000d\000a\000\040\000C\000o\000n\000c\000e\000p\000t\000s\000\040\000\050\000S\000e\000p\000a\000r\000a\000t\000i\000o\000n\000\051}{section.3}% 12
\BOOKMARK [1][-]{section.4}{\376\377\000\040\000E\000x\000t\000r\000a\000c\000t\000i\000o\000n\000\040\000E\000n\000g\000i\000n\000e\000\040\000\050\000Q\000U\000A\000R\000A\000N\000T\000I\000N\000E\000D\000\051}{}% 13
\BOOKMARK [2][-]{subsection.4.1}{\376\377\000R\000o\000u\000t\000e\000\040\0001\000:\000\040\000A\000n\000a\000l\000y\000t\000i\000c\000\040\0001\000-\000L\000o\000o\000p\000\040\000I\000n\000v\000e\000r\000s\000i\000o\000n}{section.4}% 14
\BOOKMARK [2][-]{subsection.4.2}{\376\377\000R\000o\000u\000t\000e\000\040\0002\000:\000\040\000N\000u\000m\000e\000r\000i\000c\000/\0002\000-\000L\000o\000o\000p}{section.4}% 15
\BOOKMARK [2][-]{subsection.4.3}{\376\377\000T\000w\000o\000-\000R\000o\000u\000t\000e\000\040\000V\000e\000r\000i\000f\000i\000c\000a\000t\000i\000o\000n}{section.4}% 16
\BOOKMARK [2][-]{subsection.4.4}{\376\377\000\040\000B\000a\000n\000d\000\040\000f\000r\000o\000m\000\040\000\040\000S\000w\000e\000e\000p}{section.4}% 17
\BOOKMARK [1][-]{section.5}{\376\377\000T\000h\000r\000e\000s\000h\000o\000l\000d\000\040\000H\000a\000n\000d\000l\000i\000n\000g\000\040\000\050\000Q\000U\000A\000R\000A\000N\000T\000I\000N\000E\000D\000\051}{}% 18
\BOOKMARK [2][-]{subsection.5.1}{\376\377\000P\000o\000l\000i\000c\000y\000\040\000T\0001\000:\000\040\000S\000t\000e\000p\000-\000F\000u\000n\000c\000t\000i\000o\000n\000\040\000D\000e\000c\000o\000u\000p\000l\000i\000n\000g}{section.5}% 19
\BOOKMARK [2][-]{subsection.5.2}{\376\377\000P\000o\000l\000i\000c\000y\000\040\000T\0002\000:\000\040\000M\000a\000t\000c\000h\000e\000d\000\040\000C\000o\000n\000t\000i\000n\000u\000i\000t\000y}{section.5}% 20
\BOOKMARK [2][-]{subsection.5.3}{\376\377\000T\000h\000r\000e\000s\000h\000o\000l\000d\000\040\000I\000n\000v\000a\000r\000i\000a\000n\000c\000e\000\040\000V\000e\000r\000i\000f\000i\000c\000a\000t\000i\000o\000n}{section.5}% 21
\BOOKMARK [2][-]{subsection.5.4}{\376\377\000F\000u\000l\000l\000\040\000R\000u\000n\000n\000i\000n\000g\000\040\000C\000h\000a\000i\000n\000\040\000\050\000T\0001\000\051}{section.5}% 22
\BOOKMARK [2][-]{subsection.5.5}{\376\377\000F\000u\000l\000l\000\040\000R\000u\000n\000n\000i\000n\000g\000\040\000C\000h\000a\000i\000n\000\040\000\050\000T\0002\000\051}{section.5}% 23
\BOOKMARK [1][-]{section.6}{\376\377\000R\000e\000s\000u\000l\000t\000s\000\040\000T\000a\000b\000l\000e\000s\000\040\000\050\000Q\000U\000A\000R\000A\000N\000T\000I\000N\000E\000D\000\051}{}% 24
\BOOKMARK [2][-]{subsection.6.1}{\376\377\000T\000a\000b\000l\000e\000\040\000R\000.\0001\000:\000\040\000\040\000S\000w\000e\000e\000p\000\040\000R\000e\000s\000u\000l\000t\000s}{section.6}% 25
\BOOKMARK [2][-]{subsection.6.2}{\376\377\000T\000a\000b\000l\000e\000\040\000R\000.\0002\000:\000\040\000P\000D\000G\000\040\000C\000o\000m\000p\000a\000r\000i\000s\000o\000n\000\040\000\050\000N\000o\000\040\000T\000u\000n\000i\000n\000g\000\051}{section.6}% 26
\BOOKMARK [2][-]{subsection.6.3}{\376\377\000T\000a\000b\000l\000e\000\040\000R\000.\0003\000:\000\040\000T\000w\000o\000-\000R\000o\000u\000t\000e\000\040\000C\000o\000n\000s\000i\000s\000t\000e\000n\000c\000y}{section.6}% 27
\BOOKMARK [2][-]{subsection.6.4}{\376\377\000T\000a\000b\000l\000e\000\040\000R\000.\0004\000:\000\040\000T\000h\000r\000e\000s\000h\000o\000l\000d\000\040\000I\000n\000v\000a\000r\000i\000a\000n\000c\000e}{section.6}% 28
\BOOKMARK [1][-]{section.7}{\376\377\000W\000h\000a\000t\000\040\000R\000e\000m\000a\000i\000n\000s\000\040\000O\000p\000e\000n}{}% 29
\BOOKMARK [1][-]{section.8}{\376\377\000N\000o\000-\000F\000i\000t\000\040\000P\000o\000l\000i\000c\000y\000\040\000R\000e\000s\000t\000a\000t\000e\000m\000e\000n\000t}{}% 30
\BOOKMARK [1][-]{section.9}{\376\377\000H\000a\000s\000h\000\040\000C\000h\000a\000i\000n\000\040\000a\000n\000d\000\040\000V\000e\000r\000i\000f\000i\000c\000a\000t\000i\000o\000n}{}% 31
\BOOKMARK [2][-]{subsection.9.1}{\376\377\000I\000n\000h\000e\000r\000i\000t\000e\000d\000\040\000H\000a\000s\000h\000\040\000C\000h\000a\000i\000n}{section.9}% 32
\BOOKMARK [2][-]{subsection.9.2}{\376\377\000v\0005\0008\000\040\000H\000a\000s\000h\000\040\000C\000o\000m\000p\000u\000t\000a\000t\000i\000o\000n}{section.9}% 33
\BOOKMARK [2][-]{subsection.9.3}{\376\377\000F\000i\000r\000e\000w\000a\000l\000l\000\040\000V\000e\000r\000i\000f\000i\000c\000a\000t\000i\000o\000n}{section.9}% 34
\BOOKMARK [1][-]{section.10}{\376\377\000R\000e\000v\000i\000e\000w\000e\000r\000\040\000T\000r\000a\000p\000s}{}% 35
\BOOKMARK [1][-]{section.11}{\376\377\000C\000l\000o\000s\000i\000n\000g\000\040\000S\000t\000a\000t\000e\000m\000e\000n\000t}{}% 36
\BOOKMARK [1][-]{section.12}{\376\377\000E\000x\000t\000e\000n\000d\000e\000d\000\040\000R\000G\000\040\000F\000o\000r\000m\000u\000l\000a\000s}{}% 37
\BOOKMARK [2][-]{subsection.12.1}{\376\377\000G\000e\000n\000e\000r\000a\000l\000\040\000R\000u\000n\000n\000i\000n\000g\000\040\000S\000o\000l\000u\000t\000i\000o\000n}{section.12}% 38
\BOOKMARK [2][-]{subsection.12.2}{\376\377\0002\000-\000L\000o\000o\000p\000\040\000R\000u\000n\000n\000i\000n\000g}{section.12}% 39
\BOOKMARK [2][-]{subsection.12.3}{\376\377\000L\000a\000m\000b\000d\000a\000\040\000M\000a\000t\000c\000h\000i\000n\000g\000\040\000A\000c\000r\000o\000s\000s\000\040\000T\000h\000r\000e\000s\000h\000o\000l\000d\000s}{section.12}% 40
\BOOKMARK [2][-]{subsection.12.4}{\376\377\000A\000s\000y\000m\000p\000t\000o\000t\000i\000c\000\040\000F\000r\000e\000e\000d\000o\000m}{section.12}% 41
\BOOKMARK [2][-]{subsection.12.5}{\376\377\000P\000h\000y\000s\000i\000c\000a\000l\000\040\000I\000n\000t\000e\000r\000p\000r\000e\000t\000a\000t\000i\000o\000n}{section.12}% 42
\BOOKMARK [1][-]{section.13}{\376\377\000D\000i\000m\000e\000n\000s\000i\000o\000n\000a\000l\000\040\000A\000n\000a\000l\000y\000s\000i\000s}{}% 43
\BOOKMARK [2][-]{subsection.13.1}{\376\377\000S\000c\000a\000l\000e\000\040\000D\000i\000m\000e\000n\000s\000i\000o\000n\000s}{section.13}% 44
\BOOKMARK [2][-]{subsection.13.2}{\376\377\000C\000o\000u\000p\000l\000i\000n\000g\000\040\000D\000i\000m\000e\000n\000s\000i\000o\000n}{section.13}% 45
\BOOKMARK [2][-]{subsection.13.3}{\376\377\000L\000o\000g\000\040\000A\000r\000g\000u\000m\000e\000n\000t\000\040\000V\000e\000r\000i\000f\000i\000c\000a\000t\000i\000o\000n}{section.13}% 46
\BOOKMARK [2][-]{subsection.13.4}{\376\377\000B\000e\000t\000a\000\040\000C\000o\000e\000f\000f\000i\000c\000i\000e\000n\000t\000\040\000D\000i\000m\000e\000n\000s\000i\000o\000n\000s}{section.13}% 47
\BOOKMARK [1][-]{appendix.A}{\376\377\000D\000e\000t\000a\000i\000l\000e\000d\000\040\000R\000o\000u\000t\000e\000\040\000D\000e\000r\000i\000v\000a\000t\000i\000o\000n\000s}{}% 48
\BOOKMARK [2][-]{subsection.A.1}{\376\377\000R\000o\000u\000t\000e\000\040\0001\000\040\000F\000u\000l\000l\000\040\000D\000e\000r\000i\000v\000a\000t\000i\000o\000n}{appendix.A}% 49
\BOOKMARK [2][-]{subsection.A.2}{\376\377\000R\000o\000u\000t\000e\000\040\0002\000\040\000F\000u\000l\000l\000\040\000D\000e\000r\000i\000v\000a\000t\000i\000o\000n}{appendix.A}% 50
\BOOKMARK [2][-]{subsection.A.3}{\376\377\000R\000o\000u\000t\000e\000\040\000C\000o\000m\000p\000a\000r\000i\000s\000o\000n}{appendix.A}% 51
\BOOKMARK [1][-]{appendix.B}{\376\377\000T\000h\000r\000e\000s\000h\000o\000l\000d\000\040\000M\000a\000t\000c\000h\000i\000n\000g\000\040\000D\000e\000t\000a\000i\000l\000s}{}% 52
\BOOKMARK [2][-]{subsection.B.1}{\376\377\000T\000o\000p\000\040\000Q\000u\000a\000r\000k\000\040\000T\000h\000r\000e\000s\000h\000o\000l\000d}{appendix.B}% 53
\BOOKMARK [2][-]{subsection.B.2}{\376\377\000B\000o\000t\000t\000o\000m\000\040\000Q\000u\000a\000r\000k\000\040\000T\000h\000r\000e\000s\000h\000o\000l\000d}{appendix.B}% 54
\BOOKMARK [2][-]{subsection.B.3}{\376\377\000C\000h\000a\000r\000m\000\040\000Q\000u\000a\000r\000k\000\040\000T\000h\000r\000e\000s\000h\000o\000l\000d}{appendix.B}% 55
\BOOKMARK [2][-]{subsection.B.4}{\376\377\000T\000h\000r\000e\000s\000h\000o\000l\000d\000\040\000U\000n\000c\000e\000r\000t\000a\000i\000n\000t\000y}{appendix.B}% 56
\BOOKMARK [1][-]{appendix.C}{\376\377\000N\000u\000m\000e\000r\000i\000c\000a\000l\000\040\000I\000m\000p\000l\000e\000m\000e\000n\000t\000a\000t\000i\000o\000n}{}% 57
\BOOKMARK [2][-]{subsection.C.1}{\376\377\000R\000u\000n\000n\000i\000n\000g\000\040\000A\000l\000g\000o\000r\000i\000t\000h\000m\000\040\000\050\000T\0001\000\051}{appendix.C}% 58
\BOOKMARK [2][-]{subsection.C.2}{\376\377\000L\000a\000m\000b\000d\000a\000\040\000E\000x\000t\000r\000a\000c\000t\000i\000o\000n\000\040\000A\000l\000g\000o\000r\000i\000t\000h\000m}{appendix.C}% 59
\BOOKMARK [2][-]{subsection.C.3}{\376\377\000S\000w\000e\000e\000p\000\040\000G\000r\000i\000d}{appendix.C}% 60
\BOOKMARK [1][-]{appendix.D}{\376\377\000E\000r\000r\000o\000r\000\040\000P\000r\000o\000p\000a\000g\000a\000t\000i\000o\000n}{}% 61
\BOOKMARK [2][-]{subsection.D.1}{\376\377\000\040\000U\000n\000c\000e\000r\000t\000a\000i\000n\000t\000y\000\040\000f\000r\000o\000m\000\040\000s}{appendix.D}% 62
\BOOKMARK [2][-]{subsection.D.2}{\376\377\000\040\000U\000n\000c\000e\000r\000t\000a\000i\000n\000t\000y\000\040\000f\000r\000o\000m\000\040\000T\000h\000r\000e\000s\000h\000o\000l\000d\000\040\000M\000a\000s\000s\000e\000s}{appendix.D}% 63
\BOOKMARK [2][-]{subsection.D.3}{\376\377\000T\000o\000t\000a\000l\000\040\000U\000n\000c\000e\000r\000t\000a\000i\000n\000t\000y}{appendix.D}% 64
\BOOKMARK [1][-]{appendix.E}{\376\377\000S\000c\000h\000e\000m\000e\000\040\000D\000e\000p\000e\000n\000d\000e\000n\000c\000e}{}% 65
\BOOKMARK [2][-]{subsection.E.1}{\376\377\000M\000S\000\040\000v\000s\000\040\000P\000h\000y\000s\000i\000c\000a\000l\000\040\000S\000c\000h\000e\000m\000e\000s}{appendix.E}% 66
\BOOKMARK [2][-]{subsection.E.2}{\376\377\000C\000o\000n\000v\000e\000r\000s\000i\000o\000n\000\040\000F\000a\000c\000t\000o\000r\000s}{appendix.E}% 67
\BOOKMARK [1][-]{appendix.F}{\376\377\000R\000e\000p\000r\000o\000d\000u\000c\000t\000i\000o\000n\000\040\000I\000n\000s\000t\000r\000u\000c\000t\000i\000o\000n\000s}{}% 68
\BOOKMARK [2][-]{subsection.F.1}{\376\377\000B\000u\000i\000l\000d\000\040\000C\000o\000m\000m\000a\000n\000d\000s}{appendix.F}% 69
\BOOKMARK [2][-]{subsection.F.2}{\376\377\000E\000x\000p\000e\000c\000t\000e\000d\000\040\000O\000u\000t\000p\000u\000t}{appendix.F}% 70
\BOOKMARK [2][-]{subsection.F.3}{\376\377\000E\000x\000p\000o\000r\000t}{appendix.F}% 71
\BOOKMARK [1][-]{appendix.G}{\376\377\000E\000x\000t\000e\000n\000d\000e\000d\000\040\000\040\000A\000n\000a\000l\000y\000s\000i\000s}{}% 72
\BOOKMARK [2][-]{subsection.G.1}{\376\377\000\040\000a\000t\000\040\000D\000i\000f\000f\000e\000r\000e\000n\000t\000\040\000R\000e\000f\000e\000r\000e\000n\000c\000e\000\040\000S\000c\000a\000l\000e\000s}{appendix.G}% 73
\BOOKMARK [2][-]{subsection.G.2}{\376\377\000S\000c\000a\000l\000e\000\040\000I\000n\000v\000a\000r\000i\000a\000n\000c\000e\000\040\000o\000f\000\040}{appendix.G}% 74
\BOOKMARK [2][-]{subsection.G.3}{\376\377\000\040\000M\000a\000t\000c\000h\000i\000n\000g\000\040\000A\000c\000r\000o\000s\000s\000\040\000T\000h\000r\000e\000s\000h\000o\000l\000d\000s}{appendix.G}% 75
\BOOKMARK [2][-]{subsection.G.4}{\376\377\000\040\000B\000a\000n\000d\000\040\000W\000i\000d\000t\000h\000\040\000f\000r\000o\000m\000\040}{appendix.G}% 76
\BOOKMARK [1][-]{appendix.H}{\376\377\000D\000e\000t\000a\000i\000l\000e\000d\000\040\000S\000w\000e\000e\000p\000\040\000T\000a\000b\000l\000e\000s}{}% 77
\BOOKMARK [2][-]{subsection.H.1}{\376\377\000F\000i\000n\000e\000\040\000G\000r\000i\000d\000\040\000S\000w\000e\000e\000p}{appendix.H}% 78
\BOOKMARK [2][-]{subsection.H.2}{\376\377\000T\000h\000r\000e\000s\000h\000o\000l\000d\000\040\000C\000o\000m\000p\000a\000r\000i\000s\000o\000n\000\040\000G\000r\000i\000d}{appendix.H}% 79
\BOOKMARK [1][-]{appendix.I}{\376\377\000R\000G\000E\000\040\000D\000e\000r\000i\000v\000a\000t\000i\000o\000n\000s}{}% 80
\BOOKMARK [2][-]{subsection.I.1}{\376\377\0001\000-\000L\000o\000o\000p\000\040\000B\000e\000t\000a\000\040\000F\000u\000n\000c\000t\000i\000o\000n\000\040\000D\000e\000r\000i\000v\000a\000t\000i\000o\000n}{appendix.I}% 81
\BOOKMARK [2][-]{subsection.I.2}{\376\377\0002\000-\000L\000o\000o\000p\000\040\000B\000e\000t\000a\000\040\000F\000u\000n\000c\000t\000i\000o\000n}{appendix.I}% 82
\BOOKMARK [2][-]{subsection.I.3}{\376\377\0003\000-\000L\000o\000o\000p\000\040\000B\000e\000t\000a\000\040\000F\000u\000n\000c\000t\000i\000o\000n}{appendix.I}% 83
\BOOKMARK [2][-]{subsection.I.4}{\376\377\000R\000G\000E\000\040\000S\000o\000l\000u\000t\000i\000o\000n}{appendix.I}% 84
\BOOKMARK [1][-]{appendix.J}{\376\377\000U\000n\000c\000e\000r\000t\000a\000i\000n\000t\000y\000\040\000P\000r\000o\000p\000a\000g\000a\000t\000i\000o\000n}{}% 85
\BOOKMARK [2][-]{subsection.J.1}{\376\377\000s\000\040\000U\000n\000c\000e\000r\000t\000a\000i\000n\000t\000y\000\040\000S\000o\000u\000r\000c\000e\000s}{appendix.J}% 86
\BOOKMARK [2][-]{subsection.J.2}{\376\377\000\040\000U\000n\000c\000e\000r\000t\000a\000i\000n\000t\000y\000\040\000f\000r\000o\000m\000\040\000s}{appendix.J}% 87
\BOOKMARK [2][-]{subsection.J.3}{\376\377\000T\000h\000r\000e\000s\000h\000o\000l\000d\000\040\000U\000n\000c\000e\000r\000t\000a\000i\000n\000t\000y}{appendix.J}% 88
\BOOKMARK [2][-]{subsection.J.4}{\376\377\000T\000o\000t\000a\000l\000\040\000U\000n\000c\000e\000r\000t\000a\000i\000n\000t\000y\000\040\000B\000u\000d\000g\000e\000t}{appendix.J}% 89
\BOOKMARK [1][-]{appendix.K}{\376\377\000S\000c\000h\000e\000m\000e\000\040\000C\000o\000m\000p\000a\000r\000i\000s\000o\000n\000s}{}% 90
\BOOKMARK [2][-]{subsection.K.1}{\376\377\000M\000S\000\040\000D\000e\000f\000i\000n\000i\000t\000i\000o\000n}{appendix.K}% 91
\BOOKMARK [2][-]{subsection.K.2}{\376\377\000L\000a\000t\000t\000i\000c\000e\000\040\000S\000c\000h\000e\000m\000e}{appendix.K}% 92
\BOOKMARK [2][-]{subsection.K.3}{\376\377\000P\000h\000y\000s\000i\000c\000a\000l\000\040\000S\000c\000h\000e\000m\000e\000s}{appendix.K}% 93
\BOOKMARK [2][-]{subsection.K.4}{\376\377\000C\000o\000n\000v\000e\000r\000s\000i\000o\000n\000\040\000B\000e\000t\000w\000e\000e\000n\000\040\000S\000c\000h\000e\000m\000e\000s}{appendix.K}% 94
\BOOKMARK [2][-]{subsection.K.5}{\376\377\000\040\000S\000c\000h\000e\000m\000e\000\040\000D\000e\000p\000e\000n\000d\000e\000n\000c\000e}{appendix.K}% 95
\BOOKMARK [1][-]{appendix.L}{\376\377\000A\000d\000d\000i\000t\000i\000o\000n\000a\000l\000\040\000R\000e\000v\000i\000e\000w\000e\000r\000\040\000T\000r\000a\000p\000s}{}% 96
\BOOKMARK [1][-]{appendix.M}{\376\377\000C\000o\000n\000s\000i\000s\000t\000e\000n\000c\000y\000\040\000C\000h\000e\000c\000k\000s}{}% 97
\BOOKMARK [2][-]{subsection.M.1}{\376\377\000B\000e\000t\000a\000\040\000C\000o\000e\000f\000f\000i\000c\000i\000e\000n\000t\000\040\000C\000o\000n\000s\000i\000s\000t\000e\000n\000c\000y}{appendix.M}% 98
\BOOKMARK [2][-]{subsection.M.2}{\376\377\000D\000i\000m\000e\000n\000s\000i\000o\000n\000a\000l\000\040\000C\000o\000n\000s\000i\000s\000t\000e\000n\000c\000y}{appendix.M}% 99
\BOOKMARK [2][-]{subsection.M.3}{\376\377\000R\000G\000E\000\040\000C\000o\000n\000s\000i\000s\000t\000e\000n\000c\000y}{appendix.M}% 100
\BOOKMARK [2][-]{subsection.M.4}{\376\377\000T\000h\000r\000e\000s\000h\000o\000l\000d\000\040\000M\000a\000t\000c\000h\000i\000n\000g\000\040\000C\000o\000n\000s\000i\000s\000t\000e\000n\000c\000y}{appendix.M}% 101
\BOOKMARK [2][-]{subsection.M.5}{\376\377\000H\000a\000s\000h\000\040\000C\000o\000n\000s\000i\000s\000t\000e\000n\000c\000y}{appendix.M}% 102
