\BOOKMARK [1][-]{section.1}{\376\377\000R\000e\000a\000d\000e\000r\000\040\000C\000o\000n\000t\000r\000a\000c\000t}{}% 1
\BOOKMARK [2][-]{subsection.1.1}{\376\377\000E\000p\000i\000s\000t\000e\000m\000i\000c\000\040\000T\000a\000g\000s}{section.1}% 2
\BOOKMARK [2][-]{subsection.1.2}{\376\377\000G\000o\000a\000l\000\040\000S\000t\000a\000t\000e\000m\000e\000n\000t}{section.1}% 3
\BOOKMARK [2][-]{subsection.1.3}{\376\377\000W\000h\000a\000t\000\040\000i\000s\000\040\000N\000O\000T\000\040\000D\000e\000r\000i\000v\000e\000d}{section.1}% 4
\BOOKMARK [1][-]{section.2}{\376\377\000H\000o\000s\000o\000t\000a\000n\000i\000\040\000M\000e\000c\000h\000a\000n\000i\000s\000m\000\040\000O\000v\000e\000r\000v\000i\000e\000w}{}% 5
\BOOKMARK [2][-]{subsection.2.1}{\376\377\000T\000h\000e\000\040\000C\000e\000n\000t\000r\000a\000l\000\040\000I\000d\000e\000a}{section.2}% 6
\BOOKMARK [2][-]{subsection.2.2}{\376\377\000G\000a\000u\000g\000e\000-\000H\000i\000g\000g\000s\000\040\000U\000n\000i\000f\000i\000c\000a\000t\000i\000o\000n}{section.2}% 7
\BOOKMARK [2][-]{subsection.2.3}{\376\377\000K\000e\000y\000\040\000F\000e\000a\000t\000u\000r\000e\000s}{section.2}% 8
\BOOKMARK [1][-]{section.3}{\376\377\000W\000i\000l\000s\000o\000n\000\040\000L\000i\000n\000e\000\040\000P\000a\000r\000a\000m\000e\000t\000r\000i\000z\000a\000t\000i\000o\000n}{}% 9
\BOOKMARK [2][-]{subsection.3.1}{\376\377\000G\000e\000n\000e\000r\000a\000l\000\040\000S\000t\000r\000u\000c\000t\000u\000r\000e}{section.3}% 10
\BOOKMARK [2][-]{subsection.3.2}{\376\377\000C\000o\000n\000s\000t\000a\000n\000t\000\040\000V\000E\000V\000\040\000A\000n\000s\000a\000t\000z}{section.3}% 11
\BOOKMARK [2][-]{subsection.3.3}{\376\377\000C\000a\000r\000t\000a\000n\000\040\000S\000u\000b\000a\000l\000g\000e\000b\000r\000a}{section.3}% 12
\BOOKMARK [2][-]{subsection.3.4}{\376\377\000P\000e\000r\000i\000o\000d\000i\000c\000i\000t\000y}{section.3}% 13
\BOOKMARK [2][-]{subsection.3.5}{\376\377\000E\000x\000a\000m\000p\000l\000e\000:\000\040\000S\000U\000\050\0002\000\051}{section.3}% 14
\BOOKMARK [2][-]{subsection.3.6}{\376\377\000E\000x\000a\000m\000p\000l\000e\000:\000\040\000S\000U\000\050\0003\000\051}{section.3}% 15
\BOOKMARK [1][-]{section.4}{\376\377\000E\000f\000f\000e\000c\000t\000i\000v\000e\000\040\000P\000o\000t\000e\000n\000t\000i\000a\000l\000:\000\040\000S\000t\000r\000u\000c\000t\000u\000r\000e}{}% 16
\BOOKMARK [2][-]{subsection.4.1}{\376\377\000O\000n\000e\000-\000L\000o\000o\000p\000\040\000C\000o\000n\000t\000r\000i\000b\000u\000t\000i\000o\000n}{section.4}% 17
\BOOKMARK [2][-]{subsection.4.2}{\376\377\000R\000e\000g\000u\000l\000a\000r\000i\000z\000e\000d\000\040\000F\000o\000r\000m}{section.4}% 18
\BOOKMARK [2][-]{subsection.4.3}{\376\377\000F\000o\000u\000r\000i\000e\000r\000\040\000E\000x\000p\000a\000n\000s\000i\000o\000n}{section.4}% 19
\BOOKMARK [2][-]{subsection.4.4}{\376\377\000L\000e\000a\000d\000i\000n\000g\000\040\000T\000e\000r\000m\000s}{section.4}% 20
\BOOKMARK [1][-]{section.5}{\376\377\000E\000f\000f\000e\000c\000t\000i\000v\000e\000\040\000P\000o\000t\000e\000n\000t\000i\000a\000l\000:\000\040\000C\000o\000m\000p\000u\000t\000a\000t\000i\000o\000n}{}% 21
\BOOKMARK [2][-]{subsection.5.1}{\376\377\000K\000K\000\040\000S\000p\000e\000c\000t\000r\000u\000m\000\040\000w\000i\000t\000h\000\040\000W\000i\000l\000s\000o\000n\000\040\000L\000i\000n\000e}{section.5}% 22
\BOOKMARK [2][-]{subsection.5.2}{\376\377\000P\000h\000a\000s\000e\000\040\000S\000h\000i\000f\000t\000\040\000f\000o\000r\000\040\000C\000h\000a\000r\000g\000e\000d\000\040\000S\000t\000a\000t\000e\000s}{section.5}% 23
\BOOKMARK [2][-]{subsection.5.3}{\376\377\000N\000o\000n\000-\000A\000b\000e\000l\000i\000a\000n\000\040\000C\000a\000s\000e}{section.5}% 24
\BOOKMARK [2][-]{subsection.5.4}{\376\377\000G\000a\000u\000g\000e\000\040\000C\000o\000n\000t\000r\000i\000b\000u\000t\000i\000o\000n}{section.5}% 25
\BOOKMARK [2][-]{subsection.5.5}{\376\377\000F\000e\000r\000m\000i\000o\000n\000\040\000C\000o\000n\000t\000r\000i\000b\000u\000t\000i\000o\000n}{section.5}% 26
\BOOKMARK [2][-]{subsection.5.6}{\376\377\000T\000o\000t\000a\000l\000\040\000P\000o\000t\000e\000n\000t\000i\000a\000l}{section.5}% 27
\BOOKMARK [1][-]{section.6}{\376\377\000V\000a\000c\000u\000u\000m\000\040\000S\000e\000l\000e\000c\000t\000i\000o\000n}{}% 28
\BOOKMARK [2][-]{subsection.6.1}{\376\377\000M\000i\000n\000i\000m\000i\000z\000a\000t\000i\000o\000n\000\040\000C\000o\000n\000d\000i\000t\000i\000o\000n}{section.6}% 29
\BOOKMARK [2][-]{subsection.6.2}{\376\377\000S\000y\000m\000m\000e\000t\000r\000y\000\040\000B\000r\000e\000a\000k\000i\000n\000g\000\040\000P\000a\000t\000t\000e\000r\000n}{section.6}% 30
\BOOKMARK [2][-]{subsection.6.3}{\376\377\000S\000p\000e\000c\000i\000a\000l\000\040\000P\000o\000i\000n\000t\000s}{section.6}% 31
\BOOKMARK [2][-]{subsection.6.4}{\376\377\000S\000U\000\050\0002\000\051\000\040\000E\000x\000a\000m\000p\000l\000e}{section.6}% 32
\BOOKMARK [2][-]{subsection.6.5}{\376\377\000D\000y\000n\000a\000m\000i\000c\000a\000l\000\040\000S\000y\000m\000m\000e\000t\000r\000y\000\040\000B\000r\000e\000a\000k\000i\000n\000g}{section.6}% 33
\BOOKMARK [1][-]{section.7}{\376\377\000E\000W\000\040\000S\000c\000a\000l\000e\000\040\000f\000r\000o\000m\000\040\000W\000i\000l\000s\000o\000n\000\040\000L\000i\000n\000e}{}% 34
\BOOKMARK [2][-]{subsection.7.1}{\376\377\000H\000i\000g\000g\000s\000\040\000V\000E\000V\000\040\000I\000d\000e\000n\000t\000i\000f\000i\000c\000a\000t\000i\000o\000n}{section.7}% 35
\BOOKMARK [2][-]{subsection.7.2}{\376\377\000E\000W\000\040\000S\000c\000a\000l\000e}{section.7}% 36
\BOOKMARK [2][-]{subsection.7.3}{\376\377\000D\000i\000m\000e\000n\000s\000i\000o\000n\000a\000l\000\040\000A\000n\000a\000l\000y\000s\000i\000s}{section.7}% 37
\BOOKMARK [2][-]{subsection.7.4}{\376\377\000S\000t\000a\000n\000d\000a\000r\000d\000\040\000M\000o\000d\000e\000l\000\040\000V\000a\000l\000u\000e}{section.7}% 38
\BOOKMARK [1][-]{section.8}{\376\377\000H\000i\000g\000g\000s\000\040\000M\000a\000s\000s\000\040\000P\000r\000e\000d\000i\000c\000t\000i\000o\000n}{}% 39
\BOOKMARK [2][-]{subsection.8.1}{\376\377\000M\000a\000s\000s\000\040\000f\000r\000o\000m\000\040\000C\000u\000r\000v\000a\000t\000u\000r\000e}{section.8}% 40
\BOOKMARK [2][-]{subsection.8.2}{\376\377\000S\000c\000a\000l\000i\000n\000g\000\040\000A\000n\000a\000l\000y\000s\000i\000s}{section.8}% 41
\BOOKMARK [2][-]{subsection.8.3}{\376\377\000E\000x\000p\000l\000i\000c\000i\000t\000\040\000F\000o\000r\000m\000u\000l\000a}{section.8}% 42
\BOOKMARK [2][-]{subsection.8.4}{\376\377\000R\000a\000t\000i\000o\000\040\000t\000o\000\040\000W\000\040\000M\000a\000s\000s}{section.8}% 43
\BOOKMARK [1][-]{section.9}{\376\377\000C\000o\000n\000n\000e\000c\000t\000i\000o\000n\000\040\000t\000o\000\040\000E\000D\000C\000\040\000P\000a\000r\000a\000m\000e\000t\000e\000r\000s}{}% 44
\BOOKMARK [2][-]{subsection.9.1}{\376\377\000E\000D\000C\000\040\000S\000c\000a\000l\000e\000\040\000R\000e\000l\000a\000t\000i\000o\000n\000s}{section.9}% 45
\BOOKMARK [2][-]{subsection.9.2}{\376\377\000L\000\040\000i\000n\000\040\000T\000e\000r\000m\000s\000\040\000o\000f\000\040\000E\000D\000C}{section.9}% 46
\BOOKMARK [2][-]{subsection.9.3}{\376\377\000H\000o\000s\000o\000t\000a\000n\000i\000\040\000+\000\040\000E\000D\000C}{section.9}% 47
\BOOKMARK [2][-]{subsection.9.4}{\376\377\000C\000l\000o\000s\000u\000r\000e\000\040\000C\000o\000n\000d\000i\000t\000i\000o\000n\000s}{section.9}% 48
\BOOKMARK [1][-]{section.10}{\376\377\000R\000o\000a\000d\000m\000a\000p\000\040\000D\000i\000a\000g\000r\000a\000m}{}% 49
\BOOKMARK [1][-]{section.11}{\376\377\000M\000a\000t\000t\000e\000r\000\040\000C\000o\000n\000t\000e\000n\000t\000\040\000R\000e\000q\000u\000i\000r\000e\000m\000e\000n\000t\000s}{}% 50
\BOOKMARK [2][-]{subsection.11.1}{\376\377\000B\000r\000e\000a\000k\000i\000n\000g\000\040\000C\000o\000n\000d\000i\000t\000i\000o\000n}{section.11}% 51
\BOOKMARK [2][-]{subsection.11.2}{\376\377\000F\000e\000r\000m\000i\000o\000n\000\040\000E\000m\000b\000e\000d\000d\000i\000n\000g}{section.11}% 52
\BOOKMARK [2][-]{subsection.11.3}{\376\377\000A\000n\000o\000m\000a\000l\000y\000\040\000C\000a\000n\000c\000e\000l\000l\000a\000t\000i\000o\000n}{section.11}% 53
\BOOKMARK [2][-]{subsection.11.4}{\376\377\000E\000x\000a\000m\000p\000l\000e\000:\000\040\000M\000i\000n\000i\000m\000a\000l\000\040\000M\000o\000d\000e\000l}{section.11}% 54
\BOOKMARK [1][-]{section.12}{\376\377\000G\000a\000u\000g\000e\000\040\000C\000o\000u\000p\000l\000i\000n\000g\000\040\000U\000n\000i\000f\000i\000c\000a\000t\000i\000o\000n}{}% 55
\BOOKMARK [2][-]{subsection.12.1}{\376\377\000G\000U\000T\000\040\000E\000m\000b\000e\000d\000d\000i\000n\000g}{section.12}% 56
\BOOKMARK [2][-]{subsection.12.2}{\376\377\000C\000o\000u\000p\000l\000i\000n\000g\000\040\000M\000a\000t\000c\000h\000i\000n\000g}{section.12}% 57
\BOOKMARK [2][-]{subsection.12.3}{\376\377\000B\000e\000l\000o\000w\000\040\000K\000K\000\040\000S\000c\000a\000l\000e}{section.12}% 58
\BOOKMARK [1][-]{section.13}{\376\377\000S\000p\000e\000c\000i\000f\000i\000c\000\040\000M\000o\000d\000e\000l\000s}{}% 59
\BOOKMARK [2][-]{subsection.13.1}{\376\377\000S\000U\000\050\0003\000\051\000\040\000M\000o\000d\000e\000l}{section.13}% 60
\BOOKMARK [2][-]{subsection.13.2}{\376\377\000S\000O\000\050\0005\000\051\000\040\000M\000o\000d\000e\000l}{section.13}% 61
\BOOKMARK [2][-]{subsection.13.3}{\376\377\000S\000U\000\050\0005\000\051\000\040\000G\000U\000T\000\040\000M\000o\000d\000e\000l}{section.13}% 62
\BOOKMARK [1][-]{section.14}{\376\377\000N\000u\000m\000e\000r\000i\000c\000a\000l\000\040\000E\000s\000t\000i\000m\000a\000t\000e\000s}{}% 63
\BOOKMARK [2][-]{subsection.14.1}{\376\377\000O\000r\000d\000e\000r\000-\000o\000f\000-\000M\000a\000g\000n\000i\000t\000u\000d\000e\000\040\000A\000n\000a\000l\000y\000s\000i\000s}{section.14}% 64
\BOOKMARK [2][-]{subsection.14.2}{\376\377\000H\000i\000g\000g\000s\000\040\000M\000a\000s\000s\000\040\000E\000s\000t\000i\000m\000a\000t\000e}{section.14}% 65
\BOOKMARK [2][-]{subsection.14.3}{\376\377\000T\000e\000n\000s\000i\000o\000n\000\040\000w\000i\000t\000h\000\040\000D\000i\000r\000e\000c\000t\000\040\000S\000e\000a\000r\000c\000h\000e\000s}{section.14}% 66
\BOOKMARK [1][-]{section.15}{\376\377\000W\000a\000r\000p\000e\000d\000\040\000H\000o\000s\000o\000t\000a\000n\000i}{}% 67
\BOOKMARK [2][-]{subsection.15.1}{\376\377\000R\000S\000\040\000B\000a\000c\000k\000g\000r\000o\000u\000n\000d}{section.15}% 68
\BOOKMARK [2][-]{subsection.15.2}{\376\377\000M\000o\000d\000i\000f\000i\000e\000d\000\040\000V\000E\000V}{section.15}% 69
\BOOKMARK [2][-]{subsection.15.3}{\376\377\000H\000i\000e\000r\000a\000r\000c\000h\000y\000\040\000S\000o\000l\000u\000t\000i\000o\000n}{section.15}% 70
\BOOKMARK [1][-]{section.16}{\376\377\000C\000l\000o\000s\000u\000r\000e\000\040\000S\000t\000a\000t\000u\000s\000\040\000S\000u\000m\000m\000a\000r\000y}{}% 71
\BOOKMARK [2][-]{subsection.16.1}{\376\377\000W\000h\000a\000t\000\040\000I\000s\000\040\000D\000e\000r\000i\000v\000e\000d}{section.16}% 72
\BOOKMARK [2][-]{subsection.16.2}{\376\377\000W\000h\000a\000t\000\040\000R\000e\000q\000u\000i\000r\000e\000s\000\040\000I\000n\000p\000u\000t}{section.16}% 73
\BOOKMARK [2][-]{subsection.16.3}{\376\377\000C\000l\000o\000s\000u\000r\000e\000\040\000P\000a\000t\000h\000w\000a\000y}{section.16}% 74
\BOOKMARK [1][-]{section.17}{\376\377\000R\000e\000v\000i\000e\000w\000e\000r\000\040\000T\000r\000a\000p\000\040\000C\000h\000e\000c\000k\000l\000i\000s\000t}{}% 75
\BOOKMARK [1][-]{section.18}{\376\377\000C\000o\000n\000c\000l\000u\000s\000i\000o\000n\000s}{}% 76
\BOOKMARK [2][-]{subsection.18.1}{\376\377\000W\000h\000a\000t\000\040\000W\000a\000s\000\040\000E\000s\000t\000a\000b\000l\000i\000s\000h\000e\000d}{section.18}% 77
\BOOKMARK [2][-]{subsection.18.2}{\376\377\000W\000h\000a\000t\000\040\000R\000e\000m\000a\000i\000n\000s\000\040\000O\000p\000e\000n}{section.18}% 78
\BOOKMARK [1][-]{section.19}{\376\377\000D\000e\000t\000a\000i\000l\000e\000d\000\040\000P\000o\000t\000e\000n\000t\000i\000a\000l\000\040\000M\000i\000n\000i\000m\000i\000z\000a\000t\000i\000o\000n}{}% 79
\BOOKMARK [2][-]{subsection.19.1}{\376\377\000G\000e\000n\000e\000r\000a\000l\000\040\000C\000o\000s\000i\000n\000e\000\040\000P\000o\000t\000e\000n\000t\000i\000a\000l}{section.19}% 80
\BOOKMARK [2][-]{subsection.19.2}{\376\377\000T\000w\000o\000-\000T\000e\000r\000m\000\040\000T\000r\000u\000n\000c\000a\000t\000i\000o\000n}{section.19}% 81
\BOOKMARK [2][-]{subsection.19.3}{\376\377\000S\000e\000c\000o\000n\000d\000\040\000D\000e\000r\000i\000v\000a\000t\000i\000v\000e}{section.19}% 82
\BOOKMARK [2][-]{subsection.19.4}{\376\377\000S\000t\000a\000b\000i\000l\000i\000t\000y\000\040\000C\000o\000n\000d\000i\000t\000i\000o\000n}{section.19}% 83
\BOOKMARK [2][-]{subsection.19.5}{\376\377\000T\000h\000r\000e\000e\000-\000T\000e\000r\000m\000\040\000A\000n\000a\000l\000y\000s\000i\000s}{section.19}% 84
\BOOKMARK [1][-]{section.20}{\376\377\000F\000e\000r\000m\000i\000o\000n\000\040\000L\000o\000o\000p\000\040\000C\000o\000n\000t\000r\000i\000b\000u\000t\000i\000o\000n\000s}{}% 85
\BOOKMARK [2][-]{subsection.20.1}{\376\377\000F\000e\000r\000m\000i\000o\000n\000\040\000D\000e\000t\000e\000r\000m\000i\000n\000a\000n\000t}{section.20}% 86
\BOOKMARK [2][-]{subsection.20.2}{\376\377\000K\000K\000\040\000T\000o\000w\000e\000r\000\040\000S\000u\000m}{section.20}% 87
\BOOKMARK [2][-]{subsection.20.3}{\376\377\000R\000e\000g\000u\000l\000a\000r\000i\000z\000a\000t\000i\000o\000n}{section.20}% 88
\BOOKMARK [2][-]{subsection.20.4}{\376\377\000F\000u\000n\000d\000a\000m\000e\000n\000t\000a\000l\000\040\000R\000e\000p\000r\000e\000s\000e\000n\000t\000a\000t\000i\000o\000n}{section.20}% 89
\BOOKMARK [2][-]{subsection.20.5}{\376\377\000S\000u\000m\000\040\000O\000v\000e\000r\000\040\000B\000r\000a\000n\000c\000h\000e\000s}{section.20}% 90
\BOOKMARK [2][-]{subsection.20.6}{\376\377\000L\000a\000r\000g\000e\000\040\000n\000\040\000E\000x\000p\000a\000n\000s\000i\000o\000n}{section.20}% 91
\BOOKMARK [1][-]{section.21}{\376\377\000G\000a\000u\000g\000e\000\040\000L\000o\000o\000p\000\040\000C\000o\000n\000t\000r\000i\000b\000u\000t\000i\000o\000n\000s}{}% 92
\BOOKMARK [2][-]{subsection.21.1}{\376\377\000G\000a\000u\000g\000e\000\040\000B\000o\000s\000o\000n\000\040\000D\000e\000t\000e\000r\000m\000i\000n\000a\000n\000t}{section.21}% 93
\BOOKMARK [2][-]{subsection.21.2}{\376\377\000R\000o\000o\000t\000\040\000C\000o\000n\000t\000r\000i\000b\000u\000t\000i\000o\000n\000s}{section.21}% 94
\BOOKMARK [2][-]{subsection.21.3}{\376\377\000S\000U\000\050\0002\000\051\000\040\000R\000o\000o\000t\000s}{section.21}% 95
\BOOKMARK [2][-]{subsection.21.4}{\376\377\000S\000U\000\050\0003\000\051\000\040\000R\000o\000o\000t\000s}{section.21}% 96
\BOOKMARK [1][-]{section.22}{\376\377\000C\000o\000m\000p\000e\000t\000i\000t\000i\000o\000n\000\040\000a\000n\000d\000\040\000S\000y\000m\000m\000e\000t\000r\000y\000\040\000B\000r\000e\000a\000k\000i\000n\000g}{}% 97
\BOOKMARK [2][-]{subsection.22.1}{\376\377\000G\000a\000u\000g\000e\000\040\000v\000s\000\040\000F\000e\000r\000m\000i\000o\000n}{section.22}% 98
\BOOKMARK [2][-]{subsection.22.2}{\376\377\000C\000r\000i\000t\000i\000c\000a\000l\000\040\000B\000a\000l\000a\000n\000c\000e}{section.22}% 99
\BOOKMARK [2][-]{subsection.22.3}{\376\377\000N\000u\000m\000b\000e\000r\000\040\000o\000f\000\040\000F\000e\000r\000m\000i\000o\000n\000\040\000F\000a\000m\000i\000l\000i\000e\000s}{section.22}% 100
\BOOKMARK [2][-]{subsection.22.4}{\376\377\000B\000C\000\040\000D\000e\000p\000e\000n\000d\000e\000n\000c\000e}{section.22}% 101
\BOOKMARK [1][-]{section.23}{\376\377\000E\000l\000e\000c\000t\000r\000o\000w\000e\000a\000k\000\040\000P\000r\000e\000c\000i\000s\000i\000o\000n}{}% 102
\BOOKMARK [2][-]{subsection.23.1}{\376\377\000\040\000P\000a\000r\000a\000m\000e\000t\000e\000r}{section.23}% 103
\BOOKMARK [2][-]{subsection.23.2}{\376\377\000C\000u\000s\000t\000o\000d\000i\000a\000l\000\040\000S\000y\000m\000m\000e\000t\000r\000y}{section.23}% 104
\BOOKMARK [2][-]{subsection.23.3}{\376\377\000K\000K\000\040\000C\000o\000r\000r\000e\000c\000t\000i\000o\000n\000s}{section.23}% 105
\BOOKMARK [2][-]{subsection.23.4}{\376\377\000C\000o\000n\000s\000t\000r\000a\000i\000n\000t}{section.23}% 106
\BOOKMARK [2][-]{subsection.23.5}{\376\377\000S\000,\000\040\000T\000,\000\040\000U\000\040\000P\000a\000r\000a\000m\000e\000t\000e\000r\000s}{section.23}% 107
\BOOKMARK [1][-]{appendix.A}{\376\377\000W\000i\000l\000s\000o\000n\000\040\000L\000i\000n\000e\000\040\000G\000a\000u\000g\000e\000\040\000T\000r\000a\000n\000s\000f\000o\000r\000m\000a\000t\000i\000o\000n}{}% 108
\BOOKMARK [2][-]{subsection.A.1}{\376\377\000L\000o\000c\000a\000l\000\040\000G\000a\000u\000g\000e\000\040\000T\000r\000a\000n\000s\000f\000o\000r\000m\000a\000t\000i\000o\000n}{appendix.A}% 109
\BOOKMARK [2][-]{subsection.A.2}{\376\377\000L\000a\000r\000g\000e\000\040\000G\000a\000u\000g\000e\000\040\000T\000r\000a\000n\000s\000f\000o\000r\000m\000a\000t\000i\000o\000n}{appendix.A}% 110
\BOOKMARK [2][-]{subsection.A.3}{\376\377\000G\000a\000u\000g\000e\000-\000I\000n\000v\000a\000r\000i\000a\000n\000t\000\040\000O\000b\000s\000e\000r\000v\000a\000b\000l\000e}{appendix.A}% 111
\BOOKMARK [1][-]{appendix.B}{\376\377\000E\000f\000f\000e\000c\000t\000i\000v\000e\000\040\000P\000o\000t\000e\000n\000t\000i\000a\000l\000\040\000C\000a\000l\000c\000u\000l\000a\000t\000i\000o\000n}{}% 112
\BOOKMARK [2][-]{subsection.B.1}{\376\377\000F\000u\000n\000c\000t\000i\000o\000n\000a\000l\000\040\000D\000e\000t\000e\000r\000m\000i\000n\000a\000n\000t}{appendix.B}% 113
\BOOKMARK [2][-]{subsection.B.2}{\376\377\000H\000e\000a\000t\000\040\000K\000e\000r\000n\000e\000l}{appendix.B}% 114
\BOOKMARK [2][-]{subsection.B.3}{\376\377\000Z\000e\000t\000a\000\040\000F\000u\000n\000c\000t\000i\000o\000n}{appendix.B}% 115
\BOOKMARK [2][-]{subsection.B.4}{\376\377\000R\000e\000s\000u\000l\000t\000\040\000f\000o\000r\000\040\0005\000D\000\040\000o\000n\000\040\000I\000n\000t\000e\000r\000v\000a\000l}{appendix.B}% 116
\BOOKMARK [1][-]{appendix.C}{\376\377\000K\000K\000\040\000S\000p\000e\000c\000t\000r\000u\000m\000\040\000w\000i\000t\000h\000\040\000P\000h\000a\000s\000e}{}% 117
\BOOKMARK [2][-]{subsection.C.1}{\376\377\000E\000q\000u\000a\000t\000i\000o\000n\000\040\000o\000f\000\040\000M\000o\000t\000i\000o\000n}{appendix.C}% 118
\BOOKMARK [2][-]{subsection.C.2}{\376\377\000S\000o\000l\000u\000t\000i\000o\000n}{appendix.C}% 119
\BOOKMARK [1][-]{appendix.D}{\376\377\000D\000i\000m\000e\000n\000s\000i\000o\000n\000a\000l\000\040\000A\000n\000a\000l\000y\000s\000i\000s}{}% 120
\BOOKMARK [2][-]{subsection.D.1}{\376\377\0005\000D\000\040\000v\000s\000\040\0004\000D\000\040\000Q\000u\000a\000n\000t\000i\000t\000i\000e\000s}{appendix.D}% 121
\BOOKMARK [2][-]{subsection.D.2}{\376\377\000R\000e\000l\000a\000t\000i\000o\000n}{appendix.D}% 122
\BOOKMARK [1][-]{appendix.E}{\376\377\000E\000p\000i\000s\000t\000e\000m\000i\000c\000\040\000L\000e\000d\000g\000e\000r}{}% 123
