\BOOKMARK [1][-]{section.1}{\376\377\000R\000e\000a\000d\000e\000r\000\040\000C\000o\000n\000t\000r\000a\000c\000t}{}% 1
\BOOKMARK [2][-]{subsection.1.1}{\376\377\000E\000p\000i\000s\000t\000e\000m\000i\000c\000\040\000T\000a\000g\000s}{section.1}% 2
\BOOKMARK [2][-]{subsection.1.2}{\376\377\000S\000c\000o\000p\000e}{section.1}% 3
\BOOKMARK [2][-]{subsection.1.3}{\376\377\000W\000h\000a\000t\000\040\000i\000s\000\040\000N\000O\000T\000\040\000D\000e\000r\000i\000v\000e\000d}{section.1}% 4
\BOOKMARK [1][-]{section.2}{\376\377\0005\000D\000\040\000G\000a\000u\000g\000e\000\040\000T\000h\000e\000o\000r\000y\000\040\000S\000e\000t\000u\000p}{}% 5
\BOOKMARK [2][-]{subsection.2.1}{\376\377\000A\000c\000t\000i\000o\000n\000\040\000a\000n\000d\000\040\000F\000i\000e\000l\000d\000\040\000C\000o\000n\000t\000e\000n\000t}{section.2}% 6
\BOOKMARK [2][-]{subsection.2.2}{\376\377\000F\000i\000e\000l\000d\000\040\000S\000t\000r\000e\000n\000g\000t\000h\000\040\000C\000o\000m\000p\000o\000n\000e\000n\000t\000s}{section.2}% 7
\BOOKMARK [1][-]{section.3}{\376\377\000B\000o\000u\000n\000d\000a\000r\000y\000\040\000C\000o\000n\000d\000i\000t\000i\000o\000n\000s\000:\000\040\000T\000h\000e\000\040\000S\000u\000r\000v\000i\000v\000o\000r\000\040\000R\000u\000l\000e}{}% 8
\BOOKMARK [2][-]{subsection.3.1}{\376\377\000V\000a\000r\000i\000a\000t\000i\000o\000n\000a\000l\000\040\000P\000r\000i\000n\000c\000i\000p\000l\000e}{section.3}% 9
\BOOKMARK [2][-]{subsection.3.2}{\376\377\000B\000C\000\040\000R\000e\000g\000i\000s\000t\000r\000y\000\040\000f\000o\000r\000\040\000G\000a\000u\000g\000e\000\040\000F\000i\000e\000l\000d\000s}{section.3}% 10
\BOOKMARK [2][-]{subsection.3.3}{\376\377\000M\000o\000d\000e\000\040\000E\000q\000u\000a\000t\000i\000o\000n\000\040\000a\000n\000d\000\040\000S\000p\000e\000c\000t\000r\000u\000m}{section.3}% 11
\BOOKMARK [2][-]{subsection.3.4}{\376\377\000M\000a\000s\000s\000i\000v\000e\000\040\000K\000K\000\040\000T\000o\000w\000e\000r}{section.3}% 12
\BOOKMARK [1][-]{section.4}{\376\377\000O\000r\000b\000i\000f\000o\000l\000d\000\040\000P\000a\000r\000i\000t\000i\000e\000s\000\040\000a\000n\000d\000\040\000P\000r\000o\000j\000e\000c\000t\000o\000r\000s}{}% 13
\BOOKMARK [2][-]{subsection.4.1}{\376\377\000S\0001\000/\000Z\0002\000\040\000O\000r\000b\000i\000f\000o\000l\000d}{section.4}% 14
\BOOKMARK [2][-]{subsection.4.2}{\376\377\000P\000a\000r\000i\000t\000y\000\040\000M\000a\000t\000r\000i\000x\000\040\000A\000c\000t\000i\000o\000n\000\040\000o\000n\000\040\000G\000e\000n\000e\000r\000a\000t\000o\000r\000s}{section.4}% 15
\BOOKMARK [2][-]{subsection.4.3}{\376\377\000P\000a\000r\000i\000t\000y\000B\000C\000\040\000C\000o\000r\000r\000e\000s\000p\000o\000n\000d\000e\000n\000c\000e}{section.4}% 16
\BOOKMARK [1][-]{section.5}{\376\377\000P\000r\000o\000j\000e\000c\000t\000o\000r\000\040\000A\000l\000g\000e\000b\000r\000a\000:\000\040\000S\000u\000r\000v\000i\000v\000o\000r\000\040\000S\000u\000b\000a\000l\000g\000e\000b\000r\000a}{}% 17
\BOOKMARK [2][-]{subsection.5.1}{\376\377\000D\000e\000r\000i\000v\000a\000t\000i\000o\000n\000\040\000o\000f\000\040\000g\000\050\000+\000,\000+\000\051}{section.5}% 18
\BOOKMARK [2][-]{subsection.5.2}{\376\377\000D\000i\000m\000e\000n\000s\000i\000o\000n\000\040\000C\000o\000u\000n\000t\000i\000n\000g}{section.5}% 19
\BOOKMARK [2][-]{subsection.5.3}{\376\377\000R\000a\000n\000k\000\040\000P\000r\000e\000s\000e\000r\000v\000a\000t\000i\000o\000n}{section.5}% 20
\BOOKMARK [1][-]{section.6}{\376\377\000T\000r\000a\000c\000k\000\040\0001\000:\000\040\000S\000U\000\050\0005\000\051}{}% 21
\BOOKMARK [2][-]{subsection.6.1}{\376\377\000G\000r\000o\000u\000p\000\040\000T\000h\000e\000o\000r\000y\000\040\000D\000a\000t\000a}{section.6}% 22
\BOOKMARK [2][-]{subsection.6.2}{\376\377\000S\000t\000a\000n\000d\000a\000r\000d\000\040\000P\000a\000r\000i\000t\000y\000\040\000M\000a\000t\000r\000i\000c\000e\000s}{section.6}% 23
\BOOKMARK [2][-]{subsection.6.3}{\376\377\000S\000U\000\050\0005\000\051\000\040\000S\000u\000r\000v\000i\000v\000o\000r\000\040\000T\000a\000b\000l\000e}{section.6}% 24
\BOOKMARK [2][-]{subsection.6.4}{\376\377\000H\000y\000p\000e\000r\000c\000h\000a\000r\000g\000e\000\040\000E\000m\000b\000e\000d\000d\000i\000n\000g}{section.6}% 25
\BOOKMARK [1][-]{section.7}{\376\377\000T\000r\000a\000c\000k\000\040\0002\000:\000\040\000S\000O\000\050\0001\0000\000\051}{}% 26
\BOOKMARK [2][-]{subsection.7.1}{\376\377\000G\000r\000o\000u\000p\000\040\000T\000h\000e\000o\000r\000y\000\040\000D\000a\000t\000a}{section.7}% 27
\BOOKMARK [2][-]{subsection.7.2}{\376\377\000B\000r\000e\000a\000k\000i\000n\000g\000\040\000C\000h\000a\000i\000n\000\040\000O\000p\000t\000i\000o\000n\000s}{section.7}% 28
\BOOKMARK [2][-]{subsection.7.3}{\376\377\000D\000i\000r\000e\000c\000t\000\040\000S\000O\000\050\0001\0000\000\051\000\040\000\040\000S\000M\000\040\000B\000r\000e\000a\000k\000i\000n\000g}{section.7}% 29
\BOOKMARK [2][-]{subsection.7.4}{\376\377\000S\000O\000\050\0001\0000\000\051\000\040\000S\000u\000r\000v\000i\000v\000o\000r\000\040\000T\000a\000b\000l\000e}{section.7}% 30
\BOOKMARK [2][-]{subsection.7.5}{\376\377\000E\000x\000t\000r\000a\000\040\000U\000\050\0001\000\051\000\040\000B\000r\000e\000a\000k\000i\000n\000g}{section.7}% 31
\BOOKMARK [1][-]{section.8}{\376\377\000T\000r\000a\000c\000k\000\040\0003\000:\000\040\000P\000a\000t\000i\040\023\000S\000a\000l\000a\000m}{}% 32
\BOOKMARK [2][-]{subsection.8.1}{\376\377\000G\000r\000o\000u\000p\000\040\000T\000h\000e\000o\000r\000y\000\040\000D\000a\000t\000a}{section.8}% 33
\BOOKMARK [2][-]{subsection.8.2}{\376\377\000S\000U\000\050\0004\000\051\000C\000\040\000S\000U\000\050\0003\000\051\000c\000\040\000U\000\050\0001\000\051\000B\000-\000L\000\040\000B\000r\000e\000a\000k\000i\000n\000g}{section.8}% 34
\BOOKMARK [2][-]{subsection.8.3}{\376\377\000S\000U\000\050\0002\000\051\000R\000\040\000U\000\050\0001\000\051\000Y\000\040\000B\000r\000e\000a\000k\000i\000n\000g}{section.8}% 35
\BOOKMARK [2][-]{subsection.8.4}{\376\377\000P\000S\000\040\000F\000u\000l\000l\000\040\000P\000a\000r\000i\000t\000y\000\040\000A\000s\000s\000i\000g\000n\000m\000e\000n\000t}{section.8}% 36
\BOOKMARK [2][-]{subsection.8.5}{\376\377\000P\000S\000\040\000S\000u\000r\000v\000i\000v\000o\000r\000\040\000T\000a\000b\000l\000e}{section.8}% 37
\BOOKMARK [1][-]{section.9}{\376\377\000T\000r\000a\000c\000k\000\040\0004\000:\000\040\000E\0006}{}% 38
\BOOKMARK [2][-]{subsection.9.1}{\376\377\000G\000r\000o\000u\000p\000\040\000T\000h\000e\000o\000r\000y\000\040\000D\000a\000t\000a}{section.9}% 39
\BOOKMARK [2][-]{subsection.9.2}{\376\377\000M\000a\000x\000i\000m\000a\000l\000\040\000S\000u\000b\000g\000r\000o\000u\000p\000s}{section.9}% 40
\BOOKMARK [2][-]{subsection.9.3}{\376\377\000E\0006\000\040\000S\000O\000\050\0001\0000\000\051\000\040\000U\000\050\0001\000\051\000\040\000B\000r\000e\000a\000k\000i\000n\000g}{section.9}% 41
\BOOKMARK [2][-]{subsection.9.4}{\376\377\000S\000O\000\050\0001\0000\000\051\000\040\000S\000M\000\040\000S\000e\000c\000o\000n\000d\000\040\000B\000r\000e\000a\000k\000i\000n\000g}{section.9}% 42
\BOOKMARK [2][-]{subsection.9.5}{\376\377\000E\0006\000\040\000S\000u\000r\000v\000i\000v\000o\000r\000\040\000T\000a\000b\000l\000e}{section.9}% 43
\BOOKMARK [1][-]{section.10}{\376\377\000S\000c\000a\000l\000e\000\040\000R\000e\000g\000i\000m\000e\000\040\000M\000a\000p}{}% 44
\BOOKMARK [2][-]{subsection.10.1}{\376\377\000T\000h\000r\000e\000e\000-\000S\000c\000a\000l\000e\000\040\000P\000i\000c\000t\000u\000r\000e}{section.10}% 45
\BOOKMARK [2][-]{subsection.10.2}{\376\377\000E\000n\000e\000r\000g\000y\000\040\000F\000l\000o\000w}{section.10}% 46
\BOOKMARK [1][-]{section.11}{\376\377\000C\000o\000m\000p\000a\000r\000a\000t\000i\000v\000e\000\040\000S\000u\000m\000m\000a\000r\000y\000:\000\040\000F\000o\000u\000r\000\040\000T\000r\000a\000c\000k\000s}{}% 47
\BOOKMARK [2][-]{subsection.11.1}{\376\377\000M\000a\000s\000t\000e\000r\000\040\000T\000a\000b\000l\000e}{section.11}% 48
\BOOKMARK [2][-]{subsection.11.2}{\376\377\000C\000o\000m\000p\000l\000e\000x\000i\000t\000y\000\040\000O\000r\000d\000e\000r\000i\000n\000g}{section.11}% 49
\BOOKMARK [1][-]{section.12}{\376\377\000B\000C\000\040\000\040\000B\000r\000e\000a\000k\000i\000n\000g\000\040\000D\000i\000c\000t\000i\000o\000n\000a\000r\000y}{}% 50
\BOOKMARK [2][-]{subsection.12.1}{\376\377\000S\000M\000\040\000G\000e\000n\000e\000r\000a\000t\000o\000r\000\040\000R\000e\000q\000u\000i\000r\000e\000m\000e\000n\000t\000s}{section.12}% 51
\BOOKMARK [2][-]{subsection.12.2}{\376\377\000B\000r\000o\000k\000e\000n\000\040\000G\000e\000n\000e\000r\000a\000t\000o\000r\000\040\000R\000e\000q\000u\000i\000r\000e\000m\000e\000n\000t\000s}{section.12}% 52
\BOOKMARK [2][-]{subsection.12.3}{\376\377\000D\000i\000c\000t\000i\000o\000n\000a\000r\000y\000\040\000b\000y\000\040\000T\000r\000a\000c\000k}{section.12}% 53
\BOOKMARK [1][-]{section.13}{\376\377\000C\000o\000n\000n\000e\000c\000t\000i\000o\000n\000\040\000t\000o\000\040\000E\000D\000C\000\040\000P\000r\000o\000g\000r\000a\000m}{}% 54
\BOOKMARK [2][-]{subsection.13.1}{\376\377\000O\000p\000e\000n\000\040\000Q\000u\000e\000s\000t\000i\000o\000n\000s}{section.13}% 55
\BOOKMARK [1][-]{section.15}{\376\377\000C\000o\000n\000c\000l\000u\000s\000i\000o\000n\000s}{}% 58
\BOOKMARK [2][-]{subsection.15.1}{\376\377\000S\000t\000r\000u\000c\000t\000u\000r\000a\000l\000\040\000R\000e\000s\000u\000l\000t\000s}{section.15}% 59
\BOOKMARK [2][-]{subsection.15.2}{\376\377\000W\000h\000a\000t\000\040\000R\000e\000m\000a\000i\000n\000s\000\040\000O\000p\000e\000n}{section.15}% 60
\BOOKMARK [1][-]{appendix.A}{\376\377\0005\000D\000\040\000S\000p\000i\000n\000o\000r\000\040\000C\000o\000n\000v\000e\000n\000t\000i\000o\000n\000s}{}% 61
\BOOKMARK [2][-]{subsection.A.1}{\376\377\000G\000a\000m\000m\000a\000\040\000M\000a\000t\000r\000i\000c\000e\000s}{appendix.A}% 62
\BOOKMARK [2][-]{subsection.A.2}{\376\377\000C\000h\000i\000r\000a\000l\000i\000t\000y\000\040\000i\000n\000\040\0005\000D}{appendix.A}% 63
\BOOKMARK [1][-]{appendix.B}{\376\377\000L\000i\000e\000\040\000A\000l\000g\000e\000b\000r\000a\000\040\000I\000d\000e\000n\000t\000i\000t\000i\000e\000s}{}% 64
\BOOKMARK [2][-]{subsection.B.1}{\376\377\000S\000t\000r\000u\000c\000t\000u\000r\000e\000\040\000C\000o\000n\000s\000t\000a\000n\000t\000s}{appendix.B}% 65
\BOOKMARK [2][-]{subsection.B.2}{\376\377\000K\000i\000l\000l\000i\000n\000g\000\040\000F\000o\000r\000m}{appendix.B}% 66
\BOOKMARK [2][-]{subsection.B.3}{\376\377\000A\000d\000j\000o\000i\000n\000t\000\040\000R\000e\000p\000r\000e\000s\000e\000n\000t\000a\000t\000i\000o\000n}{appendix.B}% 67
\BOOKMARK [1][-]{appendix.C}{\376\377\000E\000x\000p\000l\000i\000c\000i\000t\000\040\000P\000a\000r\000i\000t\000y\000\040\000M\000a\000t\000r\000i\000c\000e\000s}{}% 68
\BOOKMARK [2][-]{subsection.C.1}{\376\377\000S\000U\000\050\0005\000\051\000\040\000E\000x\000p\000l\000i\000c\000i\000t}{appendix.C}% 69
\BOOKMARK [2][-]{subsection.C.2}{\376\377\000S\000O\000\050\0001\0000\000\051\000\040\000E\000x\000p\000l\000i\000c\000i\000t}{appendix.C}% 70
\BOOKMARK [2][-]{subsection.C.3}{\376\377\000E\0006\000\040\000E\000x\000p\000l\000i\000c\000i\000t}{appendix.C}% 71
\BOOKMARK [1][-]{appendix.D}{\376\377\000M\000a\000t\000t\000e\000r\000\040\000P\000a\000r\000i\000t\000y\000\040\000S\000t\000u\000b}{}% 72
\BOOKMARK [2][-]{subsection.D.1}{\376\377\0005\000D\000\040\000D\000i\000r\000a\000c\000\040\000F\000e\000r\000m\000i\000o\000n}{appendix.D}% 73
\BOOKMARK [2][-]{subsection.D.2}{\376\377\000O\000r\000b\000i\000f\000o\000l\000d\000\040\000P\000a\000r\000i\000t\000y\000\040\000f\000o\000r\000\040\000F\000e\000r\000m\000i\000o\000n\000s}{appendix.D}% 74
\BOOKMARK [2][-]{subsection.D.3}{\376\377\000C\000h\000i\000r\000a\000l\000i\000t\000y\000\040\000C\000o\000n\000s\000t\000r\000a\000i\000n\000t}{appendix.D}% 75
\BOOKMARK [2][-]{subsection.D.4}{\376\377\000M\000i\000n\000i\000m\000a\000l\000\040\000M\000a\000t\000t\000e\000r\000\040\000E\000m\000b\000e\000d\000d\000i\000n\000g\000\040\000b\000y\000\040\000T\000r\000a\000c\000k}{appendix.D}% 76
\BOOKMARK [3][-]{subsubsection.D.4.1}{\376\377\000S\000U\000\050\0005\000\051}{subsection.D.4}% 77
\BOOKMARK [3][-]{subsubsection.D.4.2}{\376\377\000S\000O\000\050\0001\0000\000\051}{subsection.D.4}% 78
\BOOKMARK [3][-]{subsubsection.D.4.3}{\376\377\000P\000a\000t\000i\040\023\000S\000a\000l\000a\000m}{subsection.D.4}% 79
\BOOKMARK [3][-]{subsubsection.D.4.4}{\376\377\000E\0006}{subsection.D.4}% 80
\BOOKMARK [2][-]{subsection.D.5}{\376\377\000A\000n\000o\000m\000a\000l\000y\000\040\000N\000o\000t\000e}{appendix.D}% 81
\BOOKMARK [1][-]{appendix.H}{\376\377\000E\000p\000i\000s\000t\000e\000m\000i\000c\000\040\000L\000e\000d\000g\000e\000r}{}% 89
\BOOKMARK [1][-]{appendix.I}{\376\377\000C\000a\000s\000c\000a\000d\000e\000\040\000B\000r\000e\000a\000k\000i\000n\000g\000\040\000P\000a\000t\000t\000e\000r\000n\000s}{}% 90
\BOOKMARK [2][-]{subsection.I.1}{\376\377\000S\000i\000n\000g\000l\000e\000-\000S\000t\000e\000p\000\040\000v\000s\000\040\000T\000w\000o\000-\000S\000t\000e\000p\000\040\000B\000r\000e\000a\000k\000i\000n\000g}{appendix.I}% 91
\BOOKMARK [2][-]{subsection.I.2}{\376\377\000I\000n\000t\000e\000r\000m\000e\000d\000i\000a\000t\000e\000\040\000S\000y\000m\000m\000e\000t\000r\000y\000\040\000G\000r\000o\000u\000p\000s}{appendix.I}% 92
\BOOKMARK [2][-]{subsection.I.3}{\376\377\000E\0006\000\040\000C\000a\000s\000c\000a\000d\000e\000\040\000D\000e\000t\000a\000i\000l}{appendix.I}% 93
\BOOKMARK [1][-]{appendix.J}{\376\377\000B\000r\000a\000n\000e\000-\000L\000o\000c\000a\000l\000i\000z\000e\000d\000\040\000T\000e\000r\000m\000s}{}% 94
\BOOKMARK [2][-]{subsection.J.1}{\376\377\000B\000r\000a\000n\000e\000\040\000K\000i\000n\000e\000t\000i\000c\000\040\000T\000e\000r\000m\000s}{appendix.J}% 95
\BOOKMARK [2][-]{subsection.J.2}{\376\377\000B\000r\000a\000n\000e\000\040\000M\000a\000s\000s\000\040\000T\000e\000r\000m\000s}{appendix.J}% 96
\BOOKMARK [1][-]{appendix.K}{\376\377\000Z\000e\000r\000o\000-\000M\000o\000d\000e\000\040\000W\000a\000v\000e\000\040\000F\000u\000n\000c\000t\000i\000o\000n\000s}{}% 97
\BOOKMARK [2][-]{subsection.K.1}{\376\377\000F\000l\000a\000t\000\040\000S\000p\000a\000c\000e\000\040\000S\000o\000l\000u\000t\000i\000o\000n\000s}{appendix.K}% 98
\BOOKMARK [2][-]{subsection.K.2}{\376\377\000W\000a\000r\000p\000e\000d\000\040\000S\000p\000a\000c\000e}{appendix.K}% 99
\BOOKMARK [2][-]{subsection.K.3}{\376\377\000C\000o\000u\000p\000l\000i\000n\000g\000\040\000t\000o\000\040\000B\000r\000a\000n\000e\000s}{appendix.K}% 100
\BOOKMARK [1][-]{appendix.L}{\376\377\000P\000r\000o\000t\000o\000n\000\040\000D\000e\000c\000a\000y\000\040\000C\000o\000n\000s\000t\000r\000a\000i\000n\000t\000s}{}% 101
\BOOKMARK [2][-]{subsection.L.1}{\376\377\000X\000,\000\040\000Y\000\040\000B\000o\000s\000o\000n\000\040\000M\000a\000s\000s\000e\000s}{appendix.L}% 102
\BOOKMARK [2][-]{subsection.L.2}{\376\377\000P\000r\000o\000t\000o\000n\000\040\000L\000i\000f\000e\000t\000i\000m\000e\000\040\000S\000c\000a\000l\000i\000n\000g}{appendix.L}% 103
\BOOKMARK [1][-]{appendix.M}{\376\377\000G\000r\000o\000u\000p\000\040\000T\000h\000e\000o\000r\000y\000\040\000S\000u\000p\000p\000l\000e\000m\000e\000n\000t}{}% 104
\BOOKMARK [2][-]{subsection.M.1}{\376\377\000B\000r\000a\000n\000c\000h\000i\000n\000g\000\040\000R\000u\000l\000e\000s}{appendix.M}% 105
\BOOKMARK [2][-]{subsection.M.2}{\376\377\000C\000a\000r\000t\000a\000n\000\040\000G\000e\000n\000e\000r\000a\000t\000o\000r\000s}{appendix.M}% 106
\BOOKMARK [2][-]{subsection.M.3}{\376\377\000R\000o\000o\000t\000\040\000S\000y\000s\000t\000e\000m\000\040\000S\000t\000r\000u\000c\000t\000u\000r\000e}{appendix.M}% 107
\BOOKMARK [1][-]{appendix.N}{\376\377\000T\000w\000i\000s\000t\000e\000d\000\040\000B\000o\000u\000n\000d\000a\000r\000y\000\040\000C\000o\000n\000d\000i\000t\000i\000o\000n\000s}{}% 108
\BOOKMARK [2][-]{subsection.N.1}{\376\377\000W\000i\000l\000s\000o\000n\000\040\000L\000i\000n\000e\000\040\000B\000r\000e\000a\000k\000i\000n\000g}{appendix.N}% 109
\BOOKMARK [2][-]{subsection.N.2}{\376\377\000S\000c\000h\000e\000r\000k\000-\000S\000c\000h\000w\000a\000r\000z\000\040\000M\000e\000c\000h\000a\000n\000i\000s\000m}{appendix.N}% 110
\BOOKMARK [1][-]{appendix.O}{\376\377\000S\000u\000m\000m\000a\000r\000y\000\040\000o\000f\000\040\000S\000u\000r\000v\000i\000v\000o\000r\000\040\000S\000p\000e\000c\000t\000r\000a}{}% 111
\BOOKMARK [2][-]{subsection.O.1}{\376\377\000U\000n\000i\000f\000i\000e\000d\000\040\000F\000o\000r\000m\000u\000l\000a}{appendix.O}% 112
