\BOOKMARK [1][-]{section.1}{\376\377\000I\000n\000t\000r\000o\000d\000u\000c\000t\000i\000o\000n\000\040\000a\000n\000d\000\040\000M\000o\000t\000i\000v\000a\000t\000i\000o\000n}{}% 1
\BOOKMARK [2][-]{subsection.1.1}{\376\377\000T\000h\000e\000\040\000S\000e\000l\000e\000c\000t\000i\000o\000n\000\040\000P\000r\000o\000b\000l\000e\000m}{section.1}% 2
\BOOKMARK [2][-]{subsection.1.2}{\376\377\000D\000e\000s\000i\000g\000n\000\040\000P\000r\000i\000n\000c\000i\000p\000l\000e\000s}{section.1}% 3
\BOOKMARK [1][-]{section.2}{\376\377\000D\000e\000c\000i\000s\000i\000o\000n\000\040\000P\000i\000p\000e\000l\000i\000n\000e\000\040\000A\000r\000c\000h\000i\000t\000e\000c\000t\000u\000r\000e}{}% 4
\BOOKMARK [2][-]{subsection.2.1}{\376\377\000S\000t\000a\000g\000e\000\040\0000\000:\000\040\000H\000a\000r\000d\000\040\000G\000a\000t\000e\000s}{section.2}% 5
\BOOKMARK [2][-]{subsection.2.2}{\376\377\000S\000t\000a\000g\000e\000\040\0001\000:\000\040\000A\000d\000m\000i\000s\000s\000i\000b\000i\000l\000i\000t\000y\000\040\000R\000a\000n\000k\000i\000n\000g}{section.2}% 6
\BOOKMARK [2][-]{subsection.2.3}{\376\377\000S\000t\000a\000g\000e\000\040\0002\000:\000\040\000V\000a\000c\000u\000u\000m\000\040\000E\000n\000e\000r\000g\000y\000\040\000R\000a\000n\000k\000i\000n\000g}{section.2}% 7
\BOOKMARK [2][-]{subsection.2.4}{\376\377\000S\000t\000a\000g\000e\000\040\0003\000:\000\040\000M\000e\000c\000h\000a\000n\000i\000s\000m\000\040\000B\000u\000r\000d\000e\000n}{section.2}% 8
\BOOKMARK [2][-]{subsection.2.5}{\376\377\000S\000t\000a\000g\000e\000\040\0004\000:\000\040\000P\000r\000e\000d\000i\000c\000t\000i\000v\000e\000\040\000H\000o\000o\000k\000s}{section.2}% 9
\BOOKMARK [2][-]{subsection.2.6}{\376\377\000T\000i\000e\000-\000B\000r\000e\000a\000k\000e\000r\000s}{section.2}% 10
\BOOKMARK [2][-]{subsection.2.7}{\376\377\000L\000e\000x\000i\000c\000o\000g\000r\000a\000p\000h\000i\000c\000\040\000D\000e\000c\000i\000s\000i\000o\000n\000\040\000R\000u\000l\000e}{section.2}% 11
\BOOKMARK [1][-]{section.3}{\376\377\000T\000r\000a\000c\000k\000\040\000I\000n\000v\000e\000n\000t\000o\000r\000y\000\040\000\050\000f\000r\000o\000m\000\040\000v\0004\0005\000\040\000S\000o\000T\000\051}{}% 12
\BOOKMARK [2][-]{subsection.3.1}{\376\377\000S\000U\000\050\0005\000\051\000\040\000T\000r\000a\000c\000k}{section.3}% 13
\BOOKMARK [2][-]{subsection.3.2}{\376\377\000S\000O\000\050\0001\0000\000\051\000\040\000T\000r\000a\000c\000k}{section.3}% 14
\BOOKMARK [2][-]{subsection.3.3}{\376\377\000P\000a\000t\000i\000-\000S\000a\000l\000a\000m\000\040\000T\000r\000a\000c\000k}{section.3}% 15
\BOOKMARK [2][-]{subsection.3.4}{\376\377\000E\0006\000\040\000T\000r\000a\000c\000k}{section.3}% 16
\BOOKMARK [1][-]{section.4}{\376\377\000S\000t\000a\000g\000e\000\040\0000\000:\000\040\000H\000a\000r\000d\000\040\000G\000a\000t\000e\000\040\000I\000m\000p\000l\000e\000m\000e\000n\000t\000a\000t\000i\000o\000n}{}% 17
\BOOKMARK [2][-]{subsection.4.1}{\376\377\000G\000a\000t\000e\000\040\000G\0000\000:\000\040\000F\000o\000r\000b\000i\000d\000d\000e\000n\000\040\000I\000n\000p\000u\000t\000s\000\040\000C\000h\000e\000c\000k}{section.4}% 18
\BOOKMARK [2][-]{subsection.4.2}{\376\377\000G\000a\000t\000e\000\040\000G\0001\000:\000\040\000A\000n\000o\000m\000a\000l\000y\000\040\000F\000r\000e\000e\000d\000o\000m}{section.4}% 19
\BOOKMARK [2][-]{subsection.4.3}{\376\377\000G\000a\000t\000e\000\040\000G\0002\000:\000\040\000H\000a\000s\000h\000-\000L\000o\000c\000k\000\040\000V\000e\000r\000i\000f\000i\000c\000a\000t\000i\000o\000n}{section.4}% 20
\BOOKMARK [1][-]{section.5}{\376\377\000S\000t\000a\000g\000e\000\040\0001\000:\000\040\000A\000d\000m\000i\000s\000s\000i\000b\000i\000l\000i\000t\000y\000\040\000C\000l\000a\000s\000s\000i\000f\000i\000c\000a\000t\000i\000o\000n}{}% 21
\BOOKMARK [2][-]{subsection.5.1}{\376\377\000A\000d\000m\000i\000s\000s\000i\000b\000i\000l\000i\000t\000y\000\040\000R\000u\000l\000e\000s}{section.5}% 22
\BOOKMARK [2][-]{subsection.5.2}{\376\377\000M\000e\000c\000h\000a\000n\000i\000s\000m\000\040\000C\000l\000a\000s\000s\000i\000f\000i\000c\000a\000t\000i\000o\000n}{section.5}% 23
\BOOKMARK [2][-]{subsection.5.3}{\376\377\000T\000r\000a\000c\000k\000\040\000C\000l\000a\000s\000s\000i\000f\000i\000c\000a\000t\000i\000o\000n\000s}{section.5}% 24
\BOOKMARK [2][-]{subsection.5.4}{\376\377\000A\000p\000p\000l\000i\000c\000a\000t\000i\000o\000n\000\040\000o\000f\000\040\000A\000C\000-\000P\0004\0007\000-\0001\0007}{section.5}% 25
\BOOKMARK [1][-]{section.6}{\376\377\000S\000t\000a\000g\000e\000\040\0002\000:\000\040\000V\000a\000c\000u\000u\000m\000\040\000E\000n\000e\000r\000g\000y\000\040\000R\000a\000n\000k\000i\000n\000g}{}% 26
\BOOKMARK [2][-]{subsection.6.1}{\376\377\000E\000v\000a\000c\000\040\000C\000o\000m\000p\000u\000t\000a\000t\000i\000o\000n}{section.6}% 27
\BOOKMARK [2][-]{subsection.6.2}{\376\377\000V\000a\000c\000u\000u\000m\000\040\000E\000n\000e\000r\000g\000y\000\040\000R\000a\000n\000k\000i\000n\000g}{section.6}% 28
\BOOKMARK [1][-]{section.7}{\376\377\000S\000t\000a\000g\000e\000\040\0003\000:\000\040\000M\000e\000c\000h\000a\000n\000i\000s\000m\000\040\000B\000u\000r\000d\000e\000n}{}% 29
\BOOKMARK [2][-]{subsection.7.1}{\376\377\000B\000u\000r\000d\000e\000n\000\040\000C\000o\000m\000p\000u\000t\000a\000t\000i\000o\000n}{section.7}% 30
\BOOKMARK [2][-]{subsection.7.2}{\376\377\000B\000u\000r\000d\000e\000n\000\040\000R\000a\000n\000k\000i\000n\000g}{section.7}% 31
\BOOKMARK [1][-]{section.8}{\376\377\000S\000t\000a\000g\000e\000\040\0004\000:\000\040\000P\000r\000e\000d\000i\000c\000t\000i\000v\000e\000\040\000H\000o\000o\000k\000s}{}% 32
\BOOKMARK [2][-]{subsection.8.1}{\376\377\000H\000o\000o\000k\000\040\000A\000v\000a\000i\000l\000a\000b\000i\000l\000i\000t\000y}{section.8}% 33
\BOOKMARK [2][-]{subsection.8.2}{\376\377\000H\000o\000o\000k\000\040\000S\000c\000o\000r\000e}{section.8}% 34
\BOOKMARK [1][-]{section.9}{\376\377\000T\000i\000e\000-\000B\000r\000e\000a\000k\000e\000r\000\040\000R\000e\000s\000o\000l\000u\000t\000i\000o\000n}{}% 35
\BOOKMARK [2][-]{subsection.9.1}{\376\377\000V\000e\000r\000i\000f\000i\000c\000a\000t\000i\000o\000n\000\040\000v\000i\000a\000\040\000F\000u\000l\000l\000\040\000V\000e\000c\000t\000o\000r}{section.9}% 36
\BOOKMARK [1][-]{section.10}{\376\377\000S\000e\000l\000e\000c\000t\000i\000o\000n\000\040\000R\000e\000s\000u\000l\000t}{}% 37
\BOOKMARK [2][-]{subsection.10.1}{\376\377\000S\000e\000l\000e\000c\000t\000i\000o\000n\000\040\000S\000u\000m\000m\000a\000r\000y}{section.10}% 38
\BOOKMARK [1][-]{section.11}{\376\377\000A\000u\000t\000o\000-\000G\000e\000n\000e\000r\000a\000t\000e\000d\000\040\000T\000a\000b\000l\000e\000s}{}% 39
\BOOKMARK [1][-]{section.12}{\376\377\000L\000o\000c\000k\000\040\000P\000r\000o\000t\000o\000c\000o\000l}{}% 40
\BOOKMARK [2][-]{subsection.12.1}{\376\377\000H\000a\000s\000h\000\040\000V\000e\000r\000i\000f\000i\000c\000a\000t\000i\000o\000n\000\040\000C\000h\000a\000i\000n}{section.12}% 41
\BOOKMARK [2][-]{subsection.12.2}{\376\377\000R\000e\000p\000r\000o\000d\000u\000c\000i\000b\000i\000l\000i\000t\000y\000\040\000P\000r\000o\000t\000o\000c\000o\000l}{section.12}% 42
\BOOKMARK [1][-]{section.13}{\376\377\000E\000p\000i\000s\000t\000e\000m\000i\000c\000\040\000S\000t\000a\000t\000u\000s\000\040\000S\000u\000m\000m\000a\000r\000y}{}% 43
\BOOKMARK [1][-]{section.14}{\376\377\000R\000e\000v\000i\000e\000w\000e\000r\000\040\000T\000r\000a\000p\000s}{}% 44
\BOOKMARK [1][-]{section.15}{\376\377\000V\000e\000r\000i\000f\000i\000c\000a\000t\000i\000o\000n\000\040\000R\000e\000s\000u\000l\000t\000s}{}% 45
\BOOKMARK [2][-]{subsection.15.1}{\376\377\000C\000h\000e\000c\000k\000\040\000S\000u\000m\000m\000a\000r\000y}{section.15}% 46
\BOOKMARK [2][-]{subsection.15.2}{\376\377\000K\000e\000y\000\040\000V\000e\000r\000i\000f\000i\000c\000a\000t\000i\000o\000n\000\040\000P\000o\000i\000n\000t\000s}{section.15}% 47
\BOOKMARK [1][-]{section.16}{\376\377\000R\000e\000p\000r\000o\000d\000u\000c\000t\000i\000o\000n\000\040\000I\000n\000s\000t\000r\000u\000c\000t\000i\000o\000n\000s}{}% 48
\BOOKMARK [1][-]{section.17}{\376\377\000C\000o\000n\000c\000l\000u\000s\000i\000o\000n}{}% 49
\BOOKMARK [1][-]{appendix.A}{\376\377\000D\000e\000t\000a\000i\000l\000e\000d\000\040\000S\000t\000a\000g\000e\000\040\0000\000\040\000C\000a\000l\000c\000u\000l\000a\000t\000i\000o\000n\000s}{}% 50
\BOOKMARK [2][-]{subsection.A.1}{\376\377\000A\000n\000o\000m\000a\000l\000y\000\040\000V\000e\000r\000i\000f\000i\000c\000a\000t\000i\000o\000n\000\040\000p\000e\000r\000\040\000T\000r\000a\000c\000k}{appendix.A}% 51
\BOOKMARK [1][-]{appendix.B}{\376\377\000D\000e\000t\000a\000i\000l\000e\000d\000\040\000S\000t\000a\000g\000e\000\040\0002\000\040\000C\000a\000l\000c\000u\000l\000a\000t\000i\000o\000n\000s}{}% 52
\BOOKMARK [2][-]{subsection.B.1}{\376\377\000B\000C\000\040\000C\000l\000a\000s\000s\000i\000f\000i\000c\000a\000t\000i\000o\000n\000\040\000T\000a\000b\000l\000e\000s}{appendix.B}% 53
\BOOKMARK [1][-]{appendix.C}{\376\377\000D\000e\000t\000a\000i\000l\000e\000d\000\040\000S\000t\000a\000g\000e\000\040\0003\000\040\000C\000a\000l\000c\000u\000l\000a\000t\000i\000o\000n\000s}{}% 54
\BOOKMARK [2][-]{subsection.C.1}{\376\377\000M\000e\000c\000h\000a\000n\000i\000s\000m\000\040\000I\000n\000v\000e\000n\000t\000o\000r\000y}{appendix.C}% 55
\BOOKMARK [1][-]{appendix.D}{\376\377\000D\000e\000t\000a\000i\000l\000e\000d\000\040\000S\000t\000a\000g\000e\000\040\0004\000\040\000C\000a\000l\000c\000u\000l\000a\000t\000i\000o\000n\000s}{}% 56
\BOOKMARK [2][-]{subsection.D.1}{\376\377\000H\000o\000o\000k\000\040\000C\000a\000t\000a\000l\000o\000g\000\040\000w\000i\000t\000h\000\040\000P\000r\000e\000r\000e\000q\000u\000i\000s\000i\000t\000e\000s}{appendix.D}% 57
\BOOKMARK [1][-]{appendix.E}{\376\377\000L\000e\000x\000i\000c\000o\000g\000r\000a\000p\000h\000i\000c\000\040\000O\000r\000d\000e\000r\000i\000n\000g\000\040\000P\000r\000o\000o\000f}{}% 58
\BOOKMARK [1][-]{appendix.F}{\376\377\000H\000a\000s\000h\000\040\000A\000l\000g\000o\000r\000i\000t\000h\000m\000\040\000D\000e\000t\000a\000i\000l\000s}{}% 59
\BOOKMARK [2][-]{subsection.F.1}{\376\377\000H\000a\000s\000h\000\040\000C\000o\000m\000p\000u\000t\000a\000t\000i\000o\000n\000\040\000P\000r\000o\000t\000o\000c\000o\000l}{appendix.F}% 60
\BOOKMARK [1][-]{appendix.G}{\376\377\000G\000r\000o\000u\000p\000\040\000T\000h\000e\000o\000r\000y\000\040\000R\000e\000f\000e\000r\000e\000n\000c\000e}{}% 61
\BOOKMARK [2][-]{subsection.G.1}{\376\377\000L\000i\000e\000\040\000A\000l\000g\000e\000b\000r\000a\000\040\000D\000i\000m\000e\000n\000s\000i\000o\000n\000s}{appendix.G}% 62
\BOOKMARK [2][-]{subsection.G.2}{\376\377\000R\000a\000n\000k\000s}{appendix.G}% 63
\BOOKMARK [1][-]{appendix.H}{\376\377\000H\000y\000p\000e\000r\000c\000h\000a\000r\000g\000e\000\040\000N\000o\000r\000m\000a\000l\000i\000z\000a\000t\000i\000o\000n}{}% 64
\BOOKMARK [2][-]{subsection.H.1}{\376\377\000F\000i\000e\000l\000d\000\040\000H\000y\000p\000e\000r\000c\000h\000a\000r\000g\000e\000s}{appendix.H}% 65
\BOOKMARK [1][-]{appendix.I}{\376\377\000A\000n\000o\000m\000a\000l\000y\000\040\000F\000o\000r\000m\000u\000l\000a\000s}{}% 66
\BOOKMARK [2][-]{subsection.I.1}{\376\377\000G\000a\000u\000g\000e\000\040\000A\000n\000o\000m\000a\000l\000i\000e\000s}{appendix.I}% 67
\BOOKMARK [2][-]{subsection.I.2}{\376\377\000W\000i\000t\000t\000e\000n\000\040\000A\000n\000o\000m\000a\000l\000y}{appendix.I}% 68
\BOOKMARK [1][-]{appendix.J}{\376\377\000B\000C\000\040\000P\000r\000o\000j\000e\000c\000t\000i\000o\000n\000\040\000A\000l\000g\000e\000b\000r\000a}{}% 69
\BOOKMARK [2][-]{subsection.J.1}{\376\377\000Z\000e\000r\000o\000-\000M\000o\000d\000e\000\040\000C\000o\000n\000d\000i\000t\000i\000o\000n\000s}{appendix.J}% 70
\BOOKMARK [2][-]{subsection.J.2}{\376\377\000C\000h\000i\000r\000a\000l\000i\000t\000y\000\040\000a\000n\000d\000\040\000B\000C}{appendix.J}% 71
\BOOKMARK [1][-]{appendix.K}{\376\377\000V\000a\000c\000u\000u\000m\000\040\000E\000n\000e\000r\000g\000y\000\040\000R\000e\000g\000u\000l\000a\000r\000i\000z\000a\000t\000i\000o\000n}{}% 72
\BOOKMARK [2][-]{subsection.K.1}{\376\377\000Z\000e\000t\000a\000\040\000F\000u\000n\000c\000t\000i\000o\000n\000\040\000M\000e\000t\000h\000o\000d}{appendix.K}% 73
\BOOKMARK [2][-]{subsection.K.2}{\376\377\000H\000e\000a\000t\000\040\000K\000e\000r\000n\000e\000l\000\040\000M\000e\000t\000h\000o\000d}{appendix.K}% 74
\BOOKMARK [2][-]{subsection.K.3}{\376\377\000A\000g\000r\000e\000e\000m\000e\000n\000t}{appendix.K}% 75
\BOOKMARK [1][-]{appendix.L}{\376\377\000C\000o\000m\000p\000l\000e\000t\000e\000\040\000V\000e\000r\000i\000f\000i\000c\000a\000t\000i\000o\000n\000\040\000C\000h\000e\000c\000k\000l\000i\000s\000t}{}% 76
\BOOKMARK [1][-]{appendix.M}{\376\377\000S\000c\000o\000r\000i\000n\000g\000\040\000V\000e\000c\000t\000o\000r\000\040\000A\000l\000g\000e\000b\000r\000a}{}% 77
\BOOKMARK [2][-]{subsection.M.1}{\376\377\000V\000e\000c\000t\000o\000r\000\040\000C\000o\000m\000p\000o\000n\000e\000n\000t\000\040\000D\000e\000f\000i\000n\000i\000t\000i\000o\000n\000s}{appendix.M}% 78
\BOOKMARK [2][-]{subsection.M.2}{\376\377\000C\000o\000m\000p\000l\000e\000t\000e\000\040\000S\000c\000o\000r\000i\000n\000g\000\040\000V\000e\000c\000t\000o\000r\000s}{appendix.M}% 79
\BOOKMARK [2][-]{subsection.M.3}{\376\377\000P\000a\000i\000r\000w\000i\000s\000e\000\040\000C\000o\000m\000p\000a\000r\000i\000s\000o\000n\000s}{appendix.M}% 80
\BOOKMARK [2][-]{subsection.M.4}{\376\377\000E\000x\000c\000l\000u\000d\000e\000d\000\040\000T\000r\000a\000c\000k\000s\000\040\000A\000n\000a\000l\000y\000s\000i\000s}{appendix.M}% 81
\BOOKMARK [1][-]{appendix.N}{\376\377\000B\000u\000r\000d\000e\000n\000\040\000M\000e\000t\000r\000i\000c\000\040\000D\000e\000t\000a\000i\000l\000s}{}% 82
\BOOKMARK [2][-]{subsection.N.1}{\376\377\000M\000e\000c\000h\000a\000n\000i\000s\000m\000\040\000E\000n\000u\000m\000e\000r\000a\000t\000i\000o\000n}{appendix.N}% 83
\BOOKMARK [2][-]{subsection.N.2}{\376\377\000M\000e\000c\000h\000a\000n\000i\000s\000m\000\040\000C\000o\000u\000n\000t\000\040\000p\000e\000r\000\040\000T\000r\000a\000c\000k}{appendix.N}% 84
\BOOKMARK [2][-]{subsection.N.3}{\376\377\000P\000a\000r\000a\000m\000e\000t\000e\000r\000\040\000C\000o\000u\000n\000t\000\040\000p\000e\000r\000\040\000T\000r\000a\000c\000k}{appendix.N}% 85
\BOOKMARK [2][-]{subsection.N.4}{\376\377\000T\000u\000n\000i\000n\000g\000\040\000C\000o\000u\000n\000t\000\040\000p\000e\000r\000\040\000T\000r\000a\000c\000k}{appendix.N}% 86
\BOOKMARK [2][-]{subsection.N.5}{\376\377\000T\000o\000t\000a\000l\000\040\000B\000u\000r\000d\000e\000n}{appendix.N}% 87
\BOOKMARK [1][-]{appendix.O}{\376\377\000H\000o\000o\000k\000\040\000P\000r\000e\000r\000e\000q\000u\000i\000s\000i\000t\000e\000\040\000A\000n\000a\000l\000y\000s\000i\000s}{}% 88
\BOOKMARK [2][-]{subsection.O.1}{\376\377\000C\000o\000m\000m\000o\000n\000\040\000P\000r\000e\000r\000e\000q\000u\000i\000s\000i\000t\000e\000s}{appendix.O}% 89
\BOOKMARK [2][-]{subsection.O.2}{\376\377\000H\000o\000o\000k\000\040\000A\000c\000t\000i\000v\000a\000t\000i\000o\000n\000\040\000C\000o\000n\000d\000i\000t\000i\000o\000n\000s}{appendix.O}% 90
\BOOKMARK [2][-]{subsection.O.3}{\376\377\000T\000r\000a\000c\000k\000-\000S\000p\000e\000c\000i\000f\000i\000c\000\040\000H\000o\000o\000k\000\040\000C\000o\000u\000n\000t\000s}{appendix.O}% 91
\BOOKMARK [1][-]{appendix.P}{\376\377\000S\000e\000l\000e\000c\000t\000i\000o\000n\000\040\000D\000e\000c\000i\000s\000i\000o\000n\000\040\000T\000r\000e\000e}{}% 92
\BOOKMARK [1][-]{appendix.Q}{\376\377\000S\000e\000n\000s\000i\000t\000i\000v\000i\000t\000y\000\040\000A\000n\000a\000l\000y\000s\000i\000s}{}% 93
\BOOKMARK [2][-]{subsection.Q.1}{\376\377\000S\000t\000a\000g\000e\000\040\0002\000\040\000M\000a\000r\000g\000i\000n}{appendix.Q}% 94
\BOOKMARK [2][-]{subsection.Q.2}{\376\377\000W\000h\000a\000t\000\040\000W\000o\000u\000l\000d\000\040\000C\000h\000a\000n\000g\000e\000\040\000t\000h\000e\000\040\000O\000u\000t\000c\000o\000m\000e}{appendix.Q}% 95
\BOOKMARK [2][-]{subsection.Q.3}{\376\377\000B\000u\000r\000d\000e\000n\000\040\000S\000e\000n\000s\000i\000t\000i\000v\000i\000t\000y}{appendix.Q}% 96
\BOOKMARK [1][-]{appendix.R}{\376\377\000G\000U\000T\000\040\000R\000e\000p\000r\000e\000s\000e\000n\000t\000a\000t\000i\000o\000n\000\040\000T\000h\000e\000o\000r\000y}{}% 97
\BOOKMARK [2][-]{subsection.R.1}{\376\377\000S\000U\000\050\0005\000\051\000\040\000R\000e\000p\000r\000e\000s\000e\000n\000t\000a\000t\000i\000o\000n\000s}{appendix.R}% 98
\BOOKMARK [2][-]{subsection.R.2}{\376\377\000S\000O\000\050\0001\0000\000\051\000\040\000S\000p\000i\000n\000o\000r}{appendix.R}% 99
\BOOKMARK [2][-]{subsection.R.3}{\376\377\000P\000a\000t\000i\000-\000S\000a\000l\000a\000m\000\040\000R\000e\000p\000r\000e\000s\000e\000n\000t\000a\000t\000i\000o\000n\000s}{appendix.R}% 100
\BOOKMARK [2][-]{subsection.R.4}{\376\377\000E\0006\000\040\000F\000u\000n\000d\000a\000m\000e\000n\000t\000a\000l}{appendix.R}% 101
\BOOKMARK [1][-]{appendix.S}{\376\377\000C\000o\000m\000p\000l\000e\000t\000e\000\040\000A\000n\000o\000m\000a\000l\000y\000\040\000V\000e\000r\000i\000f\000i\000c\000a\000t\000i\000o\000n}{}% 102
\BOOKMARK [2][-]{subsection.S.1}{\376\377\000U\000\050\0001\000\051\0003\000\040\000D\000e\000t\000a\000i\000l\000e\000d\000\040\000C\000a\000l\000c\000u\000l\000a\000t\000i\000o\000n}{appendix.S}% 103
\BOOKMARK [2][-]{subsection.S.2}{\376\377\000S\000U\000\050\0002\000\051\0002\000\040\000U\000\050\0001\000\051\000\040\000D\000e\000t\000a\000i\000l\000e\000d\000\040\000C\000a\000l\000c\000u\000l\000a\000t\000i\000o\000n}{appendix.S}% 104
