\BOOKMARK [1][-]{section.1}{\376\377\000R\000e\000a\000d\000e\000r\000\040\000C\000o\000n\000t\000r\000a\000c\000t\000\040\000a\000n\000d\000\040\000E\000p\000i\000s\000t\000e\000m\000i\000c\000\040\000R\000e\000g\000i\000s\000t\000r\000y}{}% 1
\BOOKMARK [1][-]{section.2}{\376\377\0005\000D\000\040\000G\000a\000u\000g\000e\000\040\000A\000c\000t\000i\000o\000n\000\040\000a\000n\000d\000\040\000V\000a\000r\000i\000a\000t\000i\000o\000n\000a\000l\000\040\000B\000C\000\040\000D\000e\000r\000i\000v\000a\000t\000i\000o\000n}{}% 2
\BOOKMARK [2][-]{subsection.2.1}{\376\377\000T\000h\000e\000\040\0005\000D\000\040\000N\000o\000n\000-\000A\000b\000e\000l\000i\000a\000n\000\040\000G\000a\000u\000g\000e\000\040\000A\000c\000t\000i\000o\000n}{section.2}% 3
\BOOKMARK [2][-]{subsection.2.2}{\376\377\000M\000e\000t\000r\000i\000c\000\040\000F\000a\000c\000t\000o\000r\000s}{section.2}% 4
\BOOKMARK [2][-]{subsection.2.3}{\376\377\000D\000e\000c\000o\000m\000p\000o\000s\000i\000t\000i\000o\000n\000\040\000i\000n\000t\000o\000\040\000A\000\040\000a\000n\000d\000\040\000A\0005}{section.2}% 5
\BOOKMARK [2][-]{subsection.2.4}{\376\377\000V\000a\000r\000i\000a\000t\000i\000o\000n\000\040\000a\000n\000d\000\040\000B\000o\000u\000n\000d\000a\000r\000y\000\040\000T\000e\000r\000m\000\040\000A\000n\000a\000l\000y\000s\000i\000s}{section.2}% 6
\BOOKMARK [2][-]{subsection.2.5}{\376\377\000V\000a\000r\000i\000a\000t\000i\000o\000n\000\040\000f\000o\000r\000\040\000A\0005}{section.2}% 7
\BOOKMARK [1][-]{section.3}{\376\377\000K\000K\000\040\000D\000e\000c\000o\000m\000p\000o\000s\000i\000t\000i\000o\000n\000\040\000a\000n\000d\000\040\000B\000C\000-\000D\000e\000p\000e\000n\000d\000e\000n\000t\000\040\000S\000p\000e\000c\000t\000r\000a}{}% 8
\BOOKMARK [2][-]{subsection.3.1}{\376\377\000M\000o\000d\000e\000\040\000E\000x\000p\000a\000n\000s\000i\000o\000n}{section.3}% 9
\BOOKMARK [2][-]{subsection.3.2}{\376\377\000M\000o\000d\000e\000\040\000E\000q\000u\000a\000t\000i\000o\000n}{section.3}% 10
\BOOKMARK [2][-]{subsection.3.3}{\376\377\000S\000p\000e\000c\000t\000r\000u\000m\000:\000\040\000N\000e\000u\000m\000a\000n\000n\040\023\000N\000e\000u\000m\000a\000n\000n\000\040\000\050\000N\000-\000N\000\051}{section.3}% 11
\BOOKMARK [2][-]{subsection.3.4}{\376\377\000S\000p\000e\000c\000t\000r\000u\000m\000:\000\040\000D\000i\000r\000i\000c\000h\000l\000e\000t\040\023\000D\000i\000r\000i\000c\000h\000l\000e\000t\000\040\000\050\000D\000-\000D\000\051}{section.3}% 12
\BOOKMARK [2][-]{subsection.3.5}{\376\377\000S\000p\000e\000c\000t\000r\000u\000m\000:\000\040\000N\000e\000u\000m\000a\000n\000n\040\023\000D\000i\000r\000i\000c\000h\000l\000e\000t\000\040\000\050\000N\000-\000D\000\051}{section.3}% 13
\BOOKMARK [2][-]{subsection.3.6}{\376\377\000S\000p\000e\000c\000t\000r\000u\000m\000:\000\040\000R\000o\000b\000i\000n\000\040\000B\000C}{section.3}% 14
\BOOKMARK [1][-]{section.4}{\376\377\000S\000c\000a\000l\000e\000\040\000R\000e\000g\000i\000m\000e\000\040\000M\000a\000p}{}% 15
\BOOKMARK [2][-]{subsection.4.1}{\376\377\000R\000e\000g\000i\000m\000e\000\040\000D\000e\000f\000i\000n\000i\000t\000i\000o\000n\000s}{section.4}% 16
\BOOKMARK [2][-]{subsection.4.2}{\376\377\000M\000a\000t\000c\000h\000i\000n\000g\000\040\000C\000o\000n\000d\000i\000t\000i\000o\000n\000s}{section.4}% 17
\BOOKMARK [2][-]{subsection.4.3}{\376\377\000S\000c\000a\000l\000e\000\040\000R\000e\000g\000i\000m\000e\000\040\000D\000i\000a\000g\000r\000a\000m}{section.4}% 18
\BOOKMARK [1][-]{section.5}{\376\377\000G\000a\000u\000g\000e\000\040\000C\000o\000u\000p\000l\000i\000n\000g\000\040\000B\000r\000i\000d\000g\000e}{}% 19
\BOOKMARK [2][-]{subsection.5.1}{\376\377\000D\000e\000r\000i\000v\000a\000t\000i\000o\000n\000\040\000f\000r\000o\000m\000\040\000D\000i\000m\000e\000n\000s\000i\000o\000n\000a\000l\000\040\000R\000e\000d\000u\000c\000t\000i\000o\000n}{section.5}% 20
\BOOKMARK [2][-]{subsection.5.2}{\376\377\000F\000l\000a\000t\000\040\000L\000i\000m\000i\000t}{section.5}% 21
\BOOKMARK [2][-]{subsection.5.3}{\376\377\000W\000i\000t\000h\000\040\000B\000r\000a\000n\000e\000\040\000K\000i\000n\000e\000t\000i\000c\000\040\000T\000e\000r\000m\000s}{section.5}% 22
\BOOKMARK [2][-]{subsection.5.4}{\376\377\000D\000i\000m\000e\000n\000s\000i\000o\000n\000a\000l\000\040\000A\000u\000d\000i\000t}{section.5}% 23
\BOOKMARK [2][-]{subsection.5.5}{\376\377\000M\000a\000p\000p\000i\000n\000g\000\040\000t\000o\000\040\000S\000u\000b\000g\000r\000o\000u\000p\000\040\000C\000o\000u\000p\000l\000i\000n\000g\000s}{section.5}% 24
\BOOKMARK [1][-]{section.6}{\376\377\000B\000o\000u\000n\000d\000a\000r\000y\000\040\000C\000o\000n\000d\000i\000t\000i\000o\000n\000\040\000R\000e\000g\000i\000s\000t\000r\000y}{}% 25
\BOOKMARK [1][-]{section.7}{\376\377\000T\000r\000a\000c\000k\000\040\000S\000:\000\040\000S\000U\000\050\0005\000\051\000\040\000B\000r\000e\000a\000k\000i\000n\000g\000\040\000v\000i\000a\000\040\000B\000o\000u\000n\000d\000a\000r\000y\000\040\000C\000o\000n\000d\000i\000t\000i\000o\000n\000s}{}% 26
\BOOKMARK [2][-]{subsection.7.1}{\376\377\000S\000U\000\050\0005\000\051\000\040\000G\000e\000n\000e\000r\000a\000t\000o\000r\000\040\000B\000a\000s\000i\000s}{section.7}% 27
\BOOKMARK [2][-]{subsection.7.2}{\376\377\000O\000r\000b\000i\000f\000o\000l\000d\000\040\000P\000a\000r\000i\000t\000y\000\040\000A\000s\000s\000i\000g\000n\000m\000e\000n\000t}{section.7}% 28
\BOOKMARK [2][-]{subsection.7.3}{\376\377\000G\000e\000n\000e\000r\000a\000t\000o\000r\000\040\000S\000u\000r\000v\000i\000v\000a\000l\000\040\000M\000a\000t\000r\000i\000x\000:\000\040\000S\000U\000\050\0005\000\051}{section.7}% 29
\BOOKMARK [2][-]{subsection.7.4}{\376\377\000C\000l\000o\000s\000u\000r\000e\000\040\000P\000r\000o\000o\000f\000:\000\040\000S\000U\000\050\0005\000\051\000\040\000R\000e\000s\000i\000d\000u\000a\000l}{section.7}% 30
\BOOKMARK [2][-]{subsection.7.5}{\376\377\000X\000,\000\040\000Y\000\040\000B\000o\000s\000o\000n\000\040\000M\000a\000s\000s\000e\000s}{section.7}% 31
\BOOKMARK [1][-]{section.8}{\376\377\000T\000r\000a\000c\000k\000\040\000O\000:\000\040\000S\000O\000\050\0001\0000\000\051\000\040\000B\000r\000e\000a\000k\000i\000n\000g\000\040\000v\000i\000a\000\040\000B\000o\000u\000n\000d\000a\000r\000y\000\040\000C\000o\000n\000d\000i\000t\000i\000o\000n\000s}{}% 32
\BOOKMARK [2][-]{subsection.8.1}{\376\377\000S\000O\000\050\0001\0000\000\051\000\040\000G\000e\000n\000e\000r\000a\000t\000o\000r\000\040\000S\000t\000r\000u\000c\000t\000u\000r\000e}{section.8}% 33
\BOOKMARK [2][-]{subsection.8.2}{\376\377\000D\000i\000r\000e\000c\000t\000\040\000t\000o\000\040\000S\000M\000\040\000D\000e\000c\000o\000m\000p\000o\000s\000i\000t\000i\000o\000n}{section.8}% 34
\BOOKMARK [2][-]{subsection.8.3}{\376\377\000P\000a\000r\000i\000t\000y\000\040\000A\000s\000s\000i\000g\000n\000m\000e\000n\000t\000\040\000f\000o\000r\000\040\000S\000O\000\050\0001\0000\000\051\000\040\000\040\000S\000M}{section.8}% 35
\BOOKMARK [2][-]{subsection.8.4}{\376\377\000G\000e\000n\000e\000r\000a\000t\000o\000r\000\040\000S\000u\000r\000v\000i\000v\000a\000l\000\040\000M\000a\000t\000r\000i\000x\000:\000\040\000S\000O\000\050\0001\0000\000\051}{section.8}% 36
\BOOKMARK [2][-]{subsection.8.5}{\376\377\000S\000O\000\050\0001\0000\000\051\000\040\000C\000l\000o\000s\000u\000r\000e\000\040\000P\000r\000o\000o\000f}{section.8}% 37
\BOOKMARK [1][-]{section.9}{\376\377\000T\000r\000a\000c\000k\000\040\000P\000:\000\040\000P\000a\000t\000i\040\023\000S\000a\000l\000a\000m\000\040\000B\000r\000e\000a\000k\000i\000n\000g\000\040\000R\000o\000u\000t\000e}{}% 38
\BOOKMARK [2][-]{subsection.9.1}{\376\377\000P\000a\000t\000i\040\023\000S\000a\000l\000a\000m\000\040\000G\000r\000o\000u\000p\000\040\000S\000t\000r\000u\000c\000t\000u\000r\000e}{section.9}% 39
\BOOKMARK [2][-]{subsection.9.2}{\376\377\000E\000m\000b\000e\000d\000d\000i\000n\000g\000\040\000i\000n\000\040\000S\000O\000\050\0001\0000\000\051}{section.9}% 40
\BOOKMARK [2][-]{subsection.9.3}{\376\377\000B\000C\000\040\000B\000r\000e\000a\000k\000i\000n\000g\000:\000\040\000S\000O\000\050\0001\0000\000\051\000\040\000\040\000P\000a\000t\000i\040\023\000S\000a\000l\000a\000m}{section.9}% 41
\BOOKMARK [2][-]{subsection.9.4}{\376\377\000F\000u\000r\000t\000h\000e\000r\000\040\000B\000r\000e\000a\000k\000i\000n\000g\000:\000\040\000P\000S\000\040\000\040\000S\000M}{section.9}% 42
\BOOKMARK [2][-]{subsection.9.5}{\376\377\000G\000e\000n\000e\000r\000a\000t\000o\000r\000\040\000S\000u\000r\000v\000i\000v\000a\000l\000\040\000M\000a\000t\000r\000i\000x\000:\000\040\000P\000S\000\040\000\040\000S\000M}{section.9}% 43
\BOOKMARK [2][-]{subsection.9.6}{\376\377\000P\000S\000\040\000C\000l\000o\000s\000u\000r\000e\000\040\000P\000r\000o\000o\000f}{section.9}% 44
\BOOKMARK [1][-]{section.10}{\376\377\000T\000r\000a\000c\000k\000\040\000E\000:\000\040\000E\0006\000\040\000B\000r\000e\000a\000k\000i\000n\000g\000\040\000R\000o\000u\000t\000e}{}% 45
\BOOKMARK [2][-]{subsection.10.1}{\376\377\000E\0006\000\040\000S\000t\000r\000u\000c\000t\000u\000r\000e}{section.10}% 46
\BOOKMARK [2][-]{subsection.10.2}{\376\377\000D\000e\000c\000o\000m\000p\000o\000s\000i\000t\000i\000o\000n\000:\000\040\000E\0006\000\040\000\040\000S\000O\000\050\0001\0000\000\051\000\040\000\040\000U\000\050\0001\000\051}{section.10}% 47
\BOOKMARK [2][-]{subsection.10.3}{\376\377\000E\0006\000\040\000P\000a\000r\000i\000t\000y\000\040\000A\000s\000s\000i\000g\000n\000m\000e\000n\000t}{section.10}% 48
\BOOKMARK [2][-]{subsection.10.4}{\376\377\000E\0006\000\040\000S\000u\000r\000v\000i\000v\000a\000l\000\040\000M\000a\000t\000r\000i\000x\000\040\000\050\000C\000o\000n\000d\000e\000n\000s\000e\000d\000\051}{section.10}% 49
\BOOKMARK [2][-]{subsection.10.5}{\376\377\000E\0006\000\040\000t\000o\000\040\000S\000M\000:\000\040\000T\000w\000o\000-\000S\000t\000e\000p\000\040\000B\000r\000e\000a\000k\000i\000n\000g}{section.10}% 50
\BOOKMARK [1][-]{section.11}{\376\377\000A\0005\000\040\000S\000c\000a\000l\000a\000r\000\040\000A\000c\000c\000o\000u\000n\000t\000i\000n\000g}{}% 51
\BOOKMARK [2][-]{subsection.11.1}{\376\377\000A\0005\000\040\000Z\000e\000r\000o\000\040\000M\000o\000d\000e\000\040\000C\000o\000n\000d\000i\000t\000i\000o\000n\000s}{section.11}% 52
\BOOKMARK [1][-]{section.12}{\376\377\000U\000n\000i\000f\000i\000e\000d\000\040\000C\000o\000u\000p\000l\000i\000n\000g\000\040\000R\000e\000l\000a\000t\000i\000o\000n\000s}{}% 53
\BOOKMARK [2][-]{subsection.12.1}{\376\377\000S\000i\000n\000g\000l\000e\000\040\000g\0005\000\040\000O\000r\000i\000g\000i\000n}{section.12}% 54
\BOOKMARK [2][-]{subsection.12.2}{\376\377\000H\000y\000p\000e\000r\000c\000h\000a\000r\000g\000e\000\040\000N\000o\000r\000m\000a\000l\000i\000z\000a\000t\000i\000o\000n}{section.12}% 55
\BOOKMARK [2][-]{subsection.12.3}{\376\377\000R\000u\000n\000n\000i\000n\000g\000\040\000B\000e\000l\000o\000w\000\040\000m\000K\000K}{section.12}% 56
\BOOKMARK [1][-]{section.13}{\376\377\000I\000n\000t\000e\000r\000n\000a\000l\000\040\000C\000l\000o\000s\000u\000r\000e\000\040\000A\000t\000t\000e\000m\000p\000t\000\040\000\050\000B\000C\000\040\000P\000a\000r\000a\000m\000e\000t\000e\000r\000s\000\051}{}% 57
\BOOKMARK [2][-]{subsection.13.1}{\376\377\000A\000v\000a\000i\000l\000a\000b\000l\000e\000\040\000I\000n\000t\000e\000r\000n\000a\000l\000\040\000Q\000u\000a\000n\000t\000i\000t\000i\000e\000s}{section.13}% 58
\BOOKMARK [2][-]{subsection.13.2}{\376\377\000A\000t\000t\000e\000m\000p\000t\000:\000\040\000F\000i\000x\000\040\000B\000C\000\040\000P\000a\000r\000a\000m\000e\000t\000e\000r\000s\000\040\000I\000n\000t\000e\000r\000n\000a\000l\000l\000y}{section.13}% 59
\BOOKMARK [1][-]{section.14}{\376\377\000E\000p\000i\000s\000t\000e\000m\000i\000c\000\040\000L\000e\000d\000g\000e\000r}{}% 60
\BOOKMARK [1][-]{section.15}{\376\377\000R\000e\000v\000i\000e\000w\000e\000r\000\040\000T\000r\000a\000p\000\040\000C\000h\000e\000c\000k\000l\000i\000s\000t}{}% 61
\BOOKMARK [1][-]{section.16}{\376\377\000C\000o\000n\000c\000l\000u\000s\000i\000o\000n\000s}{}% 62
\BOOKMARK [1][-]{appendix.A}{\376\377\000D\000i\000m\000e\000n\000s\000i\000o\000n\000a\000l\000\040\000A\000n\000a\000l\000y\000s\000i\000s}{}% 63
\BOOKMARK [2][-]{subsection.A.1}{\376\377\0005\000D\000\040\000v\000s\000\040\0004\000D\000\040\000G\000a\000u\000g\000e\000\040\000C\000o\000u\000p\000l\000i\000n\000g}{appendix.A}% 64
\BOOKMARK [2][-]{subsection.A.2}{\376\377\000B\000r\000i\000d\000g\000e\000\040\000C\000o\000n\000s\000i\000s\000t\000e\000n\000c\000y}{appendix.A}% 65
\BOOKMARK [1][-]{appendix.B}{\376\377\000G\000r\000o\000u\000p\000\040\000T\000h\000e\000o\000r\000y\000\040\000S\000u\000p\000p\000l\000e\000m\000e\000n\000t}{}% 66
\BOOKMARK [2][-]{subsection.B.1}{\376\377\000S\000U\000\050\0005\000\051\000\040\000F\000u\000n\000d\000a\000m\000e\000n\000t\000a\000l\000\040\000D\000e\000c\000o\000m\000p\000o\000s\000i\000t\000i\000o\000n}{appendix.B}% 67
\BOOKMARK [2][-]{subsection.B.2}{\376\377\000S\000O\000\050\0001\0000\000\051\000\040\000S\000p\000i\000n\000o\000r\000\040\000D\000e\000c\000o\000m\000p\000o\000s\000i\000t\000i\000o\000n}{appendix.B}% 68
\BOOKMARK [2][-]{subsection.B.3}{\376\377\000E\0006\000\040\000F\000u\000n\000d\000a\000m\000e\000n\000t\000a\000l\000\040\000D\000e\000c\000o\000m\000p\000o\000s\000i\000t\000i\000o\000n}{appendix.B}% 69
\BOOKMARK [1][-]{appendix.C}{\376\377\000R\000o\000b\000i\000n\000\040\000S\000p\000e\000c\000t\000r\000u\000m\000\040\000D\000e\000t\000a\000i\000l\000s}{}% 70
\BOOKMARK [2][-]{subsection.C.1}{\376\377\000T\000r\000a\000n\000s\000c\000e\000n\000d\000e\000n\000t\000a\000l\000\040\000E\000q\000u\000a\000t\000i\000o\000n}{appendix.C}% 71
\BOOKMARK [2][-]{subsection.C.2}{\376\377\000F\000i\000r\000s\000t\000\040\000R\000o\000o\000t\000\040\000A\000s\000y\000m\000p\000t\000o\000t\000i\000c\000s}{appendix.C}% 72
\BOOKMARK [1][-]{appendix.D}{\376\377\000A\000n\000o\000m\000a\000l\000y\000\040\000C\000o\000n\000s\000i\000d\000e\000r\000a\000t\000i\000o\000n\000s}{}% 73
\BOOKMARK [2][-]{subsection.D.1}{\376\377\000G\000a\000u\000g\000e\000\040\000A\000n\000o\000m\000a\000l\000y\000\040\000C\000a\000n\000c\000e\000l\000l\000a\000t\000i\000o\000n}{appendix.D}% 74
\BOOKMARK [2][-]{subsection.D.2}{\376\377\000S\000M\000\040\000A\000n\000o\000m\000a\000l\000y\000\040\000F\000r\000e\000e\000d\000o\000m}{appendix.D}% 75
\BOOKMARK [2][-]{subsection.D.3}{\376\377\000G\000U\000T\000\040\000A\000n\000o\000m\000a\000l\000y\000\040\000F\000r\000e\000e\000d\000o\000m}{appendix.D}% 76
\BOOKMARK [1][-]{appendix.E}{\376\377\000E\000x\000t\000e\000n\000d\000e\000d\000\040\000G\000e\000n\000e\000r\000a\000t\000o\000r\000\040\000T\000a\000b\000l\000e\000s}{}% 77
\BOOKMARK [2][-]{subsection.E.1}{\376\377\000S\000U\000\050\0005\000\051\000\040\000G\000e\000n\000e\000r\000a\000t\000o\000r\000\040\000E\000x\000p\000l\000i\000c\000i\000t\000\040\000L\000i\000s\000t}{appendix.E}% 78
\BOOKMARK [1][-]{appendix.F}{\376\377\000W\000a\000r\000p\000e\000d\000\040\000G\000e\000o\000m\000e\000t\000r\000y}{}% 79
\BOOKMARK [2][-]{subsection.F.1}{\376\377\000R\000S\000-\000T\000y\000p\000e\000\040\000W\000a\000r\000p\000\040\000F\000a\000c\000t\000o\000r}{appendix.F}% 80
\BOOKMARK [2][-]{subsection.F.2}{\376\377\000Z\000e\000r\000o\000\040\000M\000o\000d\000e\000\040\000i\000n\000\040\000W\000a\000r\000p\000e\000d\000\040\000B\000a\000c\000k\000g\000r\000o\000u\000n\000d}{appendix.F}% 81
\BOOKMARK [2][-]{subsection.F.3}{\376\377\000I\000g\000a\000u\000g\000e\000\040\000i\000n\000\040\000W\000a\000r\000p\000e\000d\000\040\000C\000a\000s\000e}{appendix.F}% 82
\BOOKMARK [1][-]{appendix.G}{\376\377\000S\000c\000a\000l\000e\000\040\000M\000a\000t\000c\000h\000i\000n\000g\000\040\000E\000q\000u\000a\000t\000i\000o\000n\000s}{}% 83
\BOOKMARK [2][-]{subsection.G.1}{\376\377\000T\000h\000r\000e\000s\000h\000o\000l\000d\000\040\000M\000a\000t\000c\000h\000i\000n\000g}{appendix.G}% 84
\BOOKMARK [2][-]{subsection.G.2}{\376\377\000K\000K\000\040\000T\000o\000w\000e\000r\000\040\000C\000o\000n\000t\000r\000i\000b\000u\000t\000i\000o\000n}{appendix.G}% 85
\BOOKMARK [1][-]{appendix.H}{\376\377\000P\000a\000t\000i\040\023\000S\000a\000l\000a\000m\000\040\000D\000e\000t\000a\000i\000l\000s}{}% 86
\BOOKMARK [2][-]{subsection.H.1}{\376\377\000S\000U\000\050\0004\000\051\000c\000\040\000G\000e\000n\000e\000r\000a\000t\000o\000r\000s}{appendix.H}% 87
\BOOKMARK [2][-]{subsection.H.2}{\376\377\000B\000-\000L\000\040\000G\000e\000n\000e\000r\000a\000t\000o\000r}{appendix.H}% 88
\BOOKMARK [2][-]{subsection.H.3}{\376\377\000H\000y\000p\000e\000r\000c\000h\000a\000r\000g\000e\000\040\000C\000o\000n\000s\000t\000r\000u\000c\000t\000i\000o\000n}{appendix.H}% 89
\BOOKMARK [1][-]{appendix.I}{\376\377\000C\000o\000m\000m\000u\000t\000a\000t\000o\000r\000\040\000A\000l\000g\000e\000b\000r\000a\000\040\000V\000e\000r\000i\000f\000i\000c\000a\000t\000i\000o\000n}{}% 90
\BOOKMARK [2][-]{subsection.I.1}{\376\377\000S\000U\000\050\0003\000\051\000\040\000S\000t\000r\000u\000c\000t\000u\000r\000e\000\040\000C\000o\000n\000s\000t\000a\000n\000t\000s}{appendix.I}% 91
\BOOKMARK [2][-]{subsection.I.2}{\376\377\000S\000U\000\050\0002\000\051\000\040\000S\000t\000r\000u\000c\000t\000u\000r\000e\000\040\000C\000o\000n\000s\000t\000a\000n\000t\000s}{appendix.I}% 92
\BOOKMARK [2][-]{subsection.I.3}{\376\377\000U\000\050\0001\000\051\000\040\000C\000o\000m\000m\000u\000t\000a\000t\000i\000o\000n}{appendix.I}% 93
\BOOKMARK [2][-]{subsection.I.4}{\376\377\000C\000l\000o\000s\000u\000r\000e\000\040\000V\000e\000r\000i\000f\000i\000c\000a\000t\000i\000o\000n\000:\000\040\000E\000x\000p\000l\000i\000c\000i\000t}{appendix.I}% 94
\BOOKMARK [1][-]{appendix.J}{\376\377\000S\000p\000e\000c\000t\000r\000a\000l\000\040\000A\000n\000a\000l\000y\000s\000i\000s\000\040\000D\000e\000t\000a\000i\000l\000s}{}% 95
\BOOKMARK [2][-]{subsection.J.1}{\376\377\000S\000t\000u\000r\000m\040\023\000L\000i\000o\000u\000v\000i\000l\000l\000e\000\040\000F\000o\000r\000m}{appendix.J}% 96
\BOOKMARK [2][-]{subsection.J.2}{\376\377\000O\000r\000t\000h\000o\000n\000o\000r\000m\000a\000l\000i\000t\000y}{appendix.J}% 97
\BOOKMARK [2][-]{subsection.J.3}{\376\377\000R\000o\000b\000i\000n\000\040\000B\000C\000:\000\040\000C\000o\000m\000p\000l\000e\000t\000e\000\040\000S\000o\000l\000u\000t\000i\000o\000n}{appendix.J}% 98
\BOOKMARK [2][-]{subsection.J.4}{\376\377\000M\000a\000s\000s\000\040\000G\000a\000p\000\040\000v\000s\000\040\000B\000C\000\040\000P\000a\000r\000a\000m\000e\000t\000e\000r}{appendix.J}% 99
\BOOKMARK [1][-]{appendix.K}{\376\377\000O\000r\000b\000i\000f\000o\000l\000d\000\040\000v\000s\000\040\000I\000n\000t\000e\000r\000v\000a\000l\000\040\000C\000o\000n\000v\000e\000n\000t\000i\000o\000n\000s}{}% 100
\BOOKMARK [2][-]{subsection.K.1}{\376\377\000I\000n\000t\000e\000r\000v\000a\000l\000\040\000[\0000\000,\000L\000]}{appendix.K}% 101
\BOOKMARK [2][-]{subsection.K.2}{\376\377\000C\000i\000r\000c\000l\000e\000\040\000S\0001\000\040\000w\000i\000t\000h\000\040\000R\000a\000d\000i\000u\000s\000\040\000R}{appendix.K}% 102
\BOOKMARK [2][-]{subsection.K.3}{\376\377\000O\000r\000b\000i\000f\000o\000l\000d\000\040\000S\0001\000/\000Z\0002}{appendix.K}% 103
\BOOKMARK [2][-]{subsection.K.4}{\376\377\000-\000M\000a\000p\000\040\000C\000o\000n\000v\000e\000n\000t\000i\000o\000n}{appendix.K}% 104
\BOOKMARK [1][-]{appendix.L}{\376\377\000E\000x\000t\000e\000n\000d\000e\000d\000\040\000S\000O\000\050\0001\0000\000\051\000\040\000A\000n\000a\000l\000y\000s\000i\000s}{}% 105
\BOOKMARK [2][-]{subsection.L.1}{\376\377\000S\000O\000\050\0001\0000\000\051\000\040\000G\000e\000n\000e\000r\000a\000t\000o\000r\000s\000\040\000i\000n\000\040\000D\000e\000t\000a\000i\000l}{appendix.L}% 106
\BOOKMARK [2][-]{subsection.L.2}{\376\377\000C\000a\000r\000t\000a\000n\000\040\000S\000u\000b\000a\000l\000g\000e\000b\000r\000a}{appendix.L}% 107
\BOOKMARK [2][-]{subsection.L.3}{\376\377\000R\000o\000o\000t\000\040\000S\000y\000s\000t\000e\000m}{appendix.L}% 108
\BOOKMARK [2][-]{subsection.L.4}{\376\377\000B\000r\000e\000a\000k\000i\000n\000g\000\040\000P\000a\000t\000t\000e\000r\000n}{appendix.L}% 109
\BOOKMARK [1][-]{appendix.M}{\376\377\000E\0006\000\040\000E\000x\000t\000e\000n\000d\000e\000d\000\040\000A\000n\000a\000l\000y\000s\000i\000s}{}% 110
\BOOKMARK [2][-]{subsection.M.1}{\376\377\000E\0006\000\040\000F\000u\000n\000d\000a\000m\000e\000n\000t\000a\000l\000\040\000C\000o\000n\000s\000t\000a\000n\000t\000s}{appendix.M}% 111
\BOOKMARK [2][-]{subsection.M.2}{\376\377\000E\0006\000\040\000D\000e\000c\000o\000m\000p\000o\000s\000i\000t\000i\000o\000n\000\040\000u\000n\000d\000e\000r\000\040\000S\000O\000\050\0001\0000\000\051}{appendix.M}% 112
\BOOKMARK [2][-]{subsection.M.3}{\376\377\000T\000w\000o\000-\000S\000t\000e\000p\000\040\000B\000r\000e\000a\000k\000i\000n\000g}{appendix.M}% 113
\BOOKMARK [2][-]{subsection.M.4}{\376\377\000E\000x\000t\000r\000a\000\040\000U\000\050\0001\000\051\000\040\000F\000a\000c\000t\000o\000r\000s}{appendix.M}% 114
\BOOKMARK [1][-]{appendix.N}{\376\377\000B\000r\000a\000n\000e\000\040\000K\000i\000n\000e\000t\000i\000c\000\040\000T\000e\000r\000m\000\040\000E\000f\000f\000e\000c\000t\000s}{}% 115
\BOOKMARK [2][-]{subsection.N.1}{\376\377\000M\000o\000d\000i\000f\000i\000e\000d\000\040\000N\000o\000r\000m\000a\000l\000i\000z\000a\000t\000i\000o\000n\000\040\000I\000n\000t\000e\000g\000r\000a\000l}{appendix.N}% 116
\BOOKMARK [2][-]{subsection.N.2}{\376\377\000E\000f\000f\000e\000c\000t\000\040\000o\000n\000\040\000C\000o\000u\000p\000l\000i\000n\000g}{appendix.N}% 117
\BOOKMARK [2][-]{subsection.N.3}{\376\377\000L\000o\000c\000a\000l\000i\000z\000a\000t\000i\000o\000n\000\040\000E\000f\000f\000e\000c\000t\000s}{appendix.N}% 118
\BOOKMARK [1][-]{appendix.O}{\376\377\000G\000a\000u\000g\000e\000\040\000F\000i\000x\000i\000n\000g\000\040\000D\000e\000t\000a\000i\000l\000s}{}% 119
\BOOKMARK [2][-]{subsection.O.1}{\376\377\000A\0005\000\040\000=\000\040\0000\000\040\000G\000a\000u\000g\000e}{appendix.O}% 120
\BOOKMARK [2][-]{subsection.O.2}{\376\377\000R\000e\000s\000i\000d\000u\000a\000l\000\040\000G\000a\000u\000g\000e\000\040\000F\000r\000e\000e\000d\000o\000m}{appendix.O}% 121
\BOOKMARK [2][-]{subsection.O.3}{\376\377\000A\000l\000t\000e\000r\000n\000a\000t\000i\000v\000e\000:\000\040\000R\000\040\000G\000a\000u\000g\000e}{appendix.O}% 122
\BOOKMARK [2][-]{subsection.O.4}{\376\377\000P\000h\000y\000s\000i\000c\000a\000l\000\040\000C\000o\000n\000t\000e\000n\000t\000\040\000I\000n\000d\000e\000p\000e\000n\000d\000e\000n\000c\000e}{appendix.O}% 123
\BOOKMARK [1][-]{appendix.P}{\376\377\000F\000e\000r\000m\000i\000o\000n\000\040\000Z\000e\000r\000o\000\040\000M\000o\000d\000e\000\040\000C\000o\000n\000d\000i\000t\000i\000o\000n\000s}{}% 124
\BOOKMARK [2][-]{subsection.P.1}{\376\377\0005\000D\000\040\000D\000i\000r\000a\000c\000\040\000E\000q\000u\000a\000t\000i\000o\000n}{appendix.P}% 125
\BOOKMARK [2][-]{subsection.P.2}{\376\377\000O\000r\000b\000i\000f\000o\000l\000d\000\040\000P\000a\000r\000i\000t\000y\000\040\000f\000o\000r\000\040\000F\000e\000r\000m\000i\000o\000n\000s}{appendix.P}% 126
\BOOKMARK [2][-]{subsection.P.3}{\376\377\000Z\000e\000r\000o\000\040\000M\000o\000d\000e\000\040\000P\000r\000o\000f\000i\000l\000e}{appendix.P}% 127
\BOOKMARK [2][-]{subsection.P.4}{\376\377\000L\000o\000c\000a\000l\000i\000z\000a\000t\000i\000o\000n}{appendix.P}% 128
