\BOOKMARK [1][-]{section.1}{\376\377\000R\000e\000a\000d\000e\000r\000\040\000C\000o\000n\000t\000r\000a\000c\000t}{}% 1
\BOOKMARK [2][-]{subsection.1.1}{\376\377\000E\000p\000i\000s\000t\000e\000m\000i\000c\000\040\000T\000a\000g\000s}{section.1}% 2
\BOOKMARK [2][-]{subsection.1.2}{\376\377\000G\000o\000a\000l\000\040\000S\000t\000a\000t\000e\000m\000e\000n\000t}{section.1}% 3
\BOOKMARK [2][-]{subsection.1.3}{\376\377\000W\000h\000a\000t\000\040\000i\000s\000\040\000N\000O\000T\000\040\000D\000e\000r\000i\000v\000e\000d}{section.1}% 4
\BOOKMARK [1][-]{section.2}{\376\377\0005\000D\000\040\000G\000a\000u\000g\000e\000\040\000A\000c\000t\000i\000o\000n\000\040\000a\000n\000d\000\040\000C\000o\000n\000v\000e\000n\000t\000i\000o\000n\000s}{}% 5
\BOOKMARK [2][-]{subsection.2.1}{\376\377\000C\000a\000n\000o\000n\000i\000c\000a\000l\000\040\0005\000D\000\040\000A\000c\000t\000i\000o\000n}{section.2}% 6
\BOOKMARK [2][-]{subsection.2.2}{\376\377\000A\000l\000t\000e\000r\000n\000a\000t\000i\000v\000e\000\040\000N\000o\000r\000m\000a\000l\000i\000z\000a\000t\000i\000o\000n\000s}{section.2}% 7
\BOOKMARK [2][-]{subsection.2.3}{\376\377\000D\000i\000m\000e\000n\000s\000i\000o\000n\000a\000l\000\040\000A\000n\000a\000l\000y\000s\000i\000s}{section.2}% 8
\BOOKMARK [2][-]{subsection.2.4}{\376\377\000W\000i\000t\000h\000\040\000\040\000a\000n\000d\000\040\000c\000\040\000E\000x\000p\000l\000i\000c\000i\000t}{section.2}% 9
\BOOKMARK [2][-]{subsection.2.5}{\376\377\000C\000o\000m\000p\000a\000r\000i\000s\000o\000n\000\040\000w\000i\000t\000h\000\040\0004\000D\000\040\000C\000o\000u\000p\000l\000i\000n\000g}{section.2}% 10
\BOOKMARK [2][-]{subsection.2.6}{\376\377\000F\000l\000a\000t\000\040\000S\000p\000a\000c\000e\000\040\000S\000i\000m\000p\000l\000i\000f\000i\000c\000a\000t\000i\000o\000n}{section.2}% 11
\BOOKMARK [1][-]{section.3}{\376\377\000K\000K\000\040\000R\000e\000d\000u\000c\000t\000i\000o\000n\000\040\000a\000n\000d\000\040\000G\000a\000u\000g\000e\000\040\000N\000o\000r\000m\000a\000l\000i\000z\000a\000t\000i\000o\000n}{}% 12
\BOOKMARK [2][-]{subsection.3.1}{\376\377\000M\000o\000d\000e\000\040\000E\000x\000p\000a\000n\000s\000i\000o\000n}{section.3}% 13
\BOOKMARK [2][-]{subsection.3.2}{\376\377\0004\000D\000\040\000E\000f\000f\000e\000c\000t\000i\000v\000e\000\040\000A\000c\000t\000i\000o\000n}{section.3}% 14
\BOOKMARK [2][-]{subsection.3.3}{\376\377\000Z\000e\000r\000o\000-\000M\000o\000d\000e\000\040\000C\000o\000u\000p\000l\000i\000n\000g}{section.3}% 15
\BOOKMARK [2][-]{subsection.3.4}{\376\377\000I\000n\000t\000e\000g\000r\000a\000l\000\040\000F\000o\000r\000m\000u\000l\000a\000t\000i\000o\000n}{section.3}% 16
\BOOKMARK [1][-]{section.4}{\376\377\000T\000r\000a\000c\000k\000\040\000A\000:\000\040\000S\000t\000i\000f\000f\000n\000e\000s\000s\000/\000B\000r\000a\000n\000e\000-\000T\000e\000n\000s\000i\000o\000n\000\040\000S\000c\000a\000l\000i\000n\000g}{}% 17
\BOOKMARK [2][-]{subsection.4.1}{\376\377\000P\000h\000y\000s\000i\000c\000a\000l\000\040\000M\000o\000t\000i\000v\000a\000t\000i\000o\000n}{section.4}% 18
\BOOKMARK [2][-]{subsection.4.2}{\376\377\000D\000i\000m\000e\000n\000s\000i\000o\000n\000a\000l\000\040\000M\000a\000t\000c\000h\000i\000n\000g}{section.4}% 19
\BOOKMARK [2][-]{subsection.4.3}{\376\377\000R\000e\000l\000a\000t\000i\000o\000n\000\040\000t\000o\000\040\000B\000r\000a\000n\000e\000\040\000T\000e\000n\000s\000i\000o\000n}{section.4}% 20
\BOOKMARK [2][-]{subsection.4.4}{\376\377\000D\000e\000r\000i\000v\000e\000d\000\040\000F\000o\000r\000m\000u\000l\000a}{section.4}% 21
\BOOKMARK [2][-]{subsection.4.5}{\376\377\000S\000c\000a\000l\000i\000n\000g\000\040\000B\000e\000h\000a\000v\000i\000o\000r}{section.4}% 22
\BOOKMARK [2][-]{subsection.4.6}{\376\377\0004\000D\000\040\000C\000o\000u\000p\000l\000i\000n\000g\000\040\000f\000r\000o\000m\000\040\000T\000r\000a\000c\000k\000\040\000A}{section.4}% 23
\BOOKMARK [1][-]{section.5}{\376\377\000T\000r\000a\000c\000k\000\040\000B\000:\000\040\000T\000o\000p\000o\000l\000o\000g\000i\000c\000a\000l\000\040\000L\000e\000v\000e\000l\000\040\000I\000n\000d\000u\000c\000t\000i\000o\000n}{}% 24
\BOOKMARK [2][-]{subsection.5.1}{\376\377\000C\000h\000e\000r\000n\000-\000S\000i\000m\000o\000n\000s\000\040\000T\000e\000r\000m\000s\000\040\000i\000n\000\040\0005\000D}{section.5}% 25
\BOOKMARK [2][-]{subsection.5.2}{\376\377\000A\000n\000o\000m\000a\000l\000y\000\040\000I\000n\000f\000l\000o\000w\000\040\000P\000e\000r\000s\000p\000e\000c\000t\000i\000v\000e}{section.5}% 26
\BOOKMARK [2][-]{subsection.5.3}{\376\377\000I\000n\000d\000u\000c\000e\000d\000\040\000C\000o\000u\000p\000l\000i\000n\000g\000\040\000M\000e\000c\000h\000a\000n\000i\000s\000m}{section.5}% 27
\BOOKMARK [2][-]{subsection.5.4}{\376\377\000C\000o\000n\000n\000e\000c\000t\000i\000o\000n\000\040\000t\000o\000\040\000-\000P\000i\000n\000n\000i\000n\000g}{section.5}% 28
\BOOKMARK [2][-]{subsection.5.5}{\376\377\0004\000D\000\040\000C\000o\000u\000p\000l\000i\000n\000g\000\040\000f\000r\000o\000m\000\040\000T\000r\000a\000c\000k\000\040\000B}{section.5}% 29
\BOOKMARK [2][-]{subsection.5.6}{\376\377\000P\000h\000y\000s\000i\000c\000a\000l\000\040\000I\000n\000t\000e\000r\000p\000r\000e\000t\000a\000t\000i\000o\000n}{section.5}% 30
\BOOKMARK [1][-]{section.6}{\376\377\000T\000r\000a\000c\000k\000\040\000C\000:\000\040\000L\000o\000o\000p\000/\000S\000e\000l\000f\000-\000C\000o\000n\000s\000i\000s\000t\000e\000n\000c\000y}{}% 31
\BOOKMARK [2][-]{subsection.6.1}{\376\377\000M\000o\000t\000i\000v\000a\000t\000i\000o\000n}{section.6}% 32
\BOOKMARK [2][-]{subsection.6.2}{\376\377\000O\000n\000e\000-\000L\000o\000o\000p\000\040\000D\000i\000v\000e\000r\000g\000e\000n\000c\000e\000\040\000S\000t\000r\000u\000c\000t\000u\000r\000e}{section.6}% 33
\BOOKMARK [2][-]{subsection.6.3}{\376\377\000C\000u\000t\000o\000f\000f\000\040\000I\000d\000e\000n\000t\000i\000f\000i\000c\000a\000t\000i\000o\000n}{section.6}% 34
\BOOKMARK [2][-]{subsection.6.4}{\376\377\000S\000e\000l\000f\000-\000C\000o\000n\000s\000i\000s\000t\000e\000n\000c\000y\000\040\000R\000e\000q\000u\000i\000r\000e\000m\000e\000n\000t}{section.6}% 35
\BOOKMARK [2][-]{subsection.6.5}{\376\377\000W\000i\000t\000h\000\040\0005\000\040\000=\000\040\000M\0005}{section.6}% 36
\BOOKMARK [2][-]{subsection.6.6}{\376\377\000W\000i\000t\000h\000\040\0005\000\040\000=\000\040\000/\000L}{section.6}% 37
\BOOKMARK [2][-]{subsection.6.7}{\376\377\000P\000h\000y\000s\000i\000c\000a\000l\000\040\000I\000n\000t\000e\000r\000p\000r\000e\000t\000a\000t\000i\000o\000n}{section.6}% 38
\BOOKMARK [1][-]{section.7}{\376\377\000C\000o\000m\000p\000a\000r\000i\000s\000o\000n\000\040\000o\000f\000\040\000T\000h\000r\000e\000e\000\040\000T\000r\000a\000c\000k\000s}{}% 39
\BOOKMARK [2][-]{subsection.7.1}{\376\377\000S\000u\000m\000m\000a\000r\000y\000\040\000T\000a\000b\000l\000e}{section.7}% 40
\BOOKMARK [2][-]{subsection.7.2}{\376\377\000S\000c\000a\000l\000i\000n\000g\000\040\000R\000e\000l\000a\000t\000i\000o\000n\000s}{section.7}% 41
\BOOKMARK [2][-]{subsection.7.3}{\376\377\000C\000o\000n\000s\000i\000s\000t\000e\000n\000c\000y\000\040\000C\000h\000e\000c\000k\000:\000\040\000U\000n\000i\000f\000i\000c\000a\000t\000i\000o\000n}{section.7}% 42
\BOOKMARK [1][-]{section.8}{\376\377\000B\000r\000a\000n\000e\000-\000L\000o\000c\000a\000l\000i\000z\000e\000d\000\040\000K\000i\000n\000e\000t\000i\000c\000\040\000T\000e\000r\000m\000s}{}% 43
\BOOKMARK [2][-]{subsection.8.1}{\376\377\000G\000e\000n\000e\000r\000a\000l\000\040\000S\000t\000r\000u\000c\000t\000u\000r\000e}{section.8}% 44
\BOOKMARK [2][-]{subsection.8.2}{\376\377\000M\000o\000d\000i\000f\000i\000e\000d\000\040\0004\000D\000\040\000C\000o\000u\000p\000l\000i\000n\000g}{section.8}% 45
\BOOKMARK [2][-]{subsection.8.3}{\376\377\000S\000m\000a\000l\000l\000\040\000B\000r\000a\000n\000e\000\040\000L\000i\000m\000i\000t}{section.8}% 46
\BOOKMARK [2][-]{subsection.8.4}{\376\377\000L\000a\000r\000g\000e\000\040\000B\000r\000a\000n\000e\000\040\000L\000i\000m\000i\000t\000\040\000\050\000D\000G\000P\000-\000l\000i\000k\000e\000\051}{section.8}% 47
\BOOKMARK [2][-]{subsection.8.5}{\376\377\000T\000r\000a\000c\000k\000\040\000A\000\040\000w\000i\000t\000h\000\040\000B\000r\000a\000n\000e\000\040\000T\000e\000r\000m\000s}{section.8}% 48
\BOOKMARK [1][-]{section.9}{\376\377\000B\000r\000i\000d\000g\000e\000\040\000t\000o\000\040\000G\000F\000\040\000F\000o\000r\000m\000u\000l\000a}{}% 49
\BOOKMARK [2][-]{subsection.9.1}{\376\377\000R\000e\000c\000a\000p\000:\000\040\000v\0003\0004\000\040\000R\000e\000s\000u\000l\000t}{section.9}% 50
\BOOKMARK [2][-]{subsection.9.2}{\376\377\000S\000u\000b\000s\000t\000i\000t\000u\000t\000i\000n\000g\000\040\000T\000r\000a\000c\000k\000\040\000R\000e\000s\000u\000l\000t\000s}{section.9}% 51
\BOOKMARK [2][-]{subsection.9.3}{\376\377\000D\000i\000m\000e\000n\000s\000i\000o\000n\000a\000l\000\040\000C\000h\000e\000c\000k}{section.9}% 52
\BOOKMARK [2][-]{subsection.9.4}{\376\377\000D\000o\000m\000i\000n\000a\000n\000t\000\040\000M\000o\000d\000e\000\040\000A\000p\000p\000r\000o\000x\000i\000m\000a\000t\000i\000o\000n}{section.9}% 53
\BOOKMARK [1][-]{section.10}{\376\377\000E\000D\000C\000\040\000P\000a\000r\000a\000m\000e\000t\000e\000r\000\040\000R\000e\000l\000a\000t\000i\000o\000n\000s}{}% 54
\BOOKMARK [2][-]{subsection.10.1}{\376\377\000R\000e\000c\000a\000p\000:\000\040\000E\000D\000C\000\040\000P\000a\000r\000a\000m\000e\000t\000e\000r\000s}{section.10}% 55
\BOOKMARK [2][-]{subsection.10.2}{\376\377\000T\000r\000a\000c\000k\000\040\000A\000\040\000i\000n\000\040\000E\000D\000C\000\040\000T\000e\000r\000m\000s}{section.10}% 56
\BOOKMARK [2][-]{subsection.10.3}{\376\377\000T\000r\000a\000c\000k\000\040\000B\000\040\000i\000n\000\040\000E\000D\000C\000\040\000T\000e\000r\000m\000s}{section.10}% 57
\BOOKMARK [2][-]{subsection.10.4}{\376\377\000F\000u\000l\000l\000\040\000G\000F\000\040\000E\000x\000p\000r\000e\000s\000s\000i\000o\000n\000\040\000\050\000T\000r\000a\000c\000k\000\040\000B\000\051}{section.10}% 58
\BOOKMARK [1][-]{section.11}{\376\377\000-\000M\000a\000p\000\040\000I\000n\000v\000a\000r\000i\000a\000n\000c\000e}{}% 59
\BOOKMARK [2][-]{subsection.11.1}{\376\377\000C\000o\000n\000v\000e\000n\000t\000i\000o\000n\000:\000\040\000L\000\040\000v\000s\000\040\000R}{section.11}% 60
\BOOKMARK [2][-]{subsection.11.2}{\376\377\000T\000r\000a\000n\000s\000f\000o\000r\000m\000a\000t\000i\000o\000n\000\040\000o\000f\000\040\000Q\000u\000a\000n\000t\000i\000t\000i\000e\000s}{section.11}% 61
\BOOKMARK [2][-]{subsection.11.3}{\376\377\000T\000r\000a\000c\000k\000\040\000A\000\040\000u\000n\000d\000e\000r\000\040\000-\000M\000a\000p}{section.11}% 62
\BOOKMARK [2][-]{subsection.11.4}{\376\377\000T\000r\000a\000c\000k\000\040\000B\000\040\000u\000n\000d\000e\000r\000\040\000-\000M\000a\000p}{section.11}% 63
\BOOKMARK [2][-]{subsection.11.5}{\376\377\000I\000n\000v\000a\000r\000i\000a\000n\000c\000e\000\040\000T\000h\000e\000o\000r\000e\000m}{section.11}% 64
\BOOKMARK [1][-]{section.12}{\376\377\000N\000o\000\040\000H\000i\000d\000d\000e\000n\000\040\000P\000l\000a\000n\000c\000k\000\040\000T\000r\000a\000p}{}% 65
\BOOKMARK [2][-]{subsection.12.1}{\376\377\000T\000h\000e\000\040\000T\000r\000a\000p}{section.12}% 66
\BOOKMARK [2][-]{subsection.12.2}{\376\377\000R\000e\000s\000o\000l\000u\000t\000i\000o\000n}{section.12}% 67
\BOOKMARK [2][-]{subsection.12.3}{\376\377\000E\000x\000p\000l\000i\000c\000i\000t\000\040\000C\000h\000e\000c\000k}{section.12}% 68
\BOOKMARK [1][-]{section.13}{\376\377\000D\000i\000m\000e\000n\000s\000i\000o\000n\000a\000l\000\040\000a\000n\000d\000\040\000C\000o\000n\000v\000e\000n\000t\000i\000o\000n\000\040\000A\000u\000d\000i\000t}{}% 69
\BOOKMARK [2][-]{subsection.13.1}{\376\377\000S\000y\000m\000b\000o\000l\000\040\000T\000a\000b\000l\000e}{section.13}% 70
\BOOKMARK [2][-]{subsection.13.2}{\376\377\000D\000i\000m\000e\000n\000s\000i\000o\000n\000a\000l\000\040\000C\000o\000n\000s\000i\000s\000t\000e\000n\000c\000y\000\040\000C\000h\000e\000c\000k\000s}{section.13}% 71
\BOOKMARK [1][-]{section.14}{\376\377\000O\000p\000e\000n\000\040\000I\000t\000e\000m\000s\000\040\000f\000o\000r\000\040\000N\000u\000m\000e\000r\000i\000c\000a\000l\000\040\000C\000l\000o\000s\000u\000r\000e}{}% 72
\BOOKMARK [2][-]{subsection.14.1}{\376\377\000T\000r\000a\000c\000k\000-\000I\000n\000d\000e\000p\000e\000n\000d\000e\000n\000t\000\040\000R\000e\000q\000u\000i\000r\000e\000m\000e\000n\000t\000s}{section.14}% 73
\BOOKMARK [2][-]{subsection.14.2}{\376\377\000T\000r\000a\000c\000k\000\040\000A\000\040\000R\000e\000q\000u\000i\000r\000e\000m\000e\000n\000t\000s}{section.14}% 74
\BOOKMARK [2][-]{subsection.14.3}{\376\377\000T\000r\000a\000c\000k\000\040\000B\000\040\000R\000e\000q\000u\000i\000r\000e\000m\000e\000n\000t\000s}{section.14}% 75
\BOOKMARK [2][-]{subsection.14.4}{\376\377\000T\000r\000a\000c\000k\000\040\000C\000\040\000R\000e\000q\000u\000i\000r\000e\000m\000e\000n\000t\000s}{section.14}% 76
\BOOKMARK [2][-]{subsection.14.5}{\376\377\000S\000u\000m\000m\000a\000r\000y\000:\000\040\000W\000h\000a\000t\000'\000s\000\040\000N\000e\000e\000d\000e\000d}{section.14}% 77
\BOOKMARK [1][-]{section.16}{\376\377\000C\000o\000n\000c\000l\000u\000s\000i\000o\000n\000s}{}% 79
\BOOKMARK [2][-]{subsection.16.1}{\376\377\000W\000h\000a\000t\000\040\000W\000a\000s\000\040\000D\000e\000r\000i\000v\000e\000d}{section.16}% 80
\BOOKMARK [2][-]{subsection.16.2}{\376\377\000W\000h\000a\000t\000\040\000R\000e\000m\000a\000i\000n\000s\000\040\000O\000p\000e\000n}{section.16}% 81
\BOOKMARK [1][-]{appendix.A}{\376\377\000D\000e\000t\000a\000i\000l\000e\000d\000\040\000D\000i\000m\000e\000n\000s\000i\000o\000n\000a\000l\000\040\000A\000n\000a\000l\000y\000s\000i\000s}{}% 82
\BOOKMARK [2][-]{subsection.A.1}{\376\377\0005\000D\000\040\000A\000c\000t\000i\000o\000n\000\040\000D\000i\000m\000e\000n\000s\000i\000o\000n\000s}{appendix.A}% 83
\BOOKMARK [2][-]{subsection.A.2}{\376\377\000G\000a\000u\000g\000e\000\040\000F\000i\000e\000l\000d\000\040\000D\000i\000m\000e\000n\000s\000i\000o\000n\000\040\000i\000n\000\040\0005\000D}{appendix.A}% 84
\BOOKMARK [2][-]{subsection.A.3}{\376\377\000C\000o\000r\000r\000e\000c\000t\000\040\000C\000o\000n\000v\000e\000n\000t\000i\000o\000n}{appendix.A}% 85
\BOOKMARK [1][-]{appendix.B}{\376\377\000C\000h\000e\000r\000n\000-\000S\000i\000m\000o\000n\000s\000\040\000D\000e\000t\000a\000i\000l\000s}{}% 86
\BOOKMARK [2][-]{subsection.B.1}{\376\377\0005\000D\000\040\000C\000h\000e\000r\000n\000-\000S\000i\000m\000o\000n\000s\000\040\000F\000o\000r\000m}{appendix.B}% 87
\BOOKMARK [2][-]{subsection.B.2}{\376\377\000L\000e\000v\000e\000l\000\040\000Q\000u\000a\000n\000t\000i\000z\000a\000t\000i\000o\000n}{appendix.B}% 88
\BOOKMARK [1][-]{appendix.C}{\376\377\000S\000e\000l\000f\000-\000C\000o\000n\000s\000i\000s\000t\000e\000n\000c\000y\000\040\000D\000e\000r\000i\000v\000a\000t\000i\000o\000n}{}% 89
\BOOKMARK [2][-]{subsection.C.1}{\376\377\000O\000n\000e\000-\000L\000o\000o\000p\000\040\000C\000o\000r\000r\000e\000c\000t\000i\000o\000n}{appendix.C}% 90
\BOOKMARK [1][-]{appendix.D}{\376\377\000O\000v\000e\000r\000l\000a\000p\000\040\000I\000n\000t\000e\000g\000r\000a\000l\000\040\000C\000o\000m\000p\000u\000t\000a\000t\000i\000o\000n}{}% 91
\BOOKMARK [2][-]{subsection.D.1}{\376\377\000G\000e\000n\000e\000r\000a\000l\000\040\000F\000o\000r\000m}{appendix.D}% 92
\BOOKMARK [2][-]{subsection.D.2}{\376\377\000F\000l\000a\000t\000\040\000S\000p\000a\000c\000e\000,\000\040\000L\000o\000c\000a\000l\000i\000z\000e\000d\000\040\000F\000e\000r\000m\000i\000o\000n}{appendix.D}% 93
\BOOKMARK [1][-]{appendix.E}{\376\377\000K\000K\000\040\000S\000p\000e\000c\000t\000r\000u\000m\000\040\000F\000o\000r\000m\000u\000l\000a\000s}{}% 94
\BOOKMARK [2][-]{subsection.E.1}{\376\377\000N\000e\000u\000m\000a\000n\000n\000/\000N\000e\000u\000m\000a\000n\000n}{appendix.E}% 95
\BOOKMARK [2][-]{subsection.E.2}{\376\377\000D\000i\000r\000i\000c\000h\000l\000e\000t\000/\000D\000i\000r\000i\000c\000h\000l\000e\000t}{appendix.E}% 96
\BOOKMARK [2][-]{subsection.E.3}{\376\377\000R\000o\000b\000i\000n\000/\000R\000o\000b\000i\000n}{appendix.E}% 97
\BOOKMARK [1][-]{appendix.F}{\376\377\000E\000p\000i\000s\000t\000e\000m\000i\000c\000\040\000L\000e\000d\000g\000e\000r}{}% 98
\BOOKMARK [1][-]{appendix.G}{\376\377\000E\000x\000t\000e\000n\000d\000e\000d\000\040\000T\000r\000a\000c\000k\000\040\000A\000n\000a\000l\000y\000s\000i\000s}{}% 99
\BOOKMARK [2][-]{subsection.G.1}{\376\377\000T\000r\000a\000c\000k\000\040\000A\000:\000\040\000A\000l\000t\000e\000r\000n\000a\000t\000i\000v\000e\000\040\000D\000e\000r\000i\000v\000a\000t\000i\000o\000n}{appendix.G}% 100
\BOOKMARK [2][-]{subsection.G.2}{\376\377\000T\000r\000a\000c\000k\000\040\000A\000:\000\040\000C\000o\000u\000p\000l\000i\000n\000g\000\040\000a\000s\000\040\000S\000t\000i\000f\000f\000n\000e\000s\000s\000\040\000R\000a\000t\000i\000o}{appendix.G}% 101
\BOOKMARK [2][-]{subsection.G.3}{\376\377\000T\000r\000a\000c\000k\000\040\000B\000:\000\040\000D\000i\000s\000c\000r\000e\000t\000e\000\040\000v\000s\000\040\000C\000o\000n\000t\000i\000n\000u\000o\000u\000s}{appendix.G}% 102
\BOOKMARK [2][-]{subsection.G.4}{\376\377\000T\000r\000a\000c\000k\000\040\000B\000:\000\040\000L\000e\000v\000e\000l\000\040\000f\000r\000o\000m\000\040\000A\000n\000o\000m\000a\000l\000y\000\040\000M\000a\000t\000c\000h\000i\000n\000g}{appendix.G}% 103
\BOOKMARK [2][-]{subsection.G.5}{\376\377\000T\000r\000a\000c\000k\000\040\000C\000:\000\040\000T\000w\000o\000-\000L\000o\000o\000p\000\040\000E\000x\000t\000e\000n\000s\000i\000o\000n}{appendix.G}% 104
\BOOKMARK [1][-]{appendix.H}{\376\377\000W\000a\000r\000p\000e\000d\000\040\000S\000p\000a\000c\000e\000\040\000G\000e\000n\000e\000r\000a\000l\000i\000z\000a\000t\000i\000o\000n}{}% 105
\BOOKMARK [2][-]{subsection.H.1}{\376\377\000R\000S\000-\000l\000i\000k\000e\000\040\000M\000e\000t\000r\000i\000c}{appendix.H}% 106
\BOOKMARK [2][-]{subsection.H.2}{\376\377\000G\000a\000u\000g\000e\000\040\000A\000c\000t\000i\000o\000n\000\040\000i\000n\000\040\000W\000a\000r\000p\000e\000d\000\040\000S\000p\000a\000c\000e}{appendix.H}% 107
\BOOKMARK [2][-]{subsection.H.3}{\376\377\000Z\000e\000r\000o\000-\000M\000o\000d\000e\000\040\000P\000r\000o\000f\000i\000l\000e}{appendix.H}% 108
\BOOKMARK [2][-]{subsection.H.4}{\376\377\0004\000D\000\040\000C\000o\000u\000p\000l\000i\000n\000g\000\040\000i\000n\000\040\000R\000S\0001}{appendix.H}% 109
\BOOKMARK [2][-]{subsection.H.5}{\376\377\000I\000m\000p\000l\000i\000c\000a\000t\000i\000o\000n\000s\000\040\000f\000o\000r\000\040\000T\000r\000a\000c\000k\000s}{appendix.H}% 110
\BOOKMARK [1][-]{appendix.I}{\376\377\000C\000o\000n\000n\000e\000c\000t\000i\000o\000n\000\040\000t\000o\000\040\000G\000a\000u\000g\000e\000\040\000U\000n\000i\000f\000i\000c\000a\000t\000i\000o\000n}{}% 111
\BOOKMARK [2][-]{subsection.I.1}{\376\377\000G\000U\000T\000-\000S\000c\000a\000l\000e\000\040\000C\000o\000u\000p\000l\000i\000n\000g}{appendix.I}% 112
\BOOKMARK [2][-]{subsection.I.2}{\376\377\000T\000r\000a\000c\000k\000\040\000I\000m\000p\000l\000i\000c\000a\000t\000i\000o\000n\000s}{appendix.I}% 113
\BOOKMARK [2][-]{subsection.I.3}{\376\377\000R\000u\000n\000n\000i\000n\000g\000\040\000B\000e\000l\000o\000w\000\040\000C\000o\000m\000p\000a\000c\000t\000i\000f\000i\000c\000a\000t\000i\000o\000n}{appendix.I}% 114
\BOOKMARK [1][-]{appendix.J}{\376\377\000N\000u\000m\000e\000r\000i\000c\000a\000l\000\040\000E\000s\000t\000i\000m\000a\000t\000e\000s}{}% 115
\BOOKMARK [2][-]{subsection.J.1}{\376\377\000T\000r\000a\000c\000k\000\040\000B\000\040\000E\000x\000a\000m\000p\000l\000e}{appendix.J}% 116
\BOOKMARK [2][-]{subsection.J.2}{\376\377\000G\000F\000\040\000O\000r\000d\000e\000r\000\040\000o\000f\000\040\000M\000a\000g\000n\000i\000t\000u\000d\000e\000\040\000\050\000T\000r\000a\000c\000k\000\040\000B\000\051}{appendix.J}% 117
\BOOKMARK [2][-]{subsection.J.3}{\376\377\000S\000c\000a\000l\000i\000n\000g\000\040\000T\000e\000s\000t}{appendix.J}% 118
\BOOKMARK [1][-]{appendix.K}{\376\377\000A\000l\000t\000e\000r\000n\000a\000t\000i\000v\000e\000\040\000F\000o\000r\000m\000u\000l\000a\000t\000i\000o\000n\000s}{}% 119
\BOOKMARK [2][-]{subsection.K.1}{\376\377\0006\000D\000\040\000C\000o\000m\000p\000a\000c\000t\000i\000f\000i\000c\000a\000t\000i\000o\000n}{appendix.K}% 120
\BOOKMARK [2][-]{subsection.K.2}{\376\377\000O\000r\000b\000i\000f\000o\000l\000d\000\040\000v\000s\000\040\000I\000n\000t\000e\000r\000v\000a\000l}{appendix.K}% 121
\BOOKMARK [2][-]{subsection.K.3}{\376\377\000N\000o\000n\000-\000A\000b\000e\000l\000i\000a\000n\000\040\000v\000s\000\040\000A\000b\000e\000l\000i\000a\000n}{appendix.K}% 122
