\BOOKMARK [1][-]{section.1}{\376\377\000C\000o\000n\000v\000e\000n\000t\000i\000o\000n\000s\000\040\000a\000n\000d\000\040\000U\000n\000i\000t\000s}{}% 1
\BOOKMARK [2][-]{subsection.1.1}{\376\377\000U\000n\000i\000t\000\040\000S\000y\000s\000t\000e\000m\000\040\000D\000e\000c\000l\000a\000r\000a\000t\000i\000o\000n}{section.1}% 2
\BOOKMARK [2][-]{subsection.1.2}{\376\377\000P\000l\000a\000n\000c\000k\000\040\000M\000a\000s\000s\000\040\000C\000o\000n\000v\000e\000n\000t\000i\000o\000n\000s}{section.1}% 3
\BOOKMARK [2][-]{subsection.1.3}{\376\377\0005\000D\000\040\000P\000l\000a\000n\000c\000k\000\040\000M\000a\000s\000s\000\040\000C\000o\000n\000v\000e\000n\000t\000i\000o\000n\000\040\000M\000a\000p}{section.1}% 4
\BOOKMARK [2][-]{subsection.1.4}{\376\377\000L\000e\000n\000g\000t\000h\000\040\000C\000o\000n\000v\000e\000n\000t\000i\000o\000n\000s\000:\000\040\000L\000\040\000v\000s\000\040\000R\000\040\000v\000s\000\040\000R}{section.1}% 5
\BOOKMARK [2][-]{subsection.1.5}{\376\377\000S\000p\000e\000c\000t\000r\000a\000l\000\040\000E\000q\000u\000a\000t\000i\000o\000n\000\040\000C\000o\000n\000v\000e\000n\000t\000i\000o\000n\000s}{section.1}% 6
\BOOKMARK [2][-]{subsection.1.6}{\376\377\000B\000r\000a\000n\000e\000\040\000T\000e\000n\000s\000i\000o\000n\000\040\000D\000i\000m\000e\000n\000s\000i\000o\000n\000s}{section.1}% 7
\BOOKMARK [1][-]{section.2}{\376\377\000D\000e\000f\000i\000n\000i\000t\000i\000o\000n\000\040\000o\000f\000\040}{}% 8
\BOOKMARK [2][-]{subsection.2.1}{\376\377\000P\000r\000i\000m\000a\000r\000y\000\040\000D\000e\000f\000i\000n\000i\000t\000i\000o\000n}{section.2}% 9
\BOOKMARK [2][-]{subsection.2.2}{\376\377\000D\000i\000m\000e\000n\000s\000i\000o\000n\000a\000l\000\040\000V\000e\000r\000i\000f\000i\000c\000a\000t\000i\000o\000n\000\040\000\050\000N\000a\000t\000u\000r\000a\000l\000\040\000U\000n\000i\000t\000s\000\051}{section.2}% 10
\BOOKMARK [2][-]{subsection.2.3}{\376\377\000C\000o\000n\000n\000e\000c\000t\000i\000o\000n\000\040\000t\000o\000\040\000v\0002\0007\000:\000\040\000b\000\040\000=\000\040}{section.2}% 11
\BOOKMARK [2][-]{subsection.2.4}{\376\377\000P\000h\000y\000s\000i\000c\000a\000l\000\040\000I\000n\000t\000e\000r\000p\000r\000e\000t\000a\000t\000i\000o\000n\000\040\000o\000f\000\040}{section.2}% 12
\BOOKMARK [1][-]{section.3}{\376\377\000R\000o\000u\000t\000e\000\040\000A\000:\000\040\000D\000i\000r\000e\000c\000t\000\040\000D\000e\000r\000i\000v\000a\000t\000i\000o\000n\000\040\000o\000f\000\040}{}% 13
\BOOKMARK [2][-]{subsection.3.1}{\376\377\000S\000t\000a\000r\000t\000i\000n\000g\000\040\000P\000o\000i\000n\000t}{section.3}% 14
\BOOKMARK [2][-]{subsection.3.2}{\376\377\000M\000e\000t\000r\000o\000l\000o\000g\000i\000c\000a\000l\000\040\000A\000n\000c\000h\000o\000r\000:\000\040\000L\0003\000\040\000=\000\040\000c}{section.3}% 15
\BOOKMARK [2][-]{subsection.3.3}{\376\377\000S\000o\000l\000v\000i\000n\000g\000\040\000f\000o\000r\000\040}{section.3}% 16
\BOOKMARK [2][-]{subsection.3.4}{\376\377\000S\000u\000b\000s\000t\000i\000t\000u\000t\000i\000n\000g\000\040\000i\000n\000t\000o\000\040}{section.3}% 17
\BOOKMARK [2][-]{subsection.3.5}{\376\377\000D\000i\000m\000e\000n\000s\000i\000o\000n\000a\000l\000\040\000C\000h\000e\000c\000k\000\040\000\050\000S\000I\000\040\000U\000n\000i\000t\000s\000\051}{section.3}% 18
\BOOKMARK [2][-]{subsection.3.6}{\376\377\000N\000u\000m\000e\000r\000i\000c\000\040\000E\000v\000a\000l\000u\000a\000t\000i\000o\000n\000\040\000w\000i\000t\000h\000\040\000L\000\040\000O\000p\000e\000n}{section.3}% 19
\BOOKMARK [2][-]{subsection.3.7}{\376\377\000A\000p\000p\000l\000i\000c\000a\000t\000i\000o\000n\000\040\000o\000f\000\040\000L\000\040\000I\000d\000e\000n\000t\000i\000f\000i\000c\000a\000t\000i\000o\000n\000\040\000\050\000T\000a\000g\000g\000e\000d\000\051}{section.3}% 20
\BOOKMARK [2][-]{subsection.3.8}{\376\377\000\040\000w\000i\000t\000h\000\040\000I\000d\000e\000n\000t\000i\000f\000i\000c\000a\000t\000i\000o\000n\000\040\000A\000p\000p\000l\000i\000e\000d}{section.3}% 21
\BOOKMARK [1][-]{section.4}{\376\377\000R\000o\000u\000t\000e\000\040\000B\000:\000\040\000D\000e\000r\000i\000v\000a\000t\000i\000o\000n\000\040\000v\000i\000a\000\040\000S\000p\000e\000c\000t\000r\000a\000l\000\040\000E\000q\000u\000a\000t\000i\000o\000n}{}% 22
\BOOKMARK [2][-]{subsection.4.1}{\376\377\000S\000t\000a\000r\000t\000i\000n\000g\000\040\000P\000o\000i\000n\000t}{section.4}% 23
\BOOKMARK [2][-]{subsection.4.2}{\376\377\000S\000p\000e\000c\000t\000r\000a\000l\000\040\000E\000q\000u\000a\000t\000i\000o\000n\000\040\000R\000e\000c\000a\000p}{section.4}% 24
\BOOKMARK [2][-]{subsection.4.3}{\376\377\000I\000n\000f\000e\000r\000e\000n\000c\000e\000\040\000D\000i\000r\000e\000c\000t\000i\000o\000n}{section.4}% 25
\BOOKMARK [2][-]{subsection.4.4}{\376\377\000C\000o\000m\000p\000u\000t\000i\000n\000g\000\040\000b\000\040\000f\000r\000o\000m\000\040\000x\0001}{section.4}% 26
\BOOKMARK [2][-]{subsection.4.5}{\376\377\000I\000n\000f\000e\000r\000r\000i\000n\000g\000\040\000\040\000f\000r\000o\000m\000\040\000b\000\040\000a\000n\000d\000\040}{section.4}% 27
\BOOKMARK [2][-]{subsection.4.6}{\376\377\000C\000o\000n\000s\000i\000s\000t\000e\000n\000c\000y\000\040\000C\000h\000e\000c\000k}{section.4}% 28
\BOOKMARK [1][-]{section.5}{\376\377\000C\000o\000n\000t\000r\000o\000l\000\040\000L\000a\000w\000:\000\040\000F\000r\000o\000m\000\040\000I\000n\000t\000e\000g\000e\000r\000\040\000k\000\040\000t\000o\000\040\000M\000a\000s\000s\000\040\000G\000a\000p}{}% 29
\BOOKMARK [2][-]{subsection.5.1}{\376\377\000L\000i\000m\000i\000t\000i\000n\000g\000\040\000B\000e\000h\000a\000v\000i\000o\000r\000s}{section.5}% 30
\BOOKMARK [2][-]{subsection.5.2}{\376\377\000A\000s\000y\000m\000p\000t\000o\000t\000i\000c\000\040\000E\000x\000p\000a\000n\000s\000i\000o\000n\000s}{section.5}% 31
\BOOKMARK [2][-]{subsection.5.3}{\376\377\000G\000a\000p\000\040\000B\000o\000u\000n\000d\000s}{section.5}% 32
\BOOKMARK [1][-]{section.6}{\376\377\000R\000o\000b\000i\000n\000\040\000B\000o\000u\000n\000d\000a\000r\000y\000\040\000C\000o\000n\000d\000i\000t\000i\000o\000n\000\040\000O\000r\000i\000g\000i\000n\000\040\000\050\000S\000e\000l\000f\000-\000C\000o\000n\000t\000a\000i\000n\000e\000d\000\051}{}% 33
\BOOKMARK [2][-]{subsection.6.1}{\376\377\000W\000h\000y\000\040\000R\000o\000b\000i\000n\000\040\000B\000C\000?}{section.6}% 34
\BOOKMARK [2][-]{subsection.6.2}{\376\377\000B\000r\000a\000n\000e\000-\000L\000o\000c\000a\000l\000i\000z\000e\000d\000\040\000M\000a\000s\000s\000\040\000T\000e\000r\000m}{section.6}% 35
\BOOKMARK [2][-]{subsection.6.3}{\376\377\000V\000a\000r\000i\000a\000t\000i\000o\000n}{section.6}% 36
\BOOKMARK [2][-]{subsection.6.4}{\376\377\000B\000o\000u\000n\000d\000a\000r\000y\000\040\000C\000o\000n\000d\000i\000t\000i\000o\000n\000\040\000a\000t\000\040\000=\000\040\000L}{section.6}% 37
\BOOKMARK [2][-]{subsection.6.5}{\376\377\000S\000e\000l\000f\000-\000A\000d\000j\000o\000i\000n\000t\000n\000e\000s\000s\000\040\000\050\000f\000r\000o\000m\000\040\000v\0002\0008\000\051}{section.6}% 38
\BOOKMARK [1][-]{section.7}{\376\377\000E\000p\000i\000s\000t\000e\000m\000i\000c\000\040\000L\000e\000d\000g\000e\000r}{}% 39
\BOOKMARK [2][-]{subsection.7.1}{\376\377\000T\000a\000g\000\040\000L\000e\000g\000e\000n\000d}{section.7}% 40
\BOOKMARK [1][-]{section.8}{\376\377\000R\000e\000v\000i\000e\000w\000e\000r\000\040\000T\000r\000a\000p\000\040\000C\000h\000e\000c\000k\000l\000i\000s\000t}{}% 41
\BOOKMARK [2][-]{subsection.8.1}{\376\377\000T\000R\000A\000P\000-\0001\000:\000\040\000D\000i\000m\000e\000n\000s\000i\000o\000n\000s\000\040\000o\000f\000\040}{section.8}% 42
\BOOKMARK [2][-]{subsection.8.2}{\376\377\000T\000R\000A\000P\000-\0002\000:\000\040\000\040\000E\000x\000a\000c\000t\000\040\000v\000s\000\040\000M\000e\000a\000s\000u\000r\000e\000d}{section.8}% 43
\BOOKMARK [2][-]{subsection.8.3}{\376\377\000T\000R\000A\000P\000-\0003\000:\000\040\000L\000\040\000v\000s\000\040\000R\000\040\000v\000s\000\040\000R}{section.8}% 44
\BOOKMARK [2][-]{subsection.8.4}{\376\377\000T\000R\000A\000P\000-\0004\000:\000\040\000P\000l\000a\000n\000c\000k\000\040\000C\000o\000n\000v\000e\000n\000t\000i\000o\000n\000\040\000M\000i\000x\000u\000p\000s}{section.8}% 45
\BOOKMARK [2][-]{subsection.8.5}{\376\377\000T\000R\000A\000P\000-\0005\000:\000\040\000P\000l\000\040\000a\000s\000\040\000[\000B\000L\000]}{section.8}% 46
\BOOKMARK [2][-]{subsection.8.6}{\376\377\000T\000R\000A\000P\000-\0006\000:\000\040\000D\000o\000u\000b\000l\000e\000\040\000C\000o\000u\000n\000t\000i\000n\000g\000\040\000L\000\040\000f\000r\000o\000m\000\040\000M\000Z}{section.8}% 47
\BOOKMARK [2][-]{subsection.8.7}{\376\377\000T\000R\000A\000P\000-\0007\000:\000\040\000C\000i\000r\000c\000u\000l\000a\000r\000i\000t\000y\000\040\000w\000i\000t\000h\000\040\000m\000b\000\040\000R\000e\000l\000a\000t\000i\000o\000n}{section.8}% 48
\BOOKMARK [2][-]{subsection.8.8}{\376\377\000T\000R\000A\000P\000-\0008\000:\000\040\000R\000o\000b\000i\000n\000\040\000B\000C\000\040\000O\000r\000i\000g\000i\000n}{section.8}% 49
\BOOKMARK [2][-]{subsection.8.9}{\376\377\000T\000R\000A\000P\000-\0009\000:\000\040\000T\000o\000p\000o\000l\000o\000g\000i\000c\000a\000l\000\040\000Q\000u\000a\000n\000t\000i\000z\000a\000t\000i\000o\000n\000\040\000C\000r\000e\000d\000i\000b\000i\000l\000i\000t\000y}{section.8}% 50
\BOOKMARK [2][-]{subsection.8.10}{\376\377\000T\000R\000A\000P\000-\0001\0000\000:\000\040\000N\000u\000m\000e\000r\000i\000c\000a\000l\000\040\000S\000t\000a\000b\000i\000l\000i\000t\000y}{section.8}% 51
\BOOKMARK [1][-]{section.9}{\376\377\000U\000n\000c\000e\000r\000t\000a\000i\000n\000t\000y\000\040\000/\000\040\000E\000r\000r\000o\000r\000\040\000B\000u\000d\000g\000e\000t}{}% 52
\BOOKMARK [2][-]{subsection.9.1}{\376\377\000S\000o\000u\000r\000c\000e\000s\000\040\000o\000f\000\040\000U\000n\000c\000e\000r\000t\000a\000i\000n\000t\000y}{section.9}% 53
\BOOKMARK [2][-]{subsection.9.2}{\376\377\000P\000r\000o\000p\000a\000g\000a\000t\000i\000o\000n\000\040\000t\000o\000\040}{section.9}% 54
\BOOKMARK [2][-]{subsection.9.3}{\376\377\000D\000o\000m\000i\000n\000a\000n\000t\000\040\000C\000o\000n\000t\000r\000i\000b\000u\000t\000o\000r}{section.9}% 55
\BOOKMARK [2][-]{subsection.9.4}{\376\377\000F\000i\000n\000a\000l\000\040\000R\000e\000s\000u\000l\000t}{section.9}% 56
\BOOKMARK [1][-]{section.10}{\376\377\000D\000e\000p\000e\000n\000d\000e\000n\000c\000y\000\040\000\046\000\040\000C\000i\000r\000c\000u\000l\000a\000r\000i\000t\000y\000\040\000A\000u\000d\000i\000t}{}% 57
\BOOKMARK [2][-]{subsection.10.1}{\376\377\000D\000e\000p\000e\000n\000d\000e\000n\000c\000y\000\040\000G\000r\000a\000p\000h}{section.10}% 58
\BOOKMARK [2][-]{subsection.10.2}{\376\377\000N\000o\000\040\000D\000o\000u\000b\000l\000e\000\040\000C\000o\000u\000n\000t\000i\000n\000g\000\040\000P\000r\000o\000o\000f}{section.10}% 59
\BOOKMARK [2][-]{subsection.10.3}{\376\377\000T\000r\000a\000p\000\040\000M\000a\000p\000p\000i\000n\000g}{section.10}% 60
\BOOKMARK [1][-]{section.11}{\376\377\000N\000u\000m\000e\000r\000i\000c\000a\000l\000\040\000A\000n\000a\000l\000y\000s\000i\000s}{}% 61
\BOOKMARK [2][-]{subsection.11.1}{\376\377\000R\000o\000o\000t\000-\000F\000i\000n\000d\000i\000n\000g\000\040\000D\000e\000t\000a\000i\000l\000s}{section.11}% 62
\BOOKMARK [2][-]{subsection.11.2}{\376\377\000R\000e\000s\000i\000d\000u\000a\000l\000\040\000V\000e\000r\000i\000f\000i\000c\000a\000t\000i\000o\000n}{section.11}% 63
\BOOKMARK [2][-]{subsection.11.3}{\376\377\000M\000o\000n\000o\000t\000o\000n\000i\000c\000i\000t\000y\000\040\000V\000e\000r\000i\000f\000i\000c\000a\000t\000i\000o\000n}{section.11}% 64
\BOOKMARK [2][-]{subsection.11.4}{\376\377\000C\000o\000n\000t\000r\000o\000l\000\040\000L\000a\000w\000\040\000T\000a\000b\000l\000e}{section.11}% 65
\BOOKMARK [1][-]{section.12}{\376\377\000C\000o\000n\000c\000l\000u\000s\000i\000o\000n\000s}{}% 66
\BOOKMARK [2][-]{subsection.12.1}{\376\377\000M\000a\000i\000n\000\040\000R\000e\000s\000u\000l\000t\000s}{section.12}% 67
\BOOKMARK [2][-]{subsection.12.2}{\376\377\000P\000h\000y\000s\000i\000c\000a\000l\000\040\000I\000m\000p\000l\000i\000c\000a\000t\000i\000o\000n}{section.12}% 68
\BOOKMARK [2][-]{subsection.12.3}{\376\377\000G\000a\000p\000\040\000S\000t\000a\000t\000u\000s}{section.12}% 69
\BOOKMARK [1][-]{appendix.A}{\376\377\000U\000n\000i\000t\000s\000\040\000\046\000\040\000D\000i\000m\000e\000n\000s\000i\000o\000n\000a\000l\000\040\000A\000n\000a\000l\000y\000s\000i\000s}{}% 70
\BOOKMARK [2][-]{subsection.A.1}{\376\377\000S\000I\000\040\000D\000i\000m\000e\000n\000s\000i\000o\000n\000s\000\040\000T\000a\000b\000l\000e}{appendix.A}% 71
\BOOKMARK [2][-]{subsection.A.2}{\376\377\000S\000I\000\040\000t\000o\000\040\000N\000a\000t\000u\000r\000a\000l\000\040\000U\000n\000i\000t\000s\000\040\000C\000o\000n\000v\000e\000r\000s\000i\000o\000n}{appendix.A}% 72
\BOOKMARK [2][-]{subsection.A.3}{\376\377\000C\000o\000n\000s\000i\000s\000t\000e\000n\000c\000y\000\040\000C\000h\000e\000c\000k\000s}{appendix.A}% 73
\BOOKMARK [1][-]{appendix.B}{\376\377\000N\000u\000m\000e\000r\000i\000c\000a\000l\000\040\000I\000m\000p\000l\000e\000m\000e\000n\000t\000a\000t\000i\000o\000n\000\040\000D\000e\000t\000a\000i\000l\000s}{}% 74
\BOOKMARK [2][-]{subsection.B.1}{\376\377\000P\000y\000t\000h\000o\000n\000\040\000R\000e\000f\000e\000r\000e\000n\000c\000e}{appendix.B}% 75
\BOOKMARK [2][-]{subsection.B.2}{\376\377\000O\000u\000t\000p\000u\000t\000\040\000F\000o\000r\000m\000a\000t}{appendix.B}% 76
