\BOOKMARK [1][-]{section.1}{\376\377\000C\000o\000n\000v\000e\000n\000t\000i\000o\000n\000s\000\040\000\050\000F\000i\000x\000e\000d\000\040\000f\000o\000r\000\040\000T\000h\000i\000s\000\040\000N\000o\000t\000e\000\051}{}% 1
\BOOKMARK [2][-]{subsection.1.1}{\376\377\0005\000D\000\040\000A\000c\000t\000i\000o\000n\000\040\000N\000o\000r\000m\000a\000l\000i\000z\000a\000t\000i\000o\000n}{section.1}% 2
\BOOKMARK [2][-]{subsection.1.2}{\376\377\0004\000D\000\040\000N\000e\000w\000t\000o\000n\000\040\000C\000o\000n\000s\000t\000a\000n\000t\000\040\000a\000n\000d\000\040\000P\000l\000a\000n\000c\000k\000\040\000M\000a\000s\000s}{section.1}% 3
\BOOKMARK [2][-]{subsection.1.3}{\376\377\000E\000x\000t\000r\000a\000\040\000D\000i\000m\000e\000n\000s\000i\000o\000n\000\040\000C\000o\000o\000r\000d\000i\000n\000a\000t\000e\000\040\000C\000o\000n\000v\000e\000n\000t\000i\000o\000n\000s}{section.1}% 4
\BOOKMARK [1][-]{section.2}{\376\377\000L\000i\000n\000e\000a\000r\000i\000z\000e\000d\000\040\000E\000q\000u\000a\000t\000i\000o\000n\000s\000\040\000a\000n\000d\000\040\000M\000o\000d\000e\000\040\000D\000e\000c\000o\000m\000p\000o\000s\000i\000t\000i\000o\000n}{}% 5
\BOOKMARK [2][-]{subsection.2.1}{\376\377\000W\000a\000r\000p\000e\000d\000\040\000M\000e\000t\000r\000i\000c\000\040\000A\000n\000s\000a\000t\000z}{section.2}% 6
\BOOKMARK [2][-]{subsection.2.2}{\376\377\000M\000e\000t\000r\000i\000c\000\040\000P\000e\000r\000t\000u\000r\000b\000a\000t\000i\000o\000n}{section.2}% 7
\BOOKMARK [2][-]{subsection.2.3}{\376\377\000K\000K\000\040\000D\000e\000c\000o\000m\000p\000o\000s\000i\000t\000i\000o\000n}{section.2}% 8
\BOOKMARK [2][-]{subsection.2.4}{\376\377\000D\000e\000r\000i\000v\000a\000t\000i\000o\000n\000\040\000o\000f\000\040\000M\000o\000d\000e\000\040\000E\000q\000u\000a\000t\000i\000o\000n}{section.2}% 9
\BOOKMARK [2][-]{subsection.2.5}{\376\377\000Z\000e\000r\000o\000-\000M\000o\000d\000e\000\040\000S\000o\000l\000u\000t\000i\000o\000n}{section.2}% 10
\BOOKMARK [1][-]{section.3}{\376\377\000K\000i\000n\000e\000t\000i\000c\000\040\000T\000e\000r\000m\000\040\000R\000e\000d\000u\000c\000t\000i\000o\000n\000:\000\040\000F\000a\000c\000t\000o\000r\000-\000b\000y\000-\000F\000a\000c\000t\000o\000r}{}% 11
\BOOKMARK [2][-]{subsection.3.1}{\376\377\0005\000D\000\040\000K\000i\000n\000e\000t\000i\000c\000\040\000T\000e\000r\000m}{section.3}% 12
\BOOKMARK [2][-]{subsection.3.2}{\376\377\000C\000o\000l\000l\000e\000c\000t\000i\000n\000g\000\040\000F\000a\000c\000t\000o\000r\000s}{section.3}% 13
\BOOKMARK [2][-]{subsection.3.3}{\376\377\000S\000u\000b\000s\000t\000i\000t\000u\000t\000i\000n\000g\000\040\000K\000K\000\040\000Z\000e\000r\000o\000-\000M\000o\000d\000e}{section.3}% 14
\BOOKMARK [2][-]{subsection.3.4}{\376\377\000M\000a\000t\000c\000h\000i\000n\000g\000\040\000t\000o\000\040\0004\000D\000\040\000A\000c\000t\000i\000o\000n}{section.3}% 15
\BOOKMARK [2][-]{subsection.3.5}{\376\377\000N\000e\000w\000t\000o\000n\000'\000s\000\040\000C\000o\000n\000s\000t\000a\000n\000t}{section.3}% 16
\BOOKMARK [1][-]{section.4}{\376\377\000C\000o\000m\000p\000u\000t\000i\000n\000g\000\040\000I\000\040\000f\000o\000r\000\040\000D\000i\000f\000f\000e\000r\000e\000n\000t\000\040\000C\000o\000n\000v\000e\000n\000t\000i\000o\000n\000s}{}% 17
\BOOKMARK [2][-]{subsection.4.1}{\376\377\000F\000l\000a\000t\000\040\000C\000a\000s\000e\000:\000\040\000A\000\050\000\051\000\040\000=\000\040\0000}{section.4}% 18
\BOOKMARK [2][-]{subsection.4.2}{\376\377\000C\000a\000s\000e\000\040\0001\000:\000\040\000I\000n\000t\000e\000r\000v\000a\000l\000\040\000[\0000\000,\000L\000]}{section.4}% 19
\BOOKMARK [2][-]{subsection.4.3}{\376\377\000C\000a\000s\000e\000\040\0002\000:\000\040\000C\000i\000r\000c\000l\000e\000\040\000S\0001\000\040\000w\000i\000t\000h\000\040\000[\0000\000,\000\040\0002\000R\000]}{section.4}% 20
\BOOKMARK [2][-]{subsection.4.4}{\376\377\000C\000a\000s\000e\000\040\0003\000:\000\040\000O\000r\000b\000i\000f\000o\000l\000d\000\040\000S\0001\000/\000Z\0002}{section.4}% 21
\BOOKMARK [2][-]{subsection.4.5}{\376\377\000S\000u\000m\000m\000a\000r\000y\000:\000\040\000U\000n\000i\000v\000e\000r\000s\000a\000l\000\040\000R\000e\000s\000u\000l\000t}{section.4}% 22
\BOOKMARK [1][-]{section.5}{\376\377\000C\000a\000n\000o\000n\000i\000c\000a\000l\000\040\000C\000o\000n\000v\000e\000n\000t\000i\000o\000n\000\040\000a\000n\000d\000\040\000C\000o\000n\000v\000e\000r\000s\000i\000o\000n\000\040\000T\000a\000b\000l\000e}{}% 23
\BOOKMARK [2][-]{subsection.5.1}{\376\377\000C\000a\000n\000o\000n\000i\000c\000a\000l\000\040\000C\000h\000o\000i\000c\000e}{section.5}% 24
\BOOKMARK [2][-]{subsection.5.2}{\376\377\000C\000o\000n\000v\000e\000r\000s\000i\000o\000n\000\040\000T\000a\000b\000l\000e}{section.5}% 25
\BOOKMARK [2][-]{subsection.5.3}{\376\377\000C\000a\000l\000i\000b\000r\000a\000t\000e\000d\000\040\000C\000l\000o\000s\000u\000r\000e}{section.5}% 26
\BOOKMARK [1][-]{section.6}{\376\377\000F\000a\000c\000t\000o\000r\000\040\000A\000u\000d\000i\000t\000\040\000S\000u\000m\000m\000a\000r\000y}{}% 27
\BOOKMARK [1][-]{section.7}{\376\377\000R\000e\000c\000o\000n\000c\000i\000l\000i\000a\000t\000i\000o\000n\000\040\000w\000i\000t\000h\000\040\000v\0001\0009}{}% 28
\BOOKMARK [2][-]{subsection.7.1}{\376\377\000v\0001\0009\000\040\000C\000o\000n\000v\000e\000n\000t\000i\000o\000n}{section.7}% 29
\BOOKMARK [2][-]{subsection.7.2}{\376\377\000S\000e\000l\000f\000-\000C\000o\000n\000s\000i\000s\000t\000e\000n\000t\000\040\000O\000p\000t\000i\000o\000n\000s}{section.7}% 30
\BOOKMARK [2][-]{subsection.7.3}{\376\377\000W\000h\000i\000c\000h\000\040\000i\000s\000\040\000C\000o\000r\000r\000e\000c\000t\000?}{section.7}% 31
\BOOKMARK [2][-]{subsection.7.4}{\376\377\000R\000e\000c\000o\000m\000m\000e\000n\000d\000a\000t\000i\000o\000n}{section.7}% 32
\BOOKMARK [1][-]{section.8}{\376\377\000C\000o\000n\000c\000l\000u\000s\000i\000o\000n}{}% 33
