\BOOKMARK [1][-]{section.1}{\376\377\000P\000u\000r\000p\000o\000s\000e\000\040\000a\000n\000d\000\040\000F\000i\000r\000e\000w\000a\000l\000l\000\040\000C\000o\000n\000t\000r\000a\000c\000t}{}% 1
\BOOKMARK [2][-]{subsection.1.1}{\376\377\000M\000i\000s\000s\000i\000o\000n}{section.1}% 2
\BOOKMARK [2][-]{subsection.1.2}{\376\377\000N\000o\000\040\000B\000a\000c\000k\000f\000l\000o\000w\000\040\000T\000h\000e\000o\000r\000e\000m}{section.1}% 3
\BOOKMARK [2][-]{subsection.1.3}{\376\377\000F\000o\000r\000b\000i\000d\000d\000e\000n\000\040\000L\000i\000s\000t}{section.1}% 4
\BOOKMARK [2][-]{subsection.1.4}{\376\377\000S\000c\000o\000p\000e\000-\000O\000n\000l\000y\000\040\000R\000u\000l\000e}{section.1}% 5
\BOOKMARK [1][-]{section.2}{\376\377\000I\000n\000p\000u\000t\000s\000\040\000T\000a\000b\000l\000e\000\040\000\050\000Q\000U\000A\000R\000A\000N\000T\000I\000N\000E\000D\000\051}{}% 6
\BOOKMARK [2][-]{subsection.2.1}{\376\377\000T\000a\000b\000l\000e\000\040\000B\000.\0001\000:\000\040\000E\000x\000t\000e\000r\000n\000a\000l\000\040\000I\000n\000p\000u\000t\000s}{section.2}% 7
\BOOKMARK [2][-]{subsection.2.2}{\376\377\000L\000a\000y\000e\000r\000\040\000A\000\040\000I\000n\000p\000u\000t\000s\000\040\000\050\000R\000e\000a\000d\000-\000O\000n\000l\000y\000\051}{section.2}% 8
\BOOKMARK [1][-]{section.3}{\376\377\000A\000d\000a\000p\000t\000e\000r\000\040\000A\000P\000I\000\040\000D\000e\000f\000i\000n\000i\000t\000i\000o\000n\000s}{}% 9
\BOOKMARK [2][-]{subsection.3.1}{\376\377\000B\000-\000A\000P\000I\0001\000:\000\040\000M\000a\000p\000\040\000\050\000,\000\040\000\051\000\040\0003\000\050\000*\000\051}{section.3}% 10
\BOOKMARK [2][-]{subsection.3.2}{\376\377\000B\000-\000A\000P\000I\0002\000:\000\040\000R\000G\000\040\000R\000u\000n\000n\000i\000n\000g\000\040\000*\000\040\000M\000Z}{section.3}% 11
\BOOKMARK [2][-]{subsection.3.3}{\376\377\000B\000-\000A\000P\000I\0003\000:\000\040\000T\000h\000r\000e\000s\000h\000o\000l\000d\000\040\000T\000o\000g\000g\000l\000e}{section.3}% 12
\BOOKMARK [2][-]{subsection.3.4}{\376\377\000B\000-\000A\000P\000I\0004\000:\000\040\000C\000o\000m\000p\000a\000r\000e\000\040\000w\000i\000t\000h\000\040\000s\000\050\000M\000Z\000\051}{section.3}% 13
\BOOKMARK [2][-]{subsection.3.5}{\376\377\000B\000-\000A\000P\000I\000\040\000S\000u\000m\000m\000a\000r\000y}{section.3}% 14
\BOOKMARK [1][-]{section.4}{\376\377\000R\000G\000\040\000R\000u\000n\000n\000i\000n\000g\000\040\000E\000n\000g\000i\000n\000e\000\040\000\050\000Q\000U\000A\000R\000A\000N\000T\000I\000N\000E\000D\000\051}{}% 15
\BOOKMARK [2][-]{subsection.4.1}{\376\377\000O\000n\000e\000-\000L\000o\000o\000p\000\040\000R\000u\000n\000n\000i\000n\000g\000\040\000F\000o\000r\000m\000u\000l\000a}{section.4}% 16
\BOOKMARK [2][-]{subsection.4.2}{\376\377\000F\000l\000a\000v\000o\000r\000\040\000T\000h\000r\000e\000s\000h\000o\000l\000d\000s}{section.4}% 17
\BOOKMARK [2][-]{subsection.4.3}{\376\377\000R\000o\000u\000t\000e\000\040\000T\0001\000:\000\040\000S\000t\000e\000p\000-\000F\000u\000n\000c\000t\000i\000o\000n\000\040\000D\000e\000c\000o\000u\000p\000l\000i\000n\000g}{section.4}% 18
\BOOKMARK [2][-]{subsection.4.4}{\376\377\000R\000o\000u\000t\000e\000\040\000T\0002\000:\000\040\000C\000o\000n\000t\000i\000n\000u\000o\000u\000s\000\040\000M\000a\000t\000c\000h\000i\000n\000g}{section.4}% 19
\BOOKMARK [2][-]{subsection.4.5}{\376\377\000T\000w\000o\000-\000R\000o\000u\000t\000e\000\040\000V\000e\000r\000i\000f\000i\000c\000a\000t\000i\000o\000n}{section.4}% 20
\BOOKMARK [2][-]{subsection.4.6}{\376\377\000L\000o\000g\000\040\000H\000y\000g\000i\000e\000n\000e\000\040\000i\000n\000\040\000R\000G}{section.4}% 21
\BOOKMARK [2][-]{subsection.4.7}{\376\377\000N\000u\000m\000e\000r\000i\000c\000a\000l\000\040\000I\000m\000p\000l\000e\000m\000e\000n\000t\000a\000t\000i\000o\000n}{section.4}% 22
\BOOKMARK [1][-]{section.5}{\376\377\000C\000o\000m\000p\000a\000r\000i\000s\000o\000n\000\040\000O\000u\000t\000p\000u\000t\000\040\000\050\000N\000O\000\040\000F\000I\000T\000\051}{}% 23
\BOOKMARK [2][-]{subsection.5.1}{\376\377\000P\000a\000r\000a\000m\000e\000t\000e\000r\000\040\000S\000w\000e\000e\000p\000\040\000D\000e\000f\000i\000n\000i\000t\000i\000o\000n}{section.5}% 24
\BOOKMARK [2][-]{subsection.5.2}{\376\377\000P\000r\000e\000d\000i\000c\000t\000i\000o\000n\000\040\000B\000a\000n\000d}{section.5}% 25
\BOOKMARK [2][-]{subsection.5.3}{\376\377\000R\000e\000s\000i\000d\000u\000a\000l\000\040\000T\000a\000b\000l\000e}{section.5}% 26
\BOOKMARK [2][-]{subsection.5.4}{\376\377\000P\000D\000G\000\040\000C\000o\000m\000p\000a\000r\000i\000s\000o\000n\000\040\000B\000a\000n\000d}{section.5}% 27
\BOOKMARK [2][-]{subsection.5.5}{\376\377\000I\000m\000p\000l\000i\000c\000a\000t\000i\000o\000n\000s\000\040\000\050\000N\000o\000\040\000R\000e\000t\000r\000o\000f\000i\000t\000\051}{section.5}% 28
\BOOKMARK [1][-]{section.6}{\376\377\000Q\000C\000D\000\040\000E\000x\000t\000r\000a\000c\000t\000i\000o\000n\000\040\000\050\000Q\000U\000A\000R\000A\000N\000T\000I\000N\000E\000D\000\051}{}% 29
\BOOKMARK [2][-]{subsection.6.1}{\376\377\000D\000e\000f\000i\000n\000i\000t\000i\000o\000n}{section.6}% 30
\BOOKMARK [2][-]{subsection.6.2}{\376\377\000E\000x\000t\000r\000a\000c\000t\000i\000o\000n\000\040\000f\000r\000o\000m\000\040\000s\000\050\000M\000Z\000\051}{section.6}% 31
\BOOKMARK [2][-]{subsection.6.3}{\376\377\000L\000a\000m\000b\000d\000a\000\040\000B\000a\000n\000d\000\040\000f\000r\000o\000m\000\040\000\040\000S\000w\000e\000e\000p}{section.6}% 32
\BOOKMARK [1][-]{section.7}{\376\377\000H\000a\000s\000h\000\040\000C\000h\000a\000i\000n\000\040\000a\000n\000d\000\040\000F\000i\000r\000e\000w\000a\000l\000l\000\040\000V\000e\000r\000i\000f\000i\000c\000a\000t\000i\000o\000n}{}% 33
\BOOKMARK [2][-]{subsection.7.1}{\376\377\000I\000n\000h\000e\000r\000i\000t\000e\000d\000\040\000H\000a\000s\000h\000\040\000C\000h\000a\000i\000n}{section.7}% 34
\BOOKMARK [2][-]{subsection.7.2}{\376\377\000v\0005\0007\000\040\000H\000a\000s\000h\000\040\000C\000o\000m\000p\000u\000t\000a\000t\000i\000o\000n}{section.7}% 35
\BOOKMARK [2][-]{subsection.7.3}{\376\377\000F\000i\000r\000e\000w\000a\000l\000l\000\040\000V\000e\000r\000i\000f\000i\000c\000a\000t\000i\000o\000n}{section.7}% 36
\BOOKMARK [1][-]{section.8}{\376\377\000N\000o\000-\000F\000i\000t\000\040\000P\000o\000l\000i\000c\000y\000\040\000S\000t\000a\000t\000e\000m\000e\000n\000t}{}% 37
\BOOKMARK [1][-]{section.9}{\376\377\000R\000e\000v\000i\000e\000w\000e\000r\000\040\000T\000r\000a\000p\000s}{}% 38
\BOOKMARK [1][-]{section.10}{\376\377\000C\000l\000o\000s\000i\000n\000g\000\040\000S\000t\000a\000t\000e\000m\000e\000n\000t}{}% 39
\BOOKMARK [1][-]{section.11}{\376\377\000E\000x\000t\000e\000n\000d\000e\000d\000\040\000R\000G\000\040\000F\000o\000r\000m\000u\000l\000a\000s}{}% 40
\BOOKMARK [2][-]{subsection.11.1}{\376\377\000G\000e\000n\000e\000r\000a\000l\000\040\000M\000u\000l\000t\000i\000-\000L\000o\000o\000p\000\040\000R\000G}{section.11}% 41
\BOOKMARK [2][-]{subsection.11.2}{\376\377\000E\000x\000a\000c\000t\000\040\0001\000-\000L\000o\000o\000p\000\040\000S\000o\000l\000u\000t\000i\000o\000n}{section.11}% 42
\BOOKMARK [2][-]{subsection.11.3}{\376\377\000T\000h\000r\000e\000s\000h\000o\000l\000d\000\040\000M\000a\000t\000c\000h\000i\000n\000g\000\040\000a\000t\000\040\0001\000-\000L\000o\000o\000p}{section.11}% 43
\BOOKMARK [2][-]{subsection.11.4}{\376\377\000R\000u\000n\000n\000i\000n\000g\000\040\000T\000h\000r\000o\000u\000g\000h\000\040\000M\000u\000l\000t\000i\000p\000l\000e\000\040\000T\000h\000r\000e\000s\000h\000o\000l\000d\000s}{section.11}% 44
\BOOKMARK [2][-]{subsection.11.5}{\376\377\000L\000a\000m\000b\000d\000a\000\040\000P\000a\000r\000a\000m\000e\000t\000e\000r\000\040\000R\000e\000l\000a\000t\000i\000o\000n\000s}{section.11}% 45
\BOOKMARK [2][-]{subsection.11.6}{\376\377\000A\000s\000y\000m\000p\000t\000o\000t\000i\000c\000\040\000F\000r\000e\000e\000d\000o\000m}{section.11}% 46
\BOOKMARK [1][-]{section.12}{\376\377\000D\000i\000m\000e\000n\000s\000i\000o\000n\000a\000l\000\040\000A\000n\000a\000l\000y\000s\000i\000s}{}% 47
\BOOKMARK [2][-]{subsection.12.1}{\376\377\000S\000c\000a\000l\000e\000\040\000D\000i\000m\000e\000n\000s\000i\000o\000n\000s}{section.12}% 48
\BOOKMARK [2][-]{subsection.12.2}{\376\377\000C\000o\000u\000p\000l\000i\000n\000g\000\040\000D\000i\000m\000e\000n\000s\000i\000o\000n\000s}{section.12}% 49
\BOOKMARK [2][-]{subsection.12.3}{\376\377\000L\000o\000g\000\040\000A\000r\000g\000u\000m\000e\000n\000t\000\040\000V\000e\000r\000i\000f\000i\000c\000a\000t\000i\000o\000n}{section.12}% 50
\BOOKMARK [1][-]{appendix.A}{\376\377\000R\000G\000\040\000D\000e\000r\000i\000v\000a\000t\000i\000o\000n\000\040\000D\000e\000t\000a\000i\000l\000s}{}% 51
\BOOKMARK [2][-]{subsection.A.1}{\376\377\000B\000e\000t\000a\000\040\000F\000u\000n\000c\000t\000i\000o\000n\000\040\000f\000r\000o\000m\000\040\000F\000e\000y\000n\000m\000a\000n\000\040\000D\000i\000a\000g\000r\000a\000m\000s}{appendix.A}% 52
\BOOKMARK [2][-]{subsection.A.2}{\376\377\000R\000e\000n\000o\000r\000m\000a\000l\000i\000z\000a\000t\000i\000o\000n\000\040\000G\000r\000o\000u\000p\000\040\000E\000q\000u\000a\000t\000i\000o\000n}{appendix.A}% 53
\BOOKMARK [2][-]{subsection.A.3}{\376\377\000L\000a\000m\000b\000d\000a\000\040\000D\000e\000f\000i\000n\000i\000t\000i\000o\000n\000\040\000f\000r\000o\000m\000\040\000R\000G\000E}{appendix.A}% 54
\BOOKMARK [1][-]{appendix.B}{\376\377\000N\000u\000m\000e\000r\000i\000c\000a\000l\000\040\000I\000m\000p\000l\000e\000m\000e\000n\000t\000a\000t\000i\000o\000n\000\040\000N\000o\000t\000e\000s}{}% 55
\BOOKMARK [2][-]{subsection.B.1}{\376\377\000R\000u\000n\000n\000i\000n\000g\000\040\000A\000l\000g\000o\000r\000i\000t\000h\000m}{appendix.B}% 56
\BOOKMARK [2][-]{subsection.B.2}{\376\377\000P\000r\000e\000c\000i\000s\000i\000o\000n\000\040\000C\000o\000n\000s\000i\000d\000e\000r\000a\000t\000i\000o\000n\000s}{appendix.B}% 57
\BOOKMARK [2][-]{subsection.B.3}{\376\377\000T\000h\000r\000e\000s\000h\000o\000l\000d\000\040\000S\000c\000h\000e\000m\000e\000\040\000D\000e\000p\000e\000n\000d\000e\000n\000c\000e}{appendix.B}% 58
\BOOKMARK [1][-]{appendix.C}{\376\377\000E\000x\000t\000e\000n\000d\000e\000d\000\040\000S\000w\000e\000e\000p\000\040\000A\000n\000a\000l\000y\000s\000i\000s}{}% 59
\BOOKMARK [2][-]{subsection.C.1}{\376\377\000S\000w\000e\000e\000p\000\040\000G\000r\000i\000d\000\040\000D\000e\000f\000i\000n\000i\000t\000i\000o\000n}{appendix.C}% 60
\BOOKMARK [2][-]{subsection.C.2}{\376\377\000E\000p\000s\000i\000l\000o\000n\000\040\000B\000a\000n\000d\000\040\000a\000t\000\040\000E\000a\000c\000h\000\040\000P\000o\000i\000n\000t}{appendix.C}% 61
\BOOKMARK [2][-]{subsection.C.3}{\376\377\000R\000u\000n\000n\000i\000n\000g\000\040\000a\000t\000\040\000U\000p\000p\000e\000r\000\040\000B\000o\000u\000n\000d}{appendix.C}% 62
\BOOKMARK [2][-]{subsection.C.4}{\376\377\000R\000u\000n\000n\000i\000n\000g\000\040\000a\000t\000\040\000L\000o\000w\000e\000r\000\040\000B\000o\000u\000n\000d}{appendix.C}% 63
\BOOKMARK [2][-]{subsection.C.5}{\376\377\000B\000a\000n\000d\000\040\000W\000i\000d\000t\000h}{appendix.C}% 64
\BOOKMARK [2][-]{subsection.C.6}{\376\377\000D\000e\000t\000a\000i\000l\000e\000d\000\040\000R\000e\000s\000u\000l\000t\000s\000\040\000T\000a\000b\000l\000e}{appendix.C}% 65
\BOOKMARK [1][-]{appendix.D}{\376\377\000T\000h\000r\000e\000s\000h\000o\000l\000d\000\040\000M\000a\000t\000c\000h\000i\000n\000g\000\040\000D\000e\000t\000a\000i\000l\000s}{}% 66
\BOOKMARK [2][-]{subsection.D.1}{\376\377\000T\000o\000p\000\040\000Q\000u\000a\000r\000k\000\040\000T\000h\000r\000e\000s\000h\000o\000l\000d}{appendix.D}% 67
\BOOKMARK [2][-]{subsection.D.2}{\376\377\000B\000o\000t\000t\000o\000m\000\040\000Q\000u\000a\000r\000k\000\040\000T\000h\000r\000e\000s\000h\000o\000l\000d}{appendix.D}% 68
\BOOKMARK [2][-]{subsection.D.3}{\376\377\000C\000h\000a\000r\000m\000\040\000Q\000u\000a\000r\000k\000\040\000T\000h\000r\000e\000s\000h\000o\000l\000d}{appendix.D}% 69
\BOOKMARK [2][-]{subsection.D.4}{\376\377\000F\000u\000l\000l\000\040\000R\000u\000n\000n\000i\000n\000g\000\040\000F\000o\000r\000m\000u\000l\000a}{appendix.D}% 70
\BOOKMARK [2][-]{subsection.D.5}{\376\377\000N\000u\000m\000e\000r\000i\000c\000a\000l\000\040\000E\000x\000a\000m\000p\000l\000e}{appendix.D}% 71
\BOOKMARK [1][-]{appendix.E}{\376\377\000L\000a\000m\000b\000d\000a\000\040\000P\000a\000r\000a\000m\000e\000t\000e\000r\000\040\000A\000n\000a\000l\000y\000s\000i\000s}{}% 72
\BOOKMARK [2][-]{subsection.E.1}{\376\377\000L\000a\000m\000b\000d\000a\000\040\000a\000t\000\040\000D\000i\000f\000f\000e\000r\000e\000n\000t\000\040\000S\000c\000a\000l\000e\000s}{appendix.E}% 73
\BOOKMARK [2][-]{subsection.E.2}{\376\377\000S\000c\000a\000l\000e\000\040\000I\000n\000d\000e\000p\000e\000n\000d\000e\000n\000c\000e}{appendix.E}% 74
\BOOKMARK [2][-]{subsection.E.3}{\376\377\000L\000a\000m\000b\000d\000a\000\040\000f\000r\000o\000m\000\040\000D\000i\000f\000f\000e\000r\000e\000n\000t\000\040\000R\000e\000f\000e\000r\000e\000n\000c\000e\000\040\000P\000o\000i\000n\000t\000s}{appendix.E}% 75
\BOOKMARK [2][-]{subsection.E.4}{\376\377\000M\000a\000t\000c\000h\000i\000n\000g\000\040\000L\000a\000m\000b\000d\000a\000\040\000A\000c\000r\000o\000s\000s\000\040\000T\000h\000r\000e\000s\000h\000o\000l\000d\000s}{appendix.E}% 76
\BOOKMARK [2][-]{subsection.E.5}{\376\377\000L\000a\000m\000b\000d\000a\000\040\000B\000a\000n\000d\000\040\000f\000r\000o\000m\000\040\000S\000w\000e\000e\000p}{appendix.E}% 77
\BOOKMARK [1][-]{appendix.F}{\376\377\000E\000r\000r\000o\000r\000\040\000P\000r\000o\000p\000a\000g\000a\000t\000i\000o\000n}{}% 78
\BOOKMARK [2][-]{subsection.F.1}{\376\377\000E\000r\000r\000o\000r\000\040\000f\000r\000o\000m\000\040\000\040\000U\000n\000c\000e\000r\000t\000a\000i\000n\000t\000y}{appendix.F}% 79
\BOOKMARK [2][-]{subsection.F.2}{\376\377\000E\000r\000r\000o\000r\000\040\000P\000r\000o\000p\000a\000g\000a\000t\000i\000o\000n\000\040\000T\000h\000r\000o\000u\000g\000h\000\040\000R\000G}{appendix.F}% 80
\BOOKMARK [2][-]{subsection.F.3}{\376\377\000T\000o\000t\000a\000l\000\040\000U\000n\000c\000e\000r\000t\000a\000i\000n\000t\000y}{appendix.F}% 81
\BOOKMARK [2][-]{subsection.F.4}{\376\377\000C\000o\000m\000p\000a\000r\000i\000s\000o\000n\000\040\000w\000i\000t\000h\000\040\000P\000D\000G\000\040\000U\000n\000c\000e\000r\000t\000a\000i\000n\000t\000y}{appendix.F}% 82
\BOOKMARK [1][-]{appendix.G}{\376\377\000S\000c\000h\000e\000m\000e\000\040\000D\000e\000p\000e\000n\000d\000e\000n\000c\000e}{}% 83
\BOOKMARK [2][-]{subsection.G.1}{\376\377\000M\000S\000-\000b\000a\000r\000\040\000v\000s\000\040\000P\000h\000y\000s\000i\000c\000a\000l\000\040\000S\000c\000h\000e\000m\000e}{appendix.G}% 84
\BOOKMARK [2][-]{subsection.G.2}{\376\377\000S\000c\000h\000e\000m\000e\000\040\000T\000r\000a\000n\000s\000f\000o\000r\000m\000a\000t\000i\000o\000n}{appendix.G}% 85
\BOOKMARK [2][-]{subsection.G.3}{\376\377\000B\000e\000t\000a\000\040\000F\000u\000n\000c\000t\000i\000o\000n\000\040\000T\000r\000a\000n\000s\000f\000o\000r\000m\000a\000t\000i\000o\000n}{appendix.G}% 86
\BOOKMARK [2][-]{subsection.G.4}{\376\377\000P\000h\000y\000s\000i\000c\000a\000l\000\040\000O\000b\000s\000e\000r\000v\000a\000b\000l\000e\000s}{appendix.G}% 87
\BOOKMARK [1][-]{appendix.H}{\376\377\000E\000x\000t\000e\000n\000d\000e\000d\000\040\000B\000e\000t\000a\000\040\000F\000u\000n\000c\000t\000i\000o\000n\000\040\000A\000n\000a\000l\000y\000s\000i\000s}{}% 88
\BOOKMARK [2][-]{subsection.H.1}{\376\377\000D\000e\000c\000o\000m\000p\000o\000s\000i\000t\000i\000o\000n\000\040\000o\000f\000\040\000B\000e\000t\000a\000\040\000C\000o\000e\000f\000f\000i\000c\000i\000e\000n\000t\000s}{appendix.H}% 89
\BOOKMARK [2][-]{subsection.H.2}{\376\377\000C\000a\000s\000i\000m\000i\000r\000\040\000O\000p\000e\000r\000a\000t\000o\000r\000s}{appendix.H}% 90
\BOOKMARK [2][-]{subsection.H.3}{\376\377\000T\000w\000o\000-\000L\000o\000o\000p\000\040\000C\000o\000e\000f\000f\000i\000c\000i\000e\000n\000t}{appendix.H}% 91
\BOOKMARK [2][-]{subsection.H.4}{\376\377\000T\000h\000r\000e\000e\000-\000L\000o\000o\000p\000\040\000C\000o\000e\000f\000f\000i\000c\000i\000e\000n\000t}{appendix.H}% 92
\BOOKMARK [2][-]{subsection.H.5}{\376\377\000N\000u\000m\000e\000r\000i\000c\000a\000l\000\040\000V\000a\000l\000u\000e\000s\000\040\000o\000f\000\040\000B\000e\000t\000a\000\040\000C\000o\000e\000f\000f\000i\000c\000i\000e\000n\000t\000s}{appendix.H}% 93
\BOOKMARK [2][-]{subsection.H.6}{\376\377\000I\000n\000f\000r\000a\000r\000e\000d\000\040\000F\000i\000x\000e\000d\000\040\000P\000o\000i\000n\000t}{appendix.H}% 94
\BOOKMARK [2][-]{subsection.H.7}{\376\377\000B\000a\000n\000k\000s\000-\000Z\000a\000k\000s\000\040\000W\000i\000n\000d\000o\000w}{appendix.H}% 95
\BOOKMARK [1][-]{appendix.I}{\376\377\000S\000c\000a\000l\000e\000\040\000M\000a\000t\000c\000h\000i\000n\000g\000\040\000P\000r\000o\000t\000o\000c\000o\000l\000s}{}% 96
\BOOKMARK [2][-]{subsection.I.1}{\376\377\000P\000o\000l\000e\000\040\000M\000a\000s\000s\000\040\000v\000s\000\040\000R\000u\000n\000n\000i\000n\000g\000\040\000M\000a\000s\000s}{appendix.I}% 97
\BOOKMARK [2][-]{subsection.I.2}{\376\377\000T\000h\000r\000e\000s\000h\000o\000l\000d\000\040\000C\000h\000o\000i\000c\000e\000\040\000A\000m\000b\000i\000g\000u\000i\000t\000y}{appendix.I}% 98
\BOOKMARK [2][-]{subsection.I.3}{\376\377\000D\000e\000c\000o\000u\000p\000l\000i\000n\000g\000\040\000a\000t\000\040\000=\000\040\000m\000q}{appendix.I}% 99
\BOOKMARK [2][-]{subsection.I.4}{\376\377\000M\000a\000t\000c\000h\000i\000n\000g\000\040\000a\000t\000\040\000T\000o\000p\000\040\000T\000h\000r\000e\000s\000h\000o\000l\000d}{appendix.I}% 100
\BOOKMARK [2][-]{subsection.I.5}{\376\377\000F\000u\000l\000l\000\040\000M\000a\000t\000c\000h\000i\000n\000g\000\040\000F\000o\000r\000m\000u\000l\000a}{appendix.I}% 101
\BOOKMARK [2][-]{subsection.I.6}{\376\377\000H\000i\000g\000h\000-\000S\000c\000a\000l\000e\000\040\000E\000x\000t\000r\000a\000p\000o\000l\000a\000t\000i\000o\000n}{appendix.I}% 102
\BOOKMARK [2][-]{subsection.I.7}{\376\377\000U\000n\000c\000e\000r\000t\000a\000i\000n\000t\000y\000\040\000f\000r\000o\000m\000\040\000T\000h\000r\000e\000s\000h\000o\000l\000d\000\040\000C\000h\000o\000i\000c\000e}{appendix.I}% 103
\BOOKMARK [1][-]{appendix.J}{\376\377\000R\000e\000p\000r\000o\000d\000u\000c\000t\000i\000o\000n\000\040\000I\000n\000s\000t\000r\000u\000c\000t\000i\000o\000n\000s}{}% 104
\BOOKMARK [2][-]{subsection.J.1}{\376\377\000B\000u\000i\000l\000d\000\040\000C\000o\000m\000m\000a\000n\000d\000s}{appendix.J}% 105
\BOOKMARK [2][-]{subsection.J.2}{\376\377\000E\000x\000p\000e\000c\000t\000e\000d\000\040\000O\000u\000t\000p\000u\000t}{appendix.J}% 106
\BOOKMARK [2][-]{subsection.J.3}{\376\377\000E\000x\000p\000o\000r\000t}{appendix.J}% 107
