\BOOKMARK [1][-]{section.1}{\376\377\000E\000x\000e\000c\000u\000t\000i\000v\000e\000\040\000S\000u\000m\000m\000a\000r\000y}{}% 1
\BOOKMARK [2][-]{subsection.1.1}{\376\377\000W\000h\000a\000t\000\040\000B\000L\000O\000C\000K\000-\0000\0000\0004\000\040\000E\000s\000t\000a\000b\000l\000i\000s\000h\000e\000s}{section.1}% 2
\BOOKMARK [2][-]{subsection.1.2}{\376\377\000D\000e\000r\000i\000v\000a\000t\000i\000o\000n\000\040\000C\000h\000a\000i\000n}{section.1}% 3
\BOOKMARK [2][-]{subsection.1.3}{\376\377\000N\000o\000t\000\040\000E\000s\000t\000a\000b\000l\000i\000s\000h\000e\000d}{section.1}% 4
\BOOKMARK [1][-]{section.2}{\376\377\000L\000a\000y\000e\000r\000\040\000A\000:\000\040\000S\000t\000r\000u\000c\000t\000u\000r\000a\000l\000\040\000P\000r\000e\000d\000i\000c\000t\000i\000o\000n\000\040\000\050\000H\000a\000s\000h\000-\000L\000o\000c\000k\000e\000d\000\051}{}% 5
\BOOKMARK [2][-]{subsection.2.1}{\376\377\000S\000o\000u\000r\000c\000e\000\040\000D\000e\000r\000i\000v\000a\000t\000i\000o\000n}{section.2}% 6
\BOOKMARK [2][-]{subsection.2.2}{\376\377\000B\000r\000a\000n\000e\000\040\000C\000o\000r\000r\000e\000c\000t\000i\000o\000n}{section.2}% 7
\BOOKMARK [2][-]{subsection.2.3}{\376\377\000R\000e\000f\000e\000r\000e\000n\000c\000e\000\040\000S\000c\000a\000l\000e}{section.2}% 8
\BOOKMARK [2][-]{subsection.2.4}{\376\377\000P\000a\000r\000a\000m\000e\000t\000e\000r\000\040\000D\000o\000m\000a\000i\000n}{section.2}% 9
\BOOKMARK [2][-]{subsection.2.5}{\376\377\000L\000a\000y\000e\000r\000\040\000A\000\040\000S\000u\000m\000m\000a\000r\000y}{section.2}% 10
\BOOKMARK [1][-]{section.3}{\376\377\000L\000a\000y\000e\000r\000\040\000B\000:\000\040\000Q\000u\000a\000r\000a\000n\000t\000i\000n\000e\000d\000\040\000A\000d\000a\000p\000t\000e\000r}{}% 11
\BOOKMARK [2][-]{subsection.3.1}{\376\377\000E\000x\000t\000e\000r\000n\000a\000l\000\040\000I\000n\000p\000u\000t\000s}{section.3}% 12
\BOOKMARK [2][-]{subsection.3.2}{\376\377\000R\000G\000\040\000R\000u\000n\000n\000i\000n\000g\000\040\000E\000n\000g\000i\000n\000e}{section.3}% 13
\BOOKMARK [2][-]{subsection.3.3}{\376\377\000\040\000E\000x\000t\000r\000a\000c\000t\000i\000o\000n\000\040\000\050\000v\0005\0009\000\051}{section.3}% 14
\BOOKMARK [2][-]{subsection.3.4}{\376\377\000T\000h\000r\000e\000s\000h\000o\000l\000d\000\040\000P\000o\000l\000i\000c\000i\000e\000s}{section.3}% 15
\BOOKMARK [2][-]{subsection.3.5}{\376\377\000L\000a\000y\000e\000r\000\040\000B\000\040\000S\000u\000m\000m\000a\000r\000y}{section.3}% 16
\BOOKMARK [1][-]{section.4}{\376\377\000I\000n\000v\000a\000r\000i\000a\000n\000c\000e\000s\000\040\000a\000n\000d\000\040\000C\000o\000n\000s\000i\000s\000t\000e\000n\000c\000y\000\040\000C\000h\000e\000c\000k\000s}{}% 17
\BOOKMARK [2][-]{subsection.4.1}{\376\377\000S\000c\000h\000e\000m\000e\000\040\000I\000n\000v\000a\000r\000i\000a\000n\000c\000e}{section.4}% 18
\BOOKMARK [2][-]{subsection.4.2}{\376\377\000T\000h\000r\000e\000s\000h\000o\000l\000d\000\040\000I\000n\000v\000a\000r\000i\000a\000n\000c\000e}{section.4}% 19
\BOOKMARK [2][-]{subsection.4.3}{\376\377\000T\000w\000o\000-\000R\000o\000u\000t\000e\000\040\000C\000o\000n\000s\000i\000s\000t\000e\000n\000c\000y}{section.4}% 20
\BOOKMARK [2][-]{subsection.4.4}{\376\377\000U\000n\000i\000t\000\040\000I\000n\000v\000a\000r\000i\000a\000n\000c\000e}{section.4}% 21
\BOOKMARK [2][-]{subsection.4.5}{\376\377\000R\000e\000g\000u\000l\000a\000t\000o\000r\000\040\000I\000n\000v\000a\000r\000i\000a\000n\000c\000e}{section.4}% 22
\BOOKMARK [1][-]{section.5}{\376\377\000H\000a\000r\000d\000\040\000P\000o\000l\000i\000c\000i\000e\000s}{}% 23
\BOOKMARK [2][-]{subsection.5.1}{\376\377\000N\000o\000\040\000B\000a\000c\000k\000f\000l\000o\000w\000\040\000v\0003}{section.5}% 24
\BOOKMARK [2][-]{subsection.5.2}{\376\377\000N\000o\000-\000F\000i\000t\000\040\000P\000o\000l\000i\000c\000y}{section.5}% 25
\BOOKMARK [2][-]{subsection.5.3}{\376\377\000F\000o\000r\000b\000i\000d\000d\000e\000n\000\040\000G\000a\000t\000e}{section.5}% 26
\BOOKMARK [1][-]{section.6}{\376\377\000L\000o\000g\000\040\000H\000y\000g\000i\000e\000n\000e}{}% 27
\BOOKMARK [2][-]{subsection.6.1}{\376\377\000U\000S\000E\000D\000\040\000L\000O\000G\000S}{section.6}% 28
\BOOKMARK [2][-]{subsection.6.2}{\376\377\000T\000E\000M\000P\000L\000A\000T\000E\000\040\000L\000O\000G\000S\000\040\000\050\000N\000O\000T\000\040\000U\000S\000E\000D\000\051}{section.6}% 29
\BOOKMARK [1][-]{section.7}{\376\377\000B\000L\000O\000C\000K\000-\0000\0000\0004\000\040\000S\000t\000a\000t\000u\000s}{}% 30
\BOOKMARK [1][-]{section.8}{\376\377\000D\000e\000r\000i\000v\000a\000t\000i\000o\000n\000\040\000D\000A\000G}{}% 31
\BOOKMARK [1][-]{section.9}{\376\377\000C\000o\000m\000p\000l\000e\000t\000e\000\040\000F\000o\000r\000m\000u\000l\000a\000\040\000C\000a\000t\000a\000l\000o\000g}{}% 32
\BOOKMARK [2][-]{subsection.9.1}{\376\377\000L\000a\000y\000e\000r\000\040\000A\000\040\000F\000o\000r\000m\000u\000l\000a\000s}{section.9}% 33
\BOOKMARK [2][-]{subsection.9.2}{\376\377\000B\000e\000t\000a\000\040\000F\000u\000n\000c\000t\000i\000o\000n\000\040\000F\000o\000r\000m\000u\000l\000a\000s}{section.9}% 34
\BOOKMARK [2][-]{subsection.9.3}{\376\377\000R\000G\000\040\000R\000u\000n\000n\000i\000n\000g\000\040\000F\000o\000r\000m\000u\000l\000a\000s}{section.9}% 35
\BOOKMARK [2][-]{subsection.9.4}{\376\377\000\040\000E\000x\000t\000r\000a\000c\000t\000i\000o\000n\000\040\000F\000o\000r\000m\000u\000l\000a\000s}{section.9}% 36
\BOOKMARK [2][-]{subsection.9.5}{\376\377\000T\000h\000r\000e\000s\000h\000o\000l\000d\000\040\000F\000o\000r\000m\000u\000l\000a\000s}{section.9}% 37
\BOOKMARK [2][-]{subsection.9.6}{\376\377\000F\000i\000r\000e\000w\000a\000l\000l\000\040\000F\000o\000r\000m\000u\000l\000a\000s}{section.9}% 38
\BOOKMARK [1][-]{section.10}{\376\377\000R\000e\000v\000i\000e\000w\000e\000r\000\040\000T\000r\000a\000p\000s}{}% 39
\BOOKMARK [1][-]{appendix.A}{\376\377\000D\000e\000t\000a\000i\000l\000e\000d\000\040\000F\000o\000r\000m\000u\000l\000a\000\040\000D\000e\000r\000i\000v\000a\000t\000i\000o\000n\000s}{}% 40
\BOOKMARK [2][-]{subsection.A.1}{\376\377\0001\000-\000L\000o\000o\000p\000\040\000R\000G\000\040\000S\000o\000l\000u\000t\000i\000o\000n}{appendix.A}% 41
\BOOKMARK [2][-]{subsection.A.2}{\376\377\0002\000-\000L\000o\000o\000p\000\040\000\040\000D\000e\000r\000i\000v\000a\000t\000i\000o\000n}{appendix.A}% 42
\BOOKMARK [2][-]{subsection.A.3}{\376\377\000T\000h\000r\000e\000s\000h\000o\000l\000d\000\040\000M\000a\000t\000c\000h\000i\000n\000g}{appendix.A}% 43
\BOOKMARK [1][-]{appendix.B}{\376\377\000A\000d\000d\000i\000t\000i\000o\000n\000a\000l\000\040\000F\000o\000r\000m\000u\000l\000a\000s}{}% 44
\BOOKMARK [2][-]{subsection.B.1}{\376\377\000D\000i\000m\000e\000n\000s\000i\000o\000n\000a\000l\000\040\000A\000n\000a\000l\000y\000s\000i\000s}{appendix.B}% 45
\BOOKMARK [2][-]{subsection.B.2}{\376\377\000N\000u\000m\000e\000r\000i\000c\000a\000l\000\040\000C\000o\000n\000s\000t\000a\000n\000t\000s}{appendix.B}% 46
\BOOKMARK [2][-]{subsection.B.3}{\376\377\000A\000s\000y\000m\000p\000t\000o\000t\000i\000c\000\040\000L\000i\000m\000i\000t\000s}{appendix.B}% 47
\BOOKMARK [2][-]{subsection.B.4}{\376\377\000E\000r\000r\000o\000r\000\040\000P\000r\000o\000p\000a\000g\000a\000t\000i\000o\000n}{appendix.B}% 48
\BOOKMARK [2][-]{subsection.B.5}{\376\377\000S\000w\000e\000e\000p\000\040\000G\000r\000i\000d}{appendix.B}% 49
\BOOKMARK [2][-]{subsection.B.6}{\376\377\000H\000a\000s\000h\000\040\000F\000o\000r\000m\000u\000l\000a\000s}{appendix.B}% 50
\BOOKMARK [1][-]{appendix.C}{\376\377\000V\000e\000r\000i\000f\000i\000c\000a\000t\000i\000o\000n\000\040\000I\000d\000e\000n\000t\000i\000t\000i\000e\000s}{}% 51
\BOOKMARK [2][-]{subsection.C.1}{\376\377\000B\000e\000t\000a\000\040\000C\000o\000e\000f\000f\000i\000c\000i\000e\000n\000t\000\040\000V\000e\000r\000i\000f\000i\000c\000a\000t\000i\000o\000n}{appendix.C}% 52
\BOOKMARK [2][-]{subsection.C.2}{\376\377\000T\000h\000r\000e\000s\000h\000o\000l\000d\000\040\000C\000o\000u\000n\000t\000\040\000V\000e\000r\000i\000f\000i\000c\000a\000t\000i\000o\000n}{appendix.C}% 53
\BOOKMARK [2][-]{subsection.C.3}{\376\377\000U\000n\000i\000t\000\040\000C\000h\000e\000c\000k}{appendix.C}% 54
\BOOKMARK [1][-]{appendix.D}{\376\377\000E\000x\000t\000e\000n\000d\000e\000d\000\040\000R\000G\000\040\000A\000n\000a\000l\000y\000s\000i\000s}{}% 55
\BOOKMARK [2][-]{subsection.D.1}{\376\377\000M\000u\000l\000t\000i\000-\000T\000h\000r\000e\000s\000h\000o\000l\000d\000\040\000R\000u\000n\000n\000i\000n\000g}{appendix.D}% 56
\BOOKMARK [2][-]{subsection.D.2}{\376\377\000M\000a\000t\000c\000h\000i\000n\000g\000\040\000R\000e\000l\000a\000t\000i\000o\000n\000s}{appendix.D}% 57
\BOOKMARK [2][-]{subsection.D.3}{\376\377\000E\000x\000p\000l\000i\000c\000i\000t\000\040\000b\0000\000\040\000V\000a\000l\000u\000e\000s}{appendix.D}% 58
\BOOKMARK [2][-]{subsection.D.4}{\376\377\000E\000x\000p\000l\000i\000c\000i\000t\000\040\000b\0001\000\040\000V\000a\000l\000u\000e\000s}{appendix.D}% 59
\BOOKMARK [1][-]{appendix.E}{\376\377\000L\000a\000y\000e\000r\000\040\000A\000\040\000D\000e\000r\000i\000v\000a\000t\000i\000o\000n\000\040\000C\000h\000a\000i\000n}{}% 60
\BOOKMARK [2][-]{subsection.E.1}{\376\377\000F\000r\000o\000m\000\040\000E\000D\000C\000\040\000F\000i\000e\000l\000d\000\040\000E\000q\000u\000a\000t\000i\000o\000n\000s}{appendix.E}% 61
\BOOKMARK [2][-]{subsection.E.2}{\376\377\000B\000r\000a\000n\000e\000\040\000T\000e\000n\000s\000i\000o\000n\000\040\000I\000n\000t\000e\000r\000p\000r\000e\000t\000a\000t\000i\000o\000n}{appendix.E}% 62
\BOOKMARK [2][-]{subsection.E.3}{\376\377\000E\000r\000r\000o\000r\000\040\000B\000o\000u\000n\000d\000\040\000A\000n\000a\000l\000y\000s\000i\000s}{appendix.E}% 63
\BOOKMARK [1][-]{appendix.F}{\376\377\000C\000o\000m\000p\000l\000e\000t\000e\000\040\000\040\000E\000x\000t\000r\000a\000c\000t\000i\000o\000n\000\040\000P\000r\000o\000t\000o\000c\000o\000l}{}% 64
\BOOKMARK [2][-]{subsection.F.1}{\376\377\000S\000t\000e\000p\000\040\0001\000:\000\040\000I\000n\000p\000u\000t\000\040\000P\000r\000e\000p\000a\000r\000a\000t\000i\000o\000n}{appendix.F}% 65
\BOOKMARK [2][-]{subsection.F.2}{\376\377\000S\000t\000e\000p\000\040\0002\000:\000\040\000R\000G\000\040\000R\000u\000n\000n\000i\000n\000g}{appendix.F}% 66
\BOOKMARK [2][-]{subsection.F.3}{\376\377\000S\000t\000e\000p\000\040\0003\000:\000\040\000R\000o\000u\000t\000e\000\040\0001\000\040\000\050\0001\000-\000l\000o\000o\000p\000\051}{appendix.F}% 67
\BOOKMARK [2][-]{subsection.F.4}{\376\377\000S\000t\000e\000p\000\040\0004\000:\000\040\000R\000o\000u\000t\000e\000\040\0002\000\040\000\050\0002\000-\000l\000o\000o\000p\000\051}{appendix.F}% 68
\BOOKMARK [2][-]{subsection.F.5}{\376\377\000S\000t\000e\000p\000\040\0005\000:\000\040\000V\000e\000r\000i\000f\000i\000c\000a\000t\000i\000o\000n}{appendix.F}% 69
\BOOKMARK [1][-]{appendix.G}{\376\377\000A\000s\000y\000m\000p\000t\000o\000t\000i\000c\000\040\000A\000n\000a\000l\000y\000s\000i\000s}{}% 70
\BOOKMARK [2][-]{subsection.G.1}{\376\377\000U\000V\000\040\000L\000i\000m\000i\000t}{appendix.G}% 71
\BOOKMARK [2][-]{subsection.G.2}{\376\377\000I\000R\000\040\000L\000i\000m\000i\000t}{appendix.G}% 72
\BOOKMARK [2][-]{subsection.G.3}{\376\377\000P\000e\000r\000t\000u\000r\000b\000a\000t\000i\000v\000e\000\040\000D\000o\000m\000a\000i\000n}{appendix.G}% 73
\BOOKMARK [2][-]{subsection.G.4}{\376\377\000C\000r\000o\000s\000s\000o\000v\000e\000r\000\040\000S\000c\000a\000l\000e}{appendix.G}% 74
\BOOKMARK [1][-]{appendix.H}{\376\377\000S\000e\000n\000s\000i\000t\000i\000v\000i\000t\000y\000\040\000A\000n\000a\000l\000y\000s\000i\000s}{}% 75
\BOOKMARK [2][-]{subsection.H.1}{\376\377\000\040\000S\000e\000n\000s\000i\000t\000i\000v\000i\000t\000y\000\040\000t\000o\000\040\000s}{appendix.H}% 76
\BOOKMARK [2][-]{subsection.H.2}{\376\377\000s\000\050\000M\000Z\000\051\000\040\000S\000e\000n\000s\000i\000t\000i\000v\000i\000t\000y\000\040\000t\000o\000\040}{appendix.H}% 77
\BOOKMARK [2][-]{subsection.H.3}{\376\377\000T\000h\000r\000e\000s\000h\000o\000l\000d\000\040\000M\000a\000s\000s\000\040\000S\000e\000n\000s\000i\000t\000i\000v\000i\000t\000y}{appendix.H}% 78
\BOOKMARK [2][-]{subsection.H.4}{\376\377\000\040\000S\000e\000n\000s\000i\000t\000i\000v\000i\000t\000y}{appendix.H}% 79
\BOOKMARK [1][-]{appendix.I}{\376\377\000N\000u\000m\000e\000r\000i\000c\000a\000l\000\040\000T\000a\000b\000l\000e\000s}{}% 80
\BOOKMARK [2][-]{subsection.I.1}{\376\377\000B\000e\000t\000a\000\040\000C\000o\000e\000f\000f\000i\000c\000i\000e\000n\000t\000s\000\040\000T\000a\000b\000l\000e}{appendix.I}% 81
\BOOKMARK [2][-]{subsection.I.2}{\376\377\000c\0001\000\040\000V\000a\000l\000u\000e\000s\000\040\000T\000a\000b\000l\000e}{appendix.I}% 82
\BOOKMARK [2][-]{subsection.I.3}{\376\377\000R\000u\000n\000n\000i\000n\000g\000\040\000C\000o\000e\000f\000f\000i\000c\000i\000e\000n\000t\000s}{appendix.I}% 83
\BOOKMARK [1][-]{appendix.J}{\376\377\000C\000r\000o\000s\000s\000-\000C\000h\000e\000c\000k\000\040\000I\000d\000e\000n\000t\000i\000t\000i\000e\000s}{}% 84
\BOOKMARK [2][-]{subsection.J.1}{\376\377\000b\0001\000/\000b\0000\0002\000\040\000I\000d\000e\000n\000t\000i\000t\000y}{appendix.J}% 85
\BOOKMARK [2][-]{subsection.J.2}{\376\377\000T\000h\000r\000e\000s\000h\000o\000l\000d\000\040\000M\000a\000t\000c\000h\000i\000n\000g\000\040\000C\000o\000e\000f\000f\000i\000c\000i\000e\000n\000t}{appendix.J}% 86
\BOOKMARK [2][-]{subsection.J.3}{\376\377\000R\000u\000n\000n\000i\000n\000g\000\040\000L\000o\000g\000\040\000C\000o\000e\000f\000f\000i\000c\000i\000e\000n\000t}{appendix.J}% 87
\BOOKMARK [2][-]{subsection.J.4}{\376\377\000D\000i\000m\000e\000n\000s\000i\000o\000n\000l\000e\000s\000s\000\040\000R\000a\000t\000i\000o\000\040\000C\000h\000e\000c\000k\000s}{appendix.J}% 88
\BOOKMARK [1][-]{appendix.K}{\376\377\000H\000a\000s\000h\000\040\000C\000h\000a\000i\000n\000\040\000V\000e\000r\000i\000f\000i\000c\000a\000t\000i\000o\000n}{}% 89
\BOOKMARK [2][-]{subsection.K.1}{\376\377\000B\000L\000O\000C\000K\000-\0000\0000\0003\000\040\000C\000h\000a\000i\000n}{appendix.K}% 90
\BOOKMARK [2][-]{subsection.K.2}{\376\377\000B\000L\000O\000C\000K\000-\0000\0000\0004\000\040\000C\000h\000a\000i\000n}{appendix.K}% 91
\BOOKMARK [1][-]{appendix.L}{\376\377\000B\000o\000u\000n\000d\000a\000r\000y\000\040\000C\000o\000n\000d\000i\000t\000i\000o\000n\000s\000\040\000S\000u\000m\000m\000a\000r\000y}{}% 92
\BOOKMARK [2][-]{subsection.L.1}{\376\377\000U\000V\000\040\000B\000o\000u\000n\000d\000a\000r\000y}{appendix.L}% 93
\BOOKMARK [2][-]{subsection.L.2}{\376\377\000I\000R\000\040\000B\000o\000u\000n\000d\000a\000r\000y}{appendix.L}% 94
\BOOKMARK [2][-]{subsection.L.3}{\376\377\000T\000h\000r\000e\000s\000h\000o\000l\000d\000\040\000B\000o\000u\000n\000d\000a\000r\000i\000e\000s}{appendix.L}% 95
\BOOKMARK [2][-]{subsection.L.4}{\376\377\000O\000b\000s\000e\000r\000v\000a\000t\000i\000o\000n\000\040\000B\000o\000u\000n\000d\000a\000r\000y}{appendix.L}% 96
\BOOKMARK [1][-]{appendix.M}{\376\377\000E\000x\000t\000e\000n\000d\000e\000d\000\040\000F\000o\000r\000m\000u\000l\000a\000\040\000C\000a\000t\000a\000l\000o\000g}{}% 97
\BOOKMARK [2][-]{subsection.M.1}{\376\377\000L\000a\000y\000e\000r\000\040\000A\000\040\000C\000o\000r\000e\000\040\000F\000o\000r\000m\000u\000l\000a\000s}{appendix.M}% 98
\BOOKMARK [2][-]{subsection.M.2}{\376\377\000B\000e\000t\000a\000\040\000F\000u\000n\000c\000t\000i\000o\000n\000\040\000C\000a\000t\000a\000l\000o\000g}{appendix.M}% 99
\BOOKMARK [2][-]{subsection.M.3}{\376\377\0001\000-\000L\000o\000o\000p\000\040\000R\000u\000n\000n\000i\000n\000g\000\040\000C\000a\000t\000a\000l\000o\000g}{appendix.M}% 100
\BOOKMARK [2][-]{subsection.M.4}{\376\377\0002\000-\000L\000o\000o\000p\000\040\000R\000u\000n\000n\000i\000n\000g\000\040\000C\000a\000t\000a\000l\000o\000g}{appendix.M}% 101
\BOOKMARK [2][-]{subsection.M.5}{\376\377\000T\000h\000r\000e\000s\000h\000o\000l\000d\000\040\000M\000a\000t\000c\000h\000i\000n\000g\000\040\000C\000a\000t\000a\000l\000o\000g}{appendix.M}% 102
\BOOKMARK [2][-]{subsection.M.6}{\376\377\000\040\000R\000e\000l\000a\000t\000i\000o\000n\000s\000\040\000C\000a\000t\000a\000l\000o\000g}{appendix.M}% 103
\BOOKMARK [2][-]{subsection.M.7}{\376\377\000S\000e\000n\000s\000i\000t\000i\000v\000i\000t\000y\000\040\000C\000a\000t\000a\000l\000o\000g}{appendix.M}% 104
\BOOKMARK [2][-]{subsection.M.8}{\376\377\000D\000i\000m\000e\000n\000s\000i\000o\000n\000a\000l\000\040\000A\000n\000a\000l\000y\000s\000i\000s\000\040\000C\000a\000t\000a\000l\000o\000g}{appendix.M}% 105
\BOOKMARK [2][-]{subsection.M.9}{\376\377\000A\000s\000y\000m\000p\000t\000o\000t\000i\000c\000\040\000B\000e\000h\000a\000v\000i\000o\000r\000\040\000C\000a\000t\000a\000l\000o\000g}{appendix.M}% 106
\BOOKMARK [1][-]{appendix.N}{\376\377\000I\000n\000v\000a\000r\000i\000a\000n\000c\000e\000\040\000P\000r\000o\000o\000f\000s}{}% 107
\BOOKMARK [2][-]{subsection.N.1}{\376\377\000S\000c\000h\000e\000m\000e\000\040\000I\000n\000d\000e\000p\000e\000n\000d\000e\000n\000c\000e\000\040\000a\000t\000\040\0001\000-\000L\000o\000o\000p}{appendix.N}% 108
\BOOKMARK [2][-]{subsection.N.2}{\376\377\000S\000c\000h\000e\000m\000e\000\040\000I\000n\000d\000e\000p\000e\000n\000d\000e\000n\000c\000e\000\040\000a\000t\000\040\0002\000-\000L\000o\000o\000p}{appendix.N}% 109
\BOOKMARK [2][-]{subsection.N.3}{\376\377\000R\000e\000g\000u\000l\000a\000t\000o\000r\000\040\000I\000n\000d\000e\000p\000e\000n\000d\000e\000n\000c\000e}{appendix.N}% 110
\BOOKMARK [2][-]{subsection.N.4}{\376\377\000T\000h\000r\000e\000s\000h\000o\000l\000d\000\040\000P\000o\000l\000i\000c\000y\000\040\000I\000n\000v\000a\000r\000i\000a\000n\000c\000e}{appendix.N}% 111
\BOOKMARK [2][-]{subsection.N.5}{\376\377\000R\000o\000u\000t\000e\000\040\000E\000q\000u\000i\000v\000a\000l\000e\000n\000c\000e}{appendix.N}% 112
\BOOKMARK [2][-]{subsection.N.6}{\376\377\000U\000n\000i\000t\000\040\000I\000n\000v\000a\000r\000i\000a\000n\000c\000e}{appendix.N}% 113
\BOOKMARK [1][-]{appendix.O}{\376\377\000C\000o\000m\000p\000l\000e\000t\000e\000\040\000F\000i\000r\000e\000w\000a\000l\000l\000\040\000S\000p\000e\000c\000i\000f\000i\000c\000a\000t\000i\000o\000n}{}% 114
\BOOKMARK [2][-]{subsection.O.1}{\376\377\000L\000a\000y\000e\000r\000\040\000D\000e\000f\000i\000n\000i\000t\000i\000o\000n}{appendix.O}% 115
\BOOKMARK [2][-]{subsection.O.2}{\376\377\000N\000o\000\040\000B\000a\000c\000k\000f\000l\000o\000w\000\040\000T\000h\000e\000o\000r\000e\000m}{appendix.O}% 116
\BOOKMARK [2][-]{subsection.O.3}{\376\377\000H\000a\000s\000h\000-\000L\000o\000c\000k\000\040\000P\000r\000o\000t\000o\000c\000o\000l}{appendix.O}% 117
\BOOKMARK [2][-]{subsection.O.4}{\376\377\000Q\000u\000a\000r\000a\000n\000t\000i\000n\000e\000\040\000P\000r\000o\000t\000o\000c\000o\000l}{appendix.O}% 118
\BOOKMARK [2][-]{subsection.O.5}{\376\377\000F\000o\000r\000b\000i\000d\000d\000e\000n\000\040\000G\000a\000t\000e}{appendix.O}% 119
\BOOKMARK [1][-]{appendix.P}{\376\377\000S\000w\000e\000e\000p\000\040\000P\000r\000o\000t\000o\000c\000o\000l}{}% 120
\BOOKMARK [2][-]{subsection.P.1}{\376\377\000\040\000G\000r\000i\000d}{appendix.P}% 121
\BOOKMARK [2][-]{subsection.P.2}{\376\377\000\040\000R\000a\000n\000g\000e}{appendix.P}% 122
\BOOKMARK [2][-]{subsection.P.3}{\376\377\000O\000u\000t\000p\000u\000t\000\040\000B\000a\000n\000d}{appendix.P}% 123
\BOOKMARK [1][-]{appendix.Q}{\376\377\000N\000u\000m\000e\000r\000i\000c\000a\000l\000\040\000V\000e\000r\000i\000f\000i\000c\000a\000t\000i\000o\000n\000\040\000T\000a\000b\000l\000e\000s}{}% 124
\BOOKMARK [2][-]{subsection.Q.1}{\376\377\000b\0000\000\040\000V\000e\000r\000i\000f\000i\000c\000a\000t\000i\000o\000n}{appendix.Q}% 125
\BOOKMARK [2][-]{subsection.Q.2}{\376\377\000b\0001\000\040\000V\000e\000r\000i\000f\000i\000c\000a\000t\000i\000o\000n}{appendix.Q}% 126
\BOOKMARK [2][-]{subsection.Q.3}{\376\377\000c\0001\000\040\000V\000e\000r\000i\000f\000i\000c\000a\000t\000i\000o\000n}{appendix.Q}% 127
\BOOKMARK [2][-]{subsection.Q.4}{\376\377\000T\000h\000r\000e\000s\000h\000o\000l\000d\000\040\000C\000o\000e\000f\000f\000i\000c\000i\000e\000n\000t\000\040\000V\000e\000r\000i\000f\000i\000c\000a\000t\000i\000o\000n}{appendix.Q}% 128
\BOOKMARK [2][-]{subsection.Q.5}{\376\377\000R\000u\000n\000n\000i\000n\000g\000\040\000C\000o\000e\000f\000f\000i\000c\000i\000e\000n\000t\000\040\000V\000e\000r\000i\000f\000i\000c\000a\000t\000i\000o\000n}{appendix.Q}% 129
\BOOKMARK [1][-]{appendix.R}{\376\377\000C\000o\000m\000p\000l\000e\000t\000e\000\040\000L\000o\000g\000\040\000H\000y\000g\000i\000e\000n\000e\000\040\000A\000u\000d\000i\000t}{}% 130
\BOOKMARK [2][-]{subsection.R.1}{\376\377\000U\000S\000E\000D\000\040\000L\000O\000G\000\040\000F\000o\000r\000m\000s}{appendix.R}% 131
\BOOKMARK [2][-]{subsection.R.2}{\376\377\000T\000E\000M\000P\000L\000A\000T\000E\000\040\000L\000O\000G\000\040\000F\000o\000r\000m\000s\000\040\000\050\000N\000O\000T\000\040\000U\000S\000E\000D\000\051}{appendix.R}% 132
\BOOKMARK [2][-]{subsection.R.3}{\376\377\000L\000o\000g\000\040\000A\000r\000g\000u\000m\000e\000n\000t\000\040\000V\000e\000r\000i\000f\000i\000c\000a\000t\000i\000o\000n}{appendix.R}% 133
\BOOKMARK [1][-]{appendix.S}{\376\377\000S\000t\000a\000t\000u\000s\000\040\000M\000a\000t\000r\000i\000x}{}% 134
\BOOKMARK [2][-]{subsection.S.1}{\376\377\000C\000l\000o\000s\000e\000d\000\040\000I\000t\000e\000m\000s}{appendix.S}% 135
\BOOKMARK [2][-]{subsection.S.2}{\376\377\000O\000p\000e\000n\000\040\000I\000t\000e\000m\000s}{appendix.S}% 136
\BOOKMARK [2][-]{subsection.S.3}{\376\377\000C\000o\000n\000d\000i\000t\000i\000o\000n\000a\000l\000\040\000C\000l\000o\000s\000u\000r\000e\000\040\000S\000t\000a\000t\000e\000m\000e\000n\000t}{appendix.S}% 137
\BOOKMARK [1][-]{appendix.T}{\376\377\000F\000i\000n\000a\000l\000\040\000H\000a\000s\000h\000\040\000S\000u\000m\000m\000a\000r\000y}{}% 138
\BOOKMARK [2][-]{subsection.T.1}{\376\377\000B\000L\000O\000C\000K\000-\0000\0000\0003\000\040\000H\000a\000s\000h\000e\000s}{appendix.T}% 139
\BOOKMARK [2][-]{subsection.T.2}{\376\377\000B\000L\000O\000C\000K\000-\0000\0000\0004\000\040\000H\000a\000s\000h\000e\000s}{appendix.T}% 140
\BOOKMARK [2][-]{subsection.T.3}{\376\377\000D\000e\000p\000e\000n\000d\000e\000n\000c\000y\000\040\000G\000r\000a\000p\000h}{appendix.T}% 141
\BOOKMARK [1][-]{appendix.U}{\376\377\000A\000d\000d\000i\000t\000i\000o\000n\000a\000l\000\040\000F\000o\000r\000m\000u\000l\000a\000\040\000E\000x\000p\000a\000n\000s\000i\000o\000n\000s}{}% 142
\BOOKMARK [2][-]{subsection.U.1}{\376\377\000R\000u\000n\000n\000i\000n\000g\000\040\000S\000c\000a\000l\000e\000\040\000R\000e\000l\000a\000t\000i\000o\000n\000s}{appendix.U}% 143
\BOOKMARK [2][-]{subsection.U.2}{\376\377\000\040\000S\000c\000a\000l\000e\000\040\000R\000e\000l\000a\000t\000i\000o\000n\000s}{appendix.U}% 144
\BOOKMARK [2][-]{subsection.U.3}{\376\377\0002\000-\000L\000o\000o\000p\000\040\000C\000o\000r\000r\000e\000c\000t\000i\000o\000n\000s}{appendix.U}% 145
\BOOKMARK [2][-]{subsection.U.4}{\376\377\000T\000h\000r\000e\000s\000h\000o\000l\000d\000\040\000M\000a\000t\000c\000h\000i\000n\000g\000\040\000E\000x\000p\000a\000n\000s\000i\000o\000n\000s}{appendix.U}% 146
\BOOKMARK [2][-]{subsection.U.5}{\376\377\000B\000r\000a\000n\000e\000\040\000P\000a\000r\000a\000m\000e\000t\000e\000r\000\040\000R\000e\000l\000a\000t\000i\000o\000n\000s}{appendix.U}% 147
\BOOKMARK [2][-]{subsection.U.6}{\376\377\000R\000e\000f\000e\000r\000e\000n\000c\000e\000\040\000S\000c\000a\000l\000e\000\040\000R\000e\000l\000a\000t\000i\000o\000n\000s}{appendix.U}% 148
\BOOKMARK [2][-]{subsection.U.7}{\376\377\000N\000u\000m\000e\000r\000i\000c\000a\000l\000\040\000C\000o\000e\000f\000f\000i\000c\000i\000e\000n\000t\000\040\000E\000x\000p\000a\000n\000s\000i\000o\000n\000s}{appendix.U}% 149
\BOOKMARK [2][-]{subsection.U.8}{\376\377\000A\000s\000y\000m\000p\000t\000o\000t\000i\000c\000\040\000L\000i\000m\000i\000t\000s}{appendix.U}% 150
\BOOKMARK [2][-]{subsection.U.9}{\376\377\000E\000r\000r\000o\000r\000\040\000P\000r\000o\000p\000a\000g\000a\000t\000i\000o\000n\000\040\000F\000o\000r\000m\000u\000l\000a\000s}{appendix.U}% 151
