\BOOKMARK [1][-]{section.1}{\376\377\000R\000e\000a\000d\000e\000r\000\040\000C\000o\000n\000t\000r\000a\000c\000t\000\040\000a\000n\000d\000\040\000E\000p\000i\000s\000t\000e\000m\000i\000c\000\040\000R\000e\000g\000i\000s\000t\000r\000y}{}% 1
\BOOKMARK [1][-]{section.2}{\376\377\0005\000D\000\040\000G\000a\000u\000g\000e\000\040\000A\000c\000t\000i\000o\000n\000\040\000a\000n\000d\000\040\000V\000a\000r\000i\000a\000t\000i\000o\000n\000a\000l\000\040\000P\000r\000i\000n\000c\000i\000p\000l\000e}{}% 2
\BOOKMARK [2][-]{subsection.2.1}{\376\377\000T\000h\000e\000\040\0005\000D\000\040\000G\000a\000u\000g\000e\000\040\000A\000c\000t\000i\000o\000n}{section.2}% 3
\BOOKMARK [2][-]{subsection.2.2}{\376\377\000M\000e\000t\000r\000i\000c\000\040\000D\000e\000t\000e\000r\000m\000i\000n\000a\000n\000t\000\040\000a\000n\000d\000\040\000I\000n\000v\000e\000r\000s\000e}{section.2}% 4
\BOOKMARK [2][-]{subsection.2.3}{\376\377\000A\000c\000t\000i\000o\000n\000\040\000D\000e\000c\000o\000m\000p\000o\000s\000i\000t\000i\000o\000n}{section.2}% 5
\BOOKMARK [2][-]{subsection.2.4}{\376\377\000V\000a\000r\000i\000a\000t\000i\000o\000n\000\040\000a\000n\000d\000\040\000B\000o\000u\000n\000d\000a\000r\000y\000\040\000T\000e\000r\000m\000s}{section.2}% 6
\BOOKMARK [2][-]{subsection.2.5}{\376\377\000A\000d\000m\000i\000s\000s\000i\000b\000l\000e\000\040\000B\000o\000u\000n\000d\000a\000r\000y\000\040\000C\000o\000n\000d\000i\000t\000i\000o\000n\000\040\000C\000l\000a\000s\000s\000e\000s}{section.2}% 7
\BOOKMARK [1][-]{section.3}{\376\377\000K\000K\000\040\000D\000e\000c\000o\000m\000p\000o\000s\000i\000t\000i\000o\000n\000\040\000a\000n\000d\000\040\000Z\000e\000r\000o\000-\000M\000o\000d\000e\000\040\000S\000u\000r\000v\000i\000v\000a\000l}{}% 8
\BOOKMARK [2][-]{subsection.3.1}{\376\377\000M\000o\000d\000e\000\040\000E\000x\000p\000a\000n\000s\000i\000o\000n}{section.3}% 9
\BOOKMARK [2][-]{subsection.3.2}{\376\377\000M\000o\000d\000e\000\040\000E\000q\000u\000a\000t\000i\000o\000n}{section.3}% 10
\BOOKMARK [2][-]{subsection.3.3}{\376\377\000O\000r\000t\000h\000o\000n\000o\000r\000m\000a\000l\000i\000t\000y\000\040\000C\000o\000n\000d\000i\000t\000i\000o\000n}{section.3}% 11
\BOOKMARK [2][-]{subsection.3.4}{\376\377\000E\000x\000p\000l\000i\000c\000i\000t\000\040\000S\000o\000l\000u\000t\000i\000o\000n\000:\000\040\000F\000l\000a\000t\000\040\000I\000n\000t\000e\000r\000v\000a\000l\000\040\000w\000i\000t\000h\000\040\000N\000e\000u\000m\000a\000n\000n\000\040\000B\000C}{section.3}% 12
\BOOKMARK [2][-]{subsection.3.5}{\376\377\000D\000i\000r\000i\000c\000h\000l\000e\000t\000\040\000B\000C\000:\000\040\000N\000o\000\040\000Z\000e\000r\000o\000\040\000M\000o\000d\000e}{section.3}% 13
\BOOKMARK [2][-]{subsection.3.6}{\376\377\000R\000o\000b\000i\000n\000\040\000B\000C\000:\000\040\000G\000a\000p\000\040\000L\000i\000f\000t\000e\000d}{section.3}% 14
\BOOKMARK [1][-]{section.4}{\376\377\0005\000D\0004\000D\000\040\000G\000a\000u\000g\000e\000\040\000K\000i\000n\000e\000t\000i\000c\000\040\000N\000o\000r\000m\000a\000l\000i\000z\000a\000t\000i\000o\000n}{}% 15
\BOOKMARK [2][-]{subsection.4.1}{\376\377\000D\000e\000r\000i\000v\000a\000t\000i\000o\000n\000\040\000o\000f\000\040\0004\000D\000\040\000E\000f\000f\000e\000c\000t\000i\000v\000e\000\040\000C\000o\000u\000p\000l\000i\000n\000g}{section.4}% 16
\BOOKMARK [2][-]{subsection.4.2}{\376\377\000E\000x\000p\000l\000i\000c\000i\000t\000\040\000E\000v\000a\000l\000u\000a\000t\000i\000o\000n\000:\000\040\000F\000l\000a\000t\000\040\000N\000e\000u\000m\000a\000n\000n\000\040\000C\000a\000s\000e}{section.4}% 17
\BOOKMARK [2][-]{subsection.4.3}{\376\377\000W\000a\000r\000p\000e\000d\000\040\000C\000a\000s\000e}{section.4}% 18
\BOOKMARK [2][-]{subsection.4.4}{\376\377\000B\000r\000a\000n\000e\000-\000L\000o\000c\000a\000l\000i\000z\000e\000d\000\040\000K\000i\000n\000e\000t\000i\000c\000\040\000T\000e\000r\000m\000s}{section.4}% 19
\BOOKMARK [2][-]{subsection.4.5}{\376\377\000E\000p\000i\000s\000t\000e\000m\000i\000c\000\040\000S\000t\000a\000t\000u\000s\000\040\000T\000a\000b\000l\000e}{section.4}% 20
\BOOKMARK [1][-]{section.5}{\376\377\000B\000o\000u\000n\000d\000a\000r\000y\000/\000B\000r\000a\000n\000e\000\040\000C\000o\000n\000d\000i\000t\000i\000o\000n\000s\000\040\000R\000e\000g\000i\000s\000t\000r\000y}{}% 21
\BOOKMARK [1][-]{section.6}{\376\377\000S\000c\000a\000l\000e\000\040\000R\000e\000g\000i\000m\000e\000\040\000M\000a\000p}{}% 22
\BOOKMARK [2][-]{subsection.6.1}{\376\377\000T\000h\000r\000e\000s\000h\000o\000l\000d\000\040\000C\000o\000n\000d\000i\000t\000i\000o\000n\000s}{section.6}% 23
\BOOKMARK [2][-]{subsection.6.2}{\376\377\000T\000r\000a\000n\000s\000i\000t\000i\000o\000n\000\040\000C\000o\000n\000d\000i\000t\000i\000o\000n\000s}{section.6}% 24
\BOOKMARK [2][-]{subsection.6.3}{\376\377\000E\000f\000f\000e\000c\000t\000i\000v\000e\000\040\000T\000h\000e\000o\000r\000y\000\040\000V\000a\000l\000i\000d\000i\000t\000y}{section.6}% 25
\BOOKMARK [2][-]{subsection.6.4}{\376\377\000S\000c\000a\000l\000e\000\040\000R\000e\000g\000i\000m\000e\000\040\000D\000i\000a\000g\000r\000a\000m}{section.6}% 26
\BOOKMARK [2][-]{subsection.6.5}{\376\377\000C\000o\000n\000n\000e\000c\000t\000i\000o\000n\000\040\000t\000o\000\040\000G\000r\000a\000v\000i\000t\000y\000\040\000S\000e\000c\000t\000o\000r}{section.6}% 27
\BOOKMARK [1][-]{section.7}{\376\377\000C\000a\000n\000d\000i\000d\000a\000t\000e\000\040\000U\000n\000i\000f\000i\000c\000a\000t\000i\000o\000n\000\040\000R\000o\000u\000t\000e}{}% 28
\BOOKMARK [2][-]{subsection.7.1}{\376\377\000M\000e\000c\000h\000a\000n\000i\000s\000m\000:\000\040\000B\000C\000-\000I\000n\000d\000u\000c\000e\000d\000\040\000S\000y\000m\000m\000e\000t\000r\000y\000\040\000B\000r\000e\000a\000k\000i\000n\000g}{section.7}% 29
\BOOKMARK [2][-]{subsection.7.2}{\376\377\000T\000o\000y\000\040\000E\000x\000a\000m\000p\000l\000e\000:\000\040\000S\000U\000\050\0003\000\051\000\040\000S\000U\000\050\0002\000\051\000\040\000U\000\050\0001\000\051}{section.7}% 30
\BOOKMARK [2][-]{subsection.7.3}{\376\377\000G\000e\000n\000e\000r\000a\000t\000o\000r\000\040\000S\000u\000r\000v\000i\000v\000a\000l\000\040\000M\000a\000t\000r\000i\000x}{section.7}% 31
\BOOKMARK [2][-]{subsection.7.4}{\376\377\000T\000o\000p\000o\000l\000o\000g\000i\000c\000a\000l\000\040\000C\000o\000n\000s\000i\000d\000e\000r\000a\000t\000i\000o\000n\000s}{section.7}% 32
\BOOKMARK [1][-]{section.8}{\376\377\000C\000h\000e\000r\000n\000-\000S\000i\000m\000o\000n\000s\000\040\000T\000e\000r\000m\000s\000\040\000a\000n\000d\000\040\000T\000o\000p\000o\000l\000o\000g\000i\000c\000a\000l\000\040\000C\000o\000n\000s\000t\000r\000a\000i\000n\000t\000s}{}% 33
\BOOKMARK [2][-]{subsection.8.1}{\376\377\0005\000D\000\040\000C\000h\000e\000r\000n\000-\000S\000i\000m\000o\000n\000s\000\040\000A\000c\000t\000i\000o\000n}{section.8}% 34
\BOOKMARK [2][-]{subsection.8.2}{\376\377\000B\000o\000u\000n\000d\000a\000r\000y\000\040\000C\000h\000e\000r\000n\000-\000S\000i\000m\000o\000n\000s}{section.8}% 35
\BOOKMARK [2][-]{subsection.8.3}{\376\377\000L\000e\000v\000e\000l\000\040\000Q\000u\000a\000n\000t\000i\000z\000a\000t\000i\000o\000n}{section.8}% 36
\BOOKMARK [2][-]{subsection.8.4}{\376\377\000C\000o\000n\000n\000e\000c\000t\000i\000o\000n\000\040\000t\000o\000\040\000-\000Q\000u\000a\000n\000t\000i\000z\000a\000t\000i\000o\000n}{section.8}% 37
\BOOKMARK [2][-]{subsection.8.5}{\376\377\000A\000n\000o\000m\000a\000l\000y\000\040\000I\000n\000f\000l\000o\000w}{section.8}% 38
\BOOKMARK [1][-]{section.9}{\376\377\000C\000o\000u\000p\000l\000i\000n\000g\000\040\000R\000u\000n\000n\000i\000n\000g\000\040\000a\000n\000d\000\040\000T\000h\000r\000e\000s\000h\000o\000l\000d\000\040\000C\000o\000r\000r\000e\000c\000t\000i\000o\000n\000s}{}% 39
\BOOKMARK [2][-]{subsection.9.1}{\376\377\0004\000D\000\040\000R\000u\000n\000n\000i\000n\000g\000\040\000B\000e\000l\000o\000w\000\040\000K\000K\000\040\000T\000h\000r\000e\000s\000h\000o\000l\000d}{section.9}% 40
\BOOKMARK [2][-]{subsection.9.2}{\376\377\000T\000h\000r\000e\000s\000h\000o\000l\000d\000\040\000C\000o\000r\000r\000e\000c\000t\000i\000o\000n\000s}{section.9}% 41
\BOOKMARK [2][-]{subsection.9.3}{\376\377\000P\000o\000w\000e\000r\000-\000L\000a\000w\000\040\000R\000u\000n\000n\000i\000n\000g\000\040\000A\000b\000o\000v\000e\000\040\000T\000h\000r\000e\000s\000h\000o\000l\000d}{section.9}% 42
\BOOKMARK [2][-]{subsection.9.4}{\376\377\000U\000n\000i\000f\000i\000c\000a\000t\000i\000o\000n\000\040\000C\000o\000n\000d\000i\000t\000i\000o\000n}{section.9}% 43
\BOOKMARK [1][-]{section.10}{\376\377\000E\000p\000i\000s\000t\000e\000m\000i\000c\000\040\000L\000e\000d\000g\000e\000r\000\040\000a\000n\000d\000\040\000D\000e\000p\000e\000n\000d\000e\000n\000c\000y\000\040\000A\000u\000d\000i\000t}{}% 44
\BOOKMARK [2][-]{subsection.10.1}{\376\377\000C\000o\000m\000p\000l\000e\000t\000e\000\040\000S\000y\000m\000b\000o\000l\000\040\000R\000e\000g\000i\000s\000t\000r\000y}{section.10}% 45
\BOOKMARK [2][-]{subsection.10.2}{\376\377\000D\000e\000p\000e\000n\000d\000e\000n\000c\000y\000\040\000D\000i\000a\000g\000r\000a\000m}{section.10}% 46
\BOOKMARK [2][-]{subsection.10.3}{\376\377\000O\000p\000e\000n\000\040\000I\000t\000e\000m\000s\000\040\000S\000u\000m\000m\000a\000r\000y}{section.10}% 47
\BOOKMARK [1][-]{section.11}{\376\377\000R\000e\000v\000i\000e\000w\000e\000r\000\040\000T\000r\000a\000p\000\040\000C\000h\000e\000c\000k\000l\000i\000s\000t}{}% 48
\BOOKMARK [1][-]{section.12}{\376\377\000C\000o\000n\000c\000l\000u\000s\000i\000o\000n\000s}{}% 49
\BOOKMARK [1][-]{appendix.A}{\376\377\000D\000i\000m\000e\000n\000s\000i\000o\000n\000a\000l\000\040\000A\000n\000a\000l\000y\000s\000i\000s}{}% 50
\BOOKMARK [2][-]{subsection.A.1}{\376\377\0005\000D\000\040\000v\000s\000\040\0004\000D\000\040\000C\000o\000u\000p\000l\000i\000n\000g\000\040\000D\000i\000m\000e\000n\000s\000i\000o\000n\000s}{appendix.A}% 51
\BOOKMARK [2][-]{subsection.A.2}{\376\377\000D\000i\000m\000e\000n\000s\000i\000o\000n\000a\000l\000\040\000C\000o\000n\000s\000i\000s\000t\000e\000n\000c\000y\000\040\000C\000h\000e\000c\000k}{appendix.A}% 52
\BOOKMARK [2][-]{subsection.A.3}{\376\377\000F\000i\000e\000l\000d\000\040\000S\000t\000r\000e\000n\000g\000t\000h\000\040\000D\000i\000m\000e\000n\000s\000i\000o\000n\000s}{appendix.A}% 53
\BOOKMARK [1][-]{appendix.B}{\376\377\000M\000o\000d\000e\000\040\000F\000u\000n\000c\000t\000i\000o\000n\000\040\000D\000e\000t\000a\000i\000l\000s}{}% 54
\BOOKMARK [2][-]{subsection.B.1}{\376\377\000G\000e\000n\000e\000r\000a\000l\000\040\000S\000o\000l\000u\000t\000i\000o\000n\000\040\000w\000i\000t\000h\000\040\000R\000o\000b\000i\000n\000\040\000B\000C}{appendix.B}% 55
\BOOKMARK [2][-]{subsection.B.2}{\376\377\000N\000o\000r\000m\000a\000l\000i\000z\000a\000t\000i\000o\000n\000\040\000C\000o\000n\000s\000t\000a\000n\000t}{appendix.B}% 56
\BOOKMARK [1][-]{appendix.C}{\376\377\000W\000a\000r\000p\000e\000d\000\040\000G\000e\000o\000m\000e\000t\000r\000y\000\040\000D\000e\000t\000a\000i\000l\000s}{}% 57
\BOOKMARK [2][-]{subsection.C.1}{\376\377\000R\000S\000-\000T\000y\000p\000e\000\040\000W\000a\000r\000p\000\040\000F\000a\000c\000t\000o\000r}{appendix.C}% 58
\BOOKMARK [2][-]{subsection.C.2}{\376\377\000Z\000e\000r\000o\000\040\000M\000o\000d\000e\000\040\000i\000n\000\040\000W\000a\000r\000p\000e\000d\000\040\000B\000a\000c\000k\000g\000r\000o\000u\000n\000d}{appendix.C}% 59
\BOOKMARK [2][-]{subsection.C.3}{\376\377\000G\000a\000u\000g\000e\000\040\000C\000o\000u\000p\000l\000i\000n\000g\000\040\000i\000n\000\040\000R\000S}{appendix.C}% 60
\BOOKMARK [1][-]{appendix.D}{\376\377\000G\000r\000o\000u\000p\000\040\000T\000h\000e\000o\000r\000y\000\040\000S\000u\000p\000p\000l\000e\000m\000e\000n\000t}{}% 61
\BOOKMARK [2][-]{subsection.D.1}{\376\377\000S\000U\000\050\000N\000\051\000\040\000G\000e\000n\000e\000r\000a\000t\000o\000r\000\040\000D\000e\000c\000o\000m\000p\000o\000s\000i\000t\000i\000o\000n}{appendix.D}% 62
\BOOKMARK [2][-]{subsection.D.2}{\376\377\000B\000C\000\040\000A\000s\000s\000i\000g\000n\000m\000e\000n\000t\000\040\000a\000n\000d\000\040\000R\000a\000n\000k\000\040\000R\000e\000d\000u\000c\000t\000i\000o\000n}{appendix.D}% 63
\BOOKMARK [2][-]{subsection.D.3}{\376\377\000U\000\050\0001\000\051\000\040\000F\000a\000c\000t\000o\000r\000\040\000E\000m\000e\000r\000g\000e\000n\000c\000e}{appendix.D}% 64
\BOOKMARK [1][-]{appendix.E}{\376\377\000E\000x\000t\000e\000n\000d\000e\000d\000\040\000D\000e\000r\000i\000v\000a\000t\000i\000o\000n\000s}{}% 65
\BOOKMARK [2][-]{subsection.E.1}{\376\377\000V\000a\000r\000i\000a\000t\000i\000o\000n\000a\000l\000\040\000P\000r\000i\000n\000c\000i\000p\000l\000e\000\040\000w\000i\000t\000h\000\040\000B\000r\000a\000n\000e\000\040\000T\000e\000r\000m\000s}{appendix.E}% 66
\BOOKMARK [2][-]{subsection.E.2}{\376\377\000C\000o\000m\000p\000l\000e\000t\000e\000\040\000V\000a\000r\000i\000a\000t\000i\000o\000n}{appendix.E}% 67
\BOOKMARK [2][-]{subsection.E.3}{\376\377\000M\000a\000t\000c\000h\000i\000n\000g\000\040\000C\000o\000n\000d\000i\000t\000i\000o\000n\000s}{appendix.E}% 68
\BOOKMARK [2][-]{subsection.E.4}{\376\377\000S\000t\000u\000r\000m\000-\000L\000i\000o\000u\000v\000i\000l\000l\000e\000\040\000F\000o\000r\000m}{appendix.E}% 69
\BOOKMARK [2][-]{subsection.E.5}{\376\377\000O\000r\000t\000h\000o\000g\000o\000n\000a\000l\000i\000t\000y\000\040\000f\000r\000o\000m\000\040\000S\000t\000u\000r\000m\000-\000L\000i\000o\000u\000v\000i\000l\000l\000e}{appendix.E}% 70
\BOOKMARK [1][-]{appendix.F}{\376\377\000F\000e\000r\000m\000i\000o\000n\000\040\000B\000C\000\040\000C\000o\000n\000s\000i\000d\000e\000r\000a\000t\000i\000o\000n\000s}{}% 71
\BOOKMARK [2][-]{subsection.F.1}{\376\377\0005\000D\000\040\000F\000e\000r\000m\000i\000o\000n\000\040\000A\000c\000t\000i\000o\000n}{appendix.F}% 72
\BOOKMARK [2][-]{subsection.F.2}{\376\377\000O\000r\000b\000i\000f\000o\000l\000d\000\040\000P\000a\000r\000i\000t\000y}{appendix.F}% 73
\BOOKMARK [2][-]{subsection.F.3}{\376\377\000C\000h\000i\000r\000a\000l\000\040\000Z\000e\000r\000o\000\040\000M\000o\000d\000e}{appendix.F}% 74
\BOOKMARK [2][-]{subsection.F.4}{\376\377\000F\000e\000r\000m\000i\000o\000n\000\040\000B\000C\000\040\000R\000e\000g\000i\000s\000t\000r\000y\000\040\000E\000n\000t\000r\000y}{appendix.F}% 75
\BOOKMARK [1][-]{appendix.G}{\376\377\000N\000u\000m\000e\000r\000i\000c\000a\000l\000\040\000E\000x\000a\000m\000p\000l\000e\000s}{}% 76
\BOOKMARK [2][-]{subsection.G.1}{\376\377\000R\000o\000b\000i\000n\000\040\000S\000p\000e\000c\000t\000r\000u\000m\000:\000\040\000E\000x\000p\000l\000i\000c\000i\000t\000\040\000R\000o\000o\000t\000s}{appendix.G}% 77
\BOOKMARK [2][-]{subsection.G.2}{\376\377\000N\000o\000r\000m\000a\000l\000i\000z\000a\000t\000i\000o\000n\000\040\000I\000n\000t\000e\000g\000r\000a\000l\000\040\000V\000a\000l\000u\000e\000s}{appendix.G}% 78
\BOOKMARK [2][-]{subsection.G.3}{\376\377\000T\000h\000r\000e\000s\000h\000o\000l\000d\000\040\000C\000o\000r\000r\000e\000c\000t\000i\000o\000n\000\040\000E\000s\000t\000i\000m\000a\000t\000e}{appendix.G}% 79
\BOOKMARK [1][-]{appendix.H}{\376\377\000C\000o\000m\000p\000a\000r\000i\000s\000o\000n\000\040\000w\000i\000t\000h\000\040\000G\000r\000a\000v\000i\000t\000y\000\040\000S\000e\000c\000t\000o\000r}{}% 80
\BOOKMARK [2][-]{subsection.H.1}{\376\377\000B\000r\000i\000d\000g\000e\000\040\000S\000l\000o\000t\000\040\000C\000o\000m\000p\000a\000r\000i\000s\000o\000n}{appendix.H}% 81
\BOOKMARK [2][-]{subsection.H.2}{\376\377\000M\000o\000d\000e\000\040\000E\000q\000u\000a\000t\000i\000o\000n\000\040\000C\000o\000m\000p\000a\000r\000i\000s\000o\000n}{appendix.H}% 82
\BOOKMARK [2][-]{subsection.H.3}{\376\377\000B\000C\000\040\000R\000e\000g\000i\000s\000t\000r\000y\000\040\000U\000n\000i\000f\000i\000c\000a\000t\000i\000o\000n}{appendix.H}% 83
\BOOKMARK [2][-]{subsection.H.4}{\376\377\000S\000c\000a\000l\000e\000\040\000R\000e\000g\000i\000m\000e\000\040\000U\000n\000i\000v\000e\000r\000s\000a\000l\000i\000t\000y}{appendix.H}% 84
