\BOOKMARK [1][-]{section.1}{\376\377\000C\000o\000n\000v\000e\000n\000t\000i\000o\000n\000s\000\040\000a\000n\000d\000\040\000F\000a\000c\000t\000o\000r\000\040\000L\000o\000c\000k}{}% 1
\BOOKMARK [1][-]{section.2}{\376\377\0005\000D\000\040\000G\000r\000a\000v\000i\000t\000o\000n\000\040\000M\000o\000d\000e\000\040\000E\000q\000u\000a\000t\000i\000o\000n}{}% 2
\BOOKMARK [2][-]{subsection.2.1}{\376\377\000G\000e\000n\000e\000r\000a\000l\000\040\000W\000a\000r\000p\000e\000d\000\040\000C\000a\000s\000e}{section.2}% 3
\BOOKMARK [2][-]{subsection.2.2}{\376\377\000F\000l\000a\000t\000\040\000C\000a\000s\000e\000:\000\040\000A\000\050\000\051\000\040\000=\000\040\0000}{section.2}% 4
\BOOKMARK [1][-]{section.3}{\376\377\000B\000o\000u\000n\000d\000a\000r\000y\000\040\000C\000o\000n\000d\000i\000t\000i\000o\000n\000s\000\040\000a\000n\000d\000\040\000K\000K\000\040\000S\000p\000e\000c\000t\000r\000u\000m}{}% 5
\BOOKMARK [2][-]{subsection.3.1}{\376\377\000C\000a\000s\000e\000\040\000B\000C\0001\000:\000\040\000N\000e\000u\000m\000a\000n\000n\040\023\000N\000e\000u\000m\000a\000n\000n}{section.3}% 6
\BOOKMARK [2][-]{subsection.3.2}{\376\377\000C\000a\000s\000e\000\040\000B\000C\0002\000:\000\040\000D\000i\000r\000i\000c\000h\000l\000e\000t\040\023\000D\000i\000r\000i\000c\000h\000l\000e\000t}{section.3}% 7
\BOOKMARK [2][-]{subsection.3.3}{\376\377\000C\000a\000s\000e\000\040\000B\000C\0003\000:\000\040\000M\000i\000x\000e\000d\000\040\000\050\000N\000e\000u\000m\000a\000n\000n\040\023\000D\000i\000r\000i\000c\000h\000l\000e\000t\000\051}{section.3}% 8
\BOOKMARK [2][-]{subsection.3.4}{\376\377\000S\000u\000m\000m\000a\000r\000y\000:\000\040\000S\000p\000e\000c\000t\000r\000a\000l\000\040\000C\000o\000m\000p\000a\000r\000i\000s\000o\000n}{section.3}% 9
\BOOKMARK [1][-]{section.4}{\376\377\000M\000a\000s\000s\000\040\000G\000a\000p\000\040\000a\000n\000d\000\040\000R\000\040\000I\000n\000v\000e\000r\000s\000i\000o\000n}{}% 10
\BOOKMARK [2][-]{subsection.4.1}{\376\377\000D\000e\000f\000i\000n\000i\000t\000i\000o\000n\000\040\000o\000f\000\040\000M\000a\000s\000s\000\040\000G\000a\000p}{section.4}% 11
\BOOKMARK [2][-]{subsection.4.2}{\376\377\000I\000n\000v\000e\000r\000s\000i\000o\000n\000\040\000F\000o\000r\000m\000u\000l\000a}{section.4}% 12
\BOOKMARK [2][-]{subsection.4.3}{\376\377\000C\000o\000n\000v\000e\000r\000t\000i\000n\000g\000\040\000t\000o\000\040\000P\000h\000y\000s\000i\000c\000a\000l\000\040\000U\000n\000i\000t\000s}{section.4}% 13
\BOOKMARK [2][-]{subsection.4.4}{\376\377\000F\000a\000c\000t\000o\000r\000\040\000N\000o\000t\000e}{section.4}% 14
\BOOKMARK [1][-]{section.5}{\376\377\000E\000W\000-\000S\000c\000a\000l\000e\000\040\000I\000d\000e\000n\000t\000i\000f\000i\000c\000a\000t\000i\000o\000n\000:\000\040\000P\000r\000o\000x\000y\000\040\000S\000e\000l\000e\000c\000t\000i\000o\000n}{}% 15
\BOOKMARK [2][-]{subsection.5.1}{\376\377\000T\000h\000e\000\040\000I\000d\000e\000n\000t\000i\000f\000i\000c\000a\000t\000i\000o\000n\000\040\000P\000r\000o\000b\000l\000e\000m}{section.5}% 16
\BOOKMARK [2][-]{subsection.5.2}{\376\377\000C\000a\000n\000d\000i\000d\000a\000t\000e\000\040\000P\000r\000o\000x\000i\000e\000s}{section.5}% 17
\BOOKMARK [2][-]{subsection.5.3}{\376\377\000W\000h\000y\000\040\000M\000Z\000\040\000i\000s\000\040\000P\000r\000e\000f\000e\000r\000r\000e\000d}{section.5}% 18
\BOOKMARK [2][-]{subsection.5.4}{\376\377\000R\000e\000s\000u\000l\000t\000i\000n\000g\000\040\000R\000\040\000V\000a\000l\000u\000e}{section.5}% 19
\BOOKMARK [2][-]{subsection.5.5}{\376\377\000P\000r\000o\000x\000y\000\040\000C\000o\000m\000p\000a\000r\000i\000s\000o\000n\000\040\000T\000a\000b\000l\000e}{section.5}% 20
\BOOKMARK [1][-]{section.6}{\376\377\000C\000l\000o\000s\000u\000r\000e\000\040\000C\000h\000a\000i\000n\000\040\000a\000n\000d\000\040\000O\000p\000e\000n\000\040\000I\000t\000e\000m\000s}{}% 21
\BOOKMARK [2][-]{subsection.6.1}{\376\377\000C\000o\000m\000p\000l\000e\000t\000e\000\040\000D\000e\000r\000i\000v\000a\000t\000i\000o\000n\000\040\000C\000h\000a\000i\000n}{section.6}% 22
\BOOKMARK [2][-]{subsection.6.2}{\376\377\000C\000o\000m\000p\000a\000r\000i\000s\000o\000n\000\040\000w\000i\000t\000h\000\040\000P\000r\000e\000v\000i\000o\000u\000s\000\040\000N\000o\000t\000e\000s}{section.6}% 23
\BOOKMARK [2][-]{subsection.6.3}{\376\377\000W\000h\000a\000t\000\040\000R\000e\000m\000a\000i\000n\000s\000\040\000N\000O\000-\000G\000O\000\040\000/\000\040\000O\000P\000E\000N}{section.6}% 24
\BOOKMARK [1][-]{section.7}{\376\377\000S\000c\000h\000e\000m\000a\000t\000i\000c\000\040\000F\000i\000g\000u\000r\000e}{}% 25
\BOOKMARK [1][-]{section.8}{\376\377\000E\000p\000i\000s\000t\000e\000m\000i\000c\000\040\000S\000u\000m\000m\000a\000r\000y}{}% 26
\BOOKMARK [1][-]{section.9}{\376\377\000C\000o\000n\000c\000l\000u\000s\000i\000o\000n}{}% 27
