\BOOKMARK [1][-]{section.1}{\376\377\000E\000x\000e\000c\000u\000t\000i\000v\000e\000\040\000S\000u\000m\000m\000a\000r\000y}{}% 1
\BOOKMARK [1][-]{section.2}{\376\377\000H\000a\000s\000h\000\040\000C\000h\000a\000i\000n\000\040\000a\000n\000d\000\040\000P\000r\000o\000v\000e\000n\000a\000n\000c\000e}{}% 2
\BOOKMARK [1][-]{section.3}{\376\377\000L\000a\000y\000e\000r\000\040\000A\000:\000\040\000O\000p\000e\000r\000a\000t\000o\000r\000\040\000C\000a\000t\000a\000l\000o\000g}{}% 3
\BOOKMARK [2][-]{subsection.3.1}{\376\377\000P\000S\000\040\000H\000e\000a\000v\000y\000\040\000G\000a\000u\000g\000e\000\040\000B\000o\000s\000o\000n\000\040\000S\000e\000c\000t\000o\000r}{section.3}% 4
\BOOKMARK [2][-]{subsection.3.2}{\376\377\000F\000e\000r\000m\000i\000o\000n\000\040\000C\000o\000u\000p\000l\000i\000n\000g\000s}{section.3}% 5
\BOOKMARK [2][-]{subsection.3.3}{\376\377\000I\000n\000d\000u\000c\000e\000d\000\040\000D\000i\000m\000e\000n\000s\000i\000o\000n\000-\0006\000\040\000O\000p\000e\000r\000a\000t\000o\000r\000s}{section.3}% 6
\BOOKMARK [2][-]{subsection.3.4}{\376\377\000W\000i\000l\000s\000o\000n\000\040\000C\000o\000e\000f\000f\000i\000c\000i\000e\000n\000t\000s}{section.3}% 7
\BOOKMARK [2][-]{subsection.3.5}{\376\377\000S\000e\000l\000e\000c\000t\000i\000o\000n\000\040\000R\000u\000l\000e\000s}{section.3}% 8
\BOOKMARK [2][-]{subsection.3.6}{\376\377\000D\000o\000m\000i\000n\000a\000n\000t\000\040\000D\000e\000c\000a\000y\000\040\000C\000h\000a\000n\000n\000e\000l\000s}{section.3}% 9
\BOOKMARK [1][-]{section.4}{\376\377\000L\000a\000y\000e\000r\000\040\000A\000:\000\040\000D\000e\000c\000a\000y\000\040\000R\000a\000t\000e\000\040\000S\000t\000r\000u\000c\000t\000u\000r\000e}{}% 10
\BOOKMARK [2][-]{subsection.4.1}{\376\377\000G\000e\000n\000e\000r\000a\000l\000\040\000R\000a\000t\000e\000\040\000F\000o\000r\000m\000u\000l\000a}{section.4}% 11
\BOOKMARK [2][-]{subsection.4.2}{\376\377\000H\000a\000d\000r\000o\000n\000i\000c\000\040\000F\000a\000c\000t\000o\000r}{section.4}% 12
\BOOKMARK [2][-]{subsection.4.3}{\376\377\000P\000h\000a\000s\000e\000\040\000S\000p\000a\000c\000e\000\040\000F\000a\000c\000t\000o\000r}{section.4}% 13
\BOOKMARK [2][-]{subsection.4.4}{\376\377\000F\000u\000l\000l\000\040\000R\000a\000t\000e\000\040\000E\000x\000p\000r\000e\000s\000s\000i\000o\000n}{section.4}% 14
\BOOKMARK [2][-]{subsection.4.5}{\376\377\000S\000y\000m\000b\000o\000l\000i\000c\000\040\000H\000a\000d\000r\000o\000n\000i\000c\000\040\000F\000o\000r\000m}{section.4}% 15
\BOOKMARK [1][-]{section.5}{\376\377\000L\000a\000y\000e\000r\000\040\000A\000:\000\040\000M\000X\000\040\000I\000m\000p\000o\000r\000t\000\040\000f\000r\000o\000m\000\040\000v\0006\0002}{}% 16
\BOOKMARK [2][-]{subsection.5.1}{\376\377\000v\0006\0002\000\040\000R\000e\000s\000u\000l\000t}{section.5}% 17
\BOOKMARK [2][-]{subsection.5.2}{\376\377\000N\000u\000m\000e\000r\000i\000c\000\040\000V\000a\000l\000u\000e\000\040\000o\000f\000\040\000C\000X}{section.5}% 18
\BOOKMARK [2][-]{subsection.5.3}{\376\377\000F\000o\000u\000r\000t\000h\000\040\000P\000o\000w\000e\000r}{section.5}% 19
\BOOKMARK [2][-]{subsection.5.4}{\376\377\000S\000u\000b\000s\000t\000i\000t\000u\000t\000i\000o\000n\000\040\000i\000n\000t\000o\000\040\000L\000i\000f\000e\000t\000i\000m\000e}{section.5}% 20
\BOOKMARK [1][-]{section.6}{\376\377\000L\000a\000y\000e\000r\000\040\000A\000:\000\040\000p\000\040\000S\000t\000r\000u\000c\000t\000u\000r\000a\000l\000\040\000I\000n\000t\000e\000r\000f\000a\000c\000e}{}% 21
\BOOKMARK [2][-]{subsection.6.1}{\376\377\000F\000i\000n\000a\000l\000\040\000F\000o\000r\000m}{section.6}% 22
\BOOKMARK [2][-]{subsection.6.2}{\376\377\000E\000x\000p\000l\000i\000c\000i\000t\000\040\000\040\000D\000e\000p\000e\000n\000d\000e\000n\000c\000e}{section.6}% 23
\BOOKMARK [2][-]{subsection.6.3}{\376\377\000I\000n\000v\000e\000r\000s\000e\000\040\000F\000o\000r\000m}{section.6}% 24
\BOOKMARK [2][-]{subsection.6.4}{\376\377\000A\000l\000t\000e\000r\000n\000a\000t\000i\000v\000e\000\040\000P\000a\000r\000a\000m\000e\000t\000e\000r\000i\000z\000a\000t\000i\000o\000n\000s}{section.6}% 25
\BOOKMARK [2][-]{subsection.6.5}{\376\377\000D\000i\000m\000e\000n\000s\000i\000o\000n\000a\000l\000\040\000V\000e\000r\000i\000f\000i\000c\000a\000t\000i\000o\000n}{section.6}% 26
\BOOKMARK [1][-]{section.7}{\376\377\000L\000a\000y\000e\000r\000\040\000A\000:\000\040\000C\000o\000u\000p\000l\000i\000n\000g\000\040\000S\000t\000r\000u\000c\000t\000u\000r\000e}{}% 27
\BOOKMARK [2][-]{subsection.7.1}{\376\377\000P\000S\000\040\000C\000o\000u\000p\000l\000i\000n\000g\000\040\000I\000d\000e\000n\000t\000i\000f\000i\000c\000a\000t\000i\000o\000n}{section.7}% 28
\BOOKMARK [2][-]{subsection.7.2}{\376\377\000C\000o\000u\000p\000l\000i\000n\000g\000\040\000a\000t\000\040\000R\000e\000f\000e\000r\000e\000n\000c\000e\000\040\000S\000c\000a\000l\000e}{section.7}% 29
\BOOKMARK [2][-]{subsection.7.3}{\376\377\000C\000o\000u\000p\000l\000i\000n\000g\000\040\000a\000t\000\040\000M\000X}{section.7}% 30
\BOOKMARK [2][-]{subsection.7.4}{\376\377\000F\000o\000u\000r\000t\000h\000\040\000P\000o\000w\000e\000r\000\040\000o\000f\000\040\000C\000o\000u\000p\000l\000i\000n\000g}{section.7}% 31
\BOOKMARK [2][-]{subsection.7.5}{\376\377\000L\000i\000f\000e\000t\000i\000m\000e\000\040\000w\000i\000t\000h\000\040\000C\000o\000u\000p\000l\000i\000n\000g\000\040\000A\000b\000s\000o\000r\000b\000e\000d}{section.7}% 32
\BOOKMARK [2][-]{subsection.7.6}{\376\377\000C\000a\000r\000e\000f\000u\000l\000\040\000T\000r\000e\000a\000t\000m\000e\000n\000t}{section.7}% 33
\BOOKMARK [2][-]{subsection.7.7}{\376\377\000T\000w\000o\000\040\000S\000c\000e\000n\000a\000r\000i\000o\000s}{section.7}% 34
\BOOKMARK [1][-]{section.8}{\376\377\000L\000a\000y\000e\000r\000\040\000A\000:\000\040\000C\000a\000n\000o\000n\000i\000c\000a\000l\000\040\000p\000\040\000I\000n\000t\000e\000r\000f\000a\000c\000e}{}% 35
\BOOKMARK [2][-]{subsection.8.1}{\376\377\000N\000u\000m\000e\000r\000i\000c\000a\000l\000\040\000P\000r\000e\000f\000a\000c\000t\000o\000r}{section.8}% 36
\BOOKMARK [2][-]{subsection.8.2}{\376\377\000I\000n\000v\000e\000r\000s\000e\000\040\000R\000a\000t\000e}{section.8}% 37
\BOOKMARK [1][-]{section.9}{\376\377\000O\000p\000e\000n\000\040\000S\000u\000r\000f\000a\000c\000e\000\040\000A\000n\000a\000l\000y\000s\000i\000s}{}% 38
\BOOKMARK [2][-]{subsection.9.1}{\376\377\000P\000a\000r\000a\000m\000e\000t\000e\000r\000\040\000S\000t\000a\000t\000u\000s\000\040\000M\000a\000p}{section.9}% 39
\BOOKMARK [1][-]{section.10}{\376\377\000C\000l\000o\000s\000u\000r\000e\000\040\000M\000a\000p\000:\000\040\000v\0006\0001\000\040\000\040\000v\0006\0002\000\040\000\040\000v\0006\0003}{}% 40
\BOOKMARK [2][-]{subsection.10.1}{\376\377\000B\000e\000f\000o\000r\000e\000/\000A\000f\000t\000e\000r\000\040\000C\000o\000m\000p\000a\000r\000i\000s\000o\000n}{section.10}% 41
\BOOKMARK [1][-]{section.11}{\376\377\000A\000P\000I\000\040\000D\000e\000f\000i\000n\000i\000t\000i\000o\000n}{}% 42
\BOOKMARK [1][-]{section.12}{\376\377\000N\000o\000-\000B\000a\000c\000k\000f\000l\000o\000w\000\040\000T\000h\000e\000o\000r\000e\000m}{}% 43
\BOOKMARK [1][-]{section.13}{\376\377\000N\000o\000-\000F\000i\000t\000\040\000P\000o\000l\000i\000c\000y}{}% 44
\BOOKMARK [1][-]{section.14}{\376\377\000F\000o\000r\000b\000i\000d\000d\000e\000n\000\040\000G\000a\000t\000e\000\040\000S\000p\000e\000c\000i\000f\000i\000c\000a\000t\000i\000o\000n}{}% 45
\BOOKMARK [1][-]{section.15}{\376\377\000L\000a\000y\000e\000r\000\040\000B\000:\000\040\000Q\000u\000a\000r\000a\000n\000t\000i\000n\000e\000d\000\040\000P\000a\000r\000a\000m\000e\000t\000e\000r\000\040\000S\000w\000e\000e\000p}{}% 46
\BOOKMARK [2][-]{subsection.15.1}{\376\377\000P\000a\000r\000a\000m\000e\000t\000e\000r\000\040\000S\000w\000e\000e\000p}{section.15}% 47
\BOOKMARK [2][-]{subsection.15.2}{\376\377\000E\000x\000p\000e\000r\000i\000m\000e\000n\000t\000a\000l\000\040\000B\000o\000u\000n\000d\000s\000\040\000R\000e\000f\000e\000r\000e\000n\000c\000e}{section.15}% 48
\BOOKMARK [2][-]{subsection.15.3}{\376\377\000C\000o\000m\000p\000a\000r\000i\000s\000o\000n\000\040\000P\000r\000o\000t\000o\000c\000o\000l}{section.15}% 49
\BOOKMARK [1][-]{section.16}{\376\377\000R\000e\000v\000i\000e\000w\000e\000r\000\040\000T\000r\000a\000p\000s}{}% 50
\BOOKMARK [1][-]{section.17}{\376\377\000S\000t\000a\000t\000u\000s\000\040\000S\000u\000m\000m\000a\000r\000y}{}% 51
\BOOKMARK [1][-]{appendix.A}{\376\377\000O\000p\000e\000r\000a\000t\000o\000r\000\040\000F\000i\000e\000r\000z\000\040\000I\000d\000e\000n\000t\000i\000t\000i\000e\000s}{}% 52
\BOOKMARK [2][-]{subsection.A.1}{\376\377\000F\000i\000e\000r\000z\000\040\000R\000e\000a\000r\000r\000a\000n\000g\000e\000m\000e\000n\000t}{appendix.A}% 53
\BOOKMARK [2][-]{subsection.A.2}{\376\377\000C\000o\000l\000o\000r\000\040\000C\000o\000n\000t\000r\000a\000c\000t\000i\000o\000n\000s}{appendix.A}% 54
\BOOKMARK [2][-]{subsection.A.3}{\376\377\000O\000p\000e\000r\000a\000t\000o\000r\000\040\000N\000o\000r\000m\000a\000l\000i\000z\000a\000t\000i\000o\000n}{appendix.A}% 55
\BOOKMARK [1][-]{appendix.B}{\376\377\000P\000h\000a\000s\000e\000\040\000S\000p\000a\000c\000e\000\040\000D\000e\000t\000a\000i\000l\000s}{}% 56
\BOOKMARK [2][-]{subsection.B.1}{\376\377\000T\000w\000o\000-\000B\000o\000d\000y\000\040\000D\000e\000c\000a\000y}{appendix.B}% 57
\BOOKMARK [2][-]{subsection.B.2}{\376\377\000M\000a\000s\000s\000l\000e\000s\000s\000\040\000L\000e\000p\000t\000o\000n\000\040\000L\000i\000m\000i\000t}{appendix.B}% 58
\BOOKMARK [2][-]{subsection.B.3}{\376\377\000P\000h\000a\000s\000e\000\040\000S\000p\000a\000c\000e\000\040\000F\000a\000c\000t\000o\000r}{appendix.B}% 59
\BOOKMARK [1][-]{appendix.C}{\376\377\000H\000a\000d\000r\000o\000n\000i\000c\000\040\000M\000a\000t\000r\000i\000x\000\040\000E\000l\000e\000m\000e\000n\000t\000s}{}% 60
\BOOKMARK [2][-]{subsection.C.1}{\376\377\000D\000e\000f\000i\000n\000i\000t\000i\000o\000n}{appendix.C}% 61
\BOOKMARK [2][-]{subsection.C.2}{\376\377\000D\000i\000m\000e\000n\000s\000i\000o\000n\000a\000l\000\040\000S\000c\000a\000l\000i\000n\000g}{appendix.C}% 62
\BOOKMARK [2][-]{subsection.C.3}{\376\377\000C\000o\000m\000b\000i\000n\000e\000d\000\040\000F\000o\000r\000m}{appendix.C}% 63
\BOOKMARK [1][-]{appendix.D}{\376\377\000R\000G\000\040\000E\000v\000o\000l\000u\000t\000i\000o\000n\000\040\000o\000f\000\040\000O\000p\000e\000r\000a\000t\000o\000r\000s}{}% 64
\BOOKMARK [2][-]{subsection.D.1}{\376\377\000A\000n\000o\000m\000a\000l\000o\000u\000s\000\040\000D\000i\000m\000e\000n\000s\000i\000o\000n\000s}{appendix.D}% 65
\BOOKMARK [2][-]{subsection.D.2}{\376\377\000R\000u\000n\000n\000i\000n\000g\000\040\000f\000r\000o\000m\000\040\000M\000X\000\040\000t\000o\000\040\000m\000p}{appendix.D}% 66
\BOOKMARK [2][-]{subsection.D.3}{\376\377\000E\000n\000h\000a\000n\000c\000e\000m\000e\000n\000t\000\040\000F\000a\000c\000t\000o\000r}{appendix.D}% 67
\BOOKMARK [1][-]{appendix.E}{\376\377\000C\000h\000a\000n\000n\000e\000l\000-\000S\000p\000e\000c\000i\000f\000i\000c\000\040\000F\000o\000r\000m\000u\000l\000a\000s}{}% 68
\BOOKMARK [2][-]{subsection.E.1}{\376\377\000p\000\040\000e\000+\000\040\0000}{appendix.E}% 69
\BOOKMARK [2][-]{subsection.E.2}{\376\377\000p\000\040\000\040\000+}{appendix.E}% 70
\BOOKMARK [2][-]{subsection.E.3}{\376\377\000B\000r\000a\000n\000c\000h\000i\000n\000g\000\040\000R\000a\000t\000i\000o\000s}{appendix.E}% 71
\BOOKMARK [1][-]{appendix.F}{\376\377\000S\000e\000n\000s\000i\000t\000i\000v\000i\000t\000y\000\040\000A\000n\000a\000l\000y\000s\000i\000s}{}% 72
\BOOKMARK [2][-]{subsection.F.1}{\376\377\000S\000e\000n\000s\000i\000t\000i\000v\000i\000t\000y\000\040\000t\000o\000\040}{appendix.F}% 73
\BOOKMARK [2][-]{subsection.F.2}{\376\377\000S\000e\000n\000s\000i\000t\000i\000v\000i\000t\000y\000\040\000t\000o\000\040\000H\000p}{appendix.F}% 74
\BOOKMARK [2][-]{subsection.F.3}{\376\377\000C\000o\000m\000b\000i\000n\000e\000d\000\040\000E\000r\000r\000o\000r\000\040\000B\000u\000d\000g\000e\000t}{appendix.F}% 75
\BOOKMARK [1][-]{appendix.G}{\376\377\000F\000o\000r\000m\000u\000l\000a\000\040\000C\000a\000t\000a\000l\000o\000g}{}% 76
\BOOKMARK [1][-]{appendix.H}{\376\377\000C\000r\000o\000s\000s\000-\000C\000h\000e\000c\000k\000s\000\040\000a\000n\000d\000\040\000C\000o\000n\000s\000i\000s\000t\000e\000n\000c\000y}{}% 77
\BOOKMARK [2][-]{subsection.H.1}{\376\377\000D\000i\000m\000e\000n\000s\000i\000o\000n\000a\000l\000\040\000C\000o\000n\000s\000i\000s\000t\000e\000n\000c\000y}{appendix.H}% 78
\BOOKMARK [2][-]{subsection.H.2}{\376\377\000S\000c\000a\000l\000i\000n\000g\000\040\000C\000o\000n\000s\000i\000s\000t\000e\000n\000c\000y}{appendix.H}% 79
\BOOKMARK [2][-]{subsection.H.3}{\376\377\000L\000i\000m\000i\000t\000\040\000C\000h\000e\000c\000k\000s}{appendix.H}% 80
\BOOKMARK [1][-]{appendix.I}{\376\377\000A\000l\000t\000e\000r\000n\000a\000t\000i\000v\000e\000\040\000D\000e\000r\000i\000v\000a\000t\000i\000o\000n\000s}{}% 81
\BOOKMARK [2][-]{subsection.I.1}{\376\377\000D\000i\000r\000e\000c\000t\000\040\000R\000a\000t\000e\000\040\000C\000a\000l\000c\000u\000l\000a\000t\000i\000o\000n}{appendix.I}% 82
\BOOKMARK [2][-]{subsection.I.2}{\376\377\000E\000f\000f\000e\000c\000t\000i\000v\000e\000\040\000L\000a\000g\000r\000a\000n\000g\000i\000a\000n\000\040\000A\000p\000p\000r\000o\000a\000c\000h}{appendix.I}% 83
\BOOKMARK [2][-]{subsection.I.3}{\376\377\000M\000a\000t\000c\000h\000i\000n\000g\000\040\000a\000t\000\040\000M\000X}{appendix.I}% 84
\BOOKMARK [1][-]{appendix.J}{\376\377\000N\000u\000m\000e\000r\000i\000c\000a\000l\000\040\000E\000x\000a\000m\000p\000l\000e\000s\000\040\000\050\000S\000y\000m\000b\000o\000l\000i\000c\000\051}{}% 85
\BOOKMARK [2][-]{subsection.J.1}{\376\377\000R\000e\000f\000e\000r\000e\000n\000c\000e\000\040\000V\000a\000l\000u\000e\000s}{appendix.J}% 86
\BOOKMARK [2][-]{subsection.J.2}{\376\377\000R\000e\000f\000e\000r\000e\000n\000c\000e\000\040\000L\000i\000f\000e\000t\000i\000m\000e}{appendix.J}% 87
\BOOKMARK [2][-]{subsection.J.3}{\376\377\000S\000c\000a\000l\000i\000n\000g\000\040\000f\000r\000o\000m\000\040\000R\000e\000f\000e\000r\000e\000n\000c\000e}{appendix.J}% 88
\BOOKMARK [2][-]{subsection.J.4}{\376\377\000E\000n\000h\000a\000n\000c\000e\000m\000e\000n\000t\000\040\000F\000a\000c\000t\000o\000r\000s}{appendix.J}% 89
\BOOKMARK [1][-]{appendix.K}{\376\377\000C\000o\000n\000n\000e\000c\000t\000i\000o\000n\000\040\000t\000o\000\040\000v\0006\0001\000\040\000O\000p\000e\000r\000a\000t\000o\000r\000s}{}% 90
\BOOKMARK [2][-]{subsection.K.1}{\376\377\000v\0006\0001\000\040\000O\000p\000e\000r\000a\000t\000o\000r\000\040\000B\000a\000s\000i\000s}{appendix.K}% 91
\BOOKMARK [2][-]{subsection.K.2}{\376\377\000v\0006\0001\000\040\000L\000i\000f\000e\000t\000i\000m\000e\000\040\000F\000o\000r\000m\000u\000l\000a}{appendix.K}% 92
\BOOKMARK [2][-]{subsection.K.3}{\376\377\000v\0006\0002\000\040\000S\000u\000b\000s\000t\000i\000t\000u\000t\000i\000o\000n}{appendix.K}% 93
\BOOKMARK [2][-]{subsection.K.4}{\376\377\000v\0005\0005\000\040\000C\000o\000u\000p\000l\000i\000n\000g}{appendix.K}% 94
\BOOKMARK [2][-]{subsection.K.5}{\376\377\000F\000i\000n\000a\000l\000\040\000S\000u\000b\000s\000t\000i\000t\000u\000t\000i\000o\000n}{appendix.K}% 95
